2025-07-15 17:52:25,019 [INFO] Activator:176 - 


2025-07-15 17:52:25,025 [INFO] Activator:177 - !SESSION log4j initialized
2025-07-15 17:52:31,252 [INFO] LogOutputStream:77 - [STDOUT_REDIRECT] 
2025-07-15 17:52:37,445 [INFO] ApplicationProperties:184 - Using Application install path: C:\ST\STM32CubeIDE_1.18.0\STM32CubeIDE\plugins\com.st.stm32cube.common.mx_6.14.0.202502271554
2025-07-15 17:52:37,468 [INFO] DbMcusXml:78 - Set database path to: C:\ST\STM32CubeIDE_1.18.0\STM32CubeIDE\plugins\com.st.stm32cube.common.mx_6.14.0.202502271554\\db\/mcu/
2025-07-15 17:52:37,468 [INFO] ApiDb:274 - Set plugin database path to: C:\ST\STM32CubeIDE_1.18.0\STM32CubeIDE\plugins\com.st.stm32cube.common.mx_6.14.0.202502271554\\db\/plugins/boardmanager/
2025-07-15 17:52:37,468 [WARN] ApiDb:259 - Overriding images path with different value:  => C:\ST\STM32CubeIDE_1.18.0\STM32CubeIDE\plugins\com.st.stm32cube.common.mx_6.14.0.202502271554\\db\/plugins/mcufinder/images/
2025-07-15 17:52:37,478 [INFO] ApiDb:250 - Set database path to: C:\Users\marcv\.stmcufinder\plugins\mcufinder//mcu/
2025-07-15 17:52:37,479 [INFO] DbMcusAds:125 - Set database path to: C:\Users\marcv\.stmcufinder\plugins\mcufinder//mcu/
2025-07-15 17:52:37,481 [INFO] CrossReferenceDbSqlite:203 - Set database path to: C:\Users\marcv\.stmcufinder\plugins\mcufinder//mcu/cs/
2025-07-15 17:52:37,601 [INFO] RulesReader:64 - Compatibility file has been processed (301 Rules)
2025-07-15 17:52:37,684 [INFO] DbMcusXml:78 - Set database path to: C:\ST\STM32CubeIDE_1.18.0\STM32CubeIDE\plugins\com.st.stm32cube.common.mx_6.14.0.202502271554\\db\/mcu/
2025-07-15 17:52:37,684 [INFO] ApiDb:274 - Set plugin database path to: C:\ST\STM32CubeIDE_1.18.0\STM32CubeIDE\plugins\com.st.stm32cube.common.mx_6.14.0.202502271554\\db\/plugins/boardmanager/
2025-07-15 17:52:37,684 [INFO] ApiDb:261 - Set plugin images path to: C:\ST\STM32CubeIDE_1.18.0\STM32CubeIDE\plugins\com.st.stm32cube.common.mx_6.14.0.202502271554\\db\/plugins/mcufinder/images/
2025-07-15 17:52:37,684 [WARN] DbFile:41 - Overriding database path with different value: C:\Users\marcv\.stmcufinder\plugins\mcufinder/ => C:\Users\marcv\.stmcufinder\plugins\mcufinder
2025-07-15 17:52:37,684 [INFO] ApiDb:250 - Set database path to: C:\Users\marcv\.stmcufinder\plugins\mcufinder//mcu/
2025-07-15 17:52:37,684 [WARN] DbFile:41 - Overriding database path with different value: C:\Users\marcv\.stmcufinder\plugins\mcufinder/ => C:\Users\marcv\.stmcufinder\plugins\mcufinder
2025-07-15 17:52:37,685 [INFO] DbMcusAds:125 - Set database path to: C:\Users\marcv\.stmcufinder\plugins\mcufinder//mcu/
2025-07-15 17:52:37,685 [WARN] DbFile:41 - Overriding database path with different value: C:\Users\marcv\.stmcufinder\plugins\mcufinder/ => C:\Users\marcv\.stmcufinder\plugins\mcufinder
2025-07-15 17:52:37,685 [WARN] DbFile:41 - Overriding database path with different value: C:\Users\marcv\.stmcufinder\plugins\mcufinder/ => C:\Users\marcv\.stmcufinder\plugins\mcufinder
2025-07-15 17:52:37,685 [INFO] CrossReferenceDbSqlite:203 - Set database path to: C:\Users\marcv\.stmcufinder\plugins\mcufinder//mcu/cs/
2025-07-15 17:52:37,765 [INFO] MainPanel:272 - HeapMemory: 268435456
2025-07-15 17:52:37,903 [INFO] DbMcusXml:78 - Set database path to: C:\ST\STM32CubeIDE_1.18.0\STM32CubeIDE\plugins\com.st.stm32cube.common.mx_6.14.0.202502271554\\db\/mcu/
2025-07-15 17:52:37,903 [INFO] ApiDb:274 - Set plugin database path to: C:\ST\STM32CubeIDE_1.18.0\STM32CubeIDE\plugins\com.st.stm32cube.common.mx_6.14.0.202502271554\\db\/plugins/boardmanager/
2025-07-15 17:52:37,903 [INFO] ApiDb:261 - Set plugin images path to: C:\ST\STM32CubeIDE_1.18.0\STM32CubeIDE\plugins\com.st.stm32cube.common.mx_6.14.0.202502271554\\db\/plugins/mcufinder/images/
2025-07-15 17:52:37,903 [WARN] DbFile:41 - Overriding database path with different value: C:\Users\marcv\.stmcufinder\plugins\mcufinder/ => C:\Users\marcv\.stmcufinder\plugins\mcufinder
2025-07-15 17:52:37,903 [INFO] ApiDb:250 - Set database path to: C:\Users\marcv\.stmcufinder\plugins\mcufinder//mcu/
2025-07-15 17:52:37,904 [WARN] DbFile:41 - Overriding database path with different value: C:\Users\marcv\.stmcufinder\plugins\mcufinder/ => C:\Users\marcv\.stmcufinder\plugins\mcufinder
2025-07-15 17:52:37,904 [INFO] DbMcusAds:125 - Set database path to: C:\Users\marcv\.stmcufinder\plugins\mcufinder//mcu/
2025-07-15 17:52:37,904 [WARN] DbFile:41 - Overriding database path with different value: C:\Users\marcv\.stmcufinder\plugins\mcufinder/ => C:\Users\marcv\.stmcufinder\plugins\mcufinder
2025-07-15 17:52:37,904 [WARN] DbFile:41 - Overriding database path with different value: C:\Users\marcv\.stmcufinder\plugins\mcufinder/ => C:\Users\marcv\.stmcufinder\plugins\mcufinder
2025-07-15 17:52:37,904 [INFO] CrossReferenceDbSqlite:203 - Set database path to: C:\Users\marcv\.stmcufinder\plugins\mcufinder//mcu/cs/
2025-07-15 17:52:37,922 [INFO] ApplicationProperties:184 - Using Application install path: C:\ST\STM32CubeIDE_1.18.0\STM32CubeIDE\plugins\com.st.stm32cube.common.mx_6.14.0.202502271554
2025-07-15 17:52:37,923 [INFO] PluginManage:196 - Search for loadable plugins [exclusion list=, ]
2025-07-15 17:52:37,924 [INFO] PluginManage:310 - Check plugin analytics
2025-07-15 17:52:42,619 [INFO] AnalyticsPlugin:253 - Accepted Software Licenses: 
2025-07-15 17:52:42,619 [INFO] AnalyticsPlugin:255 - Accepted CMSIS Pack Licenses: 
2025-07-15 17:52:42,619 [INFO] AnalyticsPlugin:257 - Accepted Firmware Licenses: FW.H7.1.12.0
2025-07-15 17:52:42,621 [INFO] PluginManage:359 - Loaded plugin analytics (category:tool,tabindex:-1)
2025-07-15 17:52:42,621 [INFO] PluginManage:310 - Check plugin cadmodel
2025-07-15 17:52:42,641 [INFO] CADModel:105 - Init CAD model plugin
2025-07-15 17:52:42,642 [INFO] PluginManage:359 - Loaded plugin cadmodel (category:power,tabindex:5)
2025-07-15 17:52:42,642 [INFO] PluginManage:310 - Check plugin clock
2025-07-15 17:52:42,663 [INFO] PluginManage:359 - Loaded plugin clock (category:base,tabindex:2)
2025-07-15 17:52:42,663 [INFO] PluginManage:310 - Check plugin ddr
2025-07-15 17:52:42,666 [INFO] PluginManage:359 - Loaded plugin ddr (category:tool,tabindex:6)
2025-07-15 17:52:42,666 [INFO] PluginManage:310 - Check plugin filemanager
2025-07-15 17:52:42,804 [INFO] PluginManage:359 - Loaded plugin filemanager (category:base,tabindex:10)
2025-07-15 17:52:42,804 [INFO] PluginManage:310 - Check plugin ipmanager
2025-07-15 17:52:42,811 [INFO] PluginManage:359 - Loaded plugin ipmanager (category:base,tabindex:5)
2025-07-15 17:52:42,811 [INFO] PluginManage:310 - Check plugin lpbam
2025-07-15 17:52:42,832 [INFO] PluginManage:359 - Loaded plugin lpbam (category:base,tabindex:0)
2025-07-15 17:52:42,832 [INFO] PluginManage:310 - Check plugin memorymap
2025-07-15 17:52:42,858 [INFO] PluginManage:359 - Loaded plugin memorymap (category:base,tabindex:4)
2025-07-15 17:52:42,858 [INFO] PluginManage:310 - Check plugin pinoutandconfiguration
2025-07-15 17:52:42,877 [INFO] PluginManage:359 - Loaded plugin pinoutandconfiguration (category:base,tabindex:1)
2025-07-15 17:52:42,877 [INFO] PluginManage:310 - Check plugin pinoutconfig
2025-07-15 17:52:42,975 [WARN] SupportedApi:132 - Cannot load RTOS API schema: s4s-elt-must-match.1: The content of 'definitions' must match (annotation?, (simpleType | complexType)?, (unique | key | keyref)*)). A problem was found starting at: attribute.
2025-07-15 17:52:43,095 [INFO] PluginManage:359 - Loaded plugin pinoutconfig (category:base,tabindex:0)
2025-07-15 17:52:43,096 [INFO] PluginManage:310 - Check plugin power
2025-07-15 17:52:43,118 [INFO] PluginManage:359 - Loaded plugin power (category:power,tabindex:4)
2025-07-15 17:52:43,119 [INFO] PluginManage:310 - Check plugin projectmanager
2025-07-15 17:52:43,130 [INFO] PluginManage:359 - Loaded plugin projectmanager (category:projectmanager,tabindex:4)
2025-07-15 17:52:43,131 [INFO] PluginManage:310 - Check plugin rif
2025-07-15 17:52:43,150 [INFO] PluginManage:359 - Loaded plugin rif (category:base,tabindex:3)
2025-07-15 17:52:43,151 [INFO] PluginManage:310 - Check plugin thirdparty
2025-07-15 17:52:43,465 [INFO] PluginManage:359 - Loaded plugin thirdparty (category:base,tabindex:-1)
2025-07-15 17:52:43,465 [WARN] IntegrityCheckThread:84 - waiting for thirdparty lock release [integrity check]
2025-07-15 17:52:43,465 [INFO] PluginManage:310 - Check plugin tools
2025-07-15 17:52:43,465 [INFO] IntegrityCheckThread:86 - entering critical section [integrity check]
2025-07-15 17:52:43,465 [INFO] ThirdPartyUpdaterWithRetryManager:70 - Updater plugin not ready yet. [1/15]
2025-07-15 17:52:43,522 [INFO] PluginManage:359 - Loaded plugin tools (category:base,tabindex:7)
2025-07-15 17:52:43,522 [INFO] PluginManage:310 - Check plugin tutovideos
2025-07-15 17:52:43,711 [INFO] PluginManage:359 - Loaded plugin tutovideos (category:base,tabindex:-1)
2025-07-15 17:52:43,711 [INFO] PluginManage:310 - Check plugin updater
2025-07-15 17:52:43,730 [INFO] PluginManage:359 - Loaded plugin updater (category:base,tabindex:12)
2025-07-15 17:52:43,730 [INFO] PluginManage:310 - Check plugin userauth
2025-07-15 17:52:43,735 [INFO] UserAuth:118 - Init User Auth plugin
2025-07-15 17:52:43,736 [INFO] PluginManage:359 - Loaded plugin userauth (category:base,tabindex:14)
2025-07-15 17:52:43,736 [INFO] PluginManage:283 - PluginManage : Loaded plugins [18]
2025-07-15 17:52:43,928 [INFO] PinOutPanel:1589 - setPackage(No Configuration,No Configuration)
2025-07-15 17:52:44,004 [INFO] CADModel:165 - CPN selected for project level
2025-07-15 17:52:44,004 [INFO] CADModel:114 - Register for checkConnection events
2025-07-15 17:52:44,033 [INFO] IPUIPlugin:80 - create IPUIPlugin
2025-07-15 17:52:44,033 [INFO] PluginManager:220 - loadIPPluginJar : add adc
2025-07-15 17:52:44,080 [INFO] IPUIPlugin:80 - create IPUIPlugin
2025-07-15 17:52:44,080 [INFO] PluginManager:220 - loadIPPluginJar : add aes
2025-07-15 17:52:44,132 [INFO] IPUIPlugin:80 - create IPUIPlugin
2025-07-15 17:52:44,132 [INFO] PluginManager:220 - loadIPPluginJar : add can
2025-07-15 17:52:44,164 [INFO] IPUIPlugin:80 - create IPUIPlugin
2025-07-15 17:52:44,164 [INFO] PluginManager:220 - loadIPPluginJar : add comp
2025-07-15 17:52:44,205 [INFO] IPUIPlugin:80 - create IPUIPlugin
2025-07-15 17:52:44,205 [INFO] PluginManager:220 - loadIPPluginJar : add cryp
2025-07-15 17:52:44,220 [INFO] IPUIPlugin:80 - create IPUIPlugin
2025-07-15 17:52:44,220 [INFO] PluginManager:220 - loadIPPluginJar : add ddr_ctrl_phy
2025-07-15 17:52:44,257 [INFO] IPUIPlugin:80 - create IPUIPlugin
2025-07-15 17:52:44,257 [INFO] PluginManager:220 - loadIPPluginJar : add dfsdm
2025-07-15 17:52:44,273 [INFO] IPUIPlugin:80 - create IPUIPlugin
2025-07-15 17:52:44,273 [INFO] PluginManager:220 - loadIPPluginJar : add dma
2025-07-15 17:52:44,322 [INFO] IPUIPlugin:80 - create IPUIPlugin
2025-07-15 17:52:44,322 [INFO] PluginManager:220 - loadIPPluginJar : add dma3
2025-07-15 17:52:44,375 [INFO] IPUIPlugin:80 - create IPUIPlugin
2025-07-15 17:52:44,375 [INFO] PluginManager:220 - loadIPPluginJar : add extmemmanager
2025-07-15 17:52:44,400 [INFO] IPUIPlugin:80 - create IPUIPlugin
2025-07-15 17:52:44,400 [INFO] PluginManager:220 - loadIPPluginJar : add fatfs
2025-07-15 17:52:44,456 [INFO] IPUIPlugin:80 - create IPUIPlugin
2025-07-15 17:52:44,456 [INFO] PluginManager:220 - loadIPPluginJar : add fmc
2025-07-15 17:52:44,474 [INFO] IPUIPlugin:80 - create IPUIPlugin
2025-07-15 17:52:44,474 [INFO] PluginManager:220 - loadIPPluginJar : add freertos
2025-07-15 17:52:44,499 [INFO] IPUIPlugin:80 - create IPUIPlugin
2025-07-15 17:52:44,499 [INFO] PluginManager:220 - loadIPPluginJar : add genericplugin
2025-07-15 17:52:44,620 [INFO] IPUIPlugin:80 - create IPUIPlugin
2025-07-15 17:52:44,620 [INFO] PluginManager:220 - loadIPPluginJar : add gfxmmu
2025-07-15 17:52:44,788 [INFO] IPUIPlugin:80 - create IPUIPlugin
2025-07-15 17:52:44,788 [INFO] PluginManager:220 - loadIPPluginJar : add gic
2025-07-15 17:52:44,803 [INFO] IPUIPlugin:80 - create IPUIPlugin
2025-07-15 17:52:44,804 [INFO] PluginManager:220 - loadIPPluginJar : add gpio
2025-07-15 17:52:44,909 [INFO] IPUIPlugin:80 - create IPUIPlugin
2025-07-15 17:52:44,909 [INFO] PluginManager:220 - loadIPPluginJar : add gtzc
2025-07-15 17:52:44,948 [INFO] IPUIPlugin:80 - create IPUIPlugin
2025-07-15 17:52:44,949 [INFO] PluginManager:220 - loadIPPluginJar : add hash
2025-07-15 17:52:45,010 [INFO] IPUIPlugin:80 - create IPUIPlugin
2025-07-15 17:52:45,011 [INFO] PluginManager:220 - loadIPPluginJar : add i2c
2025-07-15 17:52:45,056 [INFO] IPUIPlugin:80 - create IPUIPlugin
2025-07-15 17:52:45,056 [INFO] PluginManager:220 - loadIPPluginJar : add i2s
2025-07-15 17:52:45,104 [INFO] IPUIPlugin:80 - create IPUIPlugin
2025-07-15 17:52:45,104 [INFO] PluginManager:220 - loadIPPluginJar : add i3c
2025-07-15 17:52:45,214 [INFO] IPUIPlugin:80 - create IPUIPlugin
2025-07-15 17:52:45,214 [INFO] PluginManager:220 - loadIPPluginJar : add ipddr
2025-07-15 17:52:45,319 [INFO] IPUIPlugin:80 - create IPUIPlugin
2025-07-15 17:52:45,320 [INFO] PluginManager:220 - loadIPPluginJar : add linkedlist
2025-07-15 17:52:45,362 [INFO] IPUIPlugin:80 - create IPUIPlugin
2025-07-15 17:52:45,362 [INFO] PluginManager:220 - loadIPPluginJar : add lorawan
2025-07-15 17:52:45,404 [INFO] IPUIPlugin:80 - create IPUIPlugin
2025-07-15 17:52:45,404 [INFO] PluginManager:220 - loadIPPluginJar : add ltdc
2025-07-15 17:52:45,420 [INFO] IPUIPlugin:80 - create IPUIPlugin
2025-07-15 17:52:45,420 [INFO] PluginManager:220 - loadIPPluginJar : add mdma
2025-07-15 17:52:45,434 [INFO] IPUIPlugin:80 - create IPUIPlugin
2025-07-15 17:52:45,434 [INFO] PluginManager:220 - loadIPPluginJar : add nvic
2025-07-15 17:52:45,481 [INFO] IPUIPlugin:80 - create IPUIPlugin
2025-07-15 17:52:45,482 [INFO] PluginManager:220 - loadIPPluginJar : add opamp
2025-07-15 17:52:45,561 [INFO] IPUIPlugin:80 - create IPUIPlugin
2025-07-15 17:52:45,561 [INFO] PluginManager:220 - loadIPPluginJar : add openamp
2025-07-15 17:52:45,614 [INFO] IPUIPlugin:80 - create IPUIPlugin
2025-07-15 17:52:45,614 [INFO] PluginManager:220 - loadIPPluginJar : add pdm2pcm
2025-07-15 17:52:45,630 [INFO] IPUIPlugin:80 - create IPUIPlugin
2025-07-15 17:52:45,632 [INFO] PluginManager:220 - loadIPPluginJar : add plateformsettings
2025-07-15 17:52:45,661 [INFO] IPUIPlugin:80 - create IPUIPlugin
2025-07-15 17:52:45,661 [INFO] PluginManager:220 - loadIPPluginJar : add quadspi
2025-07-15 17:52:45,695 [INFO] IPUIPlugin:80 - create IPUIPlugin
2025-07-15 17:52:45,696 [INFO] PluginManager:220 - loadIPPluginJar : add radio
2025-07-15 17:52:45,711 [INFO] IPUIPlugin:80 - create IPUIPlugin
2025-07-15 17:52:45,711 [INFO] PluginManager:220 - loadIPPluginJar : add resmgrutility
2025-07-15 17:52:45,771 [INFO] IPUIPlugin:80 - create IPUIPlugin
2025-07-15 17:52:45,772 [INFO] PluginManager:220 - loadIPPluginJar : add sai
2025-07-15 17:52:45,827 [INFO] IPUIPlugin:80 - create IPUIPlugin
2025-07-15 17:52:45,827 [INFO] PluginManager:220 - loadIPPluginJar : add spi
2025-07-15 17:52:45,923 [INFO] IPUIPlugin:80 - create IPUIPlugin
2025-07-15 17:52:45,924 [INFO] PluginManager:220 - loadIPPluginJar : add stm32_wpan
2025-07-15 17:52:45,957 [INFO] IPUIPlugin:80 - create IPUIPlugin
2025-07-15 17:52:45,957 [INFO] PluginManager:220 - loadIPPluginJar : add tim
2025-07-15 17:52:46,047 [INFO] IPUIPlugin:80 - create IPUIPlugin
2025-07-15 17:52:46,047 [INFO] PluginManager:220 - loadIPPluginJar : add touchsensing
2025-07-15 17:52:46,079 [INFO] IPUIPlugin:80 - create IPUIPlugin
2025-07-15 17:52:46,079 [INFO] PluginManager:220 - loadIPPluginJar : add tracer_emb
2025-07-15 17:52:46,111 [INFO] IPUIPlugin:80 - create IPUIPlugin
2025-07-15 17:52:46,111 [INFO] PluginManager:220 - loadIPPluginJar : add ts
2025-07-15 17:52:46,144 [INFO] IPUIPlugin:80 - create IPUIPlugin
2025-07-15 17:52:46,144 [INFO] PluginManager:220 - loadIPPluginJar : add tsc
2025-07-15 17:52:46,175 [INFO] IPUIPlugin:80 - create IPUIPlugin
2025-07-15 17:52:46,175 [INFO] PluginManager:220 - loadIPPluginJar : add ucpd
2025-07-15 17:52:46,230 [INFO] IPUIPlugin:80 - create IPUIPlugin
2025-07-15 17:52:46,230 [INFO] PluginManager:220 - loadIPPluginJar : add usart
2025-07-15 17:52:46,293 [INFO] IPUIPlugin:80 - create IPUIPlugin
2025-07-15 17:52:46,293 [INFO] PluginManager:220 - loadIPPluginJar : add usbx
2025-07-15 17:52:46,414 [FATAL] Updater:351 - Updater called before beeing initialized
2025-07-15 17:52:46,434 [INFO] RulesReader:64 - Compatibility file has been processed (301 Rules)
2025-07-15 17:52:46,442 [INFO] RulesReader:64 - Compatibility file has been processed (301 Rules)
2025-07-15 17:52:46,448 [INFO] CADModel:165 - CPN selected for project level
2025-07-15 17:52:46,448 [INFO] CADModel:114 - Register for checkConnection events
2025-07-15 17:52:46,448 [FATAL] Updater:351 - Updater called before beeing initialized
2025-07-15 17:52:46,448 [ERROR] CADModel:125 - Updater not yet initialized, retry later 
2025-07-15 17:52:46,466 [INFO] ThirdPartyUpdaterWithRetryManager:70 - Updater plugin not ready yet. [2/15]
2025-07-15 17:52:46,590 [FATAL] Updater:351 - Updater called before beeing initialized
2025-07-15 17:52:46,592 [INFO] CADModel:165 - CPN selected for project level
2025-07-15 17:52:46,592 [INFO] CADModel:114 - Register for checkConnection events
2025-07-15 17:52:46,592 [FATAL] Updater:351 - Updater called before beeing initialized
2025-07-15 17:52:46,592 [ERROR] CADModel:125 - Updater not yet initialized, retry later 
2025-07-15 17:52:46,595 [FATAL] Updater:351 - Updater called before beeing initialized
2025-07-15 17:52:46,679 [FATAL] Updater:351 - Updater called before beeing initialized
2025-07-15 17:52:46,690 [INFO] DbMcusAds:53 - JSON generation date=Thu Jun 19 10:32:37 CEST 2025 (1750321957418)
2025-07-15 17:52:46,690 [FATAL] Updater:351 - Updater called before beeing initialized
2025-07-15 17:52:46,733 [WARN] DetailPanel:346 - Failed to get advertising image, set to default
2025-07-15 17:52:46,975 [FATAL] Updater:351 - Updater called before beeing initialized
2025-07-15 17:52:46,977 [FATAL] Updater:351 - Updater called before beeing initialized
2025-07-15 17:52:46,977 [FATAL] Updater:351 - Updater called before beeing initialized
2025-07-15 17:52:46,977 [WARN] DetailPanel:346 - Failed to get advertising image, set to default
2025-07-15 17:52:46,978 [FATAL] Updater:351 - Updater called before beeing initialized
2025-07-15 17:52:47,033 [ERROR] Updater:1198 - MainUpdater not yet initialized. External WinMGr cannot be set.
2025-07-15 17:52:47,044 [INFO] Updater:1134 - Updater Version found : 6.14.0
2025-07-15 17:52:47,065 [INFO] ApplicationProperties:184 - Using Application install path: C:\ST\STM32CubeIDE_1.18.0\STM32CubeIDE\plugins\com.st.stm32cube.common.mx_6.14.0.202502271554
2025-07-15 17:52:48,640 [ERROR] LogOutputStream:75 - [STDERR_REDIRECT] Jul 15, 2025 5:52:48 PM java.util.prefs.WindowsPreferences <init>
2025-07-15 17:52:48,641 [ERROR] LogOutputStream:75 - [STDERR_REDIRECT] WARNING: Could not open/create prefs root node Software\JavaSoft\Prefs at root 0xffffffff80000002. Windows RegCreateKeyEx(...) returned error code 5.
2025-07-15 17:52:48,641 [ERROR] LogOutputStream:75 - [STDERR_REDIRECT] 
2025-07-15 17:52:48,916 [INFO] MainUpdater:2872 - connection check result : 10
2025-07-15 17:52:48,916 [INFO] MainUpdater:3566 - Updater definition file requires update
2025-07-15 17:52:48,917 [INFO] MainUpdater:289 - Updater Check For Update Now.
2025-07-15 17:52:48,918 [INFO] MicroXplorer:498 - Change Database Version : DB.6.0.140
2025-07-15 17:52:48,938 [INFO] McuFinderGlobals:63 - Set McuFinder mode to 2 (CubeIDE integrated)
2025-07-15 17:52:48,947 [INFO] UserAuth:486 - Internet connection configuration mode: 1
2025-07-15 17:52:48,979 [INFO] JxBrowserEngine:152 - Initiate JxBrowser Engine with user profile folder
2025-07-15 17:52:48,990 [INFO] ServerAccessManage:473 - Download File updaters.zip
2025-07-15 17:52:49,069 [INFO] FileExtend:242 - Unzip File : updaters.zip
2025-07-15 17:52:49,069 [INFO] FileExtend:257 - Standard Zip Deflate
2025-07-15 17:52:49,476 [WARN] MainUpdater:1193 - Updater busy. Cannot search thirdparties
2025-07-15 17:52:49,482 [INFO] ThirdPartyUpdaterWithRetryManager:96 - Updater plugin is busy. [1/15]
2025-07-15 17:52:49,738 [INFO] ServerAccessManage:473 - Download File PacksControlFlags.xml
2025-07-15 17:52:49,876 [INFO] ServerAccessManage:473 - Download File cubemx.pidx
2025-07-15 17:52:50,533 [INFO] ServerAccessManage:473 - Download File STMicroelectronics.X-CUBE-EEPRMA1.pdsc
2025-07-15 17:52:50,855 [ERROR] ServerAccessManage:1089 - Problem, file not found on Server
2025-07-15 17:52:51,132 [ERROR] ServerAccessManage:1089 - Problem, file not found on Server
2025-07-15 17:52:52,482 [WARN] MainUpdater:1193 - Updater busy. Cannot search thirdparties
2025-07-15 17:52:52,482 [INFO] ThirdPartyUpdaterWithRetryManager:96 - Updater plugin is busy. [2/15]
2025-07-15 17:52:53,278 [INFO] WebApp:169 - Instantiating new browser for Auth
2025-07-15 17:52:53,620 [WARN] PackLoader:240 - Cannot read IP mode file for STMicroelectronics.X-CUBE-EEPRMA1.5.2.0
2025-07-15 17:52:53,624 [INFO] PopulateThirdPartyThread:66 - Ending populate Thread
2025-07-15 17:52:53,625 [INFO] ThirdParty:1030 - CMSIS Pack Vendor :STMicroelectronics X-CUBE-EEPRMA1 5.2.0
2025-07-15 17:52:53,625 [INFO] LoadServerUpdatesThread:375 - End of LoadServerUpdate Thread
2025-07-15 17:52:53,741 [INFO] CheckServerUpdateThread:120 - End of CheckServer Thread
2025-07-15 17:52:55,752 [WARN] PackLoader:240 - Cannot read IP mode file for STMicroelectronics.FP-SNS-MOTENVWB1.1.4.0
2025-07-15 17:52:55,757 [WARN] PackLoader:240 - Cannot read IP mode file for STMicroelectronics.FP-ATR-ASTRA1.2.0.2
2025-07-15 17:52:55,796 [WARN] PackLoader:240 - Cannot read IP mode file for STMicroelectronics.X-CUBE-SMBUS.2.1.0
2025-07-15 17:52:55,810 [WARN] PackLoader:240 - Cannot read IP mode file for STMicroelectronics.X-CUBE-WB05N.1.1.0
2025-07-15 17:52:55,825 [WARN] PackLoader:240 - Cannot read IP mode file for STMicroelectronics.X-CUBE-ST60.1.0.0
2025-07-15 17:52:55,868 [WARN] PackLoader:240 - Cannot read IP mode file for STMicroelectronics.X-CUBE-AZRTOS-F7.1.1.0
2025-07-15 17:52:55,885 [WARN] PackLoader:240 - Cannot read IP mode file for STMicroelectronics.FP-SNS-FLIGHT1.5.0.2
2025-07-15 17:52:55,921 [WARN] PackLoader:240 - Cannot read IP mode file for Infineon.AIROC-Wi-Fi-Bluetooth-STM32.1.7.0
2025-07-15 17:52:55,971 [WARN] PackLoader:240 - Cannot read IP mode file for STMicroelectronics.X-CUBE-AZRTOS-H7.3.4.0
2025-07-15 17:52:56,005 [WARN] PackLoader:240 - Cannot read IP mode file for STMicroelectronics.X-CUBE-DISPLAY.3.0.0
2025-07-15 17:52:56,027 [WARN] PackLoader:240 - Cannot read IP mode file for STMicroelectronics.X-CUBE-NFC10.1.0.0
2025-07-15 17:52:56,651 [WARN] PackLoader:240 - Cannot read IP mode file for STMicroelectronics.X-CUBE-BLEMGR.4.0.0
2025-07-15 17:52:56,674 [WARN] PackLoader:240 - Cannot read IP mode file for emotas.I-CUBE-CANOPEN.1.3.0
2025-07-15 17:52:56,698 [WARN] ConditionMgr:438 - getConditionDescription Invalid condition id : Cortex-A Device cause : null
2025-07-15 17:52:56,746 [WARN] ConditionMgr:1044 - genDependencies : Invalid condition id : Cortex-A Device cause : null
2025-07-15 17:52:56,746 [WARN] ConditionMgr:1044 - genDependencies : Invalid condition id : Cortex-A Device cause : null
2025-07-15 17:52:56,746 [WARN] ConditionMgr:1044 - genDependencies : Invalid condition id : Cortex-A Device cause : null
2025-07-15 17:52:56,763 [WARN] PackLoader:240 - Cannot read IP mode file for STMicroelectronics.X-CUBE-AI.10.0.0
2025-07-15 17:52:56,779 [WARN] PackLoader:240 - Cannot read IP mode file for STMicroelectronics.FP-SNS-SMARTAG2.1.2.0
2025-07-15 17:52:56,786 [WARN] PackLoader:240 - Cannot read IP mode file for STMicroelectronics.FP-SNS-FLIGHT1.5.1.0
2025-07-15 17:52:56,845 [WARN] PackLoader:240 - Cannot read IP mode file for STMicroelectronics.X-CUBE-MEMS1.11.1.0
2025-07-15 17:52:56,863 [INFO] WebApp:463 - Apply proxy settings
2025-07-15 17:52:56,864 [INFO] WebApp:548 - Chromium requires no authentication
2025-07-15 17:52:56,888 [INFO] WebApp:491 - Direct internet connection detected
2025-07-15 17:52:56,957 [INFO] WebApp:894 - Register for checkConnection events
2025-07-15 17:52:56,957 [INFO] WebApp:463 - Apply proxy settings
2025-07-15 17:52:56,957 [INFO] WebApp:548 - Chromium requires no authentication
2025-07-15 17:52:56,958 [INFO] WebApp:491 - Direct internet connection detected
2025-07-15 17:52:56,964 [INFO] LogOutputStream:77 - [STDOUT_REDIRECT] 1 : Invalid condition id : UX_CORESTACK_Condition cause : null
2025-07-15 17:52:56,964 [INFO] LogOutputStream:77 - [STDOUT_REDIRECT] 1 : Invalid condition id : UX_CORESTACK_Condition cause : null
2025-07-15 17:52:56,965 [INFO] LogOutputStream:77 - [STDOUT_REDIRECT] 1 : Invalid condition id : UX_CORESTACK_Condition cause : null
2025-07-15 17:52:56,966 [INFO] LogOutputStream:77 - [STDOUT_REDIRECT] 1 : Invalid condition id : UX_CORESTACK_Condition cause : null
2025-07-15 17:52:56,968 [INFO] LogOutputStream:77 - [STDOUT_REDIRECT] 1 : Invalid condition id : UX_CORESTACK_Condition cause : null
2025-07-15 17:52:56,969 [WARN] PackLoader:240 - Cannot read IP mode file for STMicroelectronics.X-CUBE-AZRTOS-WL.2.0.0
2025-07-15 17:52:56,985 [WARN] PackLoader:240 - Cannot read IP mode file for STMicroelectronics.FP-SNS-MOTENV1.5.0.0
2025-07-15 17:52:57,005 [WARN] PackLoader:240 - Cannot read IP mode file for WES.I-CUBE-Cesium.1.3.0
2025-07-15 17:52:57,022 [WARN] PackLoader:240 - Cannot read IP mode file for STMicroelectronics.X-CUBE-BLE2.3.3.0
2025-07-15 17:52:57,038 [WARN] PackLoader:240 - Cannot read IP mode file for STMicroelectronics.X-CUBE-NFC9.1.0.0
2025-07-15 17:52:57,059 [WARN] PackLoader:240 - Cannot read IP mode file for STMicroelectronics.X-CUBE-BLE1.7.1.0
2025-07-15 17:52:57,070 [WARN] PackLoader:240 - Cannot read IP mode file for wolfSSL.I-CUBE-wolfMQTT.1.19.2
2025-07-15 17:52:57,074 [WARN] PackLoader:240 - Cannot read IP mode file for STMicroelectronics.X-CUBE-EEPRMA1.5.2.0
2025-07-15 17:52:57,096 [WARN] PackLoader:240 - Cannot read IP mode file for STMicroelectronics.X-CUBE-AI.10.1.0
2025-07-15 17:52:57,152 [WARN] PackLoader:240 - Cannot read IP mode file for STMicroelectronics.X-CUBE-MEMS1.11.2.0
2025-07-15 17:52:57,255 [WARN] PackLoader:240 - Cannot read IP mode file for STMicroelectronics.X-CUBE-AZRTOS-G0.1.1.0
2025-07-15 17:52:57,275 [WARN] PackLoader:240 - Cannot read IP mode file for STMicroelectronics.X-CUBE-SAFEA1.1.2.2
2025-07-15 17:52:57,291 [WARN] PackLoader:240 - Cannot read IP mode file for STMicroelectronics.X-CUBE-NFC4.3.0.0
2025-07-15 17:52:57,302 [INFO] WebApp:191 - Connection restablished
2025-07-15 17:52:57,316 [WARN] PackLoader:240 - Cannot read IP mode file for EmbeddedOffice.I-CUBE-FS-RTOS.1.0.1
2025-07-15 17:52:57,319 [INFO] WebApp:225 - Starting web application
2025-07-15 17:52:57,319 [INFO] WebApp:593 - Web application path used C:\ST\STM32CubeIDE_1.18.0\STM32CubeIDE\plugins\com.st.stm32cube.common.mx_6.14.0.202502271554\db\plugins\mcufinder\reactClient1\index.html
2025-07-15 17:52:57,334 [WARN] PackLoader:240 - Cannot read IP mode file for STMicroelectronics.X-CUBE-WB05N.2.0.0
2025-07-15 17:52:57,341 [WARN] PackLoader:240 - Cannot read IP mode file for wolfSSL.I-CUBE-wolfTPM.3.8.0
2025-07-15 17:52:57,359 [WARN] PackLoader:240 - Cannot read IP mode file for STMicroelectronics.X-CUBE-TCPP.4.2.0
2025-07-15 17:52:57,376 [WARN] PackLoader:240 - Cannot read IP mode file for RealThread.X-CUBE-RT-Thread_Nano.4.1.1
2025-07-15 17:52:57,381 [WARN] PackLoader:240 - Cannot read IP mode file for STMicroelectronics.FP-ATR-SIGFOX1.3.2.0
2025-07-15 17:52:57,395 [WARN] PackLoader:240 - Cannot read IP mode file for STMicroelectronics.X-CUBE-EEPRMA1.5.1.0
2025-07-15 17:52:57,409 [WARN] PackLoader:240 - Cannot read IP mode file for wolfSSL.I-CUBE-wolfSSL.5.7.6
2025-07-15 17:52:57,426 [WARN] PackLoader:240 - Cannot read IP mode file for ITTIA_DB.I-CUBE-ITTIADB.8.9.0
2025-07-15 17:52:57,442 [WARN] PackLoader:240 - Cannot read IP mode file for STMicroelectronics.X-CUBE-ST67W61.1.0.0
2025-07-15 17:52:57,472 [WARN] PackLoader:240 - Cannot read IP mode file for SEGGER.I-CUBE-embOS.1.3.1
2025-07-15 17:52:57,504 [WARN] PackLoader:240 - Cannot read IP mode file for STMicroelectronics.X-CUBE-ALGOBUILD.1.4.0
2025-07-15 17:52:57,554 [WARN] PackLoader:240 - Cannot read IP mode file for STMicroelectronics.X-CUBE-MEMS1.11.3.0
2025-07-15 17:52:57,631 [INFO] UserAuth:486 - Internet connection configuration mode: 1
2025-07-15 17:52:57,663 [WARN] PackLoader:240 - Cannot read IP mode file for STMicroelectronics.X-CUBE-PM33A1.1.0.0
2025-07-15 17:52:57,694 [WARN] PackLoader:240 - Cannot read IP mode file for STMicroelectronics.X-CUBE-AZRTOS-F4.1.1.0
2025-07-15 17:52:57,700 [WARN] PackLoader:240 - Cannot read IP mode file for Avnet-IotConnect.X-CUBE-IoTC-DA16k-PMOD.1.0.0
2025-07-15 17:52:57,715 [WARN] PackLoader:240 - Cannot read IP mode file for STMicroelectronics.X-CUBE-ISPU.2.1.0
2025-07-15 17:52:57,732 [WARN] PackLoader:240 - Cannot read IP mode file for STMicroelectronics.X-CUBE-NFC12.1.0.0
2025-07-15 17:52:57,766 [WARN] PackLoader:240 - Cannot read IP mode file for STMicroelectronics.X-CUBE-AZRTOS-L5.2.0.0
2025-07-15 17:52:57,789 [WARN] PackLoader:240 - Cannot read IP mode file for STMicroelectronics.X-CUBE-NFC6.3.1.0
2025-07-15 17:52:57,809 [WARN] PackLoader:240 - Cannot read IP mode file for STMicroelectronics.X-CUBE-DPower.1.2.0
2025-07-15 17:52:57,823 [WARN] PackLoader:240 - Cannot read IP mode file for STMicroelectronics.X-CUBE-FREERTOS.1.3.1
2025-07-15 17:52:57,837 [WARN] PackLoader:240 - Cannot read IP mode file for STMicroelectronics.X-CUBE-FREERTOS.1.3.0
2025-07-15 17:52:57,854 [WARN] PackLoader:240 - Cannot read IP mode file for STMicroelectronics.X-CUBE-NFC7.1.0.1
2025-07-15 17:52:57,871 [WARN] PackLoader:240 - Cannot read IP mode file for STMicroelectronics.FP-SNS-STAIOTCFT.1.0.0
2025-07-15 17:52:57,886 [WARN] PackLoader:240 - Cannot read IP mode file for STMicroelectronics.X-CUBE-DPower.1.3.0
2025-07-15 17:52:57,918 [WARN] ConditionMgr:438 - getConditionDescription Invalid condition id : LAN8742 Phy interface Condition cause : null
2025-07-15 17:52:57,918 [WARN] PackLoader:240 - Cannot read IP mode file for STMicroelectronics.X-CUBE-AZRTOS-L4.2.0.0
2025-07-15 17:52:57,919 [WARN] ConditionMgr:1044 - genDependencies : Invalid condition id : LAN8742 Phy interface Condition cause : null
2025-07-15 17:52:57,919 [WARN] ConditionMgr:1044 - genDependencies : Invalid condition id : LAN8742 Phy interface Condition cause : null
2025-07-15 17:52:57,919 [WARN] ConditionMgr:1044 - genDependencies : Invalid condition id : LAN8742 Phy interface Condition cause : null
2025-07-15 17:52:57,938 [WARN] PackLoader:240 - Cannot read IP mode file for STMicroelectronics.X-CUBE-SFXS2LP1.4.0.0
2025-07-15 17:52:57,983 [WARN] PackLoader:240 - Cannot read IP mode file for STMicroelectronics.X-CUBE-AZRTOS-H7.3.3.0
2025-07-15 17:52:58,021 [WARN] ConditionMgr:438 - getConditionDescription Invalid condition id : UX DEVICE CLASS RTOS Condition cause : null
2025-07-15 17:52:58,021 [WARN] ConditionMgr:438 - getConditionDescription Invalid condition id : UX DEVICE CLASS RTOS Condition cause : null
2025-07-15 17:52:58,031 [WARN] PackLoader:240 - Cannot read IP mode file for STMicroelectronics.X-CUBE-AZRTOS-WB.2.0.0
2025-07-15 17:52:58,032 [WARN] ConditionMgr:1044 - genDependencies : Invalid condition id : UX DEVICE CLASS RTOS Condition cause : null
2025-07-15 17:52:58,032 [WARN] ConditionMgr:1044 - genDependencies : Invalid condition id : UX DEVICE CLASS RTOS Condition cause : null
2025-07-15 17:52:58,033 [WARN] ConditionMgr:1044 - genDependencies : Invalid condition id : UX DEVICE CLASS RTOS Condition cause : null
2025-07-15 17:52:58,033 [WARN] ConditionMgr:1044 - genDependencies : Invalid condition id : UX DEVICE CLASS RTOS Condition cause : null
2025-07-15 17:52:58,033 [WARN] ConditionMgr:1044 - genDependencies : Invalid condition id : UX DEVICE CLASS RTOS Condition cause : null
2025-07-15 17:52:58,051 [WARN] PackLoader:240 - Cannot read IP mode file for STMicroelectronics.X-CUBE-GNSS1.7.0.1
2025-07-15 17:52:58,069 [WARN] PackLoader:240 - Cannot read IP mode file for STMicroelectronics.X-CUBE-TOUCHGFX.4.25.0
2025-07-15 17:52:58,085 [WARN] PackLoader:240 - Cannot read IP mode file for STMicroelectronics.FP-SNS-STBOX1.2.0.0
2025-07-15 17:52:58,111 [WARN] PackLoader:240 - Cannot read IP mode file for STMicroelectronics.X-CUBE-SUBG2.5.0.0
2025-07-15 17:52:58,145 [WARN] PackLoader:240 - Cannot read IP mode file for STMicroelectronics.X-CUBE-AZRTOS-H7RS.1.1.0
2025-07-15 17:52:58,159 [WARN] PackLoader:240 - Cannot read IP mode file for Cesanta.I-CUBE-Mongoose.7.13.0
2025-07-15 17:52:58,198 [WARN] PackLoader:240 - Cannot read IP mode file for STMicroelectronics.X-CUBE-AZRTOS-G4.2.0.0
2025-07-15 17:52:58,202 [WARN] PackLoader:240 - Cannot read IP mode file for wolfSSL.I-CUBE-wolfSSH.1.4.20
2025-07-15 17:52:58,216 [WARN] PackLoader:240 - Cannot read IP mode file for STMicroelectronics.X-CUBE-NFC7.2.0.0
2025-07-15 17:52:58,237 [WARN] PackLoader:240 - Cannot read IP mode file for STMicroelectronics.X-CUBE-IPS.3.1.0
2025-07-15 17:52:58,254 [WARN] PackLoader:240 - Cannot read IP mode file for STMicroelectronics.X-CUBE-ALS.1.0.2
2025-07-15 17:52:58,267 [WARN] PackLoader:240 - Cannot read IP mode file for STMicroelectronics.X-CUBE-TOUCHGFX.4.24.2
2025-07-15 17:52:58,284 [WARN] PackLoader:240 - Cannot read IP mode file for portGmbH.I-Cube-SoM-uGOAL.1.1.0
2025-07-15 17:52:58,316 [WARN] PackLoader:240 - Cannot read IP mode file for STMicroelectronics.X-CUBE-AZRTOS-H7RS.1.0.0
2025-07-15 17:52:58,339 [WARN] PackLoader:240 - Cannot read IP mode file for STMicroelectronics.X-CUBE-TOF1.3.4.2
2025-07-15 17:52:58,363 [WARN] PackLoader:240 - Cannot read IP mode file for STMicroelectronics.X-CUBE-TOF1.3.4.3
2025-07-15 17:52:58,370 [INFO] ThirdParty:978 - Integrity check success = true
2025-07-15 17:52:58,370 [INFO] IntegrityCheckThread:100 - exiting critical section [integrity check]
2025-07-15 17:52:58,370 [INFO] IntegrityCheckThread:103 - End integrity checks thread
