2025-07-20 22:16:44,689 [INFO] Activator:176 - 


2025-07-20 22:16:44,695 [INFO] Activator:177 - !SESSION log4j initialized
2025-07-20 22:16:49,542 [INFO] LogOutputStream:77 - [STDOUT_REDIRECT] 
2025-07-20 22:17:01,336 [INFO] ApplicationProperties:184 - Using Application install path: C:\ST\STM32CubeIDE_1.18.0\STM32CubeIDE\plugins\com.st.stm32cube.common.mx_6.14.0.202502271554
2025-07-20 22:17:01,361 [INFO] DbMcusXml:78 - Set database path to: C:\ST\STM32CubeIDE_1.18.0\STM32CubeIDE\plugins\com.st.stm32cube.common.mx_6.14.0.202502271554\\db\/mcu/
2025-07-20 22:17:01,361 [INFO] ApiDb:274 - Set plugin database path to: C:\ST\STM32CubeIDE_1.18.0\STM32CubeIDE\plugins\com.st.stm32cube.common.mx_6.14.0.202502271554\\db\/plugins/boardmanager/
2025-07-20 22:17:01,361 [WARN] ApiDb:259 - Overriding images path with different value:  => C:\ST\STM32CubeIDE_1.18.0\STM32CubeIDE\plugins\com.st.stm32cube.common.mx_6.14.0.202502271554\\db\/plugins/mcufinder/images/
2025-07-20 22:17:01,376 [INFO] ApiDb:250 - Set database path to: C:\Users\marcv\.stmcufinder\plugins\mcufinder//mcu/
2025-07-20 22:17:01,377 [INFO] DbMcusAds:125 - Set database path to: C:\Users\marcv\.stmcufinder\plugins\mcufinder//mcu/
2025-07-20 22:17:01,386 [INFO] CrossReferenceDbSqlite:203 - Set database path to: C:\Users\marcv\.stmcufinder\plugins\mcufinder//mcu/cs/
2025-07-20 22:17:01,508 [INFO] RulesReader:64 - Compatibility file has been processed (301 Rules)
2025-07-20 22:17:01,603 [INFO] DbMcusXml:78 - Set database path to: C:\ST\STM32CubeIDE_1.18.0\STM32CubeIDE\plugins\com.st.stm32cube.common.mx_6.14.0.202502271554\\db\/mcu/
2025-07-20 22:17:01,603 [INFO] ApiDb:274 - Set plugin database path to: C:\ST\STM32CubeIDE_1.18.0\STM32CubeIDE\plugins\com.st.stm32cube.common.mx_6.14.0.202502271554\\db\/plugins/boardmanager/
2025-07-20 22:17:01,603 [INFO] ApiDb:261 - Set plugin images path to: C:\ST\STM32CubeIDE_1.18.0\STM32CubeIDE\plugins\com.st.stm32cube.common.mx_6.14.0.202502271554\\db\/plugins/mcufinder/images/
2025-07-20 22:17:01,603 [WARN] DbFile:41 - Overriding database path with different value: C:\Users\marcv\.stmcufinder\plugins\mcufinder/ => C:\Users\marcv\.stmcufinder\plugins\mcufinder
2025-07-20 22:17:01,603 [INFO] ApiDb:250 - Set database path to: C:\Users\marcv\.stmcufinder\plugins\mcufinder//mcu/
2025-07-20 22:17:01,603 [WARN] DbFile:41 - Overriding database path with different value: C:\Users\marcv\.stmcufinder\plugins\mcufinder/ => C:\Users\marcv\.stmcufinder\plugins\mcufinder
2025-07-20 22:17:01,603 [INFO] DbMcusAds:125 - Set database path to: C:\Users\marcv\.stmcufinder\plugins\mcufinder//mcu/
2025-07-20 22:17:01,603 [WARN] DbFile:41 - Overriding database path with different value: C:\Users\marcv\.stmcufinder\plugins\mcufinder/ => C:\Users\marcv\.stmcufinder\plugins\mcufinder
2025-07-20 22:17:01,604 [WARN] DbFile:41 - Overriding database path with different value: C:\Users\marcv\.stmcufinder\plugins\mcufinder/ => C:\Users\marcv\.stmcufinder\plugins\mcufinder
2025-07-20 22:17:01,604 [INFO] CrossReferenceDbSqlite:203 - Set database path to: C:\Users\marcv\.stmcufinder\plugins\mcufinder//mcu/cs/
2025-07-20 22:17:01,694 [INFO] MainPanel:272 - HeapMemory: 268435456
2025-07-20 22:17:01,862 [INFO] DbMcusXml:78 - Set database path to: C:\ST\STM32CubeIDE_1.18.0\STM32CubeIDE\plugins\com.st.stm32cube.common.mx_6.14.0.202502271554\\db\/mcu/
2025-07-20 22:17:01,862 [INFO] ApiDb:274 - Set plugin database path to: C:\ST\STM32CubeIDE_1.18.0\STM32CubeIDE\plugins\com.st.stm32cube.common.mx_6.14.0.202502271554\\db\/plugins/boardmanager/
2025-07-20 22:17:01,862 [INFO] ApiDb:261 - Set plugin images path to: C:\ST\STM32CubeIDE_1.18.0\STM32CubeIDE\plugins\com.st.stm32cube.common.mx_6.14.0.202502271554\\db\/plugins/mcufinder/images/
2025-07-20 22:17:01,863 [WARN] DbFile:41 - Overriding database path with different value: C:\Users\marcv\.stmcufinder\plugins\mcufinder/ => C:\Users\marcv\.stmcufinder\plugins\mcufinder
2025-07-20 22:17:01,863 [INFO] ApiDb:250 - Set database path to: C:\Users\marcv\.stmcufinder\plugins\mcufinder//mcu/
2025-07-20 22:17:01,863 [WARN] DbFile:41 - Overriding database path with different value: C:\Users\marcv\.stmcufinder\plugins\mcufinder/ => C:\Users\marcv\.stmcufinder\plugins\mcufinder
2025-07-20 22:17:01,863 [INFO] DbMcusAds:125 - Set database path to: C:\Users\marcv\.stmcufinder\plugins\mcufinder//mcu/
2025-07-20 22:17:01,863 [WARN] DbFile:41 - Overriding database path with different value: C:\Users\marcv\.stmcufinder\plugins\mcufinder/ => C:\Users\marcv\.stmcufinder\plugins\mcufinder
2025-07-20 22:17:01,863 [WARN] DbFile:41 - Overriding database path with different value: C:\Users\marcv\.stmcufinder\plugins\mcufinder/ => C:\Users\marcv\.stmcufinder\plugins\mcufinder
2025-07-20 22:17:01,863 [INFO] CrossReferenceDbSqlite:203 - Set database path to: C:\Users\marcv\.stmcufinder\plugins\mcufinder//mcu/cs/
2025-07-20 22:17:01,882 [INFO] ApplicationProperties:184 - Using Application install path: C:\ST\STM32CubeIDE_1.18.0\STM32CubeIDE\plugins\com.st.stm32cube.common.mx_6.14.0.202502271554
2025-07-20 22:17:01,883 [INFO] PluginManage:196 - Search for loadable plugins [exclusion list=, ]
2025-07-20 22:17:01,884 [INFO] PluginManage:310 - Check plugin analytics
2025-07-20 22:17:06,586 [INFO] AnalyticsPlugin:253 - Accepted Software Licenses: 
2025-07-20 22:17:06,587 [INFO] AnalyticsPlugin:255 - Accepted CMSIS Pack Licenses: 
2025-07-20 22:17:06,587 [INFO] AnalyticsPlugin:257 - Accepted Firmware Licenses: FW.H7.1.12.0
2025-07-20 22:17:06,590 [INFO] PluginManage:359 - Loaded plugin analytics (category:tool,tabindex:-1)
2025-07-20 22:17:06,590 [INFO] PluginManage:310 - Check plugin cadmodel
2025-07-20 22:17:06,612 [INFO] CADModel:105 - Init CAD model plugin
2025-07-20 22:17:06,612 [INFO] PluginManage:359 - Loaded plugin cadmodel (category:power,tabindex:5)
2025-07-20 22:17:06,612 [INFO] PluginManage:310 - Check plugin clock
2025-07-20 22:17:06,639 [INFO] PluginManage:359 - Loaded plugin clock (category:base,tabindex:2)
2025-07-20 22:17:06,639 [INFO] PluginManage:310 - Check plugin ddr
2025-07-20 22:17:06,641 [INFO] PluginManage:359 - Loaded plugin ddr (category:tool,tabindex:6)
2025-07-20 22:17:06,641 [INFO] PluginManage:310 - Check plugin filemanager
2025-07-20 22:17:06,782 [INFO] PluginManage:359 - Loaded plugin filemanager (category:base,tabindex:10)
2025-07-20 22:17:06,782 [INFO] PluginManage:310 - Check plugin ipmanager
2025-07-20 22:17:06,790 [INFO] PluginManage:359 - Loaded plugin ipmanager (category:base,tabindex:5)
2025-07-20 22:17:06,790 [INFO] PluginManage:310 - Check plugin lpbam
2025-07-20 22:17:06,813 [INFO] PluginManage:359 - Loaded plugin lpbam (category:base,tabindex:0)
2025-07-20 22:17:06,813 [INFO] PluginManage:310 - Check plugin memorymap
2025-07-20 22:17:06,842 [INFO] PluginManage:359 - Loaded plugin memorymap (category:base,tabindex:4)
2025-07-20 22:17:06,842 [INFO] PluginManage:310 - Check plugin pinoutandconfiguration
2025-07-20 22:17:06,864 [INFO] PluginManage:359 - Loaded plugin pinoutandconfiguration (category:base,tabindex:1)
2025-07-20 22:17:06,864 [INFO] PluginManage:310 - Check plugin pinoutconfig
2025-07-20 22:17:06,966 [WARN] SupportedApi:132 - Cannot load RTOS API schema: s4s-elt-must-match.1: The content of 'definitions' must match (annotation?, (simpleType | complexType)?, (unique | key | keyref)*)). A problem was found starting at: attribute.
2025-07-20 22:17:07,099 [INFO] PluginManage:359 - Loaded plugin pinoutconfig (category:base,tabindex:0)
2025-07-20 22:17:07,099 [INFO] PluginManage:310 - Check plugin power
2025-07-20 22:17:07,127 [INFO] PluginManage:359 - Loaded plugin power (category:power,tabindex:4)
2025-07-20 22:17:07,127 [INFO] PluginManage:310 - Check plugin projectmanager
2025-07-20 22:17:07,141 [INFO] PluginManage:359 - Loaded plugin projectmanager (category:projectmanager,tabindex:4)
2025-07-20 22:17:07,141 [INFO] PluginManage:310 - Check plugin rif
2025-07-20 22:17:07,165 [INFO] PluginManage:359 - Loaded plugin rif (category:base,tabindex:3)
2025-07-20 22:17:07,166 [INFO] PluginManage:310 - Check plugin thirdparty
2025-07-20 22:17:07,488 [INFO] PluginManage:359 - Loaded plugin thirdparty (category:base,tabindex:-1)
2025-07-20 22:17:07,488 [WARN] IntegrityCheckThread:84 - waiting for thirdparty lock release [integrity check]
2025-07-20 22:17:07,488 [INFO] PluginManage:310 - Check plugin tools
2025-07-20 22:17:07,488 [INFO] IntegrityCheckThread:86 - entering critical section [integrity check]
2025-07-20 22:17:07,488 [INFO] ThirdPartyUpdaterWithRetryManager:70 - Updater plugin not ready yet. [1/15]
2025-07-20 22:17:07,540 [INFO] PluginManage:359 - Loaded plugin tools (category:base,tabindex:7)
2025-07-20 22:17:07,541 [INFO] PluginManage:310 - Check plugin tutovideos
2025-07-20 22:17:07,735 [INFO] PluginManage:359 - Loaded plugin tutovideos (category:base,tabindex:-1)
2025-07-20 22:17:07,735 [INFO] PluginManage:310 - Check plugin updater
2025-07-20 22:17:07,756 [INFO] PluginManage:359 - Loaded plugin updater (category:base,tabindex:12)
2025-07-20 22:17:07,756 [INFO] PluginManage:310 - Check plugin userauth
2025-07-20 22:17:07,760 [INFO] UserAuth:118 - Init User Auth plugin
2025-07-20 22:17:07,761 [INFO] PluginManage:359 - Loaded plugin userauth (category:base,tabindex:14)
2025-07-20 22:17:07,761 [INFO] PluginManage:283 - PluginManage : Loaded plugins [18]
2025-07-20 22:17:07,978 [INFO] PinOutPanel:1589 - setPackage(No Configuration,No Configuration)
2025-07-20 22:17:08,057 [INFO] CADModel:165 - CPN selected for project level
2025-07-20 22:17:08,057 [INFO] CADModel:114 - Register for checkConnection events
2025-07-20 22:17:08,087 [INFO] IPUIPlugin:80 - create IPUIPlugin
2025-07-20 22:17:08,087 [INFO] PluginManager:220 - loadIPPluginJar : add adc
2025-07-20 22:17:08,140 [INFO] IPUIPlugin:80 - create IPUIPlugin
2025-07-20 22:17:08,140 [INFO] PluginManager:220 - loadIPPluginJar : add aes
2025-07-20 22:17:08,204 [INFO] IPUIPlugin:80 - create IPUIPlugin
2025-07-20 22:17:08,204 [INFO] PluginManager:220 - loadIPPluginJar : add can
2025-07-20 22:17:08,244 [INFO] IPUIPlugin:80 - create IPUIPlugin
2025-07-20 22:17:08,244 [INFO] PluginManager:220 - loadIPPluginJar : add comp
2025-07-20 22:17:08,295 [INFO] IPUIPlugin:80 - create IPUIPlugin
2025-07-20 22:17:08,295 [INFO] PluginManager:220 - loadIPPluginJar : add cryp
2025-07-20 22:17:08,313 [INFO] IPUIPlugin:80 - create IPUIPlugin
2025-07-20 22:17:08,313 [INFO] PluginManager:220 - loadIPPluginJar : add ddr_ctrl_phy
2025-07-20 22:17:08,357 [INFO] IPUIPlugin:80 - create IPUIPlugin
2025-07-20 22:17:08,357 [INFO] PluginManager:220 - loadIPPluginJar : add dfsdm
2025-07-20 22:17:08,375 [INFO] IPUIPlugin:80 - create IPUIPlugin
2025-07-20 22:17:08,375 [INFO] PluginManager:220 - loadIPPluginJar : add dma
2025-07-20 22:17:08,433 [INFO] IPUIPlugin:80 - create IPUIPlugin
2025-07-20 22:17:08,433 [INFO] PluginManager:220 - loadIPPluginJar : add dma3
2025-07-20 22:17:08,494 [INFO] IPUIPlugin:80 - create IPUIPlugin
2025-07-20 22:17:08,494 [INFO] PluginManager:220 - loadIPPluginJar : add extmemmanager
2025-07-20 22:17:08,527 [INFO] IPUIPlugin:80 - create IPUIPlugin
2025-07-20 22:17:08,527 [INFO] PluginManager:220 - loadIPPluginJar : add fatfs
2025-07-20 22:17:08,595 [INFO] IPUIPlugin:80 - create IPUIPlugin
2025-07-20 22:17:08,596 [INFO] PluginManager:220 - loadIPPluginJar : add fmc
2025-07-20 22:17:08,616 [INFO] IPUIPlugin:80 - create IPUIPlugin
2025-07-20 22:17:08,617 [INFO] PluginManager:220 - loadIPPluginJar : add freertos
2025-07-20 22:17:08,649 [INFO] IPUIPlugin:80 - create IPUIPlugin
2025-07-20 22:17:08,650 [INFO] PluginManager:220 - loadIPPluginJar : add genericplugin
2025-07-20 22:17:08,793 [INFO] IPUIPlugin:80 - create IPUIPlugin
2025-07-20 22:17:08,793 [INFO] PluginManager:220 - loadIPPluginJar : add gfxmmu
2025-07-20 22:17:08,991 [INFO] IPUIPlugin:80 - create IPUIPlugin
2025-07-20 22:17:08,991 [INFO] PluginManager:220 - loadIPPluginJar : add gic
2025-07-20 22:17:09,008 [INFO] IPUIPlugin:80 - create IPUIPlugin
2025-07-20 22:17:09,008 [INFO] PluginManager:220 - loadIPPluginJar : add gpio
2025-07-20 22:17:09,136 [INFO] IPUIPlugin:80 - create IPUIPlugin
2025-07-20 22:17:09,137 [INFO] PluginManager:220 - loadIPPluginJar : add gtzc
2025-07-20 22:17:09,183 [INFO] IPUIPlugin:80 - create IPUIPlugin
2025-07-20 22:17:09,184 [INFO] PluginManager:220 - loadIPPluginJar : add hash
2025-07-20 22:17:09,259 [INFO] IPUIPlugin:80 - create IPUIPlugin
2025-07-20 22:17:09,259 [INFO] PluginManager:220 - loadIPPluginJar : add i2c
2025-07-20 22:17:09,314 [INFO] IPUIPlugin:80 - create IPUIPlugin
2025-07-20 22:17:09,314 [INFO] PluginManager:220 - loadIPPluginJar : add i2s
2025-07-20 22:17:09,371 [INFO] IPUIPlugin:80 - create IPUIPlugin
2025-07-20 22:17:09,371 [INFO] PluginManager:220 - loadIPPluginJar : add i3c
2025-07-20 22:17:09,506 [INFO] IPUIPlugin:80 - create IPUIPlugin
2025-07-20 22:17:09,506 [INFO] PluginManager:220 - loadIPPluginJar : add ipddr
2025-07-20 22:17:09,638 [INFO] IPUIPlugin:80 - create IPUIPlugin
2025-07-20 22:17:09,638 [INFO] PluginManager:220 - loadIPPluginJar : add linkedlist
2025-07-20 22:17:09,691 [INFO] IPUIPlugin:80 - create IPUIPlugin
2025-07-20 22:17:09,692 [INFO] PluginManager:220 - loadIPPluginJar : add lorawan
2025-07-20 22:17:09,745 [INFO] IPUIPlugin:80 - create IPUIPlugin
2025-07-20 22:17:09,745 [INFO] PluginManager:220 - loadIPPluginJar : add ltdc
2025-07-20 22:17:09,765 [INFO] IPUIPlugin:80 - create IPUIPlugin
2025-07-20 22:17:09,765 [INFO] PluginManager:220 - loadIPPluginJar : add mdma
2025-07-20 22:17:09,783 [INFO] IPUIPlugin:80 - create IPUIPlugin
2025-07-20 22:17:09,784 [INFO] PluginManager:220 - loadIPPluginJar : add nvic
2025-07-20 22:17:09,840 [INFO] IPUIPlugin:80 - create IPUIPlugin
2025-07-20 22:17:09,841 [INFO] PluginManager:220 - loadIPPluginJar : add opamp
2025-07-20 22:17:09,932 [INFO] IPUIPlugin:80 - create IPUIPlugin
2025-07-20 22:17:09,932 [INFO] PluginManager:220 - loadIPPluginJar : add openamp
2025-07-20 22:17:09,994 [INFO] IPUIPlugin:80 - create IPUIPlugin
2025-07-20 22:17:09,994 [INFO] PluginManager:220 - loadIPPluginJar : add pdm2pcm
2025-07-20 22:17:10,013 [INFO] IPUIPlugin:80 - create IPUIPlugin
2025-07-20 22:17:10,015 [INFO] PluginManager:220 - loadIPPluginJar : add plateformsettings
2025-07-20 22:17:10,048 [INFO] IPUIPlugin:80 - create IPUIPlugin
2025-07-20 22:17:10,048 [INFO] PluginManager:220 - loadIPPluginJar : add quadspi
2025-07-20 22:17:10,086 [INFO] IPUIPlugin:80 - create IPUIPlugin
2025-07-20 22:17:10,086 [INFO] PluginManager:220 - loadIPPluginJar : add radio
2025-07-20 22:17:10,104 [INFO] IPUIPlugin:80 - create IPUIPlugin
2025-07-20 22:17:10,104 [INFO] PluginManager:220 - loadIPPluginJar : add resmgrutility
2025-07-20 22:17:10,168 [INFO] IPUIPlugin:80 - create IPUIPlugin
2025-07-20 22:17:10,168 [INFO] PluginManager:220 - loadIPPluginJar : add sai
2025-07-20 22:17:10,220 [INFO] IPUIPlugin:80 - create IPUIPlugin
2025-07-20 22:17:10,220 [INFO] PluginManager:220 - loadIPPluginJar : add spi
2025-07-20 22:17:10,321 [INFO] IPUIPlugin:80 - create IPUIPlugin
2025-07-20 22:17:10,321 [INFO] PluginManager:220 - loadIPPluginJar : add stm32_wpan
2025-07-20 22:17:10,355 [INFO] IPUIPlugin:80 - create IPUIPlugin
2025-07-20 22:17:10,355 [INFO] PluginManager:220 - loadIPPluginJar : add tim
2025-07-20 22:17:10,440 [INFO] IPUIPlugin:80 - create IPUIPlugin
2025-07-20 22:17:10,440 [INFO] PluginManager:220 - loadIPPluginJar : add touchsensing
2025-07-20 22:17:10,475 [INFO] IPUIPlugin:80 - create IPUIPlugin
2025-07-20 22:17:10,475 [INFO] PluginManager:220 - loadIPPluginJar : add tracer_emb
2025-07-20 22:17:10,489 [INFO] ThirdPartyUpdaterWithRetryManager:70 - Updater plugin not ready yet. [2/15]
2025-07-20 22:17:10,510 [INFO] IPUIPlugin:80 - create IPUIPlugin
2025-07-20 22:17:10,510 [INFO] PluginManager:220 - loadIPPluginJar : add ts
2025-07-20 22:17:10,542 [INFO] IPUIPlugin:80 - create IPUIPlugin
2025-07-20 22:17:10,542 [INFO] PluginManager:220 - loadIPPluginJar : add tsc
2025-07-20 22:17:10,575 [INFO] IPUIPlugin:80 - create IPUIPlugin
2025-07-20 22:17:10,575 [INFO] PluginManager:220 - loadIPPluginJar : add ucpd
2025-07-20 22:17:10,637 [INFO] IPUIPlugin:80 - create IPUIPlugin
2025-07-20 22:17:10,637 [INFO] PluginManager:220 - loadIPPluginJar : add usart
2025-07-20 22:17:10,699 [INFO] IPUIPlugin:80 - create IPUIPlugin
2025-07-20 22:17:10,699 [INFO] PluginManager:220 - loadIPPluginJar : add usbx
2025-07-20 22:17:10,825 [FATAL] Updater:351 - Updater called before beeing initialized
2025-07-20 22:17:10,846 [INFO] RulesReader:64 - Compatibility file has been processed (301 Rules)
2025-07-20 22:17:10,856 [INFO] RulesReader:64 - Compatibility file has been processed (301 Rules)
2025-07-20 22:17:10,863 [INFO] CADModel:165 - CPN selected for project level
2025-07-20 22:17:10,864 [INFO] CADModel:114 - Register for checkConnection events
2025-07-20 22:17:10,864 [FATAL] Updater:351 - Updater called before beeing initialized
2025-07-20 22:17:10,864 [ERROR] CADModel:125 - Updater not yet initialized, retry later 
2025-07-20 22:17:11,013 [FATAL] Updater:351 - Updater called before beeing initialized
2025-07-20 22:17:11,015 [INFO] CADModel:165 - CPN selected for project level
2025-07-20 22:17:11,015 [INFO] CADModel:114 - Register for checkConnection events
2025-07-20 22:17:11,015 [FATAL] Updater:351 - Updater called before beeing initialized
2025-07-20 22:17:11,015 [ERROR] CADModel:125 - Updater not yet initialized, retry later 
2025-07-20 22:17:11,017 [FATAL] Updater:351 - Updater called before beeing initialized
2025-07-20 22:17:11,122 [FATAL] Updater:351 - Updater called before beeing initialized
2025-07-20 22:17:11,135 [INFO] DbMcusAds:53 - JSON generation date=Thu Jun 19 10:32:37 CEST 2025 (1750321957418)
2025-07-20 22:17:11,135 [FATAL] Updater:351 - Updater called before beeing initialized
2025-07-20 22:17:11,182 [WARN] DetailPanel:346 - Failed to get advertising image, set to default
2025-07-20 22:17:11,431 [FATAL] Updater:351 - Updater called before beeing initialized
2025-07-20 22:17:11,432 [FATAL] Updater:351 - Updater called before beeing initialized
2025-07-20 22:17:11,432 [FATAL] Updater:351 - Updater called before beeing initialized
2025-07-20 22:17:11,432 [WARN] DetailPanel:346 - Failed to get advertising image, set to default
2025-07-20 22:17:11,433 [FATAL] Updater:351 - Updater called before beeing initialized
2025-07-20 22:17:11,493 [ERROR] Updater:1198 - MainUpdater not yet initialized. External WinMGr cannot be set.
2025-07-20 22:17:11,505 [INFO] Updater:1134 - Updater Version found : 6.14.0
2025-07-20 22:17:11,525 [INFO] ApplicationProperties:184 - Using Application install path: C:\ST\STM32CubeIDE_1.18.0\STM32CubeIDE\plugins\com.st.stm32cube.common.mx_6.14.0.202502271554
2025-07-20 22:17:13,100 [ERROR] LogOutputStream:75 - [STDERR_REDIRECT] Jul 20, 2025 10:17:13 PM java.util.prefs.WindowsPreferences <init>
2025-07-20 22:17:13,101 [ERROR] LogOutputStream:75 - [STDERR_REDIRECT] WARNING: Could not open/create prefs root node Software\JavaSoft\Prefs at root 0xffffffff80000002. Windows RegCreateKeyEx(...) returned error code 5.
2025-07-20 22:17:13,101 [ERROR] LogOutputStream:75 - [STDERR_REDIRECT] 
2025-07-20 22:17:13,416 [INFO] MainUpdater:2872 - connection check result : 10
2025-07-20 22:17:13,417 [INFO] MainUpdater:3566 - Updater definition file requires update
2025-07-20 22:17:13,417 [INFO] MainUpdater:289 - Updater Check For Update Now.
2025-07-20 22:17:13,418 [INFO] MicroXplorer:498 - Change Database Version : DB.6.0.140
2025-07-20 22:17:13,438 [INFO] McuFinderGlobals:63 - Set McuFinder mode to 2 (CubeIDE integrated)
2025-07-20 22:17:13,445 [INFO] UserAuth:486 - Internet connection configuration mode: 1
2025-07-20 22:17:13,476 [INFO] JxBrowserEngine:152 - Initiate JxBrowser Engine with user profile folder
2025-07-20 22:17:13,482 [INFO] ServerAccessManage:473 - Download File updaters.zip
2025-07-20 22:17:13,491 [WARN] MainUpdater:1193 - Updater busy. Cannot search thirdparties
2025-07-20 22:17:13,491 [INFO] ThirdPartyUpdaterWithRetryManager:96 - Updater plugin is busy. [1/15]
2025-07-20 22:17:13,559 [INFO] FileExtend:242 - Unzip File : updaters.zip
2025-07-20 22:17:13,559 [INFO] FileExtend:257 - Standard Zip Deflate
2025-07-20 22:17:14,483 [INFO] ServerAccessManage:473 - Download File PacksControlFlags.xml
2025-07-20 22:17:14,589 [INFO] ServerAccessManage:473 - Download File cubemx.pidx
2025-07-20 22:17:16,043 [INFO] ServerAccessManage:473 - Download File STMicroelectronics.X-CUBE-BLEMGR.pdsc
2025-07-20 22:17:16,312 [ERROR] ServerAccessManage:1089 - Problem, file not found on Server
2025-07-20 22:17:16,335 [INFO] WebApp:169 - Instantiating new browser for Auth
2025-07-20 22:17:16,492 [WARN] MainUpdater:1193 - Updater busy. Cannot search thirdparties
2025-07-20 22:17:16,492 [INFO] ThirdPartyUpdaterWithRetryManager:96 - Updater plugin is busy. [2/15]
2025-07-20 22:17:17,458 [INFO] WebApp:463 - Apply proxy settings
2025-07-20 22:17:17,458 [INFO] WebApp:548 - Chromium requires no authentication
2025-07-20 22:17:17,481 [INFO] WebApp:491 - Direct internet connection detected
2025-07-20 22:17:17,517 [INFO] WebApp:894 - Register for checkConnection events
2025-07-20 22:17:17,517 [INFO] WebApp:463 - Apply proxy settings
2025-07-20 22:17:17,518 [INFO] WebApp:548 - Chromium requires no authentication
2025-07-20 22:17:17,518 [INFO] WebApp:491 - Direct internet connection detected
2025-07-20 22:17:17,884 [INFO] WebApp:225 - Starting web application
2025-07-20 22:17:17,885 [INFO] WebApp:593 - Web application path used C:\ST\STM32CubeIDE_1.18.0\STM32CubeIDE\plugins\com.st.stm32cube.common.mx_6.14.0.202502271554\db\plugins\mcufinder\reactClient1\index.html
2025-07-20 22:17:17,889 [INFO] WebApp:191 - Connection restablished
2025-07-20 22:17:18,133 [INFO] UserAuth:486 - Internet connection configuration mode: 1
2025-07-20 22:17:18,485 [WARN] PackLoader:240 - Cannot read IP mode file for STMicroelectronics.X-CUBE-BLEMGR.4.1.0
2025-07-20 22:17:18,495 [INFO] PopulateThirdPartyThread:66 - Ending populate Thread
2025-07-20 22:17:18,496 [INFO] ThirdParty:1030 - CMSIS Pack Vendor :STMicroelectronics X-CUBE-BLEMGR 4.1.0
2025-07-20 22:17:18,496 [INFO] LoadServerUpdatesThread:375 - End of LoadServerUpdate Thread
2025-07-20 22:17:18,628 [INFO] CheckServerUpdateThread:120 - End of CheckServer Thread
2025-07-20 22:17:19,788 [WARN] PackLoader:240 - Cannot read IP mode file for STMicroelectronics.FP-SNS-MOTENVWB1.1.4.0
2025-07-20 22:17:19,795 [WARN] PackLoader:240 - Cannot read IP mode file for STMicroelectronics.FP-ATR-ASTRA1.2.0.2
2025-07-20 22:17:19,816 [WARN] PackLoader:240 - Cannot read IP mode file for STMicroelectronics.X-CUBE-SMBUS.2.1.0
2025-07-20 22:17:19,836 [WARN] PackLoader:240 - Cannot read IP mode file for STMicroelectronics.X-CUBE-WB05N.1.1.0
2025-07-20 22:17:19,854 [WARN] PackLoader:240 - Cannot read IP mode file for STMicroelectronics.X-CUBE-ST60.1.0.0
2025-07-20 22:17:19,900 [WARN] PackLoader:240 - Cannot read IP mode file for STMicroelectronics.X-CUBE-AZRTOS-F7.1.1.0
2025-07-20 22:17:19,924 [WARN] PackLoader:240 - Cannot read IP mode file for STMicroelectronics.FP-SNS-FLIGHT1.5.0.2
2025-07-20 22:17:19,964 [WARN] PackLoader:240 - Cannot read IP mode file for Infineon.AIROC-Wi-Fi-Bluetooth-STM32.1.7.0
2025-07-20 22:17:20,009 [WARN] PackLoader:240 - Cannot read IP mode file for STMicroelectronics.X-CUBE-AZRTOS-H7.3.4.0
2025-07-20 22:17:20,032 [WARN] PackLoader:240 - Cannot read IP mode file for STMicroelectronics.X-CUBE-DISPLAY.3.0.0
2025-07-20 22:17:20,053 [WARN] PackLoader:240 - Cannot read IP mode file for STMicroelectronics.X-CUBE-NFC10.1.0.0
2025-07-20 22:17:20,076 [WARN] PackLoader:240 - Cannot read IP mode file for STMicroelectronics.X-CUBE-BLEMGR.4.0.0
2025-07-20 22:17:20,097 [WARN] PackLoader:240 - Cannot read IP mode file for emotas.I-CUBE-CANOPEN.1.3.0
2025-07-20 22:17:20,105 [WARN] ConditionMgr:438 - getConditionDescription Invalid condition id : Cortex-A Device cause : null
2025-07-20 22:17:20,127 [WARN] ConditionMgr:1044 - genDependencies : Invalid condition id : Cortex-A Device cause : null
2025-07-20 22:17:20,127 [WARN] ConditionMgr:1044 - genDependencies : Invalid condition id : Cortex-A Device cause : null
2025-07-20 22:17:20,127 [WARN] ConditionMgr:1044 - genDependencies : Invalid condition id : Cortex-A Device cause : null
2025-07-20 22:17:20,142 [WARN] PackLoader:240 - Cannot read IP mode file for STMicroelectronics.X-CUBE-AI.10.0.0
2025-07-20 22:17:20,162 [WARN] PackLoader:240 - Cannot read IP mode file for STMicroelectronics.FP-SNS-SMARTAG2.1.2.0
2025-07-20 22:17:20,167 [WARN] PackLoader:240 - Cannot read IP mode file for STMicroelectronics.FP-SNS-FLIGHT1.5.1.0
2025-07-20 22:17:20,224 [WARN] PackLoader:240 - Cannot read IP mode file for STMicroelectronics.X-CUBE-MEMS1.11.1.0
2025-07-20 22:17:20,371 [INFO] LogOutputStream:77 - [STDOUT_REDIRECT] 1 : Invalid condition id : UX_CORESTACK_Condition cause : null
2025-07-20 22:17:20,372 [INFO] LogOutputStream:77 - [STDOUT_REDIRECT] 1 : Invalid condition id : UX_CORESTACK_Condition cause : null
2025-07-20 22:17:20,373 [INFO] LogOutputStream:77 - [STDOUT_REDIRECT] 1 : Invalid condition id : UX_CORESTACK_Condition cause : null
2025-07-20 22:17:20,375 [INFO] LogOutputStream:77 - [STDOUT_REDIRECT] 1 : Invalid condition id : UX_CORESTACK_Condition cause : null
2025-07-20 22:17:20,376 [INFO] LogOutputStream:77 - [STDOUT_REDIRECT] 1 : Invalid condition id : UX_CORESTACK_Condition cause : null
2025-07-20 22:17:20,378 [WARN] PackLoader:240 - Cannot read IP mode file for STMicroelectronics.X-CUBE-AZRTOS-WL.2.0.0
2025-07-20 22:17:20,398 [WARN] PackLoader:240 - Cannot read IP mode file for STMicroelectronics.FP-SNS-MOTENV1.5.0.0
2025-07-20 22:17:20,419 [WARN] PackLoader:240 - Cannot read IP mode file for WES.I-CUBE-Cesium.1.3.0
2025-07-20 22:17:20,437 [WARN] PackLoader:240 - Cannot read IP mode file for STMicroelectronics.X-CUBE-BLE2.3.3.0
2025-07-20 22:17:20,459 [WARN] PackLoader:240 - Cannot read IP mode file for STMicroelectronics.X-CUBE-NFC9.1.0.0
2025-07-20 22:17:20,479 [WARN] PackLoader:240 - Cannot read IP mode file for STMicroelectronics.X-CUBE-BLE1.7.1.0
2025-07-20 22:17:20,485 [WARN] PackLoader:240 - Cannot read IP mode file for wolfSSL.I-CUBE-wolfMQTT.1.19.2
2025-07-20 22:17:20,503 [WARN] PackLoader:240 - Cannot read IP mode file for STMicroelectronics.X-CUBE-EEPRMA1.5.2.0
2025-07-20 22:17:20,520 [WARN] PackLoader:240 - Cannot read IP mode file for STMicroelectronics.X-CUBE-AI.10.1.0
2025-07-20 22:17:20,575 [WARN] PackLoader:240 - Cannot read IP mode file for STMicroelectronics.X-CUBE-MEMS1.11.2.0
2025-07-20 22:17:20,729 [WARN] PackLoader:240 - Cannot read IP mode file for STMicroelectronics.X-CUBE-AZRTOS-G0.1.1.0
2025-07-20 22:17:20,757 [WARN] PackLoader:240 - Cannot read IP mode file for STMicroelectronics.X-CUBE-SAFEA1.1.2.2
2025-07-20 22:17:20,776 [WARN] PackLoader:240 - Cannot read IP mode file for STMicroelectronics.X-CUBE-NFC4.3.0.0
2025-07-20 22:17:20,801 [WARN] PackLoader:240 - Cannot read IP mode file for EmbeddedOffice.I-CUBE-FS-RTOS.1.0.1
2025-07-20 22:17:20,819 [WARN] PackLoader:240 - Cannot read IP mode file for STMicroelectronics.X-CUBE-WB05N.2.0.0
2025-07-20 22:17:20,824 [WARN] PackLoader:240 - Cannot read IP mode file for wolfSSL.I-CUBE-wolfTPM.3.8.0
2025-07-20 22:17:20,844 [WARN] PackLoader:240 - Cannot read IP mode file for STMicroelectronics.X-CUBE-TCPP.4.2.0
2025-07-20 22:17:20,863 [WARN] PackLoader:240 - Cannot read IP mode file for RealThread.X-CUBE-RT-Thread_Nano.4.1.1
2025-07-20 22:17:20,868 [WARN] PackLoader:240 - Cannot read IP mode file for STMicroelectronics.FP-ATR-SIGFOX1.3.2.0
2025-07-20 22:17:20,888 [WARN] PackLoader:240 - Cannot read IP mode file for STMicroelectronics.X-CUBE-EEPRMA1.5.1.0
2025-07-20 22:17:20,906 [WARN] PackLoader:240 - Cannot read IP mode file for wolfSSL.I-CUBE-wolfSSL.5.7.6
2025-07-20 22:17:20,925 [WARN] PackLoader:240 - Cannot read IP mode file for ITTIA_DB.I-CUBE-ITTIADB.8.9.0
2025-07-20 22:17:20,945 [WARN] PackLoader:240 - Cannot read IP mode file for STMicroelectronics.X-CUBE-ST67W61.1.0.0
2025-07-20 22:17:20,982 [WARN] PackLoader:240 - Cannot read IP mode file for SEGGER.I-CUBE-embOS.1.3.1
2025-07-20 22:17:21,023 [WARN] PackLoader:240 - Cannot read IP mode file for STMicroelectronics.X-CUBE-ALGOBUILD.1.4.0
2025-07-20 22:17:21,077 [WARN] PackLoader:240 - Cannot read IP mode file for STMicroelectronics.X-CUBE-MEMS1.11.3.0
2025-07-20 22:17:21,187 [WARN] PackLoader:240 - Cannot read IP mode file for STMicroelectronics.X-CUBE-PM33A1.1.0.0
2025-07-20 22:17:21,223 [WARN] PackLoader:240 - Cannot read IP mode file for STMicroelectronics.X-CUBE-AZRTOS-F4.1.1.0
2025-07-20 22:17:21,230 [WARN] PackLoader:240 - Cannot read IP mode file for Avnet-IotConnect.X-CUBE-IoTC-DA16k-PMOD.1.0.0
2025-07-20 22:17:21,246 [WARN] PackLoader:240 - Cannot read IP mode file for STMicroelectronics.X-CUBE-ISPU.2.1.0
2025-07-20 22:17:21,265 [WARN] PackLoader:240 - Cannot read IP mode file for STMicroelectronics.X-CUBE-NFC12.1.0.0
2025-07-20 22:17:21,295 [WARN] PackLoader:240 - Cannot read IP mode file for STMicroelectronics.X-CUBE-AZRTOS-L5.2.0.0
2025-07-20 22:17:21,320 [WARN] PackLoader:240 - Cannot read IP mode file for STMicroelectronics.X-CUBE-NFC6.3.1.0
2025-07-20 22:17:21,346 [WARN] PackLoader:240 - Cannot read IP mode file for STMicroelectronics.X-CUBE-DPower.1.2.0
2025-07-20 22:17:21,365 [WARN] PackLoader:240 - Cannot read IP mode file for STMicroelectronics.X-CUBE-FREERTOS.1.3.1
2025-07-20 22:17:21,384 [WARN] PackLoader:240 - Cannot read IP mode file for STMicroelectronics.X-CUBE-FREERTOS.1.3.0
2025-07-20 22:17:21,404 [WARN] PackLoader:240 - Cannot read IP mode file for STMicroelectronics.X-CUBE-NFC7.1.0.1
2025-07-20 22:17:21,432 [WARN] PackLoader:240 - Cannot read IP mode file for STMicroelectronics.FP-SNS-STAIOTCFT.1.0.0
2025-07-20 22:17:21,455 [WARN] PackLoader:240 - Cannot read IP mode file for STMicroelectronics.X-CUBE-DPower.1.3.0
2025-07-20 22:17:21,509 [WARN] ConditionMgr:438 - getConditionDescription Invalid condition id : LAN8742 Phy interface Condition cause : null
2025-07-20 22:17:21,509 [WARN] PackLoader:240 - Cannot read IP mode file for STMicroelectronics.X-CUBE-AZRTOS-L4.2.0.0
2025-07-20 22:17:21,510 [WARN] ConditionMgr:1044 - genDependencies : Invalid condition id : LAN8742 Phy interface Condition cause : null
2025-07-20 22:17:21,511 [WARN] ConditionMgr:1044 - genDependencies : Invalid condition id : LAN8742 Phy interface Condition cause : null
2025-07-20 22:17:21,511 [WARN] ConditionMgr:1044 - genDependencies : Invalid condition id : LAN8742 Phy interface Condition cause : null
2025-07-20 22:17:21,534 [WARN] PackLoader:240 - Cannot read IP mode file for STMicroelectronics.X-CUBE-SFXS2LP1.4.0.0
2025-07-20 22:17:21,573 [WARN] PackLoader:240 - Cannot read IP mode file for STMicroelectronics.X-CUBE-AZRTOS-H7.3.3.0
2025-07-20 22:17:21,585 [WARN] PackLoader:240 - Cannot read IP mode file for STMicroelectronics.X-CUBE-BLEMGR.4.1.0
2025-07-20 22:17:21,618 [WARN] ConditionMgr:438 - getConditionDescription Invalid condition id : UX DEVICE CLASS RTOS Condition cause : null
2025-07-20 22:17:21,619 [WARN] ConditionMgr:438 - getConditionDescription Invalid condition id : UX DEVICE CLASS RTOS Condition cause : null
2025-07-20 22:17:21,621 [WARN] PackLoader:240 - Cannot read IP mode file for STMicroelectronics.X-CUBE-AZRTOS-WB.2.0.0
2025-07-20 22:17:21,621 [WARN] ConditionMgr:1044 - genDependencies : Invalid condition id : UX DEVICE CLASS RTOS Condition cause : null
2025-07-20 22:17:21,621 [WARN] ConditionMgr:1044 - genDependencies : Invalid condition id : UX DEVICE CLASS RTOS Condition cause : null
2025-07-20 22:17:21,621 [WARN] ConditionMgr:1044 - genDependencies : Invalid condition id : UX DEVICE CLASS RTOS Condition cause : null
2025-07-20 22:17:21,621 [WARN] ConditionMgr:1044 - genDependencies : Invalid condition id : UX DEVICE CLASS RTOS Condition cause : null
2025-07-20 22:17:21,621 [WARN] ConditionMgr:1044 - genDependencies : Invalid condition id : UX DEVICE CLASS RTOS Condition cause : null
2025-07-20 22:17:21,640 [WARN] PackLoader:240 - Cannot read IP mode file for STMicroelectronics.X-CUBE-GNSS1.7.0.1
2025-07-20 22:17:21,658 [WARN] PackLoader:240 - Cannot read IP mode file for STMicroelectronics.X-CUBE-TOUCHGFX.4.25.0
2025-07-20 22:17:21,677 [WARN] PackLoader:240 - Cannot read IP mode file for STMicroelectronics.FP-SNS-STBOX1.2.0.0
2025-07-20 22:17:21,700 [WARN] PackLoader:240 - Cannot read IP mode file for STMicroelectronics.X-CUBE-SUBG2.5.0.0
2025-07-20 22:17:21,734 [WARN] PackLoader:240 - Cannot read IP mode file for STMicroelectronics.X-CUBE-AZRTOS-H7RS.1.1.0
2025-07-20 22:17:21,742 [WARN] PackLoader:240 - Cannot read IP mode file for Cesanta.I-CUBE-Mongoose.7.13.0
2025-07-20 22:17:21,774 [WARN] PackLoader:240 - Cannot read IP mode file for STMicroelectronics.X-CUBE-AZRTOS-G4.2.0.0
2025-07-20 22:17:21,780 [WARN] PackLoader:240 - Cannot read IP mode file for wolfSSL.I-CUBE-wolfSSH.1.4.20
2025-07-20 22:17:21,794 [WARN] PackLoader:240 - Cannot read IP mode file for STMicroelectronics.X-CUBE-NFC7.2.0.0
2025-07-20 22:17:21,814 [WARN] PackLoader:240 - Cannot read IP mode file for STMicroelectronics.X-CUBE-IPS.3.1.0
2025-07-20 22:17:21,836 [WARN] PackLoader:240 - Cannot read IP mode file for STMicroelectronics.X-CUBE-ALS.1.0.2
2025-07-20 22:17:21,852 [WARN] PackLoader:240 - Cannot read IP mode file for STMicroelectronics.X-CUBE-TOUCHGFX.4.24.2
2025-07-20 22:17:21,871 [WARN] PackLoader:240 - Cannot read IP mode file for portGmbH.I-Cube-SoM-uGOAL.1.1.0
2025-07-20 22:17:21,909 [WARN] PackLoader:240 - Cannot read IP mode file for STMicroelectronics.X-CUBE-AZRTOS-H7RS.1.0.0
2025-07-20 22:17:21,935 [WARN] PackLoader:240 - Cannot read IP mode file for STMicroelectronics.X-CUBE-TOF1.3.4.2
2025-07-20 22:17:21,965 [WARN] PackLoader:240 - Cannot read IP mode file for STMicroelectronics.X-CUBE-TOF1.3.4.3
2025-07-20 22:17:21,972 [INFO] ThirdParty:978 - Integrity check success = true
2025-07-20 22:17:21,972 [INFO] IntegrityCheckThread:100 - exiting critical section [integrity check]
2025-07-20 22:17:21,972 [INFO] IntegrityCheckThread:103 - End integrity checks thread
