2025-06-29 00:16:46,088 [ERROR] LogOutputStream:75 - [STDERR_REDIRECT] 
2025-06-29 17:13:58,217 [INFO] Activator:176 - 


2025-06-29 17:13:58,218 [INFO] Activator:177 - !SESSION log4j initialized
2025-06-29 17:14:03,760 [INFO] LogOutputStream:77 - [STDOUT_REDIRECT] 
2025-06-29 17:14:13,101 [INFO] ApplicationProperties:184 - Using Application install path: C:\ST\STM32CubeIDE_1.18.0\STM32CubeIDE\plugins\com.st.stm32cube.common.mx_6.14.0.202502271554
2025-06-29 17:14:13,123 [INFO] DbMcusXml:78 - Set database path to: C:\ST\STM32CubeIDE_1.18.0\STM32CubeIDE\plugins\com.st.stm32cube.common.mx_6.14.0.202502271554\\db\/mcu/
2025-06-29 17:14:13,123 [INFO] ApiDb:274 - Set plugin database path to: C:\ST\STM32CubeIDE_1.18.0\STM32CubeIDE\plugins\com.st.stm32cube.common.mx_6.14.0.202502271554\\db\/plugins/boardmanager/
2025-06-29 17:14:13,123 [WARN] ApiDb:259 - Overriding images path with different value:  => C:\ST\STM32CubeIDE_1.18.0\STM32CubeIDE\plugins\com.st.stm32cube.common.mx_6.14.0.202502271554\\db\/plugins/mcufinder/images/
2025-06-29 17:14:13,131 [INFO] ApiDb:250 - Set database path to: C:\Users\marcv\.stmcufinder\plugins\mcufinder//mcu/
2025-06-29 17:14:13,132 [INFO] DbMcusAds:125 - Set database path to: C:\Users\marcv\.stmcufinder\plugins\mcufinder//mcu/
2025-06-29 17:14:13,134 [INFO] CrossReferenceDbSqlite:203 - Set database path to: C:\Users\marcv\.stmcufinder\plugins\mcufinder//mcu/cs/
2025-06-29 17:14:13,250 [INFO] RulesReader:64 - Compatibility file has been processed (301 Rules)
2025-06-29 17:14:13,330 [INFO] DbMcusXml:78 - Set database path to: C:\ST\STM32CubeIDE_1.18.0\STM32CubeIDE\plugins\com.st.stm32cube.common.mx_6.14.0.202502271554\\db\/mcu/
2025-06-29 17:14:13,330 [INFO] ApiDb:274 - Set plugin database path to: C:\ST\STM32CubeIDE_1.18.0\STM32CubeIDE\plugins\com.st.stm32cube.common.mx_6.14.0.202502271554\\db\/plugins/boardmanager/
2025-06-29 17:14:13,330 [INFO] ApiDb:261 - Set plugin images path to: C:\ST\STM32CubeIDE_1.18.0\STM32CubeIDE\plugins\com.st.stm32cube.common.mx_6.14.0.202502271554\\db\/plugins/mcufinder/images/
2025-06-29 17:14:13,331 [WARN] DbFile:41 - Overriding database path with different value: C:\Users\marcv\.stmcufinder\plugins\mcufinder/ => C:\Users\marcv\.stmcufinder\plugins\mcufinder
2025-06-29 17:14:13,331 [INFO] ApiDb:250 - Set database path to: C:\Users\marcv\.stmcufinder\plugins\mcufinder//mcu/
2025-06-29 17:14:13,331 [WARN] DbFile:41 - Overriding database path with different value: C:\Users\marcv\.stmcufinder\plugins\mcufinder/ => C:\Users\marcv\.stmcufinder\plugins\mcufinder
2025-06-29 17:14:13,331 [INFO] DbMcusAds:125 - Set database path to: C:\Users\marcv\.stmcufinder\plugins\mcufinder//mcu/
2025-06-29 17:14:13,331 [WARN] DbFile:41 - Overriding database path with different value: C:\Users\marcv\.stmcufinder\plugins\mcufinder/ => C:\Users\marcv\.stmcufinder\plugins\mcufinder
2025-06-29 17:14:13,331 [WARN] DbFile:41 - Overriding database path with different value: C:\Users\marcv\.stmcufinder\plugins\mcufinder/ => C:\Users\marcv\.stmcufinder\plugins\mcufinder
2025-06-29 17:14:13,331 [INFO] CrossReferenceDbSqlite:203 - Set database path to: C:\Users\marcv\.stmcufinder\plugins\mcufinder//mcu/cs/
2025-06-29 17:14:13,401 [INFO] MainPanel:272 - HeapMemory: 268435456
2025-06-29 17:14:13,519 [INFO] DbMcusXml:78 - Set database path to: C:\ST\STM32CubeIDE_1.18.0\STM32CubeIDE\plugins\com.st.stm32cube.common.mx_6.14.0.202502271554\\db\/mcu/
2025-06-29 17:14:13,519 [INFO] ApiDb:274 - Set plugin database path to: C:\ST\STM32CubeIDE_1.18.0\STM32CubeIDE\plugins\com.st.stm32cube.common.mx_6.14.0.202502271554\\db\/plugins/boardmanager/
2025-06-29 17:14:13,519 [INFO] ApiDb:261 - Set plugin images path to: C:\ST\STM32CubeIDE_1.18.0\STM32CubeIDE\plugins\com.st.stm32cube.common.mx_6.14.0.202502271554\\db\/plugins/mcufinder/images/
2025-06-29 17:14:13,519 [WARN] DbFile:41 - Overriding database path with different value: C:\Users\marcv\.stmcufinder\plugins\mcufinder/ => C:\Users\marcv\.stmcufinder\plugins\mcufinder
2025-06-29 17:14:13,520 [INFO] ApiDb:250 - Set database path to: C:\Users\marcv\.stmcufinder\plugins\mcufinder//mcu/
2025-06-29 17:14:13,520 [WARN] DbFile:41 - Overriding database path with different value: C:\Users\marcv\.stmcufinder\plugins\mcufinder/ => C:\Users\marcv\.stmcufinder\plugins\mcufinder
2025-06-29 17:14:13,520 [INFO] DbMcusAds:125 - Set database path to: C:\Users\marcv\.stmcufinder\plugins\mcufinder//mcu/
2025-06-29 17:14:13,520 [WARN] DbFile:41 - Overriding database path with different value: C:\Users\marcv\.stmcufinder\plugins\mcufinder/ => C:\Users\marcv\.stmcufinder\plugins\mcufinder
2025-06-29 17:14:13,520 [WARN] DbFile:41 - Overriding database path with different value: C:\Users\marcv\.stmcufinder\plugins\mcufinder/ => C:\Users\marcv\.stmcufinder\plugins\mcufinder
2025-06-29 17:14:13,520 [INFO] CrossReferenceDbSqlite:203 - Set database path to: C:\Users\marcv\.stmcufinder\plugins\mcufinder//mcu/cs/
2025-06-29 17:14:13,537 [INFO] ApplicationProperties:184 - Using Application install path: C:\ST\STM32CubeIDE_1.18.0\STM32CubeIDE\plugins\com.st.stm32cube.common.mx_6.14.0.202502271554
2025-06-29 17:14:13,538 [INFO] PluginManage:196 - Search for loadable plugins [exclusion list=, ]
2025-06-29 17:14:13,540 [INFO] PluginManage:310 - Check plugin analytics
2025-06-29 17:14:18,228 [INFO] AnalyticsPlugin:253 - Accepted Software Licenses: 
2025-06-29 17:14:18,228 [INFO] AnalyticsPlugin:255 - Accepted CMSIS Pack Licenses: 
2025-06-29 17:14:18,229 [INFO] AnalyticsPlugin:257 - Accepted Firmware Licenses: FW.H7.1.12.0
2025-06-29 17:14:18,231 [INFO] PluginManage:359 - Loaded plugin analytics (category:tool,tabindex:-1)
2025-06-29 17:14:18,231 [INFO] PluginManage:310 - Check plugin cadmodel
2025-06-29 17:14:18,252 [INFO] CADModel:105 - Init CAD model plugin
2025-06-29 17:14:18,252 [INFO] PluginManage:359 - Loaded plugin cadmodel (category:power,tabindex:5)
2025-06-29 17:14:18,253 [INFO] PluginManage:310 - Check plugin clock
2025-06-29 17:14:18,274 [INFO] PluginManage:359 - Loaded plugin clock (category:base,tabindex:2)
2025-06-29 17:14:18,274 [INFO] PluginManage:310 - Check plugin ddr
2025-06-29 17:14:18,277 [INFO] PluginManage:359 - Loaded plugin ddr (category:tool,tabindex:6)
2025-06-29 17:14:18,277 [INFO] PluginManage:310 - Check plugin filemanager
2025-06-29 17:14:18,424 [INFO] PluginManage:359 - Loaded plugin filemanager (category:base,tabindex:10)
2025-06-29 17:14:18,424 [INFO] PluginManage:310 - Check plugin ipmanager
2025-06-29 17:14:18,430 [INFO] PluginManage:359 - Loaded plugin ipmanager (category:base,tabindex:5)
2025-06-29 17:14:18,430 [INFO] PluginManage:310 - Check plugin lpbam
2025-06-29 17:14:18,450 [INFO] PluginManage:359 - Loaded plugin lpbam (category:base,tabindex:0)
2025-06-29 17:14:18,450 [INFO] PluginManage:310 - Check plugin memorymap
2025-06-29 17:14:18,476 [INFO] PluginManage:359 - Loaded plugin memorymap (category:base,tabindex:4)
2025-06-29 17:14:18,476 [INFO] PluginManage:310 - Check plugin pinoutandconfiguration
2025-06-29 17:14:18,495 [INFO] PluginManage:359 - Loaded plugin pinoutandconfiguration (category:base,tabindex:1)
2025-06-29 17:14:18,495 [INFO] PluginManage:310 - Check plugin pinoutconfig
2025-06-29 17:14:18,585 [WARN] SupportedApi:132 - Cannot load RTOS API schema: s4s-elt-must-match.1: The content of 'definitions' must match (annotation?, (simpleType | complexType)?, (unique | key | keyref)*)). A problem was found starting at: attribute.
2025-06-29 17:14:18,703 [INFO] PluginManage:359 - Loaded plugin pinoutconfig (category:base,tabindex:0)
2025-06-29 17:14:18,703 [INFO] PluginManage:310 - Check plugin power
2025-06-29 17:14:18,726 [INFO] PluginManage:359 - Loaded plugin power (category:power,tabindex:4)
2025-06-29 17:14:18,726 [INFO] PluginManage:310 - Check plugin projectmanager
2025-06-29 17:14:18,741 [INFO] PluginManage:359 - Loaded plugin projectmanager (category:projectmanager,tabindex:4)
2025-06-29 17:14:18,742 [INFO] PluginManage:310 - Check plugin rif
2025-06-29 17:14:18,761 [INFO] PluginManage:359 - Loaded plugin rif (category:base,tabindex:3)
2025-06-29 17:14:18,761 [INFO] PluginManage:310 - Check plugin thirdparty
2025-06-29 17:14:19,054 [INFO] PluginManage:359 - Loaded plugin thirdparty (category:base,tabindex:-1)
2025-06-29 17:14:19,055 [INFO] PluginManage:310 - Check plugin tools
2025-06-29 17:14:19,054 [WARN] IntegrityCheckThread:84 - waiting for thirdparty lock release [integrity check]
2025-06-29 17:14:19,055 [INFO] IntegrityCheckThread:86 - entering critical section [integrity check]
2025-06-29 17:14:19,055 [INFO] ThirdPartyUpdaterWithRetryManager:70 - Updater plugin not ready yet. [1/15]
2025-06-29 17:14:19,098 [INFO] PluginManage:359 - Loaded plugin tools (category:base,tabindex:7)
2025-06-29 17:14:19,098 [INFO] PluginManage:310 - Check plugin tutovideos
2025-06-29 17:14:19,274 [INFO] PluginManage:359 - Loaded plugin tutovideos (category:base,tabindex:-1)
2025-06-29 17:14:19,274 [INFO] PluginManage:310 - Check plugin updater
2025-06-29 17:14:19,293 [INFO] PluginManage:359 - Loaded plugin updater (category:base,tabindex:12)
2025-06-29 17:14:19,293 [INFO] PluginManage:310 - Check plugin userauth
2025-06-29 17:14:19,298 [INFO] UserAuth:118 - Init User Auth plugin
2025-06-29 17:14:19,299 [INFO] PluginManage:359 - Loaded plugin userauth (category:base,tabindex:14)
2025-06-29 17:14:19,300 [INFO] PluginManage:283 - PluginManage : Loaded plugins [18]
2025-06-29 17:14:19,499 [INFO] PinOutPanel:1589 - setPackage(No Configuration,No Configuration)
2025-06-29 17:14:19,574 [INFO] CADModel:165 - CPN selected for project level
2025-06-29 17:14:19,574 [INFO] CADModel:114 - Register for checkConnection events
2025-06-29 17:14:19,599 [INFO] IPUIPlugin:80 - create IPUIPlugin
2025-06-29 17:14:19,599 [INFO] PluginManager:220 - loadIPPluginJar : add adc
2025-06-29 17:14:19,640 [INFO] IPUIPlugin:80 - create IPUIPlugin
2025-06-29 17:14:19,640 [INFO] PluginManager:220 - loadIPPluginJar : add aes
2025-06-29 17:14:19,685 [INFO] IPUIPlugin:80 - create IPUIPlugin
2025-06-29 17:14:19,685 [INFO] PluginManager:220 - loadIPPluginJar : add can
2025-06-29 17:14:19,714 [INFO] IPUIPlugin:80 - create IPUIPlugin
2025-06-29 17:14:19,715 [INFO] PluginManager:220 - loadIPPluginJar : add comp
2025-06-29 17:14:19,752 [INFO] IPUIPlugin:80 - create IPUIPlugin
2025-06-29 17:14:19,752 [INFO] PluginManager:220 - loadIPPluginJar : add cryp
2025-06-29 17:14:19,767 [INFO] IPUIPlugin:80 - create IPUIPlugin
2025-06-29 17:14:19,767 [INFO] PluginManager:220 - loadIPPluginJar : add ddr_ctrl_phy
2025-06-29 17:14:19,801 [INFO] IPUIPlugin:80 - create IPUIPlugin
2025-06-29 17:14:19,801 [INFO] PluginManager:220 - loadIPPluginJar : add dfsdm
2025-06-29 17:14:19,816 [INFO] IPUIPlugin:80 - create IPUIPlugin
2025-06-29 17:14:19,816 [INFO] PluginManager:220 - loadIPPluginJar : add dma
2025-06-29 17:14:19,860 [INFO] IPUIPlugin:80 - create IPUIPlugin
2025-06-29 17:14:19,860 [INFO] PluginManager:220 - loadIPPluginJar : add dma3
2025-06-29 17:14:19,909 [INFO] IPUIPlugin:80 - create IPUIPlugin
2025-06-29 17:14:19,909 [INFO] PluginManager:220 - loadIPPluginJar : add extmemmanager
2025-06-29 17:14:19,933 [INFO] IPUIPlugin:80 - create IPUIPlugin
2025-06-29 17:14:19,933 [INFO] PluginManager:220 - loadIPPluginJar : add fatfs
2025-06-29 17:14:19,987 [INFO] IPUIPlugin:80 - create IPUIPlugin
2025-06-29 17:14:19,987 [INFO] PluginManager:220 - loadIPPluginJar : add fmc
2025-06-29 17:14:20,004 [INFO] IPUIPlugin:80 - create IPUIPlugin
2025-06-29 17:14:20,004 [INFO] PluginManager:220 - loadIPPluginJar : add freertos
2025-06-29 17:14:20,028 [INFO] IPUIPlugin:80 - create IPUIPlugin
2025-06-29 17:14:20,028 [INFO] PluginManager:220 - loadIPPluginJar : add genericplugin
2025-06-29 17:14:20,138 [INFO] IPUIPlugin:80 - create IPUIPlugin
2025-06-29 17:14:20,138 [INFO] PluginManager:220 - loadIPPluginJar : add gfxmmu
2025-06-29 17:14:20,296 [INFO] IPUIPlugin:80 - create IPUIPlugin
2025-06-29 17:14:20,297 [INFO] PluginManager:220 - loadIPPluginJar : add gic
2025-06-29 17:14:20,312 [INFO] IPUIPlugin:80 - create IPUIPlugin
2025-06-29 17:14:20,312 [INFO] PluginManager:220 - loadIPPluginJar : add gpio
2025-06-29 17:14:20,413 [INFO] IPUIPlugin:80 - create IPUIPlugin
2025-06-29 17:14:20,413 [INFO] PluginManager:220 - loadIPPluginJar : add gtzc
2025-06-29 17:14:20,450 [INFO] IPUIPlugin:80 - create IPUIPlugin
2025-06-29 17:14:20,450 [INFO] PluginManager:220 - loadIPPluginJar : add hash
2025-06-29 17:14:20,524 [INFO] IPUIPlugin:80 - create IPUIPlugin
2025-06-29 17:14:20,524 [INFO] PluginManager:220 - loadIPPluginJar : add i2c
2025-06-29 17:14:20,570 [INFO] IPUIPlugin:80 - create IPUIPlugin
2025-06-29 17:14:20,570 [INFO] PluginManager:220 - loadIPPluginJar : add i2s
2025-06-29 17:14:20,630 [INFO] IPUIPlugin:80 - create IPUIPlugin
2025-06-29 17:14:20,630 [INFO] PluginManager:220 - loadIPPluginJar : add i3c
2025-06-29 17:14:20,741 [INFO] IPUIPlugin:80 - create IPUIPlugin
2025-06-29 17:14:20,742 [INFO] PluginManager:220 - loadIPPluginJar : add ipddr
2025-06-29 17:14:20,843 [INFO] IPUIPlugin:80 - create IPUIPlugin
2025-06-29 17:14:20,844 [INFO] PluginManager:220 - loadIPPluginJar : add linkedlist
2025-06-29 17:14:20,884 [INFO] IPUIPlugin:80 - create IPUIPlugin
2025-06-29 17:14:20,884 [INFO] PluginManager:220 - loadIPPluginJar : add lorawan
2025-06-29 17:14:20,926 [INFO] IPUIPlugin:80 - create IPUIPlugin
2025-06-29 17:14:20,926 [INFO] PluginManager:220 - loadIPPluginJar : add ltdc
2025-06-29 17:14:20,942 [INFO] IPUIPlugin:80 - create IPUIPlugin
2025-06-29 17:14:20,942 [INFO] PluginManager:220 - loadIPPluginJar : add mdma
2025-06-29 17:14:20,956 [INFO] IPUIPlugin:80 - create IPUIPlugin
2025-06-29 17:14:20,956 [INFO] PluginManager:220 - loadIPPluginJar : add nvic
2025-06-29 17:14:21,001 [INFO] IPUIPlugin:80 - create IPUIPlugin
2025-06-29 17:14:21,001 [INFO] PluginManager:220 - loadIPPluginJar : add opamp
2025-06-29 17:14:21,070 [INFO] IPUIPlugin:80 - create IPUIPlugin
2025-06-29 17:14:21,070 [INFO] PluginManager:220 - loadIPPluginJar : add openamp
2025-06-29 17:14:21,120 [INFO] IPUIPlugin:80 - create IPUIPlugin
2025-06-29 17:14:21,120 [INFO] PluginManager:220 - loadIPPluginJar : add pdm2pcm
2025-06-29 17:14:21,136 [INFO] IPUIPlugin:80 - create IPUIPlugin
2025-06-29 17:14:21,137 [INFO] PluginManager:220 - loadIPPluginJar : add plateformsettings
2025-06-29 17:14:21,166 [INFO] IPUIPlugin:80 - create IPUIPlugin
2025-06-29 17:14:21,166 [INFO] PluginManager:220 - loadIPPluginJar : add quadspi
2025-06-29 17:14:21,200 [INFO] IPUIPlugin:80 - create IPUIPlugin
2025-06-29 17:14:21,201 [INFO] PluginManager:220 - loadIPPluginJar : add radio
2025-06-29 17:14:21,216 [INFO] IPUIPlugin:80 - create IPUIPlugin
2025-06-29 17:14:21,216 [INFO] PluginManager:220 - loadIPPluginJar : add resmgrutility
2025-06-29 17:14:21,270 [INFO] IPUIPlugin:80 - create IPUIPlugin
2025-06-29 17:14:21,270 [INFO] PluginManager:220 - loadIPPluginJar : add sai
2025-06-29 17:14:21,313 [INFO] IPUIPlugin:80 - create IPUIPlugin
2025-06-29 17:14:21,313 [INFO] PluginManager:220 - loadIPPluginJar : add spi
2025-06-29 17:14:21,401 [INFO] IPUIPlugin:80 - create IPUIPlugin
2025-06-29 17:14:21,401 [INFO] PluginManager:220 - loadIPPluginJar : add stm32_wpan
2025-06-29 17:14:21,447 [INFO] IPUIPlugin:80 - create IPUIPlugin
2025-06-29 17:14:21,447 [INFO] PluginManager:220 - loadIPPluginJar : add tim
2025-06-29 17:14:21,521 [INFO] IPUIPlugin:80 - create IPUIPlugin
2025-06-29 17:14:21,521 [INFO] PluginManager:220 - loadIPPluginJar : add touchsensing
2025-06-29 17:14:21,547 [INFO] IPUIPlugin:80 - create IPUIPlugin
2025-06-29 17:14:21,547 [INFO] PluginManager:220 - loadIPPluginJar : add tracer_emb
2025-06-29 17:14:21,575 [INFO] IPUIPlugin:80 - create IPUIPlugin
2025-06-29 17:14:21,575 [INFO] PluginManager:220 - loadIPPluginJar : add ts
2025-06-29 17:14:21,603 [INFO] IPUIPlugin:80 - create IPUIPlugin
2025-06-29 17:14:21,603 [INFO] PluginManager:220 - loadIPPluginJar : add tsc
2025-06-29 17:14:21,629 [INFO] IPUIPlugin:80 - create IPUIPlugin
2025-06-29 17:14:21,629 [INFO] PluginManager:220 - loadIPPluginJar : add ucpd
2025-06-29 17:14:21,678 [INFO] IPUIPlugin:80 - create IPUIPlugin
2025-06-29 17:14:21,678 [INFO] PluginManager:220 - loadIPPluginJar : add usart
2025-06-29 17:14:21,728 [INFO] IPUIPlugin:80 - create IPUIPlugin
2025-06-29 17:14:21,729 [INFO] PluginManager:220 - loadIPPluginJar : add usbx
2025-06-29 17:14:21,848 [FATAL] Updater:351 - Updater called before beeing initialized
2025-06-29 17:14:21,866 [INFO] RulesReader:64 - Compatibility file has been processed (301 Rules)
2025-06-29 17:14:21,875 [INFO] RulesReader:64 - Compatibility file has been processed (301 Rules)
2025-06-29 17:14:21,880 [INFO] CADModel:165 - CPN selected for project level
2025-06-29 17:14:21,881 [INFO] CADModel:114 - Register for checkConnection events
2025-06-29 17:14:21,881 [FATAL] Updater:351 - Updater called before beeing initialized
2025-06-29 17:14:21,881 [ERROR] CADModel:125 - Updater not yet initialized, retry later 
2025-06-29 17:14:22,013 [FATAL] Updater:351 - Updater called before beeing initialized
2025-06-29 17:14:22,015 [INFO] CADModel:165 - CPN selected for project level
2025-06-29 17:14:22,015 [INFO] CADModel:114 - Register for checkConnection events
2025-06-29 17:14:22,015 [FATAL] Updater:351 - Updater called before beeing initialized
2025-06-29 17:14:22,015 [ERROR] CADModel:125 - Updater not yet initialized, retry later 
2025-06-29 17:14:22,018 [FATAL] Updater:351 - Updater called before beeing initialized
2025-06-29 17:14:22,055 [INFO] ThirdPartyUpdaterWithRetryManager:70 - Updater plugin not ready yet. [2/15]
2025-06-29 17:14:22,109 [FATAL] Updater:351 - Updater called before beeing initialized
2025-06-29 17:14:22,121 [INFO] DbMcusAds:53 - JSON generation date=Thu Jun 19 10:32:34 CEST 2025 (1750321954415)
2025-06-29 17:14:22,121 [FATAL] Updater:351 - Updater called before beeing initialized
2025-06-29 17:14:22,159 [WARN] DetailPanel:346 - Failed to get advertising image, set to default
2025-06-29 17:14:22,396 [FATAL] Updater:351 - Updater called before beeing initialized
2025-06-29 17:14:22,397 [FATAL] Updater:351 - Updater called before beeing initialized
2025-06-29 17:14:22,397 [FATAL] Updater:351 - Updater called before beeing initialized
2025-06-29 17:14:22,397 [WARN] DetailPanel:346 - Failed to get advertising image, set to default
2025-06-29 17:14:22,398 [FATAL] Updater:351 - Updater called before beeing initialized
2025-06-29 17:14:22,451 [ERROR] Updater:1198 - MainUpdater not yet initialized. External WinMGr cannot be set.
2025-06-29 17:14:22,462 [INFO] Updater:1134 - Updater Version found : 6.14.0
2025-06-29 17:14:22,482 [INFO] ApplicationProperties:184 - Using Application install path: C:\ST\STM32CubeIDE_1.18.0\STM32CubeIDE\plugins\com.st.stm32cube.common.mx_6.14.0.202502271554
2025-06-29 17:14:24,054 [ERROR] LogOutputStream:75 - [STDERR_REDIRECT] Jun 29, 2025 5:14:24 PM java.util.prefs.WindowsPreferences <init>
2025-06-29 17:14:24,056 [ERROR] LogOutputStream:75 - [STDERR_REDIRECT] WARNING: Could not open/create prefs root node Software\JavaSoft\Prefs at root 0xffffffff80000002. Windows RegCreateKeyEx(...) returned error code 5.
2025-06-29 17:14:24,056 [ERROR] LogOutputStream:75 - [STDERR_REDIRECT] 
2025-06-29 17:14:24,328 [INFO] MainUpdater:2872 - connection check result : 10
2025-06-29 17:14:24,329 [INFO] MainUpdater:289 - Updater Check For Update Now.
2025-06-29 17:14:24,329 [INFO] MicroXplorer:498 - Change Database Version : DB.6.0.140
2025-06-29 17:14:24,345 [INFO] McuFinderGlobals:63 - Set McuFinder mode to 2 (CubeIDE integrated)
2025-06-29 17:14:24,354 [INFO] UserAuth:486 - Internet connection configuration mode: 1
2025-06-29 17:14:24,392 [INFO] JxBrowserEngine:152 - Initiate JxBrowser Engine with user profile folder
2025-06-29 17:14:24,538 [INFO] CheckServerUpdateThread:120 - End of CheckServer Thread
2025-06-29 17:14:26,127 [WARN] PackLoader:240 - Cannot read IP mode file for STMicroelectronics.FP-SNS-MOTENVWB1.1.4.0
2025-06-29 17:14:26,157 [WARN] PackLoader:240 - Cannot read IP mode file for STMicroelectronics.FP-ATR-ASTRA1.2.0.2
2025-06-29 17:14:26,190 [WARN] PackLoader:240 - Cannot read IP mode file for STMicroelectronics.X-CUBE-SMBUS.2.1.0
2025-06-29 17:14:26,214 [WARN] PackLoader:240 - Cannot read IP mode file for STMicroelectronics.X-CUBE-WB05N.1.1.0
2025-06-29 17:14:26,234 [WARN] PackLoader:240 - Cannot read IP mode file for STMicroelectronics.X-CUBE-ST60.1.0.0
2025-06-29 17:14:26,303 [WARN] PackLoader:240 - Cannot read IP mode file for STMicroelectronics.X-CUBE-AZRTOS-F7.1.1.0
2025-06-29 17:14:26,336 [WARN] PackLoader:240 - Cannot read IP mode file for STMicroelectronics.FP-SNS-FLIGHT1.5.0.2
2025-06-29 17:14:26,412 [WARN] PackLoader:240 - Cannot read IP mode file for Infineon.AIROC-Wi-Fi-Bluetooth-STM32.1.7.0
2025-06-29 17:14:26,441 [WARN] PackLoader:240 - Cannot read IP mode file for STMicroelectronics.X-CUBE-DISPLAY.3.0.0
2025-06-29 17:14:26,465 [WARN] PackLoader:240 - Cannot read IP mode file for STMicroelectronics.X-CUBE-NFC10.1.0.0
2025-06-29 17:14:26,491 [WARN] PackLoader:240 - Cannot read IP mode file for STMicroelectronics.X-CUBE-BLEMGR.4.0.0
2025-06-29 17:14:26,513 [WARN] PackLoader:240 - Cannot read IP mode file for emotas.I-CUBE-CANOPEN.1.3.0
2025-06-29 17:14:26,530 [WARN] ConditionMgr:438 - getConditionDescription Invalid condition id : Cortex-A Device cause : null
2025-06-29 17:14:26,555 [WARN] ConditionMgr:1044 - genDependencies : Invalid condition id : Cortex-A Device cause : null
2025-06-29 17:14:26,555 [WARN] ConditionMgr:1044 - genDependencies : Invalid condition id : Cortex-A Device cause : null
2025-06-29 17:14:26,555 [WARN] ConditionMgr:1044 - genDependencies : Invalid condition id : Cortex-A Device cause : null
2025-06-29 17:14:26,572 [WARN] PackLoader:240 - Cannot read IP mode file for STMicroelectronics.X-CUBE-AI.10.0.0
2025-06-29 17:14:26,586 [WARN] PackLoader:240 - Cannot read IP mode file for STMicroelectronics.FP-SNS-SMARTAG2.1.2.0
2025-06-29 17:14:26,596 [INFO] WebApp:169 - Instantiating new browser for Auth
2025-06-29 17:14:26,601 [WARN] PackLoader:240 - Cannot read IP mode file for STMicroelectronics.FP-SNS-FLIGHT1.5.1.0
2025-06-29 17:14:26,681 [WARN] PackLoader:240 - Cannot read IP mode file for STMicroelectronics.X-CUBE-MEMS1.11.1.0
2025-06-29 17:14:26,845 [INFO] LogOutputStream:77 - [STDOUT_REDIRECT] 1 : Invalid condition id : UX_CORESTACK_Condition cause : null
2025-06-29 17:14:26,846 [INFO] LogOutputStream:77 - [STDOUT_REDIRECT] 1 : Invalid condition id : UX_CORESTACK_Condition cause : null
2025-06-29 17:14:26,848 [INFO] LogOutputStream:77 - [STDOUT_REDIRECT] 1 : Invalid condition id : UX_CORESTACK_Condition cause : null
2025-06-29 17:14:26,848 [INFO] LogOutputStream:77 - [STDOUT_REDIRECT] 1 : Invalid condition id : UX_CORESTACK_Condition cause : null
2025-06-29 17:14:26,849 [INFO] LogOutputStream:77 - [STDOUT_REDIRECT] 1 : Invalid condition id : UX_CORESTACK_Condition cause : null
2025-06-29 17:14:26,852 [WARN] PackLoader:240 - Cannot read IP mode file for STMicroelectronics.X-CUBE-AZRTOS-WL.2.0.0
2025-06-29 17:14:26,874 [WARN] PackLoader:240 - Cannot read IP mode file for STMicroelectronics.FP-SNS-MOTENV1.5.0.0
2025-06-29 17:14:26,899 [WARN] PackLoader:240 - Cannot read IP mode file for WES.I-CUBE-Cesium.1.3.0
2025-06-29 17:14:26,916 [WARN] PackLoader:240 - Cannot read IP mode file for STMicroelectronics.X-CUBE-BLE2.3.3.0
2025-06-29 17:14:26,940 [WARN] PackLoader:240 - Cannot read IP mode file for STMicroelectronics.X-CUBE-NFC9.1.0.0
2025-06-29 17:14:26,955 [WARN] PackLoader:240 - Cannot read IP mode file for STMicroelectronics.X-CUBE-BLE1.7.1.0
2025-06-29 17:14:26,971 [WARN] PackLoader:240 - Cannot read IP mode file for wolfSSL.I-CUBE-wolfMQTT.1.19.2
2025-06-29 17:14:26,984 [WARN] PackLoader:240 - Cannot read IP mode file for STMicroelectronics.X-CUBE-AI.10.1.0
2025-06-29 17:14:27,045 [WARN] PackLoader:240 - Cannot read IP mode file for STMicroelectronics.X-CUBE-MEMS1.11.2.0
2025-06-29 17:14:27,175 [WARN] PackLoader:240 - Cannot read IP mode file for STMicroelectronics.X-CUBE-AZRTOS-G0.1.1.0
2025-06-29 17:14:27,200 [WARN] PackLoader:240 - Cannot read IP mode file for STMicroelectronics.X-CUBE-SAFEA1.1.2.2
2025-06-29 17:14:27,227 [WARN] PackLoader:240 - Cannot read IP mode file for STMicroelectronics.X-CUBE-NFC4.3.0.0
2025-06-29 17:14:27,251 [WARN] PackLoader:240 - Cannot read IP mode file for EmbeddedOffice.I-CUBE-FS-RTOS.1.0.1
2025-06-29 17:14:27,266 [WARN] PackLoader:240 - Cannot read IP mode file for STMicroelectronics.X-CUBE-WB05N.2.0.0
2025-06-29 17:14:27,282 [WARN] PackLoader:240 - Cannot read IP mode file for wolfSSL.I-CUBE-wolfTPM.3.8.0
2025-06-29 17:14:27,299 [WARN] PackLoader:240 - Cannot read IP mode file for STMicroelectronics.X-CUBE-TCPP.4.2.0
2025-06-29 17:14:27,318 [WARN] PackLoader:240 - Cannot read IP mode file for RealThread.X-CUBE-RT-Thread_Nano.4.1.1
2025-06-29 17:14:27,333 [WARN] PackLoader:240 - Cannot read IP mode file for STMicroelectronics.FP-ATR-SIGFOX1.3.2.0
2025-06-29 17:14:27,351 [WARN] PackLoader:240 - Cannot read IP mode file for STMicroelectronics.X-CUBE-EEPRMA1.5.1.0
2025-06-29 17:14:27,368 [WARN] PackLoader:240 - Cannot read IP mode file for wolfSSL.I-CUBE-wolfSSL.5.7.6
2025-06-29 17:14:27,386 [WARN] PackLoader:240 - Cannot read IP mode file for ITTIA_DB.I-CUBE-ITTIADB.8.9.0
2025-06-29 17:14:27,403 [WARN] PackLoader:240 - Cannot read IP mode file for STMicroelectronics.X-CUBE-ST67W61.1.0.0
2025-06-29 17:14:27,437 [WARN] PackLoader:240 - Cannot read IP mode file for SEGGER.I-CUBE-embOS.1.3.1
2025-06-29 17:14:27,471 [WARN] PackLoader:240 - Cannot read IP mode file for STMicroelectronics.X-CUBE-ALGOBUILD.1.4.0
2025-06-29 17:14:27,531 [WARN] PackLoader:240 - Cannot read IP mode file for STMicroelectronics.X-CUBE-MEMS1.11.3.0
2025-06-29 17:14:27,655 [INFO] WebApp:463 - Apply proxy settings
2025-06-29 17:14:27,655 [INFO] WebApp:548 - Chromium requires no authentication
2025-06-29 17:14:27,662 [WARN] PackLoader:240 - Cannot read IP mode file for STMicroelectronics.X-CUBE-PM33A1.1.0.0
2025-06-29 17:14:27,683 [INFO] WebApp:491 - Direct internet connection detected
2025-06-29 17:14:27,708 [WARN] PackLoader:240 - Cannot read IP mode file for STMicroelectronics.X-CUBE-AZRTOS-F4.1.1.0
2025-06-29 17:14:27,726 [WARN] PackLoader:240 - Cannot read IP mode file for Avnet-IotConnect.X-CUBE-IoTC-DA16k-PMOD.1.0.0
2025-06-29 17:14:27,746 [WARN] PackLoader:240 - Cannot read IP mode file for STMicroelectronics.X-CUBE-ISPU.2.1.0
2025-06-29 17:14:27,748 [INFO] WebApp:894 - Register for checkConnection events
2025-06-29 17:14:27,748 [INFO] WebApp:463 - Apply proxy settings
2025-06-29 17:14:27,748 [INFO] WebApp:548 - Chromium requires no authentication
2025-06-29 17:14:27,748 [INFO] WebApp:491 - Direct internet connection detected
2025-06-29 17:14:27,788 [WARN] PackLoader:240 - Cannot read IP mode file for STMicroelectronics.X-CUBE-AZRTOS-L5.2.0.0
2025-06-29 17:14:27,811 [WARN] PackLoader:240 - Cannot read IP mode file for STMicroelectronics.X-CUBE-NFC6.3.1.0
2025-06-29 17:14:27,827 [WARN] PackLoader:240 - Cannot read IP mode file for STMicroelectronics.X-CUBE-DPower.1.2.0
2025-06-29 17:14:27,848 [WARN] PackLoader:240 - Cannot read IP mode file for STMicroelectronics.X-CUBE-FREERTOS.1.3.1
2025-06-29 17:14:27,867 [WARN] PackLoader:240 - Cannot read IP mode file for STMicroelectronics.X-CUBE-FREERTOS.1.3.0
2025-06-29 17:14:27,891 [WARN] PackLoader:240 - Cannot read IP mode file for STMicroelectronics.X-CUBE-NFC7.1.0.1
2025-06-29 17:14:27,915 [WARN] PackLoader:240 - Cannot read IP mode file for STMicroelectronics.FP-SNS-STAIOTCFT.1.0.0
2025-06-29 17:14:27,933 [WARN] PackLoader:240 - Cannot read IP mode file for STMicroelectronics.X-CUBE-DPower.1.3.0
2025-06-29 17:14:27,977 [WARN] ConditionMgr:438 - getConditionDescription Invalid condition id : LAN8742 Phy interface Condition cause : null
2025-06-29 17:14:27,978 [WARN] PackLoader:240 - Cannot read IP mode file for STMicroelectronics.X-CUBE-AZRTOS-L4.2.0.0
2025-06-29 17:14:27,979 [WARN] ConditionMgr:1044 - genDependencies : Invalid condition id : LAN8742 Phy interface Condition cause : null
2025-06-29 17:14:27,979 [WARN] ConditionMgr:1044 - genDependencies : Invalid condition id : LAN8742 Phy interface Condition cause : null
2025-06-29 17:14:27,980 [WARN] ConditionMgr:1044 - genDependencies : Invalid condition id : LAN8742 Phy interface Condition cause : null
2025-06-29 17:14:28,002 [WARN] PackLoader:240 - Cannot read IP mode file for STMicroelectronics.X-CUBE-SFXS2LP1.4.0.0
2025-06-29 17:14:28,041 [WARN] PackLoader:240 - Cannot read IP mode file for STMicroelectronics.X-CUBE-AZRTOS-H7.3.3.0
2025-06-29 17:14:28,072 [WARN] ConditionMgr:438 - getConditionDescription Invalid condition id : UX DEVICE CLASS RTOS Condition cause : null
2025-06-29 17:14:28,073 [WARN] ConditionMgr:438 - getConditionDescription Invalid condition id : UX DEVICE CLASS RTOS Condition cause : null
2025-06-29 17:14:28,074 [WARN] PackLoader:240 - Cannot read IP mode file for STMicroelectronics.X-CUBE-AZRTOS-WB.2.0.0
2025-06-29 17:14:28,074 [WARN] ConditionMgr:1044 - genDependencies : Invalid condition id : UX DEVICE CLASS RTOS Condition cause : null
2025-06-29 17:14:28,074 [WARN] ConditionMgr:1044 - genDependencies : Invalid condition id : UX DEVICE CLASS RTOS Condition cause : null
2025-06-29 17:14:28,074 [WARN] ConditionMgr:1044 - genDependencies : Invalid condition id : UX DEVICE CLASS RTOS Condition cause : null
2025-06-29 17:14:28,074 [WARN] ConditionMgr:1044 - genDependencies : Invalid condition id : UX DEVICE CLASS RTOS Condition cause : null
2025-06-29 17:14:28,075 [WARN] ConditionMgr:1044 - genDependencies : Invalid condition id : UX DEVICE CLASS RTOS Condition cause : null
2025-06-29 17:14:28,092 [WARN] PackLoader:240 - Cannot read IP mode file for STMicroelectronics.X-CUBE-GNSS1.7.0.1
2025-06-29 17:14:28,094 [INFO] WebApp:225 - Starting web application
2025-06-29 17:14:28,094 [INFO] WebApp:593 - Web application path used C:\ST\STM32CubeIDE_1.18.0\STM32CubeIDE\plugins\com.st.stm32cube.common.mx_6.14.0.202502271554\db\plugins\mcufinder\reactClient1\index.html
2025-06-29 17:14:28,117 [WARN] PackLoader:240 - Cannot read IP mode file for STMicroelectronics.X-CUBE-TOUCHGFX.4.25.0
2025-06-29 17:14:28,138 [WARN] PackLoader:240 - Cannot read IP mode file for STMicroelectronics.FP-SNS-STBOX1.2.0.0
2025-06-29 17:14:28,174 [WARN] PackLoader:240 - Cannot read IP mode file for STMicroelectronics.X-CUBE-SUBG2.5.0.0
2025-06-29 17:14:28,208 [INFO] WebApp:191 - Connection restablished
2025-06-29 17:14:28,220 [WARN] PackLoader:240 - Cannot read IP mode file for STMicroelectronics.X-CUBE-AZRTOS-H7RS.1.1.0
2025-06-29 17:14:28,241 [WARN] PackLoader:240 - Cannot read IP mode file for Cesanta.I-CUBE-Mongoose.7.13.0
2025-06-29 17:14:28,279 [WARN] PackLoader:240 - Cannot read IP mode file for STMicroelectronics.X-CUBE-AZRTOS-G4.2.0.0
2025-06-29 17:14:28,299 [WARN] PackLoader:240 - Cannot read IP mode file for wolfSSL.I-CUBE-wolfSSH.1.4.20
2025-06-29 17:14:28,318 [WARN] PackLoader:240 - Cannot read IP mode file for STMicroelectronics.X-CUBE-NFC7.2.0.0
2025-06-29 17:14:28,354 [INFO] UserAuth:486 - Internet connection configuration mode: 1
2025-06-29 17:14:28,396 [WARN] PackLoader:240 - Cannot read IP mode file for STMicroelectronics.X-CUBE-IPS.3.1.0
2025-06-29 17:14:28,428 [WARN] PackLoader:240 - Cannot read IP mode file for STMicroelectronics.X-CUBE-ALS.1.0.2
2025-06-29 17:14:28,449 [WARN] PackLoader:240 - Cannot read IP mode file for STMicroelectronics.X-CUBE-TOUCHGFX.4.24.2
2025-06-29 17:14:28,472 [WARN] PackLoader:240 - Cannot read IP mode file for portGmbH.I-Cube-SoM-uGOAL.1.1.0
2025-06-29 17:14:28,518 [WARN] PackLoader:240 - Cannot read IP mode file for STMicroelectronics.X-CUBE-AZRTOS-H7RS.1.0.0
2025-06-29 17:14:28,551 [WARN] PackLoader:240 - Cannot read IP mode file for STMicroelectronics.X-CUBE-TOF1.3.4.2
2025-06-29 17:14:28,582 [WARN] PackLoader:240 - Cannot read IP mode file for STMicroelectronics.X-CUBE-TOF1.3.4.3
2025-06-29 17:14:28,592 [INFO] ThirdParty:978 - Integrity check success = true
2025-06-29 17:14:28,593 [INFO] IntegrityCheckThread:100 - exiting critical section [integrity check]
2025-06-29 17:14:28,593 [INFO] IntegrityCheckThread:103 - End integrity checks thread
2025-06-29 17:33:04,750 [INFO] Activator:176 - 


2025-06-29 17:33:04,754 [INFO] Activator:177 - !SESSION log4j initialized
2025-06-29 17:33:11,084 [INFO] LogOutputStream:77 - [STDOUT_REDIRECT] 
2025-06-29 17:33:17,124 [INFO] ApplicationProperties:184 - Using Application install path: C:\ST\STM32CubeIDE_1.18.0\STM32CubeIDE\plugins\com.st.stm32cube.common.mx_6.14.0.202502271554
2025-06-29 17:33:17,142 [INFO] DbMcusXml:78 - Set database path to: C:\ST\STM32CubeIDE_1.18.0\STM32CubeIDE\plugins\com.st.stm32cube.common.mx_6.14.0.202502271554\\db\/mcu/
2025-06-29 17:33:17,142 [INFO] ApiDb:274 - Set plugin database path to: C:\ST\STM32CubeIDE_1.18.0\STM32CubeIDE\plugins\com.st.stm32cube.common.mx_6.14.0.202502271554\\db\/plugins/boardmanager/
2025-06-29 17:33:17,142 [WARN] ApiDb:259 - Overriding images path with different value:  => C:\ST\STM32CubeIDE_1.18.0\STM32CubeIDE\plugins\com.st.stm32cube.common.mx_6.14.0.202502271554\\db\/plugins/mcufinder/images/
2025-06-29 17:33:17,151 [INFO] ApiDb:250 - Set database path to: C:\Users\marcv\.stmcufinder\plugins\mcufinder//mcu/
2025-06-29 17:33:17,152 [INFO] DbMcusAds:125 - Set database path to: C:\Users\marcv\.stmcufinder\plugins\mcufinder//mcu/
2025-06-29 17:33:17,155 [INFO] CrossReferenceDbSqlite:203 - Set database path to: C:\Users\marcv\.stmcufinder\plugins\mcufinder//mcu/cs/
2025-06-29 17:33:17,296 [INFO] RulesReader:64 - Compatibility file has been processed (301 Rules)
2025-06-29 17:33:17,392 [INFO] DbMcusXml:78 - Set database path to: C:\ST\STM32CubeIDE_1.18.0\STM32CubeIDE\plugins\com.st.stm32cube.common.mx_6.14.0.202502271554\\db\/mcu/
2025-06-29 17:33:17,393 [INFO] ApiDb:274 - Set plugin database path to: C:\ST\STM32CubeIDE_1.18.0\STM32CubeIDE\plugins\com.st.stm32cube.common.mx_6.14.0.202502271554\\db\/plugins/boardmanager/
2025-06-29 17:33:17,393 [INFO] ApiDb:261 - Set plugin images path to: C:\ST\STM32CubeIDE_1.18.0\STM32CubeIDE\plugins\com.st.stm32cube.common.mx_6.14.0.202502271554\\db\/plugins/mcufinder/images/
2025-06-29 17:33:17,393 [WARN] DbFile:41 - Overriding database path with different value: C:\Users\marcv\.stmcufinder\plugins\mcufinder/ => C:\Users\marcv\.stmcufinder\plugins\mcufinder
2025-06-29 17:33:17,393 [INFO] ApiDb:250 - Set database path to: C:\Users\marcv\.stmcufinder\plugins\mcufinder//mcu/
2025-06-29 17:33:17,393 [WARN] DbFile:41 - Overriding database path with different value: C:\Users\marcv\.stmcufinder\plugins\mcufinder/ => C:\Users\marcv\.stmcufinder\plugins\mcufinder
2025-06-29 17:33:17,394 [INFO] DbMcusAds:125 - Set database path to: C:\Users\marcv\.stmcufinder\plugins\mcufinder//mcu/
2025-06-29 17:33:17,394 [WARN] DbFile:41 - Overriding database path with different value: C:\Users\marcv\.stmcufinder\plugins\mcufinder/ => C:\Users\marcv\.stmcufinder\plugins\mcufinder
2025-06-29 17:33:17,394 [WARN] DbFile:41 - Overriding database path with different value: C:\Users\marcv\.stmcufinder\plugins\mcufinder/ => C:\Users\marcv\.stmcufinder\plugins\mcufinder
2025-06-29 17:33:17,394 [INFO] CrossReferenceDbSqlite:203 - Set database path to: C:\Users\marcv\.stmcufinder\plugins\mcufinder//mcu/cs/
2025-06-29 17:33:17,483 [INFO] MainPanel:272 - HeapMemory: 268435456
2025-06-29 17:33:17,584 [INFO] DbMcusXml:78 - Set database path to: C:\ST\STM32CubeIDE_1.18.0\STM32CubeIDE\plugins\com.st.stm32cube.common.mx_6.14.0.202502271554\\db\/mcu/
2025-06-29 17:33:17,584 [INFO] ApiDb:274 - Set plugin database path to: C:\ST\STM32CubeIDE_1.18.0\STM32CubeIDE\plugins\com.st.stm32cube.common.mx_6.14.0.202502271554\\db\/plugins/boardmanager/
2025-06-29 17:33:17,584 [INFO] ApiDb:261 - Set plugin images path to: C:\ST\STM32CubeIDE_1.18.0\STM32CubeIDE\plugins\com.st.stm32cube.common.mx_6.14.0.202502271554\\db\/plugins/mcufinder/images/
2025-06-29 17:33:17,585 [WARN] DbFile:41 - Overriding database path with different value: C:\Users\marcv\.stmcufinder\plugins\mcufinder/ => C:\Users\marcv\.stmcufinder\plugins\mcufinder
2025-06-29 17:33:17,585 [INFO] ApiDb:250 - Set database path to: C:\Users\marcv\.stmcufinder\plugins\mcufinder//mcu/
2025-06-29 17:33:17,585 [WARN] DbFile:41 - Overriding database path with different value: C:\Users\marcv\.stmcufinder\plugins\mcufinder/ => C:\Users\marcv\.stmcufinder\plugins\mcufinder
2025-06-29 17:33:17,585 [INFO] DbMcusAds:125 - Set database path to: C:\Users\marcv\.stmcufinder\plugins\mcufinder//mcu/
2025-06-29 17:33:17,585 [WARN] DbFile:41 - Overriding database path with different value: C:\Users\marcv\.stmcufinder\plugins\mcufinder/ => C:\Users\marcv\.stmcufinder\plugins\mcufinder
2025-06-29 17:33:17,585 [WARN] DbFile:41 - Overriding database path with different value: C:\Users\marcv\.stmcufinder\plugins\mcufinder/ => C:\Users\marcv\.stmcufinder\plugins\mcufinder
2025-06-29 17:33:17,585 [INFO] CrossReferenceDbSqlite:203 - Set database path to: C:\Users\marcv\.stmcufinder\plugins\mcufinder//mcu/cs/
2025-06-29 17:33:17,607 [INFO] ApplicationProperties:184 - Using Application install path: C:\ST\STM32CubeIDE_1.18.0\STM32CubeIDE\plugins\com.st.stm32cube.common.mx_6.14.0.202502271554
2025-06-29 17:33:17,609 [INFO] PluginManage:196 - Search for loadable plugins [exclusion list=, ]
2025-06-29 17:33:17,610 [INFO] PluginManage:310 - Check plugin analytics
2025-06-29 17:33:22,342 [INFO] AnalyticsPlugin:253 - Accepted Software Licenses: 
2025-06-29 17:33:22,342 [INFO] AnalyticsPlugin:255 - Accepted CMSIS Pack Licenses: 
2025-06-29 17:33:22,342 [INFO] AnalyticsPlugin:257 - Accepted Firmware Licenses: FW.H7.1.12.0
2025-06-29 17:33:22,345 [INFO] PluginManage:359 - Loaded plugin analytics (category:tool,tabindex:-1)
2025-06-29 17:33:22,346 [INFO] PluginManage:310 - Check plugin cadmodel
2025-06-29 17:33:22,351 [INFO] CADModel:105 - Init CAD model plugin
2025-06-29 17:33:22,351 [INFO] PluginManage:359 - Loaded plugin cadmodel (category:power,tabindex:5)
2025-06-29 17:33:22,351 [INFO] PluginManage:310 - Check plugin clock
2025-06-29 17:33:22,362 [INFO] PluginManage:359 - Loaded plugin clock (category:base,tabindex:2)
2025-06-29 17:33:22,362 [INFO] PluginManage:310 - Check plugin ddr
2025-06-29 17:33:22,365 [INFO] PluginManage:359 - Loaded plugin ddr (category:tool,tabindex:6)
2025-06-29 17:33:22,365 [INFO] PluginManage:310 - Check plugin filemanager
2025-06-29 17:33:22,534 [INFO] PluginManage:359 - Loaded plugin filemanager (category:base,tabindex:10)
2025-06-29 17:33:22,534 [INFO] PluginManage:310 - Check plugin ipmanager
2025-06-29 17:33:22,543 [INFO] PluginManage:359 - Loaded plugin ipmanager (category:base,tabindex:5)
2025-06-29 17:33:22,544 [INFO] PluginManage:310 - Check plugin lpbam
2025-06-29 17:33:22,553 [INFO] PluginManage:359 - Loaded plugin lpbam (category:base,tabindex:0)
2025-06-29 17:33:22,553 [INFO] PluginManage:310 - Check plugin memorymap
2025-06-29 17:33:22,565 [INFO] PluginManage:359 - Loaded plugin memorymap (category:base,tabindex:4)
2025-06-29 17:33:22,565 [INFO] PluginManage:310 - Check plugin pinoutandconfiguration
2025-06-29 17:33:22,574 [INFO] PluginManage:359 - Loaded plugin pinoutandconfiguration (category:base,tabindex:1)
2025-06-29 17:33:22,574 [INFO] PluginManage:310 - Check plugin pinoutconfig
2025-06-29 17:33:22,703 [WARN] SupportedApi:132 - Cannot load RTOS API schema: s4s-elt-must-match.1: The content of 'definitions' must match (annotation?, (simpleType | complexType)?, (unique | key | keyref)*)). A problem was found starting at: attribute.
2025-06-29 17:33:22,877 [INFO] PluginManage:359 - Loaded plugin pinoutconfig (category:base,tabindex:0)
2025-06-29 17:33:22,877 [INFO] PluginManage:310 - Check plugin power
2025-06-29 17:33:22,889 [INFO] PluginManage:359 - Loaded plugin power (category:power,tabindex:4)
2025-06-29 17:33:22,890 [INFO] PluginManage:310 - Check plugin projectmanager
2025-06-29 17:33:22,913 [INFO] PluginManage:359 - Loaded plugin projectmanager (category:projectmanager,tabindex:4)
2025-06-29 17:33:22,913 [INFO] PluginManage:310 - Check plugin rif
2025-06-29 17:33:22,920 [INFO] PluginManage:359 - Loaded plugin rif (category:base,tabindex:3)
2025-06-29 17:33:22,920 [INFO] PluginManage:310 - Check plugin thirdparty
2025-06-29 17:33:23,083 [INFO] PluginManage:359 - Loaded plugin thirdparty (category:base,tabindex:-1)
2025-06-29 17:33:23,084 [INFO] PluginManage:310 - Check plugin tools
2025-06-29 17:33:23,083 [WARN] IntegrityCheckThread:84 - waiting for thirdparty lock release [integrity check]
2025-06-29 17:33:23,084 [INFO] IntegrityCheckThread:86 - entering critical section [integrity check]
2025-06-29 17:33:23,084 [INFO] ThirdPartyUpdaterWithRetryManager:70 - Updater plugin not ready yet. [1/15]
2025-06-29 17:33:23,087 [INFO] PluginManage:359 - Loaded plugin tools (category:base,tabindex:7)
2025-06-29 17:33:23,087 [INFO] PluginManage:310 - Check plugin tutovideos
2025-06-29 17:33:23,274 [INFO] PluginManage:359 - Loaded plugin tutovideos (category:base,tabindex:-1)
2025-06-29 17:33:23,275 [INFO] PluginManage:310 - Check plugin updater
2025-06-29 17:33:23,300 [INFO] PluginManage:359 - Loaded plugin updater (category:base,tabindex:12)
2025-06-29 17:33:23,301 [INFO] PluginManage:310 - Check plugin userauth
2025-06-29 17:33:23,305 [INFO] UserAuth:118 - Init User Auth plugin
2025-06-29 17:33:23,306 [INFO] PluginManage:359 - Loaded plugin userauth (category:base,tabindex:14)
2025-06-29 17:33:23,306 [INFO] PluginManage:283 - PluginManage : Loaded plugins [18]
2025-06-29 17:33:23,548 [INFO] PinOutPanel:1589 - setPackage(No Configuration,No Configuration)
2025-06-29 17:33:23,648 [INFO] CADModel:165 - CPN selected for project level
2025-06-29 17:33:23,648 [INFO] CADModel:114 - Register for checkConnection events
2025-06-29 17:33:23,668 [INFO] IPUIPlugin:80 - create IPUIPlugin
2025-06-29 17:33:23,669 [INFO] PluginManager:220 - loadIPPluginJar : add adc
2025-06-29 17:33:23,672 [INFO] IPUIPlugin:80 - create IPUIPlugin
2025-06-29 17:33:23,672 [INFO] PluginManager:220 - loadIPPluginJar : add aes
2025-06-29 17:33:23,676 [INFO] IPUIPlugin:80 - create IPUIPlugin
2025-06-29 17:33:23,676 [INFO] PluginManager:220 - loadIPPluginJar : add can
2025-06-29 17:33:23,679 [INFO] IPUIPlugin:80 - create IPUIPlugin
2025-06-29 17:33:23,679 [INFO] PluginManager:220 - loadIPPluginJar : add comp
2025-06-29 17:33:23,683 [INFO] IPUIPlugin:80 - create IPUIPlugin
2025-06-29 17:33:23,683 [INFO] PluginManager:220 - loadIPPluginJar : add cryp
2025-06-29 17:33:23,686 [INFO] IPUIPlugin:80 - create IPUIPlugin
2025-06-29 17:33:23,686 [INFO] PluginManager:220 - loadIPPluginJar : add ddr_ctrl_phy
2025-06-29 17:33:23,689 [INFO] IPUIPlugin:80 - create IPUIPlugin
2025-06-29 17:33:23,689 [INFO] PluginManager:220 - loadIPPluginJar : add dfsdm
2025-06-29 17:33:23,695 [INFO] IPUIPlugin:80 - create IPUIPlugin
2025-06-29 17:33:23,695 [INFO] PluginManager:220 - loadIPPluginJar : add dma
2025-06-29 17:33:23,698 [INFO] IPUIPlugin:80 - create IPUIPlugin
2025-06-29 17:33:23,698 [INFO] PluginManager:220 - loadIPPluginJar : add dma3
2025-06-29 17:33:23,702 [INFO] IPUIPlugin:80 - create IPUIPlugin
2025-06-29 17:33:23,702 [INFO] PluginManager:220 - loadIPPluginJar : add extmemmanager
2025-06-29 17:33:23,704 [INFO] IPUIPlugin:80 - create IPUIPlugin
2025-06-29 17:33:23,704 [INFO] PluginManager:220 - loadIPPluginJar : add fatfs
2025-06-29 17:33:23,710 [INFO] IPUIPlugin:80 - create IPUIPlugin
2025-06-29 17:33:23,710 [INFO] PluginManager:220 - loadIPPluginJar : add fmc
2025-06-29 17:33:23,716 [INFO] IPUIPlugin:80 - create IPUIPlugin
2025-06-29 17:33:23,716 [INFO] PluginManager:220 - loadIPPluginJar : add freertos
2025-06-29 17:33:23,718 [INFO] IPUIPlugin:80 - create IPUIPlugin
2025-06-29 17:33:23,718 [INFO] PluginManager:220 - loadIPPluginJar : add genericplugin
2025-06-29 17:33:23,720 [INFO] IPUIPlugin:80 - create IPUIPlugin
2025-06-29 17:33:23,721 [INFO] PluginManager:220 - loadIPPluginJar : add gfxmmu
2025-06-29 17:33:23,726 [INFO] IPUIPlugin:80 - create IPUIPlugin
2025-06-29 17:33:23,726 [INFO] PluginManager:220 - loadIPPluginJar : add gic
2025-06-29 17:33:23,732 [INFO] IPUIPlugin:80 - create IPUIPlugin
2025-06-29 17:33:23,732 [INFO] PluginManager:220 - loadIPPluginJar : add gpio
2025-06-29 17:33:23,736 [INFO] IPUIPlugin:80 - create IPUIPlugin
2025-06-29 17:33:23,736 [INFO] PluginManager:220 - loadIPPluginJar : add gtzc
2025-06-29 17:33:23,738 [INFO] IPUIPlugin:80 - create IPUIPlugin
2025-06-29 17:33:23,739 [INFO] PluginManager:220 - loadIPPluginJar : add hash
2025-06-29 17:33:23,742 [INFO] IPUIPlugin:80 - create IPUIPlugin
2025-06-29 17:33:23,742 [INFO] PluginManager:220 - loadIPPluginJar : add i2c
2025-06-29 17:33:23,745 [INFO] IPUIPlugin:80 - create IPUIPlugin
2025-06-29 17:33:23,745 [INFO] PluginManager:220 - loadIPPluginJar : add i2s
2025-06-29 17:33:23,749 [INFO] IPUIPlugin:80 - create IPUIPlugin
2025-06-29 17:33:23,749 [INFO] PluginManager:220 - loadIPPluginJar : add i3c
2025-06-29 17:33:23,753 [INFO] IPUIPlugin:80 - create IPUIPlugin
2025-06-29 17:33:23,753 [INFO] PluginManager:220 - loadIPPluginJar : add ipddr
2025-06-29 17:33:23,761 [INFO] IPUIPlugin:80 - create IPUIPlugin
2025-06-29 17:33:23,761 [INFO] PluginManager:220 - loadIPPluginJar : add linkedlist
2025-06-29 17:33:23,764 [INFO] IPUIPlugin:80 - create IPUIPlugin
2025-06-29 17:33:23,765 [INFO] PluginManager:220 - loadIPPluginJar : add lorawan
2025-06-29 17:33:23,766 [INFO] IPUIPlugin:80 - create IPUIPlugin
2025-06-29 17:33:23,766 [INFO] PluginManager:220 - loadIPPluginJar : add ltdc
2025-06-29 17:33:23,773 [INFO] IPUIPlugin:80 - create IPUIPlugin
2025-06-29 17:33:23,773 [INFO] PluginManager:220 - loadIPPluginJar : add mdma
2025-06-29 17:33:23,777 [INFO] IPUIPlugin:80 - create IPUIPlugin
2025-06-29 17:33:23,778 [INFO] PluginManager:220 - loadIPPluginJar : add nvic
2025-06-29 17:33:23,782 [INFO] IPUIPlugin:80 - create IPUIPlugin
2025-06-29 17:33:23,782 [INFO] PluginManager:220 - loadIPPluginJar : add opamp
2025-06-29 17:33:23,787 [INFO] IPUIPlugin:80 - create IPUIPlugin
2025-06-29 17:33:23,787 [INFO] PluginManager:220 - loadIPPluginJar : add openamp
2025-06-29 17:33:23,791 [INFO] IPUIPlugin:80 - create IPUIPlugin
2025-06-29 17:33:23,791 [INFO] PluginManager:220 - loadIPPluginJar : add pdm2pcm
2025-06-29 17:33:23,799 [INFO] IPUIPlugin:80 - create IPUIPlugin
2025-06-29 17:33:23,801 [INFO] PluginManager:220 - loadIPPluginJar : add plateformsettings
2025-06-29 17:33:23,804 [INFO] IPUIPlugin:80 - create IPUIPlugin
2025-06-29 17:33:23,804 [INFO] PluginManager:220 - loadIPPluginJar : add quadspi
2025-06-29 17:33:23,806 [INFO] IPUIPlugin:80 - create IPUIPlugin
2025-06-29 17:33:23,807 [INFO] PluginManager:220 - loadIPPluginJar : add radio
2025-06-29 17:33:23,812 [INFO] IPUIPlugin:80 - create IPUIPlugin
2025-06-29 17:33:23,812 [INFO] PluginManager:220 - loadIPPluginJar : add resmgrutility
2025-06-29 17:33:23,816 [INFO] IPUIPlugin:80 - create IPUIPlugin
2025-06-29 17:33:23,816 [INFO] PluginManager:220 - loadIPPluginJar : add sai
2025-06-29 17:33:23,820 [INFO] IPUIPlugin:80 - create IPUIPlugin
2025-06-29 17:33:23,820 [INFO] PluginManager:220 - loadIPPluginJar : add spi
2025-06-29 17:33:23,827 [INFO] IPUIPlugin:80 - create IPUIPlugin
2025-06-29 17:33:23,827 [INFO] PluginManager:220 - loadIPPluginJar : add stm32_wpan
2025-06-29 17:33:23,830 [INFO] IPUIPlugin:80 - create IPUIPlugin
2025-06-29 17:33:23,830 [INFO] PluginManager:220 - loadIPPluginJar : add tim
2025-06-29 17:33:23,834 [INFO] IPUIPlugin:80 - create IPUIPlugin
2025-06-29 17:33:23,835 [INFO] PluginManager:220 - loadIPPluginJar : add touchsensing
2025-06-29 17:33:23,838 [INFO] IPUIPlugin:80 - create IPUIPlugin
2025-06-29 17:33:23,838 [INFO] PluginManager:220 - loadIPPluginJar : add tracer_emb
2025-06-29 17:33:23,840 [INFO] IPUIPlugin:80 - create IPUIPlugin
2025-06-29 17:33:23,841 [INFO] PluginManager:220 - loadIPPluginJar : add ts
2025-06-29 17:33:23,843 [INFO] IPUIPlugin:80 - create IPUIPlugin
2025-06-29 17:33:23,843 [INFO] PluginManager:220 - loadIPPluginJar : add tsc
2025-06-29 17:33:23,846 [INFO] IPUIPlugin:80 - create IPUIPlugin
2025-06-29 17:33:23,846 [INFO] PluginManager:220 - loadIPPluginJar : add ucpd
2025-06-29 17:33:23,850 [INFO] IPUIPlugin:80 - create IPUIPlugin
2025-06-29 17:33:23,850 [INFO] PluginManager:220 - loadIPPluginJar : add usart
2025-06-29 17:33:23,854 [INFO] IPUIPlugin:80 - create IPUIPlugin
2025-06-29 17:33:23,854 [INFO] PluginManager:220 - loadIPPluginJar : add usbx
2025-06-29 17:33:23,998 [FATAL] Updater:351 - Updater called before beeing initialized
2025-06-29 17:33:24,031 [INFO] RulesReader:64 - Compatibility file has been processed (301 Rules)
2025-06-29 17:33:24,044 [INFO] RulesReader:64 - Compatibility file has been processed (301 Rules)
2025-06-29 17:33:24,055 [INFO] CADModel:165 - CPN selected for project level
2025-06-29 17:33:24,055 [INFO] CADModel:114 - Register for checkConnection events
2025-06-29 17:33:24,055 [FATAL] Updater:351 - Updater called before beeing initialized
2025-06-29 17:33:24,055 [ERROR] CADModel:125 - Updater not yet initialized, retry later 
2025-06-29 17:33:24,215 [FATAL] Updater:351 - Updater called before beeing initialized
2025-06-29 17:33:24,217 [INFO] CADModel:165 - CPN selected for project level
2025-06-29 17:33:24,217 [INFO] CADModel:114 - Register for checkConnection events
2025-06-29 17:33:24,217 [FATAL] Updater:351 - Updater called before beeing initialized
2025-06-29 17:33:24,217 [ERROR] CADModel:125 - Updater not yet initialized, retry later 
2025-06-29 17:33:24,221 [FATAL] Updater:351 - Updater called before beeing initialized
2025-06-29 17:33:24,365 [FATAL] Updater:351 - Updater called before beeing initialized
2025-06-29 17:33:24,369 [INFO] DbMcusAds:53 - JSON generation date=Thu Jun 19 10:32:34 CEST 2025 (1750321954415)
2025-06-29 17:33:24,369 [FATAL] Updater:351 - Updater called before beeing initialized
2025-06-29 17:33:24,407 [WARN] DetailPanel:346 - Failed to get advertising image, set to default
2025-06-29 17:33:24,732 [FATAL] Updater:351 - Updater called before beeing initialized
2025-06-29 17:33:24,734 [FATAL] Updater:351 - Updater called before beeing initialized
2025-06-29 17:33:24,734 [FATAL] Updater:351 - Updater called before beeing initialized
2025-06-29 17:33:24,735 [WARN] DetailPanel:346 - Failed to get advertising image, set to default
2025-06-29 17:33:24,735 [FATAL] Updater:351 - Updater called before beeing initialized
2025-06-29 17:33:24,784 [ERROR] Updater:1198 - MainUpdater not yet initialized. External WinMGr cannot be set.
2025-06-29 17:33:24,786 [INFO] Updater:1134 - Updater Version found : 6.14.0
2025-06-29 17:33:24,808 [INFO] ApplicationProperties:184 - Using Application install path: C:\ST\STM32CubeIDE_1.18.0\STM32CubeIDE\plugins\com.st.stm32cube.common.mx_6.14.0.202502271554
2025-06-29 17:33:26,085 [INFO] ThirdPartyUpdaterWithRetryManager:70 - Updater plugin not ready yet. [2/15]
2025-06-29 17:33:26,380 [ERROR] LogOutputStream:75 - [STDERR_REDIRECT] Jun 29, 2025 5:33:26 PM java.util.prefs.WindowsPreferences <init>
2025-06-29 17:33:26,381 [ERROR] LogOutputStream:75 - [STDERR_REDIRECT] WARNING: Could not open/create prefs root node Software\JavaSoft\Prefs at root 0xffffffff80000002. Windows RegCreateKeyEx(...) returned error code 5.
2025-06-29 17:33:26,382 [ERROR] LogOutputStream:75 - [STDERR_REDIRECT] 
2025-06-29 17:33:26,670 [INFO] MainUpdater:2872 - connection check result : 10
2025-06-29 17:33:26,671 [INFO] MainUpdater:289 - Updater Check For Update Now.
2025-06-29 17:33:26,671 [INFO] MicroXplorer:498 - Change Database Version : DB.6.0.140
2025-06-29 17:33:26,678 [INFO] McuFinderGlobals:63 - Set McuFinder mode to 2 (CubeIDE integrated)
2025-06-29 17:33:26,679 [INFO] UserAuth:486 - Internet connection configuration mode: 1
2025-06-29 17:33:26,697 [INFO] JxBrowserEngine:152 - Initiate JxBrowser Engine with user profile folder
2025-06-29 17:33:26,874 [INFO] CheckServerUpdateThread:120 - End of CheckServer Thread
2025-06-29 17:33:27,402 [INFO] WebApp:169 - Instantiating new browser for Auth
2025-06-29 17:33:28,168 [INFO] WebApp:463 - Apply proxy settings
2025-06-29 17:33:28,169 [INFO] WebApp:548 - Chromium requires no authentication
2025-06-29 17:33:28,178 [INFO] WebApp:491 - Direct internet connection detected
2025-06-29 17:33:28,203 [INFO] WebApp:894 - Register for checkConnection events
2025-06-29 17:33:28,203 [INFO] WebApp:463 - Apply proxy settings
2025-06-29 17:33:28,203 [INFO] WebApp:548 - Chromium requires no authentication
2025-06-29 17:33:28,204 [INFO] WebApp:491 - Direct internet connection detected
2025-06-29 17:33:28,374 [INFO] WebApp:225 - Starting web application
2025-06-29 17:33:28,374 [INFO] WebApp:593 - Web application path used C:\ST\STM32CubeIDE_1.18.0\STM32CubeIDE\plugins\com.st.stm32cube.common.mx_6.14.0.202502271554\db\plugins\mcufinder\reactClient1\index.html
2025-06-29 17:33:28,494 [INFO] UserAuth:486 - Internet connection configuration mode: 1
2025-06-29 17:33:28,555 [INFO] WebApp:191 - Connection restablished
2025-06-29 17:33:29,361 [WARN] PackLoader:240 - Cannot read IP mode file for STMicroelectronics.FP-SNS-MOTENVWB1.1.4.0
2025-06-29 17:33:29,372 [WARN] PackLoader:240 - Cannot read IP mode file for STMicroelectronics.FP-ATR-ASTRA1.2.0.2
2025-06-29 17:33:29,399 [WARN] PackLoader:240 - Cannot read IP mode file for STMicroelectronics.X-CUBE-SMBUS.2.1.0
2025-06-29 17:33:29,410 [WARN] PackLoader:240 - Cannot read IP mode file for STMicroelectronics.X-CUBE-WB05N.1.1.0
2025-06-29 17:33:29,421 [WARN] PackLoader:240 - Cannot read IP mode file for STMicroelectronics.X-CUBE-ST60.1.0.0
2025-06-29 17:33:29,465 [WARN] PackLoader:240 - Cannot read IP mode file for STMicroelectronics.X-CUBE-AZRTOS-F7.1.1.0
2025-06-29 17:33:29,478 [WARN] PackLoader:240 - Cannot read IP mode file for STMicroelectronics.FP-SNS-FLIGHT1.5.0.2
2025-06-29 17:33:29,516 [WARN] PackLoader:240 - Cannot read IP mode file for Infineon.AIROC-Wi-Fi-Bluetooth-STM32.1.7.0
2025-06-29 17:33:29,535 [WARN] PackLoader:240 - Cannot read IP mode file for STMicroelectronics.X-CUBE-DISPLAY.3.0.0
2025-06-29 17:33:29,549 [WARN] PackLoader:240 - Cannot read IP mode file for STMicroelectronics.X-CUBE-NFC10.1.0.0
2025-06-29 17:33:29,564 [WARN] PackLoader:240 - Cannot read IP mode file for STMicroelectronics.X-CUBE-BLEMGR.4.0.0
2025-06-29 17:33:29,576 [WARN] PackLoader:240 - Cannot read IP mode file for emotas.I-CUBE-CANOPEN.1.3.0
2025-06-29 17:33:29,582 [WARN] ConditionMgr:438 - getConditionDescription Invalid condition id : Cortex-A Device cause : null
2025-06-29 17:33:29,606 [WARN] ConditionMgr:1044 - genDependencies : Invalid condition id : Cortex-A Device cause : null
2025-06-29 17:33:29,606 [WARN] ConditionMgr:1044 - genDependencies : Invalid condition id : Cortex-A Device cause : null
2025-06-29 17:33:29,607 [WARN] ConditionMgr:1044 - genDependencies : Invalid condition id : Cortex-A Device cause : null
2025-06-29 17:33:29,613 [WARN] PackLoader:240 - Cannot read IP mode file for STMicroelectronics.X-CUBE-AI.10.0.0
2025-06-29 17:33:29,620 [WARN] PackLoader:240 - Cannot read IP mode file for STMicroelectronics.FP-SNS-SMARTAG2.1.2.0
2025-06-29 17:33:29,626 [WARN] PackLoader:240 - Cannot read IP mode file for STMicroelectronics.FP-SNS-FLIGHT1.5.1.0
2025-06-29 17:33:29,694 [WARN] PackLoader:240 - Cannot read IP mode file for STMicroelectronics.X-CUBE-MEMS1.11.1.0
2025-06-29 17:33:29,890 [INFO] LogOutputStream:77 - [STDOUT_REDIRECT] 1 : Invalid condition id : UX_CORESTACK_Condition cause : null
2025-06-29 17:33:29,891 [INFO] LogOutputStream:77 - [STDOUT_REDIRECT] 1 : Invalid condition id : UX_CORESTACK_Condition cause : null
2025-06-29 17:33:29,892 [INFO] LogOutputStream:77 - [STDOUT_REDIRECT] 1 : Invalid condition id : UX_CORESTACK_Condition cause : null
2025-06-29 17:33:29,894 [INFO] LogOutputStream:77 - [STDOUT_REDIRECT] 1 : Invalid condition id : UX_CORESTACK_Condition cause : null
2025-06-29 17:33:29,895 [INFO] LogOutputStream:77 - [STDOUT_REDIRECT] 1 : Invalid condition id : UX_CORESTACK_Condition cause : null
2025-06-29 17:33:29,899 [WARN] PackLoader:240 - Cannot read IP mode file for STMicroelectronics.X-CUBE-AZRTOS-WL.2.0.0
2025-06-29 17:33:29,906 [WARN] PackLoader:240 - Cannot read IP mode file for STMicroelectronics.FP-SNS-MOTENV1.5.0.0
2025-06-29 17:33:29,914 [WARN] PackLoader:240 - Cannot read IP mode file for WES.I-CUBE-Cesium.1.3.0
2025-06-29 17:33:29,920 [WARN] PackLoader:240 - Cannot read IP mode file for STMicroelectronics.X-CUBE-BLE2.3.3.0
2025-06-29 17:33:29,928 [WARN] PackLoader:240 - Cannot read IP mode file for STMicroelectronics.X-CUBE-NFC9.1.0.0
2025-06-29 17:33:29,936 [WARN] PackLoader:240 - Cannot read IP mode file for STMicroelectronics.X-CUBE-BLE1.7.1.0
2025-06-29 17:33:29,941 [WARN] PackLoader:240 - Cannot read IP mode file for wolfSSL.I-CUBE-wolfMQTT.1.19.2
2025-06-29 17:33:29,945 [WARN] PackLoader:240 - Cannot read IP mode file for STMicroelectronics.X-CUBE-AI.10.1.0
2025-06-29 17:33:29,995 [WARN] PackLoader:240 - Cannot read IP mode file for STMicroelectronics.X-CUBE-MEMS1.11.2.0
2025-06-29 17:33:30,205 [WARN] PackLoader:240 - Cannot read IP mode file for STMicroelectronics.X-CUBE-AZRTOS-G0.1.1.0
2025-06-29 17:33:30,216 [WARN] PackLoader:240 - Cannot read IP mode file for STMicroelectronics.X-CUBE-SAFEA1.1.2.2
2025-06-29 17:33:30,228 [WARN] PackLoader:240 - Cannot read IP mode file for STMicroelectronics.X-CUBE-NFC4.3.0.0
2025-06-29 17:33:30,244 [WARN] PackLoader:240 - Cannot read IP mode file for EmbeddedOffice.I-CUBE-FS-RTOS.1.0.1
2025-06-29 17:33:30,250 [WARN] PackLoader:240 - Cannot read IP mode file for STMicroelectronics.X-CUBE-WB05N.2.0.0
2025-06-29 17:33:30,256 [WARN] PackLoader:240 - Cannot read IP mode file for wolfSSL.I-CUBE-wolfTPM.3.8.0
2025-06-29 17:33:30,262 [WARN] PackLoader:240 - Cannot read IP mode file for STMicroelectronics.X-CUBE-TCPP.4.2.0
2025-06-29 17:33:30,269 [WARN] PackLoader:240 - Cannot read IP mode file for RealThread.X-CUBE-RT-Thread_Nano.4.1.1
2025-06-29 17:33:30,275 [WARN] PackLoader:240 - Cannot read IP mode file for STMicroelectronics.FP-ATR-SIGFOX1.3.2.0
2025-06-29 17:33:30,282 [WARN] PackLoader:240 - Cannot read IP mode file for STMicroelectronics.X-CUBE-EEPRMA1.5.1.0
2025-06-29 17:33:30,289 [WARN] PackLoader:240 - Cannot read IP mode file for wolfSSL.I-CUBE-wolfSSL.5.7.6
2025-06-29 17:33:30,297 [WARN] PackLoader:240 - Cannot read IP mode file for ITTIA_DB.I-CUBE-ITTIADB.8.9.0
2025-06-29 17:33:30,304 [WARN] PackLoader:240 - Cannot read IP mode file for STMicroelectronics.X-CUBE-ST67W61.1.0.0
2025-06-29 17:33:30,334 [WARN] PackLoader:240 - Cannot read IP mode file for SEGGER.I-CUBE-embOS.1.3.1
2025-06-29 17:33:30,392 [WARN] PackLoader:240 - Cannot read IP mode file for STMicroelectronics.X-CUBE-ALGOBUILD.1.4.0
2025-06-29 17:33:30,450 [WARN] PackLoader:240 - Cannot read IP mode file for STMicroelectronics.X-CUBE-MEMS1.11.3.0
2025-06-29 17:33:30,591 [WARN] PackLoader:240 - Cannot read IP mode file for STMicroelectronics.X-CUBE-PM33A1.1.0.0
2025-06-29 17:33:30,608 [WARN] PackLoader:240 - Cannot read IP mode file for STMicroelectronics.X-CUBE-AZRTOS-F4.1.1.0
2025-06-29 17:33:30,615 [WARN] PackLoader:240 - Cannot read IP mode file for Avnet-IotConnect.X-CUBE-IoTC-DA16k-PMOD.1.0.0
2025-06-29 17:33:30,620 [WARN] PackLoader:240 - Cannot read IP mode file for STMicroelectronics.X-CUBE-ISPU.2.1.0
2025-06-29 17:33:30,638 [WARN] PackLoader:240 - Cannot read IP mode file for STMicroelectronics.X-CUBE-AZRTOS-L5.2.0.0
2025-06-29 17:33:30,650 [WARN] PackLoader:240 - Cannot read IP mode file for STMicroelectronics.X-CUBE-NFC6.3.1.0
2025-06-29 17:33:30,658 [WARN] PackLoader:240 - Cannot read IP mode file for STMicroelectronics.X-CUBE-DPower.1.2.0
2025-06-29 17:33:30,664 [WARN] PackLoader:240 - Cannot read IP mode file for STMicroelectronics.X-CUBE-FREERTOS.1.3.1
2025-06-29 17:33:30,668 [WARN] PackLoader:240 - Cannot read IP mode file for STMicroelectronics.X-CUBE-FREERTOS.1.3.0
2025-06-29 17:33:30,673 [WARN] PackLoader:240 - Cannot read IP mode file for STMicroelectronics.X-CUBE-NFC7.1.0.1
2025-06-29 17:33:30,680 [WARN] PackLoader:240 - Cannot read IP mode file for STMicroelectronics.FP-SNS-STAIOTCFT.1.0.0
2025-06-29 17:33:30,686 [WARN] PackLoader:240 - Cannot read IP mode file for STMicroelectronics.X-CUBE-DPower.1.3.0
2025-06-29 17:33:30,701 [WARN] ConditionMgr:438 - getConditionDescription Invalid condition id : LAN8742 Phy interface Condition cause : null
2025-06-29 17:33:30,702 [WARN] PackLoader:240 - Cannot read IP mode file for STMicroelectronics.X-CUBE-AZRTOS-L4.2.0.0
2025-06-29 17:33:30,703 [WARN] ConditionMgr:1044 - genDependencies : Invalid condition id : LAN8742 Phy interface Condition cause : null
2025-06-29 17:33:30,703 [WARN] ConditionMgr:1044 - genDependencies : Invalid condition id : LAN8742 Phy interface Condition cause : null
2025-06-29 17:33:30,704 [WARN] ConditionMgr:1044 - genDependencies : Invalid condition id : LAN8742 Phy interface Condition cause : null
2025-06-29 17:33:30,710 [WARN] PackLoader:240 - Cannot read IP mode file for STMicroelectronics.X-CUBE-SFXS2LP1.4.0.0
2025-06-29 17:33:30,730 [WARN] PackLoader:240 - Cannot read IP mode file for STMicroelectronics.X-CUBE-AZRTOS-H7.3.3.0
2025-06-29 17:33:30,746 [WARN] ConditionMgr:438 - getConditionDescription Invalid condition id : UX DEVICE CLASS RTOS Condition cause : null
2025-06-29 17:33:30,746 [WARN] ConditionMgr:438 - getConditionDescription Invalid condition id : UX DEVICE CLASS RTOS Condition cause : null
2025-06-29 17:33:30,750 [WARN] PackLoader:240 - Cannot read IP mode file for STMicroelectronics.X-CUBE-AZRTOS-WB.2.0.0
2025-06-29 17:33:30,751 [WARN] ConditionMgr:1044 - genDependencies : Invalid condition id : UX DEVICE CLASS RTOS Condition cause : null
2025-06-29 17:33:30,751 [WARN] ConditionMgr:1044 - genDependencies : Invalid condition id : UX DEVICE CLASS RTOS Condition cause : null
2025-06-29 17:33:30,751 [WARN] ConditionMgr:1044 - genDependencies : Invalid condition id : UX DEVICE CLASS RTOS Condition cause : null
2025-06-29 17:33:30,751 [WARN] ConditionMgr:1044 - genDependencies : Invalid condition id : UX DEVICE CLASS RTOS Condition cause : null
2025-06-29 17:33:30,751 [WARN] ConditionMgr:1044 - genDependencies : Invalid condition id : UX DEVICE CLASS RTOS Condition cause : null
2025-06-29 17:33:30,757 [WARN] PackLoader:240 - Cannot read IP mode file for STMicroelectronics.X-CUBE-GNSS1.7.0.1
2025-06-29 17:33:30,763 [WARN] PackLoader:240 - Cannot read IP mode file for STMicroelectronics.X-CUBE-TOUCHGFX.4.25.0
2025-06-29 17:33:30,769 [WARN] PackLoader:240 - Cannot read IP mode file for STMicroelectronics.FP-SNS-STBOX1.2.0.0
2025-06-29 17:33:30,780 [WARN] PackLoader:240 - Cannot read IP mode file for STMicroelectronics.X-CUBE-SUBG2.5.0.0
2025-06-29 17:33:30,802 [WARN] PackLoader:240 - Cannot read IP mode file for STMicroelectronics.X-CUBE-AZRTOS-H7RS.1.1.0
2025-06-29 17:33:30,810 [WARN] PackLoader:240 - Cannot read IP mode file for Cesanta.I-CUBE-Mongoose.7.13.0
2025-06-29 17:33:30,825 [WARN] PackLoader:240 - Cannot read IP mode file for STMicroelectronics.X-CUBE-AZRTOS-G4.2.0.0
2025-06-29 17:33:30,838 [WARN] PackLoader:240 - Cannot read IP mode file for wolfSSL.I-CUBE-wolfSSH.1.4.20
2025-06-29 17:33:30,843 [WARN] PackLoader:240 - Cannot read IP mode file for STMicroelectronics.X-CUBE-NFC7.2.0.0
2025-06-29 17:33:30,860 [WARN] PackLoader:240 - Cannot read IP mode file for STMicroelectronics.X-CUBE-IPS.3.1.0
2025-06-29 17:33:30,870 [WARN] PackLoader:240 - Cannot read IP mode file for STMicroelectronics.X-CUBE-ALS.1.0.2
2025-06-29 17:33:30,876 [WARN] PackLoader:240 - Cannot read IP mode file for STMicroelectronics.X-CUBE-TOUCHGFX.4.24.2
2025-06-29 17:33:30,884 [WARN] PackLoader:240 - Cannot read IP mode file for portGmbH.I-Cube-SoM-uGOAL.1.1.0
2025-06-29 17:33:30,905 [WARN] PackLoader:240 - Cannot read IP mode file for STMicroelectronics.X-CUBE-AZRTOS-H7RS.1.0.0
2025-06-29 17:33:30,918 [WARN] PackLoader:240 - Cannot read IP mode file for STMicroelectronics.X-CUBE-TOF1.3.4.2
2025-06-29 17:33:30,951 [WARN] PackLoader:240 - Cannot read IP mode file for STMicroelectronics.X-CUBE-TOF1.3.4.3
2025-06-29 17:33:30,963 [INFO] ThirdParty:978 - Integrity check success = true
2025-06-29 17:33:30,963 [INFO] IntegrityCheckThread:100 - exiting critical section [integrity check]
2025-06-29 17:33:30,963 [INFO] IntegrityCheckThread:103 - End integrity checks thread
2025-06-29 20:46:40,646 [INFO] WebApp:194 - Connection lost
2025-06-29 20:46:42,338 [INFO] WebApp:191 - Connection restablished
2025-06-29 20:46:42,605 [INFO] WebApp:194 - Connection lost
2025-06-29 20:46:42,735 [INFO] WebApp:191 - Connection restablished
2025-06-29 20:46:45,732 [INFO] WebApp:194 - Connection lost
2025-06-29 20:46:45,873 [INFO] WebApp:191 - Connection restablished
2025-06-29 23:18:48,620 [INFO] WebApp:194 - Connection lost
2025-06-29 23:18:52,292 [INFO] WebApp:191 - Connection restablished
2025-06-29 23:18:52,605 [INFO] WebApp:194 - Connection lost
2025-06-29 23:18:52,810 [INFO] WebApp:191 - Connection restablished
2025-06-29 23:18:55,756 [INFO] WebApp:194 - Connection lost
2025-06-29 23:18:55,855 [INFO] WebApp:191 - Connection restablished
