2025-07-24 23:29:23,797 [INFO] Activator:176 - 


2025-07-24 23:29:23,802 [INFO] Activator:177 - !SESSION log4j initialized
2025-07-24 23:29:30,213 [INFO] LogOutputStream:77 - [STDOUT_REDIRECT] 
2025-07-24 23:29:40,112 [INFO] ApplicationProperties:184 - Using Application install path: C:\ST\STM32CubeIDE_1.18.0\STM32CubeIDE\plugins\com.st.stm32cube.common.mx_6.14.0.202502271554
2025-07-24 23:29:40,132 [INFO] DbMcusXml:78 - Set database path to: C:\ST\STM32CubeIDE_1.18.0\STM32CubeIDE\plugins\com.st.stm32cube.common.mx_6.14.0.202502271554\\db\/mcu/
2025-07-24 23:29:40,133 [INFO] ApiDb:274 - Set plugin database path to: C:\ST\STM32CubeIDE_1.18.0\STM32CubeIDE\plugins\com.st.stm32cube.common.mx_6.14.0.202502271554\\db\/plugins/boardmanager/
2025-07-24 23:29:40,133 [WARN] ApiDb:259 - Overriding images path with different value:  => C:\ST\STM32CubeIDE_1.18.0\STM32CubeIDE\plugins\com.st.stm32cube.common.mx_6.14.0.202502271554\\db\/plugins/mcufinder/images/
2025-07-24 23:29:40,142 [INFO] ApiDb:250 - Set database path to: C:\Users\marcv\.stmcufinder\plugins\mcufinder//mcu/
2025-07-24 23:29:40,143 [INFO] DbMcusAds:125 - Set database path to: C:\Users\marcv\.stmcufinder\plugins\mcufinder//mcu/
2025-07-24 23:29:40,146 [INFO] CrossReferenceDbSqlite:203 - Set database path to: C:\Users\marcv\.stmcufinder\plugins\mcufinder//mcu/cs/
2025-07-24 23:29:40,262 [INFO] RulesReader:64 - Compatibility file has been processed (301 Rules)
2025-07-24 23:29:40,344 [INFO] DbMcusXml:78 - Set database path to: C:\ST\STM32CubeIDE_1.18.0\STM32CubeIDE\plugins\com.st.stm32cube.common.mx_6.14.0.202502271554\\db\/mcu/
2025-07-24 23:29:40,344 [INFO] ApiDb:274 - Set plugin database path to: C:\ST\STM32CubeIDE_1.18.0\STM32CubeIDE\plugins\com.st.stm32cube.common.mx_6.14.0.202502271554\\db\/plugins/boardmanager/
2025-07-24 23:29:40,344 [INFO] ApiDb:261 - Set plugin images path to: C:\ST\STM32CubeIDE_1.18.0\STM32CubeIDE\plugins\com.st.stm32cube.common.mx_6.14.0.202502271554\\db\/plugins/mcufinder/images/
2025-07-24 23:29:40,344 [WARN] DbFile:41 - Overriding database path with different value: C:\Users\marcv\.stmcufinder\plugins\mcufinder/ => C:\Users\marcv\.stmcufinder\plugins\mcufinder
2025-07-24 23:29:40,344 [INFO] ApiDb:250 - Set database path to: C:\Users\marcv\.stmcufinder\plugins\mcufinder//mcu/
2025-07-24 23:29:40,344 [WARN] DbFile:41 - Overriding database path with different value: C:\Users\marcv\.stmcufinder\plugins\mcufinder/ => C:\Users\marcv\.stmcufinder\plugins\mcufinder
2025-07-24 23:29:40,344 [INFO] DbMcusAds:125 - Set database path to: C:\Users\marcv\.stmcufinder\plugins\mcufinder//mcu/
2025-07-24 23:29:40,344 [WARN] DbFile:41 - Overriding database path with different value: C:\Users\marcv\.stmcufinder\plugins\mcufinder/ => C:\Users\marcv\.stmcufinder\plugins\mcufinder
2025-07-24 23:29:40,345 [WARN] DbFile:41 - Overriding database path with different value: C:\Users\marcv\.stmcufinder\plugins\mcufinder/ => C:\Users\marcv\.stmcufinder\plugins\mcufinder
2025-07-24 23:29:40,345 [INFO] CrossReferenceDbSqlite:203 - Set database path to: C:\Users\marcv\.stmcufinder\plugins\mcufinder//mcu/cs/
2025-07-24 23:29:40,423 [INFO] MainPanel:272 - HeapMemory: 268435456
2025-07-24 23:29:40,546 [INFO] DbMcusXml:78 - Set database path to: C:\ST\STM32CubeIDE_1.18.0\STM32CubeIDE\plugins\com.st.stm32cube.common.mx_6.14.0.202502271554\\db\/mcu/
2025-07-24 23:29:40,547 [INFO] ApiDb:274 - Set plugin database path to: C:\ST\STM32CubeIDE_1.18.0\STM32CubeIDE\plugins\com.st.stm32cube.common.mx_6.14.0.202502271554\\db\/plugins/boardmanager/
2025-07-24 23:29:40,547 [INFO] ApiDb:261 - Set plugin images path to: C:\ST\STM32CubeIDE_1.18.0\STM32CubeIDE\plugins\com.st.stm32cube.common.mx_6.14.0.202502271554\\db\/plugins/mcufinder/images/
2025-07-24 23:29:40,547 [WARN] DbFile:41 - Overriding database path with different value: C:\Users\marcv\.stmcufinder\plugins\mcufinder/ => C:\Users\marcv\.stmcufinder\plugins\mcufinder
2025-07-24 23:29:40,547 [INFO] ApiDb:250 - Set database path to: C:\Users\marcv\.stmcufinder\plugins\mcufinder//mcu/
2025-07-24 23:29:40,547 [WARN] DbFile:41 - Overriding database path with different value: C:\Users\marcv\.stmcufinder\plugins\mcufinder/ => C:\Users\marcv\.stmcufinder\plugins\mcufinder
2025-07-24 23:29:40,547 [INFO] DbMcusAds:125 - Set database path to: C:\Users\marcv\.stmcufinder\plugins\mcufinder//mcu/
2025-07-24 23:29:40,547 [WARN] DbFile:41 - Overriding database path with different value: C:\Users\marcv\.stmcufinder\plugins\mcufinder/ => C:\Users\marcv\.stmcufinder\plugins\mcufinder
2025-07-24 23:29:40,547 [WARN] DbFile:41 - Overriding database path with different value: C:\Users\marcv\.stmcufinder\plugins\mcufinder/ => C:\Users\marcv\.stmcufinder\plugins\mcufinder
2025-07-24 23:29:40,552 [INFO] CrossReferenceDbSqlite:203 - Set database path to: C:\Users\marcv\.stmcufinder\plugins\mcufinder//mcu/cs/
2025-07-24 23:29:40,569 [INFO] ApplicationProperties:184 - Using Application install path: C:\ST\STM32CubeIDE_1.18.0\STM32CubeIDE\plugins\com.st.stm32cube.common.mx_6.14.0.202502271554
2025-07-24 23:29:40,570 [INFO] PluginManage:196 - Search for loadable plugins [exclusion list=, ]
2025-07-24 23:29:40,571 [INFO] PluginManage:310 - Check plugin analytics
2025-07-24 23:29:45,260 [INFO] AnalyticsPlugin:253 - Accepted Software Licenses: 
2025-07-24 23:29:45,260 [INFO] AnalyticsPlugin:255 - Accepted CMSIS Pack Licenses: 
2025-07-24 23:29:45,260 [INFO] AnalyticsPlugin:257 - Accepted Firmware Licenses: FW.H7.1.12.0
2025-07-24 23:29:45,262 [INFO] PluginManage:359 - Loaded plugin analytics (category:tool,tabindex:-1)
2025-07-24 23:29:45,262 [INFO] PluginManage:310 - Check plugin cadmodel
2025-07-24 23:29:45,282 [INFO] CADModel:105 - Init CAD model plugin
2025-07-24 23:29:45,282 [INFO] PluginManage:359 - Loaded plugin cadmodel (category:power,tabindex:5)
2025-07-24 23:29:45,282 [INFO] PluginManage:310 - Check plugin clock
2025-07-24 23:29:45,305 [INFO] PluginManage:359 - Loaded plugin clock (category:base,tabindex:2)
2025-07-24 23:29:45,305 [INFO] PluginManage:310 - Check plugin ddr
2025-07-24 23:29:45,307 [INFO] PluginManage:359 - Loaded plugin ddr (category:tool,tabindex:6)
2025-07-24 23:29:45,307 [INFO] PluginManage:310 - Check plugin filemanager
2025-07-24 23:29:45,443 [INFO] PluginManage:359 - Loaded plugin filemanager (category:base,tabindex:10)
2025-07-24 23:29:45,443 [INFO] PluginManage:310 - Check plugin ipmanager
2025-07-24 23:29:45,450 [INFO] PluginManage:359 - Loaded plugin ipmanager (category:base,tabindex:5)
2025-07-24 23:29:45,450 [INFO] PluginManage:310 - Check plugin lpbam
2025-07-24 23:29:45,470 [INFO] PluginManage:359 - Loaded plugin lpbam (category:base,tabindex:0)
2025-07-24 23:29:45,471 [INFO] PluginManage:310 - Check plugin memorymap
2025-07-24 23:29:45,497 [INFO] PluginManage:359 - Loaded plugin memorymap (category:base,tabindex:4)
2025-07-24 23:29:45,497 [INFO] PluginManage:310 - Check plugin pinoutandconfiguration
2025-07-24 23:29:45,516 [INFO] PluginManage:359 - Loaded plugin pinoutandconfiguration (category:base,tabindex:1)
2025-07-24 23:29:45,516 [INFO] PluginManage:310 - Check plugin pinoutconfig
2025-07-24 23:29:45,616 [WARN] SupportedApi:132 - Cannot load RTOS API schema: s4s-elt-must-match.1: The content of 'definitions' must match (annotation?, (simpleType | complexType)?, (unique | key | keyref)*)). A problem was found starting at: attribute.
2025-07-24 23:29:45,737 [INFO] PluginManage:359 - Loaded plugin pinoutconfig (category:base,tabindex:0)
2025-07-24 23:29:45,737 [INFO] PluginManage:310 - Check plugin power
2025-07-24 23:29:45,760 [INFO] PluginManage:359 - Loaded plugin power (category:power,tabindex:4)
2025-07-24 23:29:45,760 [INFO] PluginManage:310 - Check plugin projectmanager
2025-07-24 23:29:45,773 [INFO] PluginManage:359 - Loaded plugin projectmanager (category:projectmanager,tabindex:4)
2025-07-24 23:29:45,774 [INFO] PluginManage:310 - Check plugin rif
2025-07-24 23:29:45,793 [INFO] PluginManage:359 - Loaded plugin rif (category:base,tabindex:3)
2025-07-24 23:29:45,794 [INFO] PluginManage:310 - Check plugin thirdparty
2025-07-24 23:29:46,090 [INFO] PluginManage:359 - Loaded plugin thirdparty (category:base,tabindex:-1)
2025-07-24 23:29:46,090 [WARN] IntegrityCheckThread:84 - waiting for thirdparty lock release [integrity check]
2025-07-24 23:29:46,090 [INFO] PluginManage:310 - Check plugin tools
2025-07-24 23:29:46,090 [INFO] IntegrityCheckThread:86 - entering critical section [integrity check]
2025-07-24 23:29:46,090 [INFO] ThirdPartyUpdaterWithRetryManager:70 - Updater plugin not ready yet. [1/15]
2025-07-24 23:29:46,133 [INFO] PluginManage:359 - Loaded plugin tools (category:base,tabindex:7)
2025-07-24 23:29:46,133 [INFO] PluginManage:310 - Check plugin tutovideos
2025-07-24 23:29:46,313 [INFO] PluginManage:359 - Loaded plugin tutovideos (category:base,tabindex:-1)
2025-07-24 23:29:46,313 [INFO] PluginManage:310 - Check plugin updater
2025-07-24 23:29:46,331 [INFO] PluginManage:359 - Loaded plugin updater (category:base,tabindex:12)
2025-07-24 23:29:46,331 [INFO] PluginManage:310 - Check plugin userauth
2025-07-24 23:29:46,336 [INFO] UserAuth:118 - Init User Auth plugin
2025-07-24 23:29:46,336 [INFO] PluginManage:359 - Loaded plugin userauth (category:base,tabindex:14)
2025-07-24 23:29:46,337 [INFO] PluginManage:283 - PluginManage : Loaded plugins [18]
2025-07-24 23:29:46,526 [INFO] PinOutPanel:1589 - setPackage(No Configuration,No Configuration)
2025-07-24 23:29:46,604 [INFO] CADModel:165 - CPN selected for project level
2025-07-24 23:29:46,604 [INFO] CADModel:114 - Register for checkConnection events
2025-07-24 23:29:46,633 [INFO] IPUIPlugin:80 - create IPUIPlugin
2025-07-24 23:29:46,633 [INFO] PluginManager:220 - loadIPPluginJar : add adc
2025-07-24 23:29:46,685 [INFO] IPUIPlugin:80 - create IPUIPlugin
2025-07-24 23:29:46,685 [INFO] PluginManager:220 - loadIPPluginJar : add aes
2025-07-24 23:29:46,744 [INFO] IPUIPlugin:80 - create IPUIPlugin
2025-07-24 23:29:46,745 [INFO] PluginManager:220 - loadIPPluginJar : add can
2025-07-24 23:29:46,778 [INFO] IPUIPlugin:80 - create IPUIPlugin
2025-07-24 23:29:46,778 [INFO] PluginManager:220 - loadIPPluginJar : add comp
2025-07-24 23:29:46,821 [INFO] IPUIPlugin:80 - create IPUIPlugin
2025-07-24 23:29:46,821 [INFO] PluginManager:220 - loadIPPluginJar : add cryp
2025-07-24 23:29:46,836 [INFO] IPUIPlugin:80 - create IPUIPlugin
2025-07-24 23:29:46,836 [INFO] PluginManager:220 - loadIPPluginJar : add ddr_ctrl_phy
2025-07-24 23:29:46,871 [INFO] IPUIPlugin:80 - create IPUIPlugin
2025-07-24 23:29:46,871 [INFO] PluginManager:220 - loadIPPluginJar : add dfsdm
2025-07-24 23:29:46,888 [INFO] IPUIPlugin:80 - create IPUIPlugin
2025-07-24 23:29:46,888 [INFO] PluginManager:220 - loadIPPluginJar : add dma
2025-07-24 23:29:46,936 [INFO] IPUIPlugin:80 - create IPUIPlugin
2025-07-24 23:29:46,936 [INFO] PluginManager:220 - loadIPPluginJar : add dma3
2025-07-24 23:29:46,988 [INFO] IPUIPlugin:80 - create IPUIPlugin
2025-07-24 23:29:46,988 [INFO] PluginManager:220 - loadIPPluginJar : add extmemmanager
2025-07-24 23:29:47,013 [INFO] IPUIPlugin:80 - create IPUIPlugin
2025-07-24 23:29:47,013 [INFO] PluginManager:220 - loadIPPluginJar : add fatfs
2025-07-24 23:29:47,069 [INFO] IPUIPlugin:80 - create IPUIPlugin
2025-07-24 23:29:47,069 [INFO] PluginManager:220 - loadIPPluginJar : add fmc
2025-07-24 23:29:47,088 [INFO] IPUIPlugin:80 - create IPUIPlugin
2025-07-24 23:29:47,088 [INFO] PluginManager:220 - loadIPPluginJar : add freertos
2025-07-24 23:29:47,114 [INFO] IPUIPlugin:80 - create IPUIPlugin
2025-07-24 23:29:47,114 [INFO] PluginManager:220 - loadIPPluginJar : add genericplugin
2025-07-24 23:29:47,230 [INFO] IPUIPlugin:80 - create IPUIPlugin
2025-07-24 23:29:47,230 [INFO] PluginManager:220 - loadIPPluginJar : add gfxmmu
2025-07-24 23:29:47,392 [INFO] IPUIPlugin:80 - create IPUIPlugin
2025-07-24 23:29:47,392 [INFO] PluginManager:220 - loadIPPluginJar : add gic
2025-07-24 23:29:47,408 [INFO] IPUIPlugin:80 - create IPUIPlugin
2025-07-24 23:29:47,408 [INFO] PluginManager:220 - loadIPPluginJar : add gpio
2025-07-24 23:29:47,563 [INFO] IPUIPlugin:80 - create IPUIPlugin
2025-07-24 23:29:47,564 [INFO] PluginManager:220 - loadIPPluginJar : add gtzc
2025-07-24 23:29:47,607 [INFO] IPUIPlugin:80 - create IPUIPlugin
2025-07-24 23:29:47,607 [INFO] PluginManager:220 - loadIPPluginJar : add hash
2025-07-24 23:29:47,672 [INFO] IPUIPlugin:80 - create IPUIPlugin
2025-07-24 23:29:47,672 [INFO] PluginManager:220 - loadIPPluginJar : add i2c
2025-07-24 23:29:47,720 [INFO] IPUIPlugin:80 - create IPUIPlugin
2025-07-24 23:29:47,720 [INFO] PluginManager:220 - loadIPPluginJar : add i2s
2025-07-24 23:29:47,768 [INFO] IPUIPlugin:80 - create IPUIPlugin
2025-07-24 23:29:47,769 [INFO] PluginManager:220 - loadIPPluginJar : add i3c
2025-07-24 23:29:47,882 [INFO] IPUIPlugin:80 - create IPUIPlugin
2025-07-24 23:29:47,883 [INFO] PluginManager:220 - loadIPPluginJar : add ipddr
2025-07-24 23:29:48,031 [INFO] IPUIPlugin:80 - create IPUIPlugin
2025-07-24 23:29:48,031 [INFO] PluginManager:220 - loadIPPluginJar : add linkedlist
2025-07-24 23:29:48,089 [INFO] IPUIPlugin:80 - create IPUIPlugin
2025-07-24 23:29:48,089 [INFO] PluginManager:220 - loadIPPluginJar : add lorawan
2025-07-24 23:29:48,150 [INFO] IPUIPlugin:80 - create IPUIPlugin
2025-07-24 23:29:48,150 [INFO] PluginManager:220 - loadIPPluginJar : add ltdc
2025-07-24 23:29:48,173 [INFO] IPUIPlugin:80 - create IPUIPlugin
2025-07-24 23:29:48,173 [INFO] PluginManager:220 - loadIPPluginJar : add mdma
2025-07-24 23:29:48,188 [INFO] IPUIPlugin:80 - create IPUIPlugin
2025-07-24 23:29:48,188 [INFO] PluginManager:220 - loadIPPluginJar : add nvic
2025-07-24 23:29:48,236 [INFO] IPUIPlugin:80 - create IPUIPlugin
2025-07-24 23:29:48,236 [INFO] PluginManager:220 - loadIPPluginJar : add opamp
2025-07-24 23:29:48,315 [INFO] IPUIPlugin:80 - create IPUIPlugin
2025-07-24 23:29:48,316 [INFO] PluginManager:220 - loadIPPluginJar : add openamp
2025-07-24 23:29:48,370 [INFO] IPUIPlugin:80 - create IPUIPlugin
2025-07-24 23:29:48,370 [INFO] PluginManager:220 - loadIPPluginJar : add pdm2pcm
2025-07-24 23:29:48,387 [INFO] IPUIPlugin:80 - create IPUIPlugin
2025-07-24 23:29:48,389 [INFO] PluginManager:220 - loadIPPluginJar : add plateformsettings
2025-07-24 23:29:48,419 [INFO] IPUIPlugin:80 - create IPUIPlugin
2025-07-24 23:29:48,419 [INFO] PluginManager:220 - loadIPPluginJar : add quadspi
2025-07-24 23:29:48,453 [INFO] IPUIPlugin:80 - create IPUIPlugin
2025-07-24 23:29:48,454 [INFO] PluginManager:220 - loadIPPluginJar : add radio
2025-07-24 23:29:48,469 [INFO] IPUIPlugin:80 - create IPUIPlugin
2025-07-24 23:29:48,469 [INFO] PluginManager:220 - loadIPPluginJar : add resmgrutility
2025-07-24 23:29:48,525 [INFO] IPUIPlugin:80 - create IPUIPlugin
2025-07-24 23:29:48,525 [INFO] PluginManager:220 - loadIPPluginJar : add sai
2025-07-24 23:29:48,571 [INFO] IPUIPlugin:80 - create IPUIPlugin
2025-07-24 23:29:48,571 [INFO] PluginManager:220 - loadIPPluginJar : add spi
2025-07-24 23:29:48,664 [INFO] IPUIPlugin:80 - create IPUIPlugin
2025-07-24 23:29:48,664 [INFO] PluginManager:220 - loadIPPluginJar : add stm32_wpan
2025-07-24 23:29:48,707 [INFO] IPUIPlugin:80 - create IPUIPlugin
2025-07-24 23:29:48,708 [INFO] PluginManager:220 - loadIPPluginJar : add tim
2025-07-24 23:29:48,795 [INFO] IPUIPlugin:80 - create IPUIPlugin
2025-07-24 23:29:48,795 [INFO] PluginManager:220 - loadIPPluginJar : add touchsensing
2025-07-24 23:29:48,824 [INFO] IPUIPlugin:80 - create IPUIPlugin
2025-07-24 23:29:48,824 [INFO] PluginManager:220 - loadIPPluginJar : add tracer_emb
2025-07-24 23:29:48,854 [INFO] IPUIPlugin:80 - create IPUIPlugin
2025-07-24 23:29:48,854 [INFO] PluginManager:220 - loadIPPluginJar : add ts
2025-07-24 23:29:48,883 [INFO] IPUIPlugin:80 - create IPUIPlugin
2025-07-24 23:29:48,884 [INFO] PluginManager:220 - loadIPPluginJar : add tsc
2025-07-24 23:29:48,911 [INFO] IPUIPlugin:80 - create IPUIPlugin
2025-07-24 23:29:48,911 [INFO] PluginManager:220 - loadIPPluginJar : add ucpd
2025-07-24 23:29:48,963 [INFO] IPUIPlugin:80 - create IPUIPlugin
2025-07-24 23:29:48,963 [INFO] PluginManager:220 - loadIPPluginJar : add usart
2025-07-24 23:29:49,015 [INFO] IPUIPlugin:80 - create IPUIPlugin
2025-07-24 23:29:49,015 [INFO] PluginManager:220 - loadIPPluginJar : add usbx
2025-07-24 23:29:49,092 [INFO] ThirdPartyUpdaterWithRetryManager:70 - Updater plugin not ready yet. [2/15]
2025-07-24 23:29:49,144 [FATAL] Updater:351 - Updater called before beeing initialized
2025-07-24 23:29:49,173 [INFO] RulesReader:64 - Compatibility file has been processed (301 Rules)
2025-07-24 23:29:49,182 [INFO] RulesReader:64 - Compatibility file has been processed (301 Rules)
2025-07-24 23:29:49,188 [INFO] CADModel:165 - CPN selected for project level
2025-07-24 23:29:49,188 [INFO] CADModel:114 - Register for checkConnection events
2025-07-24 23:29:49,188 [FATAL] Updater:351 - Updater called before beeing initialized
2025-07-24 23:29:49,188 [ERROR] CADModel:125 - Updater not yet initialized, retry later 
2025-07-24 23:29:49,318 [FATAL] Updater:351 - Updater called before beeing initialized
2025-07-24 23:29:49,320 [INFO] CADModel:165 - CPN selected for project level
2025-07-24 23:29:49,320 [INFO] CADModel:114 - Register for checkConnection events
2025-07-24 23:29:49,321 [FATAL] Updater:351 - Updater called before beeing initialized
2025-07-24 23:29:49,321 [ERROR] CADModel:125 - Updater not yet initialized, retry later 
2025-07-24 23:29:49,323 [FATAL] Updater:351 - Updater called before beeing initialized
2025-07-24 23:29:49,417 [FATAL] Updater:351 - Updater called before beeing initialized
2025-07-24 23:29:49,430 [INFO] DbMcusAds:53 - JSON generation date=Thu Jun 19 10:32:37 CEST 2025 (1750321957418)
2025-07-24 23:29:49,430 [FATAL] Updater:351 - Updater called before beeing initialized
2025-07-24 23:29:49,473 [WARN] DetailPanel:346 - Failed to get advertising image, set to default
2025-07-24 23:29:49,699 [FATAL] Updater:351 - Updater called before beeing initialized
2025-07-24 23:29:49,700 [FATAL] Updater:351 - Updater called before beeing initialized
2025-07-24 23:29:49,701 [FATAL] Updater:351 - Updater called before beeing initialized
2025-07-24 23:29:49,701 [WARN] DetailPanel:346 - Failed to get advertising image, set to default
2025-07-24 23:29:49,701 [FATAL] Updater:351 - Updater called before beeing initialized
2025-07-24 23:29:49,760 [ERROR] Updater:1198 - MainUpdater not yet initialized. External WinMGr cannot be set.
2025-07-24 23:29:49,772 [INFO] Updater:1134 - Updater Version found : 6.14.0
2025-07-24 23:29:49,790 [INFO] ApplicationProperties:184 - Using Application install path: C:\ST\STM32CubeIDE_1.18.0\STM32CubeIDE\plugins\com.st.stm32cube.common.mx_6.14.0.202502271554
2025-07-24 23:29:51,365 [ERROR] LogOutputStream:75 - [STDERR_REDIRECT] Jul 24, 2025 11:29:51 PM java.util.prefs.WindowsPreferences <init>
2025-07-24 23:29:51,366 [ERROR] LogOutputStream:75 - [STDERR_REDIRECT] WARNING: Could not open/create prefs root node Software\JavaSoft\Prefs at root 0xffffffff80000002. Windows RegCreateKeyEx(...) returned error code 5.
2025-07-24 23:29:51,366 [ERROR] LogOutputStream:75 - [STDERR_REDIRECT] 
2025-07-24 23:29:51,662 [INFO] MainUpdater:2872 - connection check result : 10
2025-07-24 23:29:51,662 [INFO] MainUpdater:289 - Updater Check For Update Now.
2025-07-24 23:29:51,662 [INFO] MicroXplorer:498 - Change Database Version : DB.6.0.140
2025-07-24 23:29:51,679 [INFO] McuFinderGlobals:63 - Set McuFinder mode to 2 (CubeIDE integrated)
2025-07-24 23:29:51,686 [INFO] UserAuth:486 - Internet connection configuration mode: 1
2025-07-24 23:29:51,721 [INFO] JxBrowserEngine:152 - Initiate JxBrowser Engine with user profile folder
2025-07-24 23:29:51,872 [INFO] CheckServerUpdateThread:120 - End of CheckServer Thread
2025-07-24 23:29:52,361 [WARN] PackLoader:240 - Cannot read IP mode file for STMicroelectronics.FP-SNS-MOTENVWB1.1.4.0
2025-07-24 23:29:52,380 [WARN] PackLoader:240 - Cannot read IP mode file for STMicroelectronics.FP-ATR-ASTRA1.2.0.2
2025-07-24 23:29:52,398 [WARN] PackLoader:240 - Cannot read IP mode file for STMicroelectronics.X-CUBE-SMBUS.2.1.0
2025-07-24 23:29:52,418 [WARN] PackLoader:240 - Cannot read IP mode file for STMicroelectronics.X-CUBE-WB05N.1.1.0
2025-07-24 23:29:52,433 [WARN] PackLoader:240 - Cannot read IP mode file for STMicroelectronics.X-CUBE-ST60.1.0.0
2025-07-24 23:29:52,484 [WARN] PackLoader:240 - Cannot read IP mode file for STMicroelectronics.X-CUBE-AZRTOS-F7.1.1.0
2025-07-24 23:29:53,256 [WARN] PackLoader:240 - Cannot read IP mode file for STMicroelectronics.FP-SNS-FLIGHT1.5.0.2
2025-07-24 23:29:53,307 [WARN] PackLoader:240 - Cannot read IP mode file for Infineon.AIROC-Wi-Fi-Bluetooth-STM32.1.7.0
2025-07-24 23:29:53,351 [WARN] PackLoader:240 - Cannot read IP mode file for STMicroelectronics.X-CUBE-AZRTOS-H7.3.4.0
2025-07-24 23:29:53,373 [WARN] PackLoader:240 - Cannot read IP mode file for STMicroelectronics.X-CUBE-DISPLAY.3.0.0
2025-07-24 23:29:53,391 [WARN] PackLoader:240 - Cannot read IP mode file for STMicroelectronics.X-CUBE-NFC10.1.0.0
2025-07-24 23:29:53,413 [WARN] PackLoader:240 - Cannot read IP mode file for STMicroelectronics.X-CUBE-BLEMGR.4.0.0
2025-07-24 23:29:53,431 [WARN] PackLoader:240 - Cannot read IP mode file for emotas.I-CUBE-CANOPEN.1.3.0
2025-07-24 23:29:53,451 [WARN] ConditionMgr:438 - getConditionDescription Invalid condition id : Cortex-A Device cause : null
2025-07-24 23:29:53,479 [WARN] ConditionMgr:1044 - genDependencies : Invalid condition id : Cortex-A Device cause : null
2025-07-24 23:29:53,479 [WARN] ConditionMgr:1044 - genDependencies : Invalid condition id : Cortex-A Device cause : null
2025-07-24 23:29:53,479 [WARN] ConditionMgr:1044 - genDependencies : Invalid condition id : Cortex-A Device cause : null
2025-07-24 23:29:53,501 [WARN] PackLoader:240 - Cannot read IP mode file for STMicroelectronics.X-CUBE-AI.10.0.0
2025-07-24 23:29:53,522 [WARN] PackLoader:240 - Cannot read IP mode file for STMicroelectronics.FP-SNS-SMARTAG2.1.2.0
2025-07-24 23:29:53,538 [WARN] PackLoader:240 - Cannot read IP mode file for STMicroelectronics.FP-SNS-FLIGHT1.5.1.0
2025-07-24 23:29:53,633 [WARN] PackLoader:240 - Cannot read IP mode file for STMicroelectronics.X-CUBE-MEMS1.11.1.0
2025-07-24 23:29:54,014 [INFO] LogOutputStream:77 - [STDOUT_REDIRECT] 1 : Invalid condition id : UX_CORESTACK_Condition cause : null
2025-07-24 23:29:54,014 [INFO] LogOutputStream:77 - [STDOUT_REDIRECT] 1 : Invalid condition id : UX_CORESTACK_Condition cause : null
2025-07-24 23:29:54,016 [INFO] LogOutputStream:77 - [STDOUT_REDIRECT] 1 : Invalid condition id : UX_CORESTACK_Condition cause : null
2025-07-24 23:29:54,018 [INFO] LogOutputStream:77 - [STDOUT_REDIRECT] 1 : Invalid condition id : UX_CORESTACK_Condition cause : null
2025-07-24 23:29:54,019 [INFO] LogOutputStream:77 - [STDOUT_REDIRECT] 1 : Invalid condition id : UX_CORESTACK_Condition cause : null
2025-07-24 23:29:54,022 [WARN] PackLoader:240 - Cannot read IP mode file for STMicroelectronics.X-CUBE-AZRTOS-WL.2.0.0
2025-07-24 23:29:54,051 [WARN] PackLoader:240 - Cannot read IP mode file for STMicroelectronics.FP-SNS-MOTENV1.5.0.0
2025-07-24 23:29:54,081 [WARN] PackLoader:240 - Cannot read IP mode file for WES.I-CUBE-Cesium.1.3.0
2025-07-24 23:29:54,104 [WARN] PackLoader:240 - Cannot read IP mode file for STMicroelectronics.X-CUBE-BLE2.3.3.0
2025-07-24 23:29:54,126 [WARN] PackLoader:240 - Cannot read IP mode file for STMicroelectronics.X-CUBE-NFC9.1.0.0
2025-07-24 23:29:54,149 [WARN] PackLoader:240 - Cannot read IP mode file for STMicroelectronics.X-CUBE-BLE1.7.1.0
2025-07-24 23:29:54,165 [WARN] PackLoader:240 - Cannot read IP mode file for wolfSSL.I-CUBE-wolfMQTT.1.19.2
2025-07-24 23:29:54,184 [WARN] PackLoader:240 - Cannot read IP mode file for STMicroelectronics.X-CUBE-EEPRMA1.5.2.0
2025-07-24 23:29:54,202 [WARN] PackLoader:240 - Cannot read IP mode file for STMicroelectronics.X-CUBE-AI.10.1.0
2025-07-24 23:29:54,210 [INFO] WebApp:169 - Instantiating new browser for Auth
2025-07-24 23:29:54,291 [WARN] PackLoader:240 - Cannot read IP mode file for STMicroelectronics.X-CUBE-MEMS1.11.2.0
2025-07-24 23:29:54,461 [WARN] PackLoader:240 - Cannot read IP mode file for STMicroelectronics.X-CUBE-AZRTOS-G0.1.1.0
2025-07-24 23:29:54,494 [WARN] PackLoader:240 - Cannot read IP mode file for STMicroelectronics.X-CUBE-SAFEA1.1.2.2
2025-07-24 23:29:54,523 [WARN] PackLoader:240 - Cannot read IP mode file for STMicroelectronics.X-CUBE-NFC4.3.0.0
2025-07-24 23:29:54,553 [WARN] PackLoader:240 - Cannot read IP mode file for EmbeddedOffice.I-CUBE-FS-RTOS.1.0.1
2025-07-24 23:29:54,574 [WARN] PackLoader:240 - Cannot read IP mode file for STMicroelectronics.X-CUBE-WB05N.2.0.0
2025-07-24 23:29:54,592 [WARN] PackLoader:240 - Cannot read IP mode file for wolfSSL.I-CUBE-wolfTPM.3.8.0
2025-07-24 23:29:54,614 [WARN] PackLoader:240 - Cannot read IP mode file for STMicroelectronics.X-CUBE-TCPP.4.2.0
2025-07-24 23:29:54,630 [WARN] PackLoader:240 - Cannot read IP mode file for RealThread.X-CUBE-RT-Thread_Nano.4.1.1
2025-07-24 23:29:54,651 [WARN] PackLoader:240 - Cannot read IP mode file for STMicroelectronics.FP-ATR-SIGFOX1.3.2.0
2025-07-24 23:29:54,668 [WARN] PackLoader:240 - Cannot read IP mode file for STMicroelectronics.X-CUBE-EEPRMA1.5.1.0
2025-07-24 23:29:54,686 [WARN] PackLoader:240 - Cannot read IP mode file for wolfSSL.I-CUBE-wolfSSL.5.7.6
2025-07-24 23:29:54,709 [WARN] PackLoader:240 - Cannot read IP mode file for ITTIA_DB.I-CUBE-ITTIADB.8.9.0
2025-07-24 23:29:54,728 [WARN] PackLoader:240 - Cannot read IP mode file for STMicroelectronics.X-CUBE-ST67W61.1.0.0
2025-07-24 23:29:54,765 [WARN] PackLoader:240 - Cannot read IP mode file for SEGGER.I-CUBE-embOS.1.3.1
2025-07-24 23:29:54,804 [WARN] PackLoader:240 - Cannot read IP mode file for STMicroelectronics.X-CUBE-ALGOBUILD.1.4.0
2025-07-24 23:29:54,893 [WARN] PackLoader:240 - Cannot read IP mode file for STMicroelectronics.X-CUBE-MEMS1.11.3.0
2025-07-24 23:29:55,079 [WARN] PackLoader:240 - Cannot read IP mode file for STMicroelectronics.X-CUBE-PM33A1.1.0.0
2025-07-24 23:29:55,121 [WARN] PackLoader:240 - Cannot read IP mode file for STMicroelectronics.X-CUBE-AZRTOS-F4.1.1.0
2025-07-24 23:29:55,139 [WARN] PackLoader:240 - Cannot read IP mode file for Avnet-IotConnect.X-CUBE-IoTC-DA16k-PMOD.1.0.0
2025-07-24 23:29:55,156 [WARN] PackLoader:240 - Cannot read IP mode file for STMicroelectronics.X-CUBE-ISPU.2.1.0
2025-07-24 23:29:55,174 [WARN] PackLoader:240 - Cannot read IP mode file for STMicroelectronics.X-CUBE-NFC12.1.0.0
2025-07-24 23:29:55,212 [WARN] PackLoader:240 - Cannot read IP mode file for STMicroelectronics.X-CUBE-AZRTOS-L5.2.0.0
2025-07-24 23:29:55,231 [WARN] PackLoader:240 - Cannot read IP mode file for STMicroelectronics.X-CUBE-NFC6.3.1.0
2025-07-24 23:29:55,246 [WARN] PackLoader:240 - Cannot read IP mode file for STMicroelectronics.X-CUBE-DPower.1.2.0
2025-07-24 23:29:55,261 [WARN] PackLoader:240 - Cannot read IP mode file for STMicroelectronics.X-CUBE-FREERTOS.1.3.1
2025-07-24 23:29:55,276 [WARN] PackLoader:240 - Cannot read IP mode file for STMicroelectronics.X-CUBE-FREERTOS.1.3.0
2025-07-24 23:29:55,299 [WARN] PackLoader:240 - Cannot read IP mode file for STMicroelectronics.X-CUBE-NFC7.1.0.1
2025-07-24 23:29:55,329 [WARN] PackLoader:240 - Cannot read IP mode file for STMicroelectronics.FP-SNS-STAIOTCFT.1.0.0
2025-07-24 23:29:55,347 [WARN] PackLoader:240 - Cannot read IP mode file for STMicroelectronics.X-CUBE-DPower.1.3.0
2025-07-24 23:29:55,401 [WARN] ConditionMgr:438 - getConditionDescription Invalid condition id : LAN8742 Phy interface Condition cause : null
2025-07-24 23:29:55,402 [WARN] PackLoader:240 - Cannot read IP mode file for STMicroelectronics.X-CUBE-AZRTOS-L4.2.0.0
2025-07-24 23:29:55,403 [INFO] WebApp:463 - Apply proxy settings
2025-07-24 23:29:55,403 [WARN] ConditionMgr:1044 - genDependencies : Invalid condition id : LAN8742 Phy interface Condition cause : null
2025-07-24 23:29:55,403 [INFO] WebApp:548 - Chromium requires no authentication
2025-07-24 23:29:55,403 [WARN] ConditionMgr:1044 - genDependencies : Invalid condition id : LAN8742 Phy interface Condition cause : null
2025-07-24 23:29:55,404 [WARN] ConditionMgr:1044 - genDependencies : Invalid condition id : LAN8742 Phy interface Condition cause : null
2025-07-24 23:29:55,432 [WARN] PackLoader:240 - Cannot read IP mode file for STMicroelectronics.X-CUBE-SFXS2LP1.4.0.0
2025-07-24 23:29:55,434 [INFO] WebApp:491 - Direct internet connection detected
2025-07-24 23:29:55,483 [WARN] PackLoader:240 - Cannot read IP mode file for STMicroelectronics.X-CUBE-AZRTOS-H7.3.3.0
2025-07-24 23:29:55,505 [INFO] WebApp:894 - Register for checkConnection events
2025-07-24 23:29:55,505 [INFO] WebApp:463 - Apply proxy settings
2025-07-24 23:29:55,505 [INFO] WebApp:548 - Chromium requires no authentication
2025-07-24 23:29:55,506 [INFO] WebApp:491 - Direct internet connection detected
2025-07-24 23:29:55,507 [WARN] PackLoader:240 - Cannot read IP mode file for STMicroelectronics.X-CUBE-BLEMGR.4.1.0
2025-07-24 23:29:55,541 [WARN] ConditionMgr:438 - getConditionDescription Invalid condition id : UX DEVICE CLASS RTOS Condition cause : null
2025-07-24 23:29:55,542 [WARN] ConditionMgr:438 - getConditionDescription Invalid condition id : UX DEVICE CLASS RTOS Condition cause : null
2025-07-24 23:29:55,543 [WARN] PackLoader:240 - Cannot read IP mode file for STMicroelectronics.X-CUBE-AZRTOS-WB.2.0.0
2025-07-24 23:29:55,543 [WARN] ConditionMgr:1044 - genDependencies : Invalid condition id : UX DEVICE CLASS RTOS Condition cause : null
2025-07-24 23:29:55,543 [WARN] ConditionMgr:1044 - genDependencies : Invalid condition id : UX DEVICE CLASS RTOS Condition cause : null
2025-07-24 23:29:55,544 [WARN] ConditionMgr:1044 - genDependencies : Invalid condition id : UX DEVICE CLASS RTOS Condition cause : null
2025-07-24 23:29:55,544 [WARN] ConditionMgr:1044 - genDependencies : Invalid condition id : UX DEVICE CLASS RTOS Condition cause : null
2025-07-24 23:29:55,544 [WARN] ConditionMgr:1044 - genDependencies : Invalid condition id : UX DEVICE CLASS RTOS Condition cause : null
2025-07-24 23:29:55,559 [WARN] PackLoader:240 - Cannot read IP mode file for STMicroelectronics.X-CUBE-GNSS1.7.0.1
2025-07-24 23:29:55,582 [WARN] PackLoader:240 - Cannot read IP mode file for STMicroelectronics.X-CUBE-TOUCHGFX.4.25.0
2025-07-24 23:29:55,604 [WARN] PackLoader:240 - Cannot read IP mode file for STMicroelectronics.FP-SNS-STBOX1.2.0.0
2025-07-24 23:29:55,627 [WARN] PackLoader:240 - Cannot read IP mode file for STMicroelectronics.X-CUBE-SUBG2.5.0.0
2025-07-24 23:29:55,671 [WARN] PackLoader:240 - Cannot read IP mode file for STMicroelectronics.X-CUBE-AZRTOS-H7RS.1.1.0
2025-07-24 23:29:55,695 [WARN] PackLoader:240 - Cannot read IP mode file for Cesanta.I-CUBE-Mongoose.7.13.0
2025-07-24 23:29:55,725 [INFO] WebApp:191 - Connection restablished
2025-07-24 23:29:55,738 [WARN] PackLoader:240 - Cannot read IP mode file for STMicroelectronics.X-CUBE-AZRTOS-G4.2.0.0
2025-07-24 23:29:55,756 [WARN] PackLoader:240 - Cannot read IP mode file for wolfSSL.I-CUBE-wolfSSH.1.4.20
2025-07-24 23:29:55,770 [WARN] PackLoader:240 - Cannot read IP mode file for STMicroelectronics.X-CUBE-NFC7.2.0.0
2025-07-24 23:29:55,793 [WARN] PackLoader:240 - Cannot read IP mode file for STMicroelectronics.X-CUBE-IPS.3.1.0
2025-07-24 23:29:55,812 [WARN] PackLoader:240 - Cannot read IP mode file for STMicroelectronics.X-CUBE-ALS.1.0.2
2025-07-24 23:29:55,828 [WARN] PackLoader:240 - Cannot read IP mode file for STMicroelectronics.X-CUBE-TOUCHGFX.4.24.2
2025-07-24 23:29:55,848 [WARN] PackLoader:240 - Cannot read IP mode file for portGmbH.I-Cube-SoM-uGOAL.1.1.0
2025-07-24 23:29:55,863 [INFO] WebApp:225 - Starting web application
2025-07-24 23:29:55,864 [INFO] WebApp:593 - Web application path used C:\ST\STM32CubeIDE_1.18.0\STM32CubeIDE\plugins\com.st.stm32cube.common.mx_6.14.0.202502271554\db\plugins\mcufinder\reactClient1\index.html
2025-07-24 23:29:55,889 [WARN] PackLoader:240 - Cannot read IP mode file for STMicroelectronics.X-CUBE-AZRTOS-H7RS.1.0.0
2025-07-24 23:29:55,922 [WARN] PackLoader:240 - Cannot read IP mode file for STMicroelectronics.X-CUBE-TOF1.3.4.2
2025-07-24 23:29:55,972 [WARN] PackLoader:240 - Cannot read IP mode file for STMicroelectronics.X-CUBE-TOF1.3.4.3
2025-07-24 23:29:55,985 [INFO] ThirdParty:978 - Integrity check success = true
2025-07-24 23:29:55,985 [INFO] IntegrityCheckThread:100 - exiting critical section [integrity check]
2025-07-24 23:29:55,985 [INFO] IntegrityCheckThread:103 - End integrity checks thread
2025-07-24 23:29:56,152 [INFO] UserAuth:486 - Internet connection configuration mode: 1
2025-07-24 23:45:03,856 [ERROR] LogOutputStream:75 - [STDERR_REDIRECT] 
2025-07-24 23:45:19,521 [INFO] Activator:176 - 


2025-07-24 23:45:19,522 [INFO] Activator:177 - !SESSION log4j initialized
2025-07-24 23:45:21,982 [INFO] LogOutputStream:77 - [STDOUT_REDIRECT] 
2025-07-24 23:45:27,644 [INFO] ApplicationProperties:184 - Using Application install path: C:\ST\STM32CubeIDE_1.18.0\STM32CubeIDE\plugins\com.st.stm32cube.common.mx_6.14.0.202502271554
2025-07-24 23:45:27,665 [INFO] DbMcusXml:78 - Set database path to: C:\ST\STM32CubeIDE_1.18.0\STM32CubeIDE\plugins\com.st.stm32cube.common.mx_6.14.0.202502271554\\db\/mcu/
2025-07-24 23:45:27,665 [INFO] ApiDb:274 - Set plugin database path to: C:\ST\STM32CubeIDE_1.18.0\STM32CubeIDE\plugins\com.st.stm32cube.common.mx_6.14.0.202502271554\\db\/plugins/boardmanager/
2025-07-24 23:45:27,666 [WARN] ApiDb:259 - Overriding images path with different value:  => C:\ST\STM32CubeIDE_1.18.0\STM32CubeIDE\plugins\com.st.stm32cube.common.mx_6.14.0.202502271554\\db\/plugins/mcufinder/images/
2025-07-24 23:45:27,672 [INFO] ApiDb:250 - Set database path to: C:\Users\marcv\.stmcufinder\plugins\mcufinder//mcu/
2025-07-24 23:45:27,673 [INFO] DbMcusAds:125 - Set database path to: C:\Users\marcv\.stmcufinder\plugins\mcufinder//mcu/
2025-07-24 23:45:27,675 [INFO] CrossReferenceDbSqlite:203 - Set database path to: C:\Users\marcv\.stmcufinder\plugins\mcufinder//mcu/cs/
2025-07-24 23:45:27,778 [INFO] RulesReader:64 - Compatibility file has been processed (301 Rules)
2025-07-24 23:45:27,856 [INFO] DbMcusXml:78 - Set database path to: C:\ST\STM32CubeIDE_1.18.0\STM32CubeIDE\plugins\com.st.stm32cube.common.mx_6.14.0.202502271554\\db\/mcu/
2025-07-24 23:45:27,856 [INFO] ApiDb:274 - Set plugin database path to: C:\ST\STM32CubeIDE_1.18.0\STM32CubeIDE\plugins\com.st.stm32cube.common.mx_6.14.0.202502271554\\db\/plugins/boardmanager/
2025-07-24 23:45:27,856 [INFO] ApiDb:261 - Set plugin images path to: C:\ST\STM32CubeIDE_1.18.0\STM32CubeIDE\plugins\com.st.stm32cube.common.mx_6.14.0.202502271554\\db\/plugins/mcufinder/images/
2025-07-24 23:45:27,856 [WARN] DbFile:41 - Overriding database path with different value: C:\Users\marcv\.stmcufinder\plugins\mcufinder/ => C:\Users\marcv\.stmcufinder\plugins\mcufinder
2025-07-24 23:45:27,856 [INFO] ApiDb:250 - Set database path to: C:\Users\marcv\.stmcufinder\plugins\mcufinder//mcu/
2025-07-24 23:45:27,856 [WARN] DbFile:41 - Overriding database path with different value: C:\Users\marcv\.stmcufinder\plugins\mcufinder/ => C:\Users\marcv\.stmcufinder\plugins\mcufinder
2025-07-24 23:45:27,856 [INFO] DbMcusAds:125 - Set database path to: C:\Users\marcv\.stmcufinder\plugins\mcufinder//mcu/
2025-07-24 23:45:27,857 [WARN] DbFile:41 - Overriding database path with different value: C:\Users\marcv\.stmcufinder\plugins\mcufinder/ => C:\Users\marcv\.stmcufinder\plugins\mcufinder
2025-07-24 23:45:27,857 [WARN] DbFile:41 - Overriding database path with different value: C:\Users\marcv\.stmcufinder\plugins\mcufinder/ => C:\Users\marcv\.stmcufinder\plugins\mcufinder
2025-07-24 23:45:27,857 [INFO] CrossReferenceDbSqlite:203 - Set database path to: C:\Users\marcv\.stmcufinder\plugins\mcufinder//mcu/cs/
2025-07-24 23:45:27,947 [INFO] MainPanel:272 - HeapMemory: 268435456
2025-07-24 23:45:28,086 [INFO] DbMcusXml:78 - Set database path to: C:\ST\STM32CubeIDE_1.18.0\STM32CubeIDE\plugins\com.st.stm32cube.common.mx_6.14.0.202502271554\\db\/mcu/
2025-07-24 23:45:28,086 [INFO] ApiDb:274 - Set plugin database path to: C:\ST\STM32CubeIDE_1.18.0\STM32CubeIDE\plugins\com.st.stm32cube.common.mx_6.14.0.202502271554\\db\/plugins/boardmanager/
2025-07-24 23:45:28,087 [INFO] ApiDb:261 - Set plugin images path to: C:\ST\STM32CubeIDE_1.18.0\STM32CubeIDE\plugins\com.st.stm32cube.common.mx_6.14.0.202502271554\\db\/plugins/mcufinder/images/
2025-07-24 23:45:28,087 [WARN] DbFile:41 - Overriding database path with different value: C:\Users\marcv\.stmcufinder\plugins\mcufinder/ => C:\Users\marcv\.stmcufinder\plugins\mcufinder
2025-07-24 23:45:28,087 [INFO] ApiDb:250 - Set database path to: C:\Users\marcv\.stmcufinder\plugins\mcufinder//mcu/
2025-07-24 23:45:28,087 [WARN] DbFile:41 - Overriding database path with different value: C:\Users\marcv\.stmcufinder\plugins\mcufinder/ => C:\Users\marcv\.stmcufinder\plugins\mcufinder
2025-07-24 23:45:28,088 [INFO] DbMcusAds:125 - Set database path to: C:\Users\marcv\.stmcufinder\plugins\mcufinder//mcu/
2025-07-24 23:45:28,088 [WARN] DbFile:41 - Overriding database path with different value: C:\Users\marcv\.stmcufinder\plugins\mcufinder/ => C:\Users\marcv\.stmcufinder\plugins\mcufinder
2025-07-24 23:45:28,088 [WARN] DbFile:41 - Overriding database path with different value: C:\Users\marcv\.stmcufinder\plugins\mcufinder/ => C:\Users\marcv\.stmcufinder\plugins\mcufinder
2025-07-24 23:45:28,088 [INFO] CrossReferenceDbSqlite:203 - Set database path to: C:\Users\marcv\.stmcufinder\plugins\mcufinder//mcu/cs/
2025-07-24 23:45:28,109 [INFO] ApplicationProperties:184 - Using Application install path: C:\ST\STM32CubeIDE_1.18.0\STM32CubeIDE\plugins\com.st.stm32cube.common.mx_6.14.0.202502271554
2025-07-24 23:45:28,111 [INFO] PluginManage:196 - Search for loadable plugins [exclusion list=, ]
2025-07-24 23:45:28,112 [INFO] PluginManage:310 - Check plugin analytics
2025-07-24 23:45:32,785 [INFO] AnalyticsPlugin:253 - Accepted Software Licenses: 
2025-07-24 23:45:32,785 [INFO] AnalyticsPlugin:255 - Accepted CMSIS Pack Licenses: 
2025-07-24 23:45:32,785 [INFO] AnalyticsPlugin:257 - Accepted Firmware Licenses: FW.H7.1.12.0
2025-07-24 23:45:32,787 [INFO] PluginManage:359 - Loaded plugin analytics (category:tool,tabindex:-1)
2025-07-24 23:45:32,787 [INFO] PluginManage:310 - Check plugin cadmodel
2025-07-24 23:45:32,791 [INFO] CADModel:105 - Init CAD model plugin
2025-07-24 23:45:32,791 [INFO] PluginManage:359 - Loaded plugin cadmodel (category:power,tabindex:5)
2025-07-24 23:45:32,791 [INFO] PluginManage:310 - Check plugin clock
2025-07-24 23:45:32,798 [INFO] PluginManage:359 - Loaded plugin clock (category:base,tabindex:2)
2025-07-24 23:45:32,798 [INFO] PluginManage:310 - Check plugin ddr
2025-07-24 23:45:32,800 [INFO] PluginManage:359 - Loaded plugin ddr (category:tool,tabindex:6)
2025-07-24 23:45:32,800 [INFO] PluginManage:310 - Check plugin filemanager
2025-07-24 23:45:32,936 [INFO] PluginManage:359 - Loaded plugin filemanager (category:base,tabindex:10)
2025-07-24 23:45:32,936 [INFO] PluginManage:310 - Check plugin ipmanager
2025-07-24 23:45:32,942 [INFO] PluginManage:359 - Loaded plugin ipmanager (category:base,tabindex:5)
2025-07-24 23:45:32,942 [INFO] PluginManage:310 - Check plugin lpbam
2025-07-24 23:45:32,949 [INFO] PluginManage:359 - Loaded plugin lpbam (category:base,tabindex:0)
2025-07-24 23:45:32,949 [INFO] PluginManage:310 - Check plugin memorymap
2025-07-24 23:45:32,963 [INFO] PluginManage:359 - Loaded plugin memorymap (category:base,tabindex:4)
2025-07-24 23:45:32,963 [INFO] PluginManage:310 - Check plugin pinoutandconfiguration
2025-07-24 23:45:32,970 [INFO] PluginManage:359 - Loaded plugin pinoutandconfiguration (category:base,tabindex:1)
2025-07-24 23:45:32,970 [INFO] PluginManage:310 - Check plugin pinoutconfig
2025-07-24 23:45:33,048 [WARN] SupportedApi:132 - Cannot load RTOS API schema: s4s-elt-must-match.1: The content of 'definitions' must match (annotation?, (simpleType | complexType)?, (unique | key | keyref)*)). A problem was found starting at: attribute.
2025-07-24 23:45:33,152 [INFO] PluginManage:359 - Loaded plugin pinoutconfig (category:base,tabindex:0)
2025-07-24 23:45:33,153 [INFO] PluginManage:310 - Check plugin power
2025-07-24 23:45:33,160 [INFO] PluginManage:359 - Loaded plugin power (category:power,tabindex:4)
2025-07-24 23:45:33,160 [INFO] PluginManage:310 - Check plugin projectmanager
2025-07-24 23:45:33,172 [INFO] PluginManage:359 - Loaded plugin projectmanager (category:projectmanager,tabindex:4)
2025-07-24 23:45:33,173 [INFO] PluginManage:310 - Check plugin rif
2025-07-24 23:45:33,181 [INFO] PluginManage:359 - Loaded plugin rif (category:base,tabindex:3)
2025-07-24 23:45:33,181 [INFO] PluginManage:310 - Check plugin thirdparty
2025-07-24 23:45:33,290 [INFO] PluginManage:359 - Loaded plugin thirdparty (category:base,tabindex:-1)
2025-07-24 23:45:33,290 [INFO] PluginManage:310 - Check plugin tools
2025-07-24 23:45:33,290 [WARN] IntegrityCheckThread:84 - waiting for thirdparty lock release [integrity check]
2025-07-24 23:45:33,290 [INFO] IntegrityCheckThread:86 - entering critical section [integrity check]
2025-07-24 23:45:33,290 [INFO] ThirdPartyUpdaterWithRetryManager:70 - Updater plugin not ready yet. [1/15]
2025-07-24 23:45:33,292 [INFO] PluginManage:359 - Loaded plugin tools (category:base,tabindex:7)
2025-07-24 23:45:33,292 [INFO] PluginManage:310 - Check plugin tutovideos
2025-07-24 23:45:33,460 [INFO] PluginManage:359 - Loaded plugin tutovideos (category:base,tabindex:-1)
2025-07-24 23:45:33,461 [INFO] PluginManage:310 - Check plugin updater
2025-07-24 23:45:33,478 [INFO] PluginManage:359 - Loaded plugin updater (category:base,tabindex:12)
2025-07-24 23:45:33,478 [INFO] PluginManage:310 - Check plugin userauth
2025-07-24 23:45:33,483 [INFO] UserAuth:118 - Init User Auth plugin
2025-07-24 23:45:33,484 [INFO] PluginManage:359 - Loaded plugin userauth (category:base,tabindex:14)
2025-07-24 23:45:33,484 [INFO] PluginManage:283 - PluginManage : Loaded plugins [18]
2025-07-24 23:45:33,687 [INFO] PinOutPanel:1589 - setPackage(No Configuration,No Configuration)
2025-07-24 23:45:33,782 [INFO] CADModel:165 - CPN selected for project level
2025-07-24 23:45:33,782 [INFO] CADModel:114 - Register for checkConnection events
2025-07-24 23:45:33,806 [INFO] IPUIPlugin:80 - create IPUIPlugin
2025-07-24 23:45:33,807 [INFO] PluginManager:220 - loadIPPluginJar : add adc
2025-07-24 23:45:33,809 [INFO] IPUIPlugin:80 - create IPUIPlugin
2025-07-24 23:45:33,809 [INFO] PluginManager:220 - loadIPPluginJar : add aes
2025-07-24 23:45:33,812 [INFO] IPUIPlugin:80 - create IPUIPlugin
2025-07-24 23:45:33,812 [INFO] PluginManager:220 - loadIPPluginJar : add can
2025-07-24 23:45:33,814 [INFO] IPUIPlugin:80 - create IPUIPlugin
2025-07-24 23:45:33,814 [INFO] PluginManager:220 - loadIPPluginJar : add comp
2025-07-24 23:45:33,817 [INFO] IPUIPlugin:80 - create IPUIPlugin
2025-07-24 23:45:33,817 [INFO] PluginManager:220 - loadIPPluginJar : add cryp
2025-07-24 23:45:33,821 [INFO] IPUIPlugin:80 - create IPUIPlugin
2025-07-24 23:45:33,822 [INFO] PluginManager:220 - loadIPPluginJar : add ddr_ctrl_phy
2025-07-24 23:45:33,824 [INFO] IPUIPlugin:80 - create IPUIPlugin
2025-07-24 23:45:33,824 [INFO] PluginManager:220 - loadIPPluginJar : add dfsdm
2025-07-24 23:45:33,830 [INFO] IPUIPlugin:80 - create IPUIPlugin
2025-07-24 23:45:33,830 [INFO] PluginManager:220 - loadIPPluginJar : add dma
2025-07-24 23:45:33,834 [INFO] IPUIPlugin:80 - create IPUIPlugin
2025-07-24 23:45:33,834 [INFO] PluginManager:220 - loadIPPluginJar : add dma3
2025-07-24 23:45:33,836 [INFO] IPUIPlugin:80 - create IPUIPlugin
2025-07-24 23:45:33,837 [INFO] PluginManager:220 - loadIPPluginJar : add extmemmanager
2025-07-24 23:45:33,839 [INFO] IPUIPlugin:80 - create IPUIPlugin
2025-07-24 23:45:33,839 [INFO] PluginManager:220 - loadIPPluginJar : add fatfs
2025-07-24 23:45:33,844 [INFO] IPUIPlugin:80 - create IPUIPlugin
2025-07-24 23:45:33,844 [INFO] PluginManager:220 - loadIPPluginJar : add fmc
2025-07-24 23:45:33,850 [INFO] IPUIPlugin:80 - create IPUIPlugin
2025-07-24 23:45:33,850 [INFO] PluginManager:220 - loadIPPluginJar : add freertos
2025-07-24 23:45:33,852 [INFO] IPUIPlugin:80 - create IPUIPlugin
2025-07-24 23:45:33,852 [INFO] PluginManager:220 - loadIPPluginJar : add genericplugin
2025-07-24 23:45:33,854 [INFO] IPUIPlugin:80 - create IPUIPlugin
2025-07-24 23:45:33,854 [INFO] PluginManager:220 - loadIPPluginJar : add gfxmmu
2025-07-24 23:45:33,858 [INFO] IPUIPlugin:80 - create IPUIPlugin
2025-07-24 23:45:33,859 [INFO] PluginManager:220 - loadIPPluginJar : add gic
2025-07-24 23:45:33,863 [INFO] IPUIPlugin:80 - create IPUIPlugin
2025-07-24 23:45:33,863 [INFO] PluginManager:220 - loadIPPluginJar : add gpio
2025-07-24 23:45:33,866 [INFO] IPUIPlugin:80 - create IPUIPlugin
2025-07-24 23:45:33,866 [INFO] PluginManager:220 - loadIPPluginJar : add gtzc
2025-07-24 23:45:33,868 [INFO] IPUIPlugin:80 - create IPUIPlugin
2025-07-24 23:45:33,868 [INFO] PluginManager:220 - loadIPPluginJar : add hash
2025-07-24 23:45:33,870 [INFO] IPUIPlugin:80 - create IPUIPlugin
2025-07-24 23:45:33,871 [INFO] PluginManager:220 - loadIPPluginJar : add i2c
2025-07-24 23:45:33,873 [INFO] IPUIPlugin:80 - create IPUIPlugin
2025-07-24 23:45:33,873 [INFO] PluginManager:220 - loadIPPluginJar : add i2s
2025-07-24 23:45:33,875 [INFO] IPUIPlugin:80 - create IPUIPlugin
2025-07-24 23:45:33,876 [INFO] PluginManager:220 - loadIPPluginJar : add i3c
2025-07-24 23:45:33,880 [INFO] IPUIPlugin:80 - create IPUIPlugin
2025-07-24 23:45:33,880 [INFO] PluginManager:220 - loadIPPluginJar : add ipddr
2025-07-24 23:45:33,889 [INFO] IPUIPlugin:80 - create IPUIPlugin
2025-07-24 23:45:33,889 [INFO] PluginManager:220 - loadIPPluginJar : add linkedlist
2025-07-24 23:45:33,892 [INFO] IPUIPlugin:80 - create IPUIPlugin
2025-07-24 23:45:33,893 [INFO] PluginManager:220 - loadIPPluginJar : add lorawan
2025-07-24 23:45:33,894 [INFO] IPUIPlugin:80 - create IPUIPlugin
2025-07-24 23:45:33,895 [INFO] PluginManager:220 - loadIPPluginJar : add ltdc
2025-07-24 23:45:33,901 [INFO] IPUIPlugin:80 - create IPUIPlugin
2025-07-24 23:45:33,901 [INFO] PluginManager:220 - loadIPPluginJar : add mdma
2025-07-24 23:45:33,904 [INFO] IPUIPlugin:80 - create IPUIPlugin
2025-07-24 23:45:33,904 [INFO] PluginManager:220 - loadIPPluginJar : add nvic
2025-07-24 23:45:33,907 [INFO] IPUIPlugin:80 - create IPUIPlugin
2025-07-24 23:45:33,908 [INFO] PluginManager:220 - loadIPPluginJar : add opamp
2025-07-24 23:45:33,911 [INFO] IPUIPlugin:80 - create IPUIPlugin
2025-07-24 23:45:33,911 [INFO] PluginManager:220 - loadIPPluginJar : add openamp
2025-07-24 23:45:33,916 [INFO] IPUIPlugin:80 - create IPUIPlugin
2025-07-24 23:45:33,916 [INFO] PluginManager:220 - loadIPPluginJar : add pdm2pcm
2025-07-24 23:45:33,923 [INFO] IPUIPlugin:80 - create IPUIPlugin
2025-07-24 23:45:33,926 [INFO] PluginManager:220 - loadIPPluginJar : add plateformsettings
2025-07-24 23:45:33,927 [INFO] IPUIPlugin:80 - create IPUIPlugin
2025-07-24 23:45:33,927 [INFO] PluginManager:220 - loadIPPluginJar : add quadspi
2025-07-24 23:45:33,929 [INFO] IPUIPlugin:80 - create IPUIPlugin
2025-07-24 23:45:33,930 [INFO] PluginManager:220 - loadIPPluginJar : add radio
2025-07-24 23:45:33,933 [INFO] IPUIPlugin:80 - create IPUIPlugin
2025-07-24 23:45:33,933 [INFO] PluginManager:220 - loadIPPluginJar : add resmgrutility
2025-07-24 23:45:33,936 [INFO] IPUIPlugin:80 - create IPUIPlugin
2025-07-24 23:45:33,936 [INFO] PluginManager:220 - loadIPPluginJar : add sai
2025-07-24 23:45:33,938 [INFO] IPUIPlugin:80 - create IPUIPlugin
2025-07-24 23:45:33,938 [INFO] PluginManager:220 - loadIPPluginJar : add spi
2025-07-24 23:45:33,944 [INFO] IPUIPlugin:80 - create IPUIPlugin
2025-07-24 23:45:33,944 [INFO] PluginManager:220 - loadIPPluginJar : add stm32_wpan
2025-07-24 23:45:33,946 [INFO] IPUIPlugin:80 - create IPUIPlugin
2025-07-24 23:45:33,946 [INFO] PluginManager:220 - loadIPPluginJar : add tim
2025-07-24 23:45:33,949 [INFO] IPUIPlugin:80 - create IPUIPlugin
2025-07-24 23:45:33,949 [INFO] PluginManager:220 - loadIPPluginJar : add touchsensing
2025-07-24 23:45:33,952 [INFO] IPUIPlugin:80 - create IPUIPlugin
2025-07-24 23:45:33,952 [INFO] PluginManager:220 - loadIPPluginJar : add tracer_emb
2025-07-24 23:45:33,953 [INFO] IPUIPlugin:80 - create IPUIPlugin
2025-07-24 23:45:33,953 [INFO] PluginManager:220 - loadIPPluginJar : add ts
2025-07-24 23:45:33,955 [INFO] IPUIPlugin:80 - create IPUIPlugin
2025-07-24 23:45:33,955 [INFO] PluginManager:220 - loadIPPluginJar : add tsc
2025-07-24 23:45:33,956 [INFO] IPUIPlugin:80 - create IPUIPlugin
2025-07-24 23:45:33,957 [INFO] PluginManager:220 - loadIPPluginJar : add ucpd
2025-07-24 23:45:33,959 [INFO] IPUIPlugin:80 - create IPUIPlugin
2025-07-24 23:45:33,959 [INFO] PluginManager:220 - loadIPPluginJar : add usart
2025-07-24 23:45:33,962 [INFO] IPUIPlugin:80 - create IPUIPlugin
2025-07-24 23:45:33,962 [INFO] PluginManager:220 - loadIPPluginJar : add usbx
2025-07-24 23:45:34,086 [FATAL] Updater:351 - Updater called before beeing initialized
2025-07-24 23:45:34,112 [INFO] RulesReader:64 - Compatibility file has been processed (301 Rules)
2025-07-24 23:45:34,120 [INFO] RulesReader:64 - Compatibility file has been processed (301 Rules)
2025-07-24 23:45:34,130 [INFO] CADModel:165 - CPN selected for project level
2025-07-24 23:45:34,130 [INFO] CADModel:114 - Register for checkConnection events
2025-07-24 23:45:34,130 [FATAL] Updater:351 - Updater called before beeing initialized
2025-07-24 23:45:34,131 [ERROR] CADModel:125 - Updater not yet initialized, retry later 
2025-07-24 23:45:34,285 [FATAL] Updater:351 - Updater called before beeing initialized
2025-07-24 23:45:34,286 [INFO] CADModel:165 - CPN selected for project level
2025-07-24 23:45:34,286 [INFO] CADModel:114 - Register for checkConnection events
2025-07-24 23:45:34,286 [FATAL] Updater:351 - Updater called before beeing initialized
2025-07-24 23:45:34,286 [ERROR] CADModel:125 - Updater not yet initialized, retry later 
2025-07-24 23:45:34,289 [FATAL] Updater:351 - Updater called before beeing initialized
2025-07-24 23:45:34,381 [FATAL] Updater:351 - Updater called before beeing initialized
2025-07-24 23:45:34,385 [INFO] DbMcusAds:53 - JSON generation date=Thu Jun 19 10:32:37 CEST 2025 (1750321957418)
2025-07-24 23:45:34,386 [FATAL] Updater:351 - Updater called before beeing initialized
2025-07-24 23:45:34,427 [WARN] DetailPanel:346 - Failed to get advertising image, set to default
2025-07-24 23:45:34,662 [FATAL] Updater:351 - Updater called before beeing initialized
2025-07-24 23:45:34,664 [FATAL] Updater:351 - Updater called before beeing initialized
2025-07-24 23:45:34,664 [FATAL] Updater:351 - Updater called before beeing initialized
2025-07-24 23:45:34,664 [WARN] DetailPanel:346 - Failed to get advertising image, set to default
2025-07-24 23:45:34,665 [FATAL] Updater:351 - Updater called before beeing initialized
2025-07-24 23:45:34,704 [ERROR] Updater:1198 - MainUpdater not yet initialized. External WinMGr cannot be set.
2025-07-24 23:45:34,706 [INFO] Updater:1134 - Updater Version found : 6.14.0
2025-07-24 23:45:34,725 [INFO] ApplicationProperties:184 - Using Application install path: C:\ST\STM32CubeIDE_1.18.0\STM32CubeIDE\plugins\com.st.stm32cube.common.mx_6.14.0.202502271554
2025-07-24 23:45:36,290 [INFO] ThirdPartyUpdaterWithRetryManager:70 - Updater plugin not ready yet. [2/15]
2025-07-24 23:45:36,296 [ERROR] LogOutputStream:75 - [STDERR_REDIRECT] Jul 24, 2025 11:45:36 PM java.util.prefs.WindowsPreferences <init>
2025-07-24 23:45:36,297 [ERROR] LogOutputStream:75 - [STDERR_REDIRECT] WARNING: Could not open/create prefs root node Software\JavaSoft\Prefs at root 0xffffffff80000002. Windows RegCreateKeyEx(...) returned error code 5.
2025-07-24 23:45:36,297 [ERROR] LogOutputStream:75 - [STDERR_REDIRECT] 
2025-07-24 23:45:36,557 [INFO] MainUpdater:2872 - connection check result : 10
2025-07-24 23:45:36,558 [INFO] MainUpdater:289 - Updater Check For Update Now.
2025-07-24 23:45:36,558 [INFO] MicroXplorer:498 - Change Database Version : DB.6.0.140
2025-07-24 23:45:36,562 [INFO] McuFinderGlobals:63 - Set McuFinder mode to 2 (CubeIDE integrated)
2025-07-24 23:45:36,563 [INFO] UserAuth:486 - Internet connection configuration mode: 1
2025-07-24 23:45:36,587 [INFO] JxBrowserEngine:152 - Initiate JxBrowser Engine with user profile folder
2025-07-24 23:45:36,732 [INFO] CheckServerUpdateThread:120 - End of CheckServer Thread
2025-07-24 23:45:37,767 [INFO] WebApp:169 - Instantiating new browser for Auth
2025-07-24 23:45:38,639 [INFO] WebApp:463 - Apply proxy settings
2025-07-24 23:45:38,640 [INFO] WebApp:548 - Chromium requires no authentication
2025-07-24 23:45:38,665 [INFO] WebApp:491 - Direct internet connection detected
2025-07-24 23:45:38,724 [INFO] WebApp:894 - Register for checkConnection events
2025-07-24 23:45:38,724 [INFO] WebApp:463 - Apply proxy settings
2025-07-24 23:45:38,724 [INFO] WebApp:548 - Chromium requires no authentication
2025-07-24 23:45:38,724 [INFO] WebApp:491 - Direct internet connection detected
2025-07-24 23:45:38,956 [INFO] WebApp:191 - Connection restablished
2025-07-24 23:45:39,098 [INFO] WebApp:225 - Starting web application
2025-07-24 23:45:39,098 [INFO] WebApp:593 - Web application path used C:\ST\STM32CubeIDE_1.18.0\STM32CubeIDE\plugins\com.st.stm32cube.common.mx_6.14.0.202502271554\db\plugins\mcufinder\reactClient1\index.html
2025-07-24 23:45:39,202 [INFO] UserAuth:486 - Internet connection configuration mode: 1
2025-07-24 23:45:39,559 [WARN] PackLoader:240 - Cannot read IP mode file for STMicroelectronics.FP-SNS-MOTENVWB1.1.4.0
2025-07-24 23:45:39,567 [WARN] PackLoader:240 - Cannot read IP mode file for STMicroelectronics.FP-ATR-ASTRA1.2.0.2
2025-07-24 23:45:39,575 [WARN] PackLoader:240 - Cannot read IP mode file for STMicroelectronics.X-CUBE-SMBUS.2.1.0
2025-07-24 23:45:39,584 [WARN] PackLoader:240 - Cannot read IP mode file for STMicroelectronics.X-CUBE-WB05N.1.1.0
2025-07-24 23:45:39,590 [WARN] PackLoader:240 - Cannot read IP mode file for STMicroelectronics.X-CUBE-ST60.1.0.0
2025-07-24 23:45:39,626 [WARN] PackLoader:240 - Cannot read IP mode file for STMicroelectronics.X-CUBE-AZRTOS-F7.1.1.0
2025-07-24 23:45:39,634 [WARN] PackLoader:240 - Cannot read IP mode file for STMicroelectronics.FP-SNS-FLIGHT1.5.0.2
2025-07-24 23:45:39,659 [WARN] PackLoader:240 - Cannot read IP mode file for Infineon.AIROC-Wi-Fi-Bluetooth-STM32.1.7.0
2025-07-24 23:45:39,695 [WARN] PackLoader:240 - Cannot read IP mode file for STMicroelectronics.X-CUBE-AZRTOS-H7.3.4.0
2025-07-24 23:45:39,705 [WARN] PackLoader:240 - Cannot read IP mode file for STMicroelectronics.X-CUBE-DISPLAY.3.0.0
2025-07-24 23:45:39,714 [WARN] PackLoader:240 - Cannot read IP mode file for STMicroelectronics.X-CUBE-NFC10.1.0.0
2025-07-24 23:45:39,725 [WARN] PackLoader:240 - Cannot read IP mode file for STMicroelectronics.X-CUBE-BLEMGR.4.0.0
2025-07-24 23:45:39,732 [WARN] PackLoader:240 - Cannot read IP mode file for emotas.I-CUBE-CANOPEN.1.3.0
2025-07-24 23:45:39,737 [WARN] ConditionMgr:438 - getConditionDescription Invalid condition id : Cortex-A Device cause : null
2025-07-24 23:45:39,758 [WARN] ConditionMgr:1044 - genDependencies : Invalid condition id : Cortex-A Device cause : null
2025-07-24 23:45:39,759 [WARN] ConditionMgr:1044 - genDependencies : Invalid condition id : Cortex-A Device cause : null
2025-07-24 23:45:39,759 [WARN] ConditionMgr:1044 - genDependencies : Invalid condition id : Cortex-A Device cause : null
2025-07-24 23:45:39,764 [WARN] PackLoader:240 - Cannot read IP mode file for STMicroelectronics.X-CUBE-AI.10.0.0
2025-07-24 23:45:39,769 [WARN] PackLoader:240 - Cannot read IP mode file for STMicroelectronics.FP-SNS-SMARTAG2.1.2.0
2025-07-24 23:45:39,773 [WARN] PackLoader:240 - Cannot read IP mode file for STMicroelectronics.FP-SNS-FLIGHT1.5.1.0
2025-07-24 23:45:39,814 [WARN] PackLoader:240 - Cannot read IP mode file for STMicroelectronics.X-CUBE-MEMS1.11.1.0
2025-07-24 23:45:39,925 [INFO] LogOutputStream:77 - [STDOUT_REDIRECT] 1 : Invalid condition id : UX_CORESTACK_Condition cause : null
2025-07-24 23:45:39,925 [INFO] LogOutputStream:77 - [STDOUT_REDIRECT] 1 : Invalid condition id : UX_CORESTACK_Condition cause : null
2025-07-24 23:45:39,926 [INFO] LogOutputStream:77 - [STDOUT_REDIRECT] 1 : Invalid condition id : UX_CORESTACK_Condition cause : null
2025-07-24 23:45:39,927 [INFO] LogOutputStream:77 - [STDOUT_REDIRECT] 1 : Invalid condition id : UX_CORESTACK_Condition cause : null
2025-07-24 23:45:39,928 [INFO] LogOutputStream:77 - [STDOUT_REDIRECT] 1 : Invalid condition id : UX_CORESTACK_Condition cause : null
2025-07-24 23:45:39,938 [WARN] PackLoader:240 - Cannot read IP mode file for STMicroelectronics.X-CUBE-AZRTOS-WL.2.0.0
2025-07-24 23:45:39,946 [WARN] PackLoader:240 - Cannot read IP mode file for STMicroelectronics.FP-SNS-MOTENV1.5.0.0
2025-07-24 23:45:39,954 [WARN] PackLoader:240 - Cannot read IP mode file for WES.I-CUBE-Cesium.1.3.0
2025-07-24 23:45:39,960 [WARN] PackLoader:240 - Cannot read IP mode file for STMicroelectronics.X-CUBE-BLE2.3.3.0
2025-07-24 23:45:39,967 [WARN] PackLoader:240 - Cannot read IP mode file for STMicroelectronics.X-CUBE-NFC9.1.0.0
2025-07-24 23:45:39,978 [WARN] PackLoader:240 - Cannot read IP mode file for STMicroelectronics.X-CUBE-BLE1.7.1.0
2025-07-24 23:45:39,983 [WARN] PackLoader:240 - Cannot read IP mode file for wolfSSL.I-CUBE-wolfMQTT.1.19.2
2025-07-24 23:45:40,012 [WARN] PackLoader:240 - Cannot read IP mode file for STMicroelectronics.X-CUBE-EEPRMA1.5.2.0
2025-07-24 23:45:40,020 [WARN] PackLoader:240 - Cannot read IP mode file for STMicroelectronics.X-CUBE-AI.10.1.0
2025-07-24 23:45:40,061 [WARN] PackLoader:240 - Cannot read IP mode file for STMicroelectronics.X-CUBE-MEMS1.11.2.0
2025-07-24 23:45:40,154 [WARN] PackLoader:240 - Cannot read IP mode file for STMicroelectronics.X-CUBE-AZRTOS-G0.1.1.0
2025-07-24 23:45:40,160 [WARN] PackLoader:240 - Cannot read IP mode file for STMicroelectronics.X-CUBE-SAFEA1.1.2.2
2025-07-24 23:45:40,166 [WARN] PackLoader:240 - Cannot read IP mode file for STMicroelectronics.X-CUBE-NFC4.3.0.0
2025-07-24 23:45:40,173 [WARN] PackLoader:240 - Cannot read IP mode file for EmbeddedOffice.I-CUBE-FS-RTOS.1.0.1
2025-07-24 23:45:40,181 [WARN] PackLoader:240 - Cannot read IP mode file for STMicroelectronics.X-CUBE-WB05N.2.0.0
2025-07-24 23:45:40,184 [WARN] PackLoader:240 - Cannot read IP mode file for wolfSSL.I-CUBE-wolfTPM.3.8.0
2025-07-24 23:45:40,190 [WARN] PackLoader:240 - Cannot read IP mode file for STMicroelectronics.X-CUBE-TCPP.4.2.0
2025-07-24 23:45:40,196 [WARN] PackLoader:240 - Cannot read IP mode file for RealThread.X-CUBE-RT-Thread_Nano.4.1.1
2025-07-24 23:45:40,201 [WARN] PackLoader:240 - Cannot read IP mode file for STMicroelectronics.FP-ATR-SIGFOX1.3.2.0
2025-07-24 23:45:40,205 [WARN] PackLoader:240 - Cannot read IP mode file for STMicroelectronics.X-CUBE-EEPRMA1.5.1.0
2025-07-24 23:45:40,210 [WARN] PackLoader:240 - Cannot read IP mode file for wolfSSL.I-CUBE-wolfSSL.5.7.6
2025-07-24 23:45:40,216 [WARN] PackLoader:240 - Cannot read IP mode file for ITTIA_DB.I-CUBE-ITTIADB.8.9.0
2025-07-24 23:45:40,221 [WARN] PackLoader:240 - Cannot read IP mode file for STMicroelectronics.X-CUBE-ST67W61.1.0.0
2025-07-24 23:45:40,239 [WARN] PackLoader:240 - Cannot read IP mode file for SEGGER.I-CUBE-embOS.1.3.1
2025-07-24 23:45:40,264 [WARN] PackLoader:240 - Cannot read IP mode file for STMicroelectronics.X-CUBE-ALGOBUILD.1.4.0
2025-07-24 23:45:40,294 [WARN] PackLoader:240 - Cannot read IP mode file for STMicroelectronics.X-CUBE-MEMS1.11.3.0
2025-07-24 23:45:40,390 [WARN] PackLoader:240 - Cannot read IP mode file for STMicroelectronics.X-CUBE-PM33A1.1.0.0
2025-07-24 23:45:40,405 [WARN] PackLoader:240 - Cannot read IP mode file for STMicroelectronics.X-CUBE-AZRTOS-F4.1.1.0
2025-07-24 23:45:40,411 [WARN] PackLoader:240 - Cannot read IP mode file for Avnet-IotConnect.X-CUBE-IoTC-DA16k-PMOD.1.0.0
2025-07-24 23:45:40,414 [WARN] PackLoader:240 - Cannot read IP mode file for STMicroelectronics.X-CUBE-ISPU.2.1.0
2025-07-24 23:45:40,420 [WARN] PackLoader:240 - Cannot read IP mode file for STMicroelectronics.X-CUBE-NFC12.1.0.0
2025-07-24 23:45:40,432 [WARN] PackLoader:240 - Cannot read IP mode file for STMicroelectronics.X-CUBE-AZRTOS-L5.2.0.0
2025-07-24 23:45:40,439 [WARN] PackLoader:240 - Cannot read IP mode file for STMicroelectronics.X-CUBE-NFC6.3.1.0
2025-07-24 23:45:40,445 [WARN] PackLoader:240 - Cannot read IP mode file for STMicroelectronics.X-CUBE-DPower.1.2.0
2025-07-24 23:45:40,450 [WARN] PackLoader:240 - Cannot read IP mode file for STMicroelectronics.X-CUBE-FREERTOS.1.3.1
2025-07-24 23:45:40,454 [WARN] PackLoader:240 - Cannot read IP mode file for STMicroelectronics.X-CUBE-FREERTOS.1.3.0
2025-07-24 23:45:40,458 [WARN] PackLoader:240 - Cannot read IP mode file for STMicroelectronics.X-CUBE-NFC7.1.0.1
2025-07-24 23:45:40,463 [WARN] PackLoader:240 - Cannot read IP mode file for STMicroelectronics.FP-SNS-STAIOTCFT.1.0.0
2025-07-24 23:45:40,468 [WARN] PackLoader:240 - Cannot read IP mode file for STMicroelectronics.X-CUBE-DPower.1.3.0
2025-07-24 23:45:40,480 [WARN] ConditionMgr:438 - getConditionDescription Invalid condition id : LAN8742 Phy interface Condition cause : null
2025-07-24 23:45:40,481 [WARN] PackLoader:240 - Cannot read IP mode file for STMicroelectronics.X-CUBE-AZRTOS-L4.2.0.0
2025-07-24 23:45:40,481 [WARN] ConditionMgr:1044 - genDependencies : Invalid condition id : LAN8742 Phy interface Condition cause : null
2025-07-24 23:45:40,481 [WARN] ConditionMgr:1044 - genDependencies : Invalid condition id : LAN8742 Phy interface Condition cause : null
2025-07-24 23:45:40,482 [WARN] ConditionMgr:1044 - genDependencies : Invalid condition id : LAN8742 Phy interface Condition cause : null
2025-07-24 23:45:40,487 [WARN] PackLoader:240 - Cannot read IP mode file for STMicroelectronics.X-CUBE-SFXS2LP1.4.0.0
2025-07-24 23:45:40,503 [WARN] PackLoader:240 - Cannot read IP mode file for STMicroelectronics.X-CUBE-AZRTOS-H7.3.3.0
2025-07-24 23:45:40,512 [WARN] PackLoader:240 - Cannot read IP mode file for STMicroelectronics.X-CUBE-BLEMGR.4.1.0
2025-07-24 23:45:40,523 [WARN] ConditionMgr:438 - getConditionDescription Invalid condition id : UX DEVICE CLASS RTOS Condition cause : null
2025-07-24 23:45:40,523 [WARN] ConditionMgr:438 - getConditionDescription Invalid condition id : UX DEVICE CLASS RTOS Condition cause : null
2025-07-24 23:45:40,524 [WARN] PackLoader:240 - Cannot read IP mode file for STMicroelectronics.X-CUBE-AZRTOS-WB.2.0.0
2025-07-24 23:45:40,529 [WARN] ConditionMgr:1044 - genDependencies : Invalid condition id : UX DEVICE CLASS RTOS Condition cause : null
2025-07-24 23:45:40,530 [WARN] ConditionMgr:1044 - genDependencies : Invalid condition id : UX DEVICE CLASS RTOS Condition cause : null
2025-07-24 23:45:40,530 [WARN] ConditionMgr:1044 - genDependencies : Invalid condition id : UX DEVICE CLASS RTOS Condition cause : null
2025-07-24 23:45:40,530 [WARN] ConditionMgr:1044 - genDependencies : Invalid condition id : UX DEVICE CLASS RTOS Condition cause : null
2025-07-24 23:45:40,530 [WARN] ConditionMgr:1044 - genDependencies : Invalid condition id : UX DEVICE CLASS RTOS Condition cause : null
2025-07-24 23:45:40,537 [WARN] PackLoader:240 - Cannot read IP mode file for STMicroelectronics.X-CUBE-GNSS1.7.0.1
2025-07-24 23:45:40,543 [WARN] PackLoader:240 - Cannot read IP mode file for STMicroelectronics.X-CUBE-TOUCHGFX.4.25.0
2025-07-24 23:45:40,550 [WARN] PackLoader:240 - Cannot read IP mode file for STMicroelectronics.FP-SNS-STBOX1.2.0.0
2025-07-24 23:45:40,563 [WARN] PackLoader:240 - Cannot read IP mode file for STMicroelectronics.X-CUBE-SUBG2.5.0.0
2025-07-24 23:45:40,592 [WARN] PackLoader:240 - Cannot read IP mode file for STMicroelectronics.X-CUBE-AZRTOS-H7RS.1.1.0
2025-07-24 23:45:40,598 [WARN] PackLoader:240 - Cannot read IP mode file for Cesanta.I-CUBE-Mongoose.7.13.0
2025-07-24 23:45:40,612 [WARN] PackLoader:240 - Cannot read IP mode file for STMicroelectronics.X-CUBE-AZRTOS-G4.2.0.0
2025-07-24 23:45:40,617 [WARN] PackLoader:240 - Cannot read IP mode file for wolfSSL.I-CUBE-wolfSSH.1.4.20
2025-07-24 23:45:40,620 [WARN] PackLoader:240 - Cannot read IP mode file for STMicroelectronics.X-CUBE-NFC7.2.0.0
2025-07-24 23:45:40,630 [WARN] PackLoader:240 - Cannot read IP mode file for STMicroelectronics.X-CUBE-IPS.3.1.0
2025-07-24 23:45:40,638 [WARN] PackLoader:240 - Cannot read IP mode file for STMicroelectronics.X-CUBE-ALS.1.0.2
2025-07-24 23:45:40,640 [WARN] PackLoader:240 - Cannot read IP mode file for STMicroelectronics.X-CUBE-TOUCHGFX.4.24.2
2025-07-24 23:45:40,646 [WARN] PackLoader:240 - Cannot read IP mode file for portGmbH.I-Cube-SoM-uGOAL.1.1.0
2025-07-24 23:45:40,660 [WARN] PackLoader:240 - Cannot read IP mode file for STMicroelectronics.X-CUBE-AZRTOS-H7RS.1.0.0
2025-07-24 23:45:40,669 [WARN] PackLoader:240 - Cannot read IP mode file for STMicroelectronics.X-CUBE-TOF1.3.4.2
2025-07-24 23:45:40,682 [WARN] PackLoader:240 - Cannot read IP mode file for STMicroelectronics.X-CUBE-TOF1.3.4.3
2025-07-24 23:45:40,689 [INFO] ThirdParty:978 - Integrity check success = true
2025-07-24 23:45:40,689 [INFO] IntegrityCheckThread:100 - exiting critical section [integrity check]
2025-07-24 23:45:40,689 [INFO] IntegrityCheckThread:103 - End integrity checks thread
2025-07-24 23:46:02,734 [ERROR] LogOutputStream:75 - [STDERR_REDIRECT] 
2025-07-24 23:46:02,737 [ERROR] LogOutputStream:75 - [STDERR_REDIRECT] 
