2025-06-08 01:53:44,027 [INFO] UtilMem:75 - End SaveConfig() Used Memory: 994357144 Bytes (1073741824)
2025-06-08 01:53:47,309 [INFO] UtilMem:75 - End SaveConfig() Used Memory: 728933328 Bytes (1073741824)
2025-06-08 01:53:48,152 [INFO] UtilMem:75 - End SaveConfig() Used Memory: 780806544 Bytes (1073741824)
2025-06-08 01:53:48,638 [INFO] BlockDiagram:2775 - set Specific Code input for plugin: SPI
2025-06-08 01:53:48,639 [INFO] BlockDiagram:2775 - set Specific Code input for plugin: FREERTOS
2025-06-08 01:53:48,639 [INFO] BlockDiagram:2775 - set Specific Code input for plugin: RCC
2025-06-08 01:53:48,639 [INFO] BlockDiagram:2775 - set Specific Code input for plugin: I2C
2025-06-08 01:53:48,639 [INFO] BlockDiagram:2775 - set Specific Code input for plugin: TIM1_8H7
2025-06-08 01:53:48,639 [INFO] BlockDiagram:2775 - set Specific Code input for plugin: TIM1_8H7
2025-06-08 01:53:48,639 [INFO] BlockDiagram:2775 - set Specific Code input for plugin: MEMORYMAP
2025-06-08 01:53:48,639 [INFO] BlockDiagram:2775 - set Specific Code input for plugin: TIM1_8H7
2025-06-08 01:53:48,639 [INFO] BlockDiagram:2775 - set Specific Code input for plugin: TIM1_8H7
2025-06-08 01:53:48,639 [INFO] BlockDiagram:2775 - set Specific Code input for plugin: TIM1_8H7
2025-06-08 01:53:48,640 [INFO] BlockDiagram:2775 - set Specific Code input for plugin: ADC
2025-06-08 01:53:48,640 [INFO] BlockDiagram:2775 - set Specific Code input for plugin: SYS
2025-06-08 01:53:48,640 [INFO] BlockDiagram:2775 - set Specific Code input for plugin: ADC
2025-06-08 01:53:48,640 [INFO] BlockDiagram:2775 - set Specific Code input for plugin: NVIC
2025-06-08 01:53:48,640 [INFO] BlockDiagram:2775 - set Specific Code input for plugin: DMA
2025-06-08 01:53:48,640 [INFO] BlockDiagram:2775 - set Specific Code input for plugin: VREFBUF
2025-06-08 01:53:48,640 [INFO] BlockDiagram:2775 - set Specific Code input for plugin: UART
2025-06-08 01:53:48,640 [INFO] BlockDiagram:2775 - set Specific Code input for plugin: UART
2025-06-08 01:53:48,640 [INFO] BlockDiagram:2775 - set Specific Code input for plugin: DEBUG
2025-06-08 01:53:48,641 [INFO] BlockDiagram:2775 - set Specific Code input for plugin: GPIO
2025-06-08 01:53:48,642 [INFO] CodeGenerator:882 - code generatio: config db path: C:\ST\STM32CubeIDE_1.18.0\STM32CubeIDE\plugins\com.st.stm32cube.common.mx_6.14.0.202502271554\\db\
2025-06-08 01:53:48,733 [INFO] Argument:325 - Argument : hdmavalue: null
2025-06-08 01:53:48,733 [INFO] Argument:327 - 	 sub Args: 
2025-06-08 01:53:48,734 [INFO] Argument:325 - Argument : Instancevalue: DMA1_Stream0
2025-06-08 01:53:48,734 [INFO] Argument:335 - Argument : Instancevalue: DMA1_Stream0
2025-06-08 01:53:48,734 [INFO] Argument:325 - Argument : Initvalue: null
2025-06-08 01:53:48,734 [INFO] Argument:327 - 	 sub Args: 
2025-06-08 01:53:48,734 [INFO] Argument:325 - Argument : Requestvalue: DMA_REQUEST_TIM3_CH1
2025-06-08 01:53:48,734 [INFO] Argument:335 - Argument : Requestvalue: DMA_REQUEST_TIM3_CH1
2025-06-08 01:53:48,734 [INFO] Argument:325 - Argument : Directionvalue: DMA_MEMORY_TO_PERIPH
2025-06-08 01:53:48,734 [INFO] Argument:335 - Argument : Directionvalue: DMA_MEMORY_TO_PERIPH
2025-06-08 01:53:48,735 [INFO] Argument:325 - Argument : PeriphIncvalue: DMA_PINC_DISABLE
2025-06-08 01:53:48,735 [INFO] Argument:335 - Argument : PeriphIncvalue: DMA_PINC_DISABLE
2025-06-08 01:53:48,735 [INFO] Argument:325 - Argument : MemIncvalue: DMA_MINC_ENABLE
2025-06-08 01:53:48,735 [INFO] Argument:335 - Argument : MemIncvalue: DMA_MINC_ENABLE
2025-06-08 01:53:48,735 [INFO] Argument:325 - Argument : PeriphDataAlignmentvalue: DMA_PDATAALIGN_HALFWORD
2025-06-08 01:53:48,735 [INFO] Argument:335 - Argument : PeriphDataAlignmentvalue: DMA_PDATAALIGN_HALFWORD
2025-06-08 01:53:48,735 [INFO] Argument:325 - Argument : MemDataAlignmentvalue: DMA_MDATAALIGN_HALFWORD
2025-06-08 01:53:48,735 [INFO] Argument:335 - Argument : MemDataAlignmentvalue: DMA_MDATAALIGN_HALFWORD
2025-06-08 01:53:48,735 [INFO] Argument:325 - Argument : Modevalue: DMA_NORMAL
2025-06-08 01:53:48,735 [INFO] Argument:335 - Argument : Modevalue: DMA_NORMAL
2025-06-08 01:53:48,735 [INFO] Argument:325 - Argument : Priorityvalue: DMA_PRIORITY_HIGH
2025-06-08 01:53:48,735 [INFO] Argument:335 - Argument : Priorityvalue: DMA_PRIORITY_HIGH
2025-06-08 01:53:48,736 [INFO] Argument:325 - Argument : FIFOModevalue: DMA_FIFOMODE_DISABLE
2025-06-08 01:53:48,736 [INFO] Argument:335 - Argument : FIFOModevalue: DMA_FIFOMODE_DISABLE
2025-06-08 01:53:48,736 [INFO] Argument:325 - Argument : FIFOThresholdvalue: null
2025-06-08 01:53:48,736 [INFO] Argument:335 - Argument : FIFOThresholdvalue: null
2025-06-08 01:53:48,736 [INFO] Argument:325 - Argument : MemBurstvalue: null
2025-06-08 01:53:48,736 [INFO] Argument:335 - Argument : MemBurstvalue: null
2025-06-08 01:53:48,736 [INFO] Argument:325 - Argument : PeriphBurstvalue: null
2025-06-08 01:53:48,736 [INFO] Argument:335 - Argument : PeriphBurstvalue: null
2025-06-08 01:53:48,736 [INFO] Argument:325 - Argument : Lockvalue: null
2025-06-08 01:53:48,736 [INFO] Argument:335 - Argument : Lockvalue: null
2025-06-08 01:53:48,736 [INFO] Argument:325 - Argument : Statevalue: null
2025-06-08 01:53:48,736 [INFO] Argument:335 - Argument : Statevalue: null
2025-06-08 01:53:48,736 [INFO] Argument:325 - Argument : Parentvalue: null
2025-06-08 01:53:48,736 [INFO] Argument:335 - Argument : Parentvalue: null
2025-06-08 01:53:48,736 [INFO] Argument:325 - Argument : XferCpltCallbackvalue: null
2025-06-08 01:53:48,737 [INFO] Argument:335 - Argument : XferCpltCallbackvalue: null
2025-06-08 01:53:48,737 [INFO] Argument:325 - Argument : XferHalfCpltCallbackvalue: null
2025-06-08 01:53:48,737 [INFO] Argument:335 - Argument : XferHalfCpltCallbackvalue: null
2025-06-08 01:53:48,737 [INFO] Argument:325 - Argument : XferM1CpltCallbackvalue: null
2025-06-08 01:53:48,737 [INFO] Argument:335 - Argument : XferM1CpltCallbackvalue: null
2025-06-08 01:53:48,737 [INFO] Argument:325 - Argument : XferM1HalfCpltCallbackvalue: null
2025-06-08 01:53:48,737 [INFO] Argument:335 - Argument : XferM1HalfCpltCallbackvalue: null
2025-06-08 01:53:48,737 [INFO] Argument:325 - Argument : XferErrorCallbackvalue: null
2025-06-08 01:53:48,737 [INFO] Argument:335 - Argument : XferErrorCallbackvalue: null
2025-06-08 01:53:48,737 [INFO] Argument:325 - Argument : XferAbortCallbackvalue: null
2025-06-08 01:53:48,737 [INFO] Argument:335 - Argument : XferAbortCallbackvalue: null
2025-06-08 01:53:48,737 [INFO] Argument:325 - Argument : ErrorCodevalue: null
2025-06-08 01:53:48,737 [INFO] Argument:335 - Argument : ErrorCodevalue: null
2025-06-08 01:53:48,737 [INFO] Argument:325 - Argument : StreamBaseAddressvalue: null
2025-06-08 01:53:48,738 [INFO] Argument:335 - Argument : StreamBaseAddressvalue: null
2025-06-08 01:53:48,738 [INFO] Argument:325 - Argument : StreamIndexvalue: null
2025-06-08 01:53:48,738 [INFO] Argument:335 - Argument : StreamIndexvalue: null
2025-06-08 01:53:48,739 [INFO] Argument:325 - Argument : hdmavalue: null
2025-06-08 01:53:48,739 [INFO] Argument:327 - 	 sub Args: 
2025-06-08 01:53:48,739 [INFO] Argument:325 - Argument : Instancevalue: DMA1_Stream1
2025-06-08 01:53:48,739 [INFO] Argument:335 - Argument : Instancevalue: DMA1_Stream1
2025-06-08 01:53:48,739 [INFO] Argument:325 - Argument : Initvalue: null
2025-06-08 01:53:48,739 [INFO] Argument:327 - 	 sub Args: 
2025-06-08 01:53:48,739 [INFO] Argument:325 - Argument : Requestvalue: DMA_REQUEST_TIM3_CH2
2025-06-08 01:53:48,739 [INFO] Argument:335 - Argument : Requestvalue: DMA_REQUEST_TIM3_CH2
2025-06-08 01:53:48,739 [INFO] Argument:325 - Argument : Directionvalue: DMA_MEMORY_TO_PERIPH
2025-06-08 01:53:48,739 [INFO] Argument:335 - Argument : Directionvalue: DMA_MEMORY_TO_PERIPH
2025-06-08 01:53:48,739 [INFO] Argument:325 - Argument : PeriphIncvalue: DMA_PINC_DISABLE
2025-06-08 01:53:48,739 [INFO] Argument:335 - Argument : PeriphIncvalue: DMA_PINC_DISABLE
2025-06-08 01:53:48,739 [INFO] Argument:325 - Argument : MemIncvalue: DMA_MINC_ENABLE
2025-06-08 01:53:48,739 [INFO] Argument:335 - Argument : MemIncvalue: DMA_MINC_ENABLE
2025-06-08 01:53:48,739 [INFO] Argument:325 - Argument : PeriphDataAlignmentvalue: DMA_PDATAALIGN_HALFWORD
2025-06-08 01:53:48,739 [INFO] Argument:335 - Argument : PeriphDataAlignmentvalue: DMA_PDATAALIGN_HALFWORD
2025-06-08 01:53:48,739 [INFO] Argument:325 - Argument : MemDataAlignmentvalue: DMA_MDATAALIGN_HALFWORD
2025-06-08 01:53:48,740 [INFO] Argument:335 - Argument : MemDataAlignmentvalue: DMA_MDATAALIGN_HALFWORD
2025-06-08 01:53:48,740 [INFO] Argument:325 - Argument : Modevalue: DMA_NORMAL
2025-06-08 01:53:48,740 [INFO] Argument:335 - Argument : Modevalue: DMA_NORMAL
2025-06-08 01:53:48,740 [INFO] Argument:325 - Argument : Priorityvalue: DMA_PRIORITY_HIGH
2025-06-08 01:53:48,740 [INFO] Argument:335 - Argument : Priorityvalue: DMA_PRIORITY_HIGH
2025-06-08 01:53:48,740 [INFO] Argument:325 - Argument : FIFOModevalue: DMA_FIFOMODE_DISABLE
2025-06-08 01:53:48,740 [INFO] Argument:335 - Argument : FIFOModevalue: DMA_FIFOMODE_DISABLE
2025-06-08 01:53:48,740 [INFO] Argument:325 - Argument : FIFOThresholdvalue: null
2025-06-08 01:53:48,740 [INFO] Argument:335 - Argument : FIFOThresholdvalue: null
2025-06-08 01:53:48,740 [INFO] Argument:325 - Argument : MemBurstvalue: null
2025-06-08 01:53:48,740 [INFO] Argument:335 - Argument : MemBurstvalue: null
2025-06-08 01:53:48,740 [INFO] Argument:325 - Argument : PeriphBurstvalue: null
2025-06-08 01:53:48,740 [INFO] Argument:335 - Argument : PeriphBurstvalue: null
2025-06-08 01:53:48,741 [INFO] Argument:325 - Argument : Lockvalue: null
2025-06-08 01:53:48,741 [INFO] Argument:335 - Argument : Lockvalue: null
2025-06-08 01:53:48,741 [INFO] Argument:325 - Argument : Statevalue: null
2025-06-08 01:53:48,741 [INFO] Argument:335 - Argument : Statevalue: null
2025-06-08 01:53:48,741 [INFO] Argument:325 - Argument : Parentvalue: null
2025-06-08 01:53:48,741 [INFO] Argument:335 - Argument : Parentvalue: null
2025-06-08 01:53:48,741 [INFO] Argument:325 - Argument : XferCpltCallbackvalue: null
2025-06-08 01:53:48,741 [INFO] Argument:335 - Argument : XferCpltCallbackvalue: null
2025-06-08 01:53:48,741 [INFO] Argument:325 - Argument : XferHalfCpltCallbackvalue: null
2025-06-08 01:53:48,741 [INFO] Argument:335 - Argument : XferHalfCpltCallbackvalue: null
2025-06-08 01:53:48,741 [INFO] Argument:325 - Argument : XferM1CpltCallbackvalue: null
2025-06-08 01:53:48,741 [INFO] Argument:335 - Argument : XferM1CpltCallbackvalue: null
2025-06-08 01:53:48,741 [INFO] Argument:325 - Argument : XferM1HalfCpltCallbackvalue: null
2025-06-08 01:53:48,741 [INFO] Argument:335 - Argument : XferM1HalfCpltCallbackvalue: null
2025-06-08 01:53:48,741 [INFO] Argument:325 - Argument : XferErrorCallbackvalue: null
2025-06-08 01:53:48,741 [INFO] Argument:335 - Argument : XferErrorCallbackvalue: null
2025-06-08 01:53:48,741 [INFO] Argument:325 - Argument : XferAbortCallbackvalue: null
2025-06-08 01:53:48,742 [INFO] Argument:335 - Argument : XferAbortCallbackvalue: null
2025-06-08 01:53:48,742 [INFO] Argument:325 - Argument : ErrorCodevalue: null
2025-06-08 01:53:48,742 [INFO] Argument:335 - Argument : ErrorCodevalue: null
2025-06-08 01:53:48,742 [INFO] Argument:325 - Argument : StreamBaseAddressvalue: null
2025-06-08 01:53:48,742 [INFO] Argument:335 - Argument : StreamBaseAddressvalue: null
2025-06-08 01:53:48,742 [INFO] Argument:325 - Argument : StreamIndexvalue: null
2025-06-08 01:53:48,742 [INFO] Argument:335 - Argument : StreamIndexvalue: null
2025-06-08 01:53:49,150 [INFO] CodeEngine:263 - oldGeneratedFile, C:\Users\marcv\Desktop\X1-Thorn\1_Code\3_STM32\0_workspace\X1_Thorn_v3\MXTmpFiles\license.tmp_save
2025-06-08 01:53:49,364 [INFO] CodeEngine:287 - Generated code: C:\Users\marcv\Desktop\X1-Thorn\1_Code\3_STM32\0_workspace\X1_Thorn_v3\MXTmpFiles\license.tmp
2025-06-08 01:53:49,503 [INFO] CodeEngine:263 - oldGeneratedFile, C:\Users\marcv\Desktop\X1-Thorn\1_Code\3_STM32\0_workspace\X1_Thorn_v3\Core\Src\gpio.c_save
2025-06-08 01:53:49,654 [INFO] CodeEngine:287 - Generated code: C:\Users\marcv\Desktop\X1-Thorn\1_Code\3_STM32\0_workspace\X1_Thorn_v3\Core\Src\gpio.c
2025-06-08 01:53:49,679 [INFO] CodeEngine:263 - oldGeneratedFile, C:\Users\marcv\Desktop\X1-Thorn\1_Code\3_STM32\0_workspace\X1_Thorn_v3\Core\Inc\gpio.h_save
2025-06-08 01:53:49,786 [INFO] CodeEngine:287 - Generated code: C:\Users\marcv\Desktop\X1-Thorn\1_Code\3_STM32\0_workspace\X1_Thorn_v3\Core\Inc\gpio.h
2025-06-08 01:53:50,046 [WARN] IPConfigManager:103 - WARNING: Missing Config File for DEBUG ip!!
2025-06-08 01:53:50,457 [WARN] IPConfigManager:103 - WARNING: Missing Config File for MEMORYMAP ip!!
2025-06-08 01:53:51,506 [INFO] Middleware:1452 - No code input for Bsp Dependency
2025-06-08 01:53:51,522 [INFO] CodeEngine:263 - oldGeneratedFile, C:\Users\marcv\Desktop\X1-Thorn\1_Code\3_STM32\0_workspace\X1_Thorn_v3\MXTmpFiles\rtos_inc.tmp_save
2025-06-08 01:53:51,614 [INFO] CodeEngine:287 - Generated code: C:\Users\marcv\Desktop\X1-Thorn\1_Code\3_STM32\0_workspace\X1_Thorn_v3\MXTmpFiles\rtos_inc.tmp
2025-06-08 01:53:51,626 [INFO] CodeEngine:263 - oldGeneratedFile, C:\Users\marcv\Desktop\X1-Thorn\1_Code\3_STM32\0_workspace\X1_Thorn_v3\MXTmpFiles\rtos_kernelInit.tmp_save
2025-06-08 01:53:51,708 [INFO] CodeEngine:287 - Generated code: C:\Users\marcv\Desktop\X1-Thorn\1_Code\3_STM32\0_workspace\X1_Thorn_v3\MXTmpFiles\rtos_kernelInit.tmp
2025-06-08 01:53:51,722 [INFO] CodeEngine:263 - oldGeneratedFile, C:\Users\marcv\Desktop\X1-Thorn\1_Code\3_STM32\0_workspace\X1_Thorn_v3\MXTmpFiles\rtos_kernelStart.tmp_save
2025-06-08 01:53:51,809 [INFO] CodeEngine:287 - Generated code: C:\Users\marcv\Desktop\X1-Thorn\1_Code\3_STM32\0_workspace\X1_Thorn_v3\MXTmpFiles\rtos_kernelStart.tmp
2025-06-08 01:53:51,823 [INFO] CodeEngine:263 - oldGeneratedFile, C:\Users\marcv\Desktop\X1-Thorn\1_Code\3_STM32\0_workspace\X1_Thorn_v3\MXTmpFiles\rtos_typedefs.tmp_save
2025-06-08 01:53:51,926 [INFO] CodeEngine:287 - Generated code: C:\Users\marcv\Desktop\X1-Thorn\1_Code\3_STM32\0_workspace\X1_Thorn_v3\MXTmpFiles\rtos_typedefs.tmp
2025-06-08 01:53:51,943 [INFO] CodeEngine:263 - oldGeneratedFile, C:\Users\marcv\Desktop\X1-Thorn\1_Code\3_STM32\0_workspace\X1_Thorn_v3\MXTmpFiles\rtos_vars.tmp_save
2025-06-08 01:53:52,024 [INFO] CodeEngine:287 - Generated code: C:\Users\marcv\Desktop\X1-Thorn\1_Code\3_STM32\0_workspace\X1_Thorn_v3\MXTmpFiles\rtos_vars.tmp
2025-06-08 01:53:52,039 [INFO] CodeEngine:263 - oldGeneratedFile, C:\Users\marcv\Desktop\X1-Thorn\1_Code\3_STM32\0_workspace\X1_Thorn_v3\MXTmpFiles\rtos_pfp.tmp_save
2025-06-08 01:53:52,116 [INFO] CodeEngine:287 - Generated code: C:\Users\marcv\Desktop\X1-Thorn\1_Code\3_STM32\0_workspace\X1_Thorn_v3\MXTmpFiles\rtos_pfp.tmp
2025-06-08 01:53:52,132 [INFO] CodeEngine:263 - oldGeneratedFile, C:\Users\marcv\Desktop\X1-Thorn\1_Code\3_STM32\0_workspace\X1_Thorn_v3\MXTmpFiles\rtos_obj_creat.tmp_save
2025-06-08 01:53:52,215 [INFO] CodeEngine:287 - Generated code: C:\Users\marcv\Desktop\X1-Thorn\1_Code\3_STM32\0_workspace\X1_Thorn_v3\MXTmpFiles\rtos_obj_creat.tmp
2025-06-08 01:53:52,231 [INFO] CodeEngine:263 - oldGeneratedFile, C:\Users\marcv\Desktop\X1-Thorn\1_Code\3_STM32\0_workspace\X1_Thorn_v3\MXTmpFiles\rtos_default_thread.tmp_save
2025-06-08 01:53:52,308 [INFO] CodeEngine:287 - Generated code: C:\Users\marcv\Desktop\X1-Thorn\1_Code\3_STM32\0_workspace\X1_Thorn_v3\MXTmpFiles\rtos_default_thread.tmp
2025-06-08 01:53:52,323 [INFO] CodeEngine:263 - oldGeneratedFile, C:\Users\marcv\Desktop\X1-Thorn\1_Code\3_STM32\0_workspace\X1_Thorn_v3\MXTmpFiles\rtos_threads.tmp_save
2025-06-08 01:53:52,386 [INFO] CodeEngine:287 - Generated code: C:\Users\marcv\Desktop\X1-Thorn\1_Code\3_STM32\0_workspace\X1_Thorn_v3\MXTmpFiles\rtos_threads.tmp
2025-06-08 01:53:52,420 [INFO] Middleware:1452 - No code input for Bsp Dependency
2025-06-08 01:53:52,432 [INFO] CodeEngine:263 - oldGeneratedFile, C:\Users\marcv\Desktop\X1-Thorn\1_Code\3_STM32\0_workspace\X1_Thorn_v3\MXTmpFiles\rtos_inc.tmp_save
2025-06-08 01:53:52,514 [INFO] CodeEngine:287 - Generated code: C:\Users\marcv\Desktop\X1-Thorn\1_Code\3_STM32\0_workspace\X1_Thorn_v3\MXTmpFiles\rtos_inc.tmp
2025-06-08 01:53:52,521 [INFO] CodeEngine:263 - oldGeneratedFile, C:\Users\marcv\Desktop\X1-Thorn\1_Code\3_STM32\0_workspace\X1_Thorn_v3\MXTmpFiles\rtos_kernelInit.tmp_save
2025-06-08 01:53:52,574 [INFO] CodeEngine:287 - Generated code: C:\Users\marcv\Desktop\X1-Thorn\1_Code\3_STM32\0_workspace\X1_Thorn_v3\MXTmpFiles\rtos_kernelInit.tmp
2025-06-08 01:53:52,580 [INFO] CodeEngine:263 - oldGeneratedFile, C:\Users\marcv\Desktop\X1-Thorn\1_Code\3_STM32\0_workspace\X1_Thorn_v3\MXTmpFiles\rtos_kernelStart.tmp_save
2025-06-08 01:53:52,634 [INFO] CodeEngine:287 - Generated code: C:\Users\marcv\Desktop\X1-Thorn\1_Code\3_STM32\0_workspace\X1_Thorn_v3\MXTmpFiles\rtos_kernelStart.tmp
2025-06-08 01:53:52,641 [INFO] CodeEngine:263 - oldGeneratedFile, C:\Users\marcv\Desktop\X1-Thorn\1_Code\3_STM32\0_workspace\X1_Thorn_v3\MXTmpFiles\rtos_typedefs.tmp_save
2025-06-08 01:53:52,702 [INFO] CodeEngine:287 - Generated code: C:\Users\marcv\Desktop\X1-Thorn\1_Code\3_STM32\0_workspace\X1_Thorn_v3\MXTmpFiles\rtos_typedefs.tmp
2025-06-08 01:53:52,719 [INFO] CodeEngine:263 - oldGeneratedFile, C:\Users\marcv\Desktop\X1-Thorn\1_Code\3_STM32\0_workspace\X1_Thorn_v3\MXTmpFiles\rtos_vars.tmp_save
2025-06-08 01:53:52,781 [INFO] CodeEngine:287 - Generated code: C:\Users\marcv\Desktop\X1-Thorn\1_Code\3_STM32\0_workspace\X1_Thorn_v3\MXTmpFiles\rtos_vars.tmp
2025-06-08 01:53:52,790 [INFO] CodeEngine:263 - oldGeneratedFile, C:\Users\marcv\Desktop\X1-Thorn\1_Code\3_STM32\0_workspace\X1_Thorn_v3\MXTmpFiles\rtos_pfp.tmp_save
2025-06-08 01:53:52,851 [INFO] CodeEngine:287 - Generated code: C:\Users\marcv\Desktop\X1-Thorn\1_Code\3_STM32\0_workspace\X1_Thorn_v3\MXTmpFiles\rtos_pfp.tmp
2025-06-08 01:53:52,872 [INFO] CodeEngine:263 - oldGeneratedFile, C:\Users\marcv\Desktop\X1-Thorn\1_Code\3_STM32\0_workspace\X1_Thorn_v3\MXTmpFiles\rtos_obj_creat.tmp_save
2025-06-08 01:53:52,955 [INFO] CodeEngine:287 - Generated code: C:\Users\marcv\Desktop\X1-Thorn\1_Code\3_STM32\0_workspace\X1_Thorn_v3\MXTmpFiles\rtos_obj_creat.tmp
2025-06-08 01:53:52,964 [INFO] CodeEngine:263 - oldGeneratedFile, C:\Users\marcv\Desktop\X1-Thorn\1_Code\3_STM32\0_workspace\X1_Thorn_v3\MXTmpFiles\rtos_default_thread.tmp_save
2025-06-08 01:53:53,037 [INFO] CodeEngine:287 - Generated code: C:\Users\marcv\Desktop\X1-Thorn\1_Code\3_STM32\0_workspace\X1_Thorn_v3\MXTmpFiles\rtos_default_thread.tmp
2025-06-08 01:53:53,047 [INFO] CodeEngine:263 - oldGeneratedFile, C:\Users\marcv\Desktop\X1-Thorn\1_Code\3_STM32\0_workspace\X1_Thorn_v3\MXTmpFiles\rtos_threads.tmp_save
2025-06-08 01:53:53,122 [INFO] CodeEngine:287 - Generated code: C:\Users\marcv\Desktop\X1-Thorn\1_Code\3_STM32\0_workspace\X1_Thorn_v3\MXTmpFiles\rtos_threads.tmp
2025-06-08 01:53:53,155 [INFO] CodeEngine:263 - oldGeneratedFile, C:\Users\marcv\Desktop\X1-Thorn\1_Code\3_STM32\0_workspace\X1_Thorn_v3\Core\Inc\FreeRTOSConfig.h_save
2025-06-08 01:53:53,292 [INFO] CodeEngine:287 - Generated code: C:\Users\marcv\Desktop\X1-Thorn\1_Code\3_STM32\0_workspace\X1_Thorn_v3\Core\Inc\FreeRTOSConfig.h
2025-06-08 01:53:53,476 [INFO] CodeEngine:263 - oldGeneratedFile, C:\Users\marcv\Desktop\X1-Thorn\1_Code\3_STM32\0_workspace\X1_Thorn_v3\Core\Src\freertos.c_save
2025-06-08 01:53:53,624 [INFO] CodeEngine:287 - Generated code: C:\Users\marcv\Desktop\X1-Thorn\1_Code\3_STM32\0_workspace\X1_Thorn_v3\Core\Src\freertos.c
2025-06-08 01:53:53,665 [INFO] CodeEngine:263 - oldGeneratedFile, C:\Users\marcv\Desktop\X1-Thorn\1_Code\3_STM32\0_workspace\X1_Thorn_v3\Core\Src\adc.c_save
2025-06-08 01:53:53,825 [INFO] CodeEngine:287 - Generated code: C:\Users\marcv\Desktop\X1-Thorn\1_Code\3_STM32\0_workspace\X1_Thorn_v3\Core\Src\adc.c
2025-06-08 01:53:53,850 [INFO] CodeEngine:263 - oldGeneratedFile, C:\Users\marcv\Desktop\X1-Thorn\1_Code\3_STM32\0_workspace\X1_Thorn_v3\Core\Inc\adc.h_save
2025-06-08 01:53:53,959 [INFO] CodeEngine:287 - Generated code: C:\Users\marcv\Desktop\X1-Thorn\1_Code\3_STM32\0_workspace\X1_Thorn_v3\Core\Inc\adc.h
2025-06-08 01:53:53,984 [INFO] CodeEngine:263 - oldGeneratedFile, C:\Users\marcv\Desktop\X1-Thorn\1_Code\3_STM32\0_workspace\X1_Thorn_v3\MXTmpFiles\cortex.tmp_save
2025-06-08 01:53:54,072 [INFO] CodeEngine:287 - Generated code: C:\Users\marcv\Desktop\X1-Thorn\1_Code\3_STM32\0_workspace\X1_Thorn_v3\MXTmpFiles\cortex.tmp
2025-06-08 01:53:54,149 [INFO] CodeEngine:263 - oldGeneratedFile, C:\Users\marcv\Desktop\X1-Thorn\1_Code\3_STM32\0_workspace\X1_Thorn_v3\Core\Src\dma.c_save
2025-06-08 01:53:54,248 [INFO] CodeEngine:287 - Generated code: C:\Users\marcv\Desktop\X1-Thorn\1_Code\3_STM32\0_workspace\X1_Thorn_v3\Core\Src\dma.c
2025-06-08 01:53:54,271 [INFO] CodeEngine:263 - oldGeneratedFile, C:\Users\marcv\Desktop\X1-Thorn\1_Code\3_STM32\0_workspace\X1_Thorn_v3\Core\Inc\dma.h_save
2025-06-08 01:53:54,358 [INFO] CodeEngine:287 - Generated code: C:\Users\marcv\Desktop\X1-Thorn\1_Code\3_STM32\0_workspace\X1_Thorn_v3\Core\Inc\dma.h
2025-06-08 01:53:54,386 [INFO] CodeEngine:263 - oldGeneratedFile, C:\Users\marcv\Desktop\X1-Thorn\1_Code\3_STM32\0_workspace\X1_Thorn_v3\Core\Src\i2c.c_save
2025-06-08 01:53:54,495 [INFO] CodeEngine:287 - Generated code: C:\Users\marcv\Desktop\X1-Thorn\1_Code\3_STM32\0_workspace\X1_Thorn_v3\Core\Src\i2c.c
2025-06-08 01:53:54,502 [INFO] CodeEngine:263 - oldGeneratedFile, C:\Users\marcv\Desktop\X1-Thorn\1_Code\3_STM32\0_workspace\X1_Thorn_v3\Core\Inc\i2c.h_save
2025-06-08 01:53:54,584 [INFO] CodeEngine:287 - Generated code: C:\Users\marcv\Desktop\X1-Thorn\1_Code\3_STM32\0_workspace\X1_Thorn_v3\Core\Inc\i2c.h
2025-06-08 01:53:54,605 [INFO] CodeEngine:263 - oldGeneratedFile, C:\Users\marcv\Desktop\X1-Thorn\1_Code\3_STM32\0_workspace\X1_Thorn_v3\Core\Src\memorymap.c_save
2025-06-08 01:53:54,699 [INFO] CodeEngine:287 - Generated code: C:\Users\marcv\Desktop\X1-Thorn\1_Code\3_STM32\0_workspace\X1_Thorn_v3\Core\Src\memorymap.c
2025-06-08 01:53:54,706 [INFO] CodeEngine:263 - oldGeneratedFile, C:\Users\marcv\Desktop\X1-Thorn\1_Code\3_STM32\0_workspace\X1_Thorn_v3\Core\Inc\memorymap.h_save
2025-06-08 01:53:54,788 [INFO] CodeEngine:287 - Generated code: C:\Users\marcv\Desktop\X1-Thorn\1_Code\3_STM32\0_workspace\X1_Thorn_v3\Core\Inc\memorymap.h
2025-06-08 01:53:54,812 [INFO] CodeEngine:263 - oldGeneratedFile, C:\Users\marcv\Desktop\X1-Thorn\1_Code\3_STM32\0_workspace\X1_Thorn_v3\Core\Src\spi.c_save
2025-06-08 01:53:54,912 [INFO] CodeEngine:287 - Generated code: C:\Users\marcv\Desktop\X1-Thorn\1_Code\3_STM32\0_workspace\X1_Thorn_v3\Core\Src\spi.c
2025-06-08 01:53:54,918 [INFO] CodeEngine:263 - oldGeneratedFile, C:\Users\marcv\Desktop\X1-Thorn\1_Code\3_STM32\0_workspace\X1_Thorn_v3\Core\Inc\spi.h_save
2025-06-08 01:53:54,999 [INFO] CodeEngine:287 - Generated code: C:\Users\marcv\Desktop\X1-Thorn\1_Code\3_STM32\0_workspace\X1_Thorn_v3\Core\Inc\spi.h
2025-06-08 01:53:55,023 [INFO] CodeEngine:263 - oldGeneratedFile, C:\Users\marcv\Desktop\X1-Thorn\1_Code\3_STM32\0_workspace\X1_Thorn_v3\Core\Src\tim.c_save
2025-06-08 01:53:55,146 [INFO] CodeEngine:287 - Generated code: C:\Users\marcv\Desktop\X1-Thorn\1_Code\3_STM32\0_workspace\X1_Thorn_v3\Core\Src\tim.c
2025-06-08 01:53:55,154 [INFO] CodeEngine:263 - oldGeneratedFile, C:\Users\marcv\Desktop\X1-Thorn\1_Code\3_STM32\0_workspace\X1_Thorn_v3\Core\Inc\tim.h_save
2025-06-08 01:53:55,246 [INFO] CodeEngine:287 - Generated code: C:\Users\marcv\Desktop\X1-Thorn\1_Code\3_STM32\0_workspace\X1_Thorn_v3\Core\Inc\tim.h
2025-06-08 01:53:55,267 [INFO] CodeEngine:263 - oldGeneratedFile, C:\Users\marcv\Desktop\X1-Thorn\1_Code\3_STM32\0_workspace\X1_Thorn_v3\Core\Src\usart.c_save
2025-06-08 01:53:55,367 [INFO] CodeEngine:287 - Generated code: C:\Users\marcv\Desktop\X1-Thorn\1_Code\3_STM32\0_workspace\X1_Thorn_v3\Core\Src\usart.c
2025-06-08 01:53:55,374 [INFO] CodeEngine:263 - oldGeneratedFile, C:\Users\marcv\Desktop\X1-Thorn\1_Code\3_STM32\0_workspace\X1_Thorn_v3\Core\Inc\usart.h_save
2025-06-08 01:53:55,454 [INFO] CodeEngine:287 - Generated code: C:\Users\marcv\Desktop\X1-Thorn\1_Code\3_STM32\0_workspace\X1_Thorn_v3\Core\Inc\usart.h
2025-06-08 01:53:55,499 [INFO] CodeEngine:263 - oldGeneratedFile, C:\Users\marcv\Desktop\X1-Thorn\1_Code\3_STM32\0_workspace\X1_Thorn_v3\Core\Src\stm32h7xx_it.c_save
2025-06-08 01:53:55,697 [INFO] CodeEngine:287 - Generated code: C:\Users\marcv\Desktop\X1-Thorn\1_Code\3_STM32\0_workspace\X1_Thorn_v3\Core\Src\stm32h7xx_it.c
2025-06-08 01:53:55,719 [INFO] CodeEngine:263 - oldGeneratedFile, C:\Users\marcv\Desktop\X1-Thorn\1_Code\3_STM32\0_workspace\X1_Thorn_v3\Core\Inc\stm32h7xx_it.h_save
2025-06-08 01:53:55,795 [INFO] CodeEngine:287 - Generated code: C:\Users\marcv\Desktop\X1-Thorn\1_Code\3_STM32\0_workspace\X1_Thorn_v3\Core\Inc\stm32h7xx_it.h
2025-06-08 01:53:55,902 [INFO] CodeEngine:263 - oldGeneratedFile, C:\Users\marcv\Desktop\X1-Thorn\1_Code\3_STM32\0_workspace\X1_Thorn_v3\Core\Src\stm32h7xx_hal_msp.c_save
2025-06-08 01:53:56,000 [INFO] CodeEngine:287 - Generated code: C:\Users\marcv\Desktop\X1-Thorn\1_Code\3_STM32\0_workspace\X1_Thorn_v3\Core\Src\stm32h7xx_hal_msp.c
2025-06-08 01:53:56,014 [INFO] CodeEngine:263 - oldGeneratedFile, C:\Users\marcv\Desktop\X1-Thorn\1_Code\3_STM32\0_workspace\X1_Thorn_v3\MXTmpFiles\system.tmp_save
2025-06-08 01:53:56,075 [INFO] CodeEngine:287 - Generated code: C:\Users\marcv\Desktop\X1-Thorn\1_Code\3_STM32\0_workspace\X1_Thorn_v3\MXTmpFiles\system.tmp
2025-06-08 01:53:56,100 [INFO] CodeEngine:263 - oldGeneratedFile, C:\Users\marcv\Desktop\X1-Thorn\1_Code\3_STM32\0_workspace\X1_Thorn_v3\Core\Src\stm32h7xx_hal_timebase_tim.c_save
2025-06-08 01:53:56,194 [INFO] CodeEngine:287 - Generated code: C:\Users\marcv\Desktop\X1-Thorn\1_Code\3_STM32\0_workspace\X1_Thorn_v3\Core\Src\stm32h7xx_hal_timebase_tim.c
2025-06-08 01:53:56,225 [INFO] CodeEngine:319 - oldGeneratedFile, C:\Users\marcv\Desktop\X1-Thorn\1_Code\3_STM32\0_workspace\X1_Thorn_v3\Core\Inc\stm32h7xx_hal_conf.h_save
2025-06-08 01:53:56,317 [INFO] CodeEngine:343 - Generated code: C:\Users\marcv\Desktop\X1-Thorn\1_Code\3_STM32\0_workspace\X1_Thorn_v3\Core\Inc\stm32h7xx_hal_conf.h
2025-06-08 01:53:56,360 [ERROR] ApiDbMcu:464 - Can't load MEMORYMAP-STM32xx root dir null
2025-06-08 01:53:56,360 [ERROR] ApiDbMcu:536 - Cannot parse MEMORYMAP_Config file : file do not exist
2025-06-08 01:53:56,391 [INFO] CodeEngine:263 - oldGeneratedFile, C:\Users\marcv\Desktop\X1-Thorn\1_Code\3_STM32\0_workspace\X1_Thorn_v3\Core\Inc\main.h_save
2025-06-08 01:53:56,499 [INFO] CodeEngine:287 - Generated code: C:\Users\marcv\Desktop\X1-Thorn\1_Code\3_STM32\0_workspace\X1_Thorn_v3\Core\Inc\main.h
2025-06-08 01:53:56,525 [INFO] CodeEngine:263 - oldGeneratedFile, C:\Users\marcv\Desktop\X1-Thorn\1_Code\3_STM32\0_workspace\X1_Thorn_v3\Core\Src\main.c_save
2025-06-08 01:53:56,643 [INFO] CodeEngine:287 - Generated code: C:\Users\marcv\Desktop\X1-Thorn\1_Code\3_STM32\0_workspace\X1_Thorn_v3\Core\Src\main.c
2025-06-08 01:53:57,496 [INFO] ProjectBuilder:3324 - Time for Copy HAL[1] : 628mS.
2025-06-08 01:53:57,503 [INFO] ProjectBuilder:4912 - Project Generator version: 4.6.0-B36
2025-06-08 01:53:57,584 [INFO] ConfigFileManager:1590 - The Die is : DIE450
2025-06-08 01:54:01,400 [INFO] ProjectBuilder:5191 - Time for Generating toolchain IDE Files: 3897mS.
2025-06-08 01:54:01,401 [INFO] ProjectBuilder:3181 - Time for Copy CMSIS : 0mS.
2025-06-08 01:54:01,419 [INFO] ProjectBuilder:3181 - Time for Copy CMSIS : 0mS.
