2025-06-25 19:06:28,308 [INFO] Activator:176 - 


2025-06-25 19:06:28,314 [INFO] Activator:177 - !SESSION log4j initialized
2025-06-25 19:06:35,067 [INFO] LogOutputStream:77 - [STDOUT_REDIRECT] 
2025-06-25 19:06:43,633 [INFO] ApplicationProperties:184 - Using Application install path: C:\ST\STM32CubeIDE_1.18.0\STM32CubeIDE\plugins\com.st.stm32cube.common.mx_6.14.0.202502271554
2025-06-25 19:06:43,654 [INFO] DbMcusXml:78 - Set database path to: C:\ST\STM32CubeIDE_1.18.0\STM32CubeIDE\plugins\com.st.stm32cube.common.mx_6.14.0.202502271554\\db\/mcu/
2025-06-25 19:06:43,655 [INFO] ApiDb:274 - Set plugin database path to: C:\ST\STM32CubeIDE_1.18.0\STM32CubeIDE\plugins\com.st.stm32cube.common.mx_6.14.0.202502271554\\db\/plugins/boardmanager/
2025-06-25 19:06:43,655 [WARN] ApiDb:259 - Overriding images path with different value:  => C:\ST\STM32CubeIDE_1.18.0\STM32CubeIDE\plugins\com.st.stm32cube.common.mx_6.14.0.202502271554\\db\/plugins/mcufinder/images/
2025-06-25 19:06:43,663 [INFO] ApiDb:250 - Set database path to: C:\Users\marcv\.stmcufinder\plugins\mcufinder//mcu/
2025-06-25 19:06:43,664 [INFO] DbMcusAds:125 - Set database path to: C:\Users\marcv\.stmcufinder\plugins\mcufinder//mcu/
2025-06-25 19:06:43,666 [INFO] CrossReferenceDbSqlite:203 - Set database path to: C:\Users\marcv\.stmcufinder\plugins\mcufinder//mcu/cs/
2025-06-25 19:06:43,785 [INFO] RulesReader:64 - Compatibility file has been processed (301 Rules)
2025-06-25 19:06:43,878 [INFO] DbMcusXml:78 - Set database path to: C:\ST\STM32CubeIDE_1.18.0\STM32CubeIDE\plugins\com.st.stm32cube.common.mx_6.14.0.202502271554\\db\/mcu/
2025-06-25 19:06:43,878 [INFO] ApiDb:274 - Set plugin database path to: C:\ST\STM32CubeIDE_1.18.0\STM32CubeIDE\plugins\com.st.stm32cube.common.mx_6.14.0.202502271554\\db\/plugins/boardmanager/
2025-06-25 19:06:43,878 [INFO] ApiDb:261 - Set plugin images path to: C:\ST\STM32CubeIDE_1.18.0\STM32CubeIDE\plugins\com.st.stm32cube.common.mx_6.14.0.202502271554\\db\/plugins/mcufinder/images/
2025-06-25 19:06:43,878 [WARN] DbFile:41 - Overriding database path with different value: C:\Users\marcv\.stmcufinder\plugins\mcufinder/ => C:\Users\marcv\.stmcufinder\plugins\mcufinder
2025-06-25 19:06:43,879 [INFO] ApiDb:250 - Set database path to: C:\Users\marcv\.stmcufinder\plugins\mcufinder//mcu/
2025-06-25 19:06:43,879 [WARN] DbFile:41 - Overriding database path with different value: C:\Users\marcv\.stmcufinder\plugins\mcufinder/ => C:\Users\marcv\.stmcufinder\plugins\mcufinder
2025-06-25 19:06:43,879 [INFO] DbMcusAds:125 - Set database path to: C:\Users\marcv\.stmcufinder\plugins\mcufinder//mcu/
2025-06-25 19:06:43,879 [WARN] DbFile:41 - Overriding database path with different value: C:\Users\marcv\.stmcufinder\plugins\mcufinder/ => C:\Users\marcv\.stmcufinder\plugins\mcufinder
2025-06-25 19:06:43,879 [WARN] DbFile:41 - Overriding database path with different value: C:\Users\marcv\.stmcufinder\plugins\mcufinder/ => C:\Users\marcv\.stmcufinder\plugins\mcufinder
2025-06-25 19:06:43,879 [INFO] CrossReferenceDbSqlite:203 - Set database path to: C:\Users\marcv\.stmcufinder\plugins\mcufinder//mcu/cs/
2025-06-25 19:06:43,953 [INFO] MainPanel:272 - HeapMemory: 268435456
2025-06-25 19:06:44,084 [INFO] DbMcusXml:78 - Set database path to: C:\ST\STM32CubeIDE_1.18.0\STM32CubeIDE\plugins\com.st.stm32cube.common.mx_6.14.0.202502271554\\db\/mcu/
2025-06-25 19:06:44,084 [INFO] ApiDb:274 - Set plugin database path to: C:\ST\STM32CubeIDE_1.18.0\STM32CubeIDE\plugins\com.st.stm32cube.common.mx_6.14.0.202502271554\\db\/plugins/boardmanager/
2025-06-25 19:06:44,084 [INFO] ApiDb:261 - Set plugin images path to: C:\ST\STM32CubeIDE_1.18.0\STM32CubeIDE\plugins\com.st.stm32cube.common.mx_6.14.0.202502271554\\db\/plugins/mcufinder/images/
2025-06-25 19:06:44,085 [WARN] DbFile:41 - Overriding database path with different value: C:\Users\marcv\.stmcufinder\plugins\mcufinder/ => C:\Users\marcv\.stmcufinder\plugins\mcufinder
2025-06-25 19:06:44,085 [INFO] ApiDb:250 - Set database path to: C:\Users\marcv\.stmcufinder\plugins\mcufinder//mcu/
2025-06-25 19:06:44,085 [WARN] DbFile:41 - Overriding database path with different value: C:\Users\marcv\.stmcufinder\plugins\mcufinder/ => C:\Users\marcv\.stmcufinder\plugins\mcufinder
2025-06-25 19:06:44,085 [INFO] DbMcusAds:125 - Set database path to: C:\Users\marcv\.stmcufinder\plugins\mcufinder//mcu/
2025-06-25 19:06:44,085 [WARN] DbFile:41 - Overriding database path with different value: C:\Users\marcv\.stmcufinder\plugins\mcufinder/ => C:\Users\marcv\.stmcufinder\plugins\mcufinder
2025-06-25 19:06:44,085 [WARN] DbFile:41 - Overriding database path with different value: C:\Users\marcv\.stmcufinder\plugins\mcufinder/ => C:\Users\marcv\.stmcufinder\plugins\mcufinder
2025-06-25 19:06:44,085 [INFO] CrossReferenceDbSqlite:203 - Set database path to: C:\Users\marcv\.stmcufinder\plugins\mcufinder//mcu/cs/
2025-06-25 19:06:44,103 [INFO] ApplicationProperties:184 - Using Application install path: C:\ST\STM32CubeIDE_1.18.0\STM32CubeIDE\plugins\com.st.stm32cube.common.mx_6.14.0.202502271554
2025-06-25 19:06:44,104 [INFO] PluginManage:196 - Search for loadable plugins [exclusion list=, ]
2025-06-25 19:06:44,105 [INFO] PluginManage:310 - Check plugin analytics
2025-06-25 19:06:48,799 [INFO] AnalyticsPlugin:253 - Accepted Software Licenses: 
2025-06-25 19:06:48,799 [INFO] AnalyticsPlugin:255 - Accepted CMSIS Pack Licenses: 
2025-06-25 19:06:48,800 [INFO] AnalyticsPlugin:257 - Accepted Firmware Licenses: FW.H7.1.12.0
2025-06-25 19:06:48,802 [INFO] PluginManage:359 - Loaded plugin analytics (category:tool,tabindex:-1)
2025-06-25 19:06:48,802 [INFO] PluginManage:310 - Check plugin cadmodel
2025-06-25 19:06:48,822 [INFO] CADModel:105 - Init CAD model plugin
2025-06-25 19:06:48,823 [INFO] PluginManage:359 - Loaded plugin cadmodel (category:power,tabindex:5)
2025-06-25 19:06:48,823 [INFO] PluginManage:310 - Check plugin clock
2025-06-25 19:06:48,845 [INFO] PluginManage:359 - Loaded plugin clock (category:base,tabindex:2)
2025-06-25 19:06:48,845 [INFO] PluginManage:310 - Check plugin ddr
2025-06-25 19:06:48,847 [INFO] PluginManage:359 - Loaded plugin ddr (category:tool,tabindex:6)
2025-06-25 19:06:48,847 [INFO] PluginManage:310 - Check plugin filemanager
2025-06-25 19:06:48,981 [INFO] PluginManage:359 - Loaded plugin filemanager (category:base,tabindex:10)
2025-06-25 19:06:48,981 [INFO] PluginManage:310 - Check plugin ipmanager
2025-06-25 19:06:48,987 [INFO] PluginManage:359 - Loaded plugin ipmanager (category:base,tabindex:5)
2025-06-25 19:06:48,988 [INFO] PluginManage:310 - Check plugin lpbam
2025-06-25 19:06:49,007 [INFO] PluginManage:359 - Loaded plugin lpbam (category:base,tabindex:0)
2025-06-25 19:06:49,008 [INFO] PluginManage:310 - Check plugin memorymap
2025-06-25 19:06:49,034 [INFO] PluginManage:359 - Loaded plugin memorymap (category:base,tabindex:4)
2025-06-25 19:06:49,034 [INFO] PluginManage:310 - Check plugin pinoutandconfiguration
2025-06-25 19:06:49,052 [INFO] PluginManage:359 - Loaded plugin pinoutandconfiguration (category:base,tabindex:1)
2025-06-25 19:06:49,052 [INFO] PluginManage:310 - Check plugin pinoutconfig
2025-06-25 19:06:49,159 [WARN] SupportedApi:132 - Cannot load RTOS API schema: s4s-elt-must-match.1: The content of 'definitions' must match (annotation?, (simpleType | complexType)?, (unique | key | keyref)*)). A problem was found starting at: attribute.
2025-06-25 19:06:49,285 [INFO] PluginManage:359 - Loaded plugin pinoutconfig (category:base,tabindex:0)
2025-06-25 19:06:49,285 [INFO] PluginManage:310 - Check plugin power
2025-06-25 19:06:49,307 [INFO] PluginManage:359 - Loaded plugin power (category:power,tabindex:4)
2025-06-25 19:06:49,307 [INFO] PluginManage:310 - Check plugin projectmanager
2025-06-25 19:06:49,321 [INFO] PluginManage:359 - Loaded plugin projectmanager (category:projectmanager,tabindex:4)
2025-06-25 19:06:49,321 [INFO] PluginManage:310 - Check plugin rif
2025-06-25 19:06:49,341 [INFO] PluginManage:359 - Loaded plugin rif (category:base,tabindex:3)
2025-06-25 19:06:49,341 [INFO] PluginManage:310 - Check plugin thirdparty
2025-06-25 19:06:49,646 [INFO] PluginManage:359 - Loaded plugin thirdparty (category:base,tabindex:-1)
2025-06-25 19:06:49,646 [INFO] PluginManage:310 - Check plugin tools
2025-06-25 19:06:49,646 [WARN] IntegrityCheckThread:84 - waiting for thirdparty lock release [integrity check]
2025-06-25 19:06:49,646 [INFO] IntegrityCheckThread:86 - entering critical section [integrity check]
2025-06-25 19:06:49,646 [INFO] ThirdPartyUpdaterWithRetryManager:70 - Updater plugin not ready yet. [1/15]
2025-06-25 19:06:49,693 [INFO] PluginManage:359 - Loaded plugin tools (category:base,tabindex:7)
2025-06-25 19:06:49,694 [INFO] PluginManage:310 - Check plugin tutovideos
2025-06-25 19:06:49,898 [INFO] PluginManage:359 - Loaded plugin tutovideos (category:base,tabindex:-1)
2025-06-25 19:06:49,898 [INFO] PluginManage:310 - Check plugin updater
2025-06-25 19:06:49,918 [INFO] PluginManage:359 - Loaded plugin updater (category:base,tabindex:12)
2025-06-25 19:06:49,918 [INFO] PluginManage:310 - Check plugin userauth
2025-06-25 19:06:49,922 [INFO] UserAuth:118 - Init User Auth plugin
2025-06-25 19:06:49,923 [INFO] PluginManage:359 - Loaded plugin userauth (category:base,tabindex:14)
2025-06-25 19:06:49,923 [INFO] PluginManage:283 - PluginManage : Loaded plugins [18]
2025-06-25 19:06:50,124 [INFO] PinOutPanel:1589 - setPackage(No Configuration,No Configuration)
2025-06-25 19:06:50,205 [INFO] CADModel:165 - CPN selected for project level
2025-06-25 19:06:50,205 [INFO] CADModel:114 - Register for checkConnection events
2025-06-25 19:06:50,233 [INFO] IPUIPlugin:80 - create IPUIPlugin
2025-06-25 19:06:50,233 [INFO] PluginManager:220 - loadIPPluginJar : add adc
2025-06-25 19:06:50,274 [INFO] IPUIPlugin:80 - create IPUIPlugin
2025-06-25 19:06:50,274 [INFO] PluginManager:220 - loadIPPluginJar : add aes
2025-06-25 19:06:50,322 [INFO] IPUIPlugin:80 - create IPUIPlugin
2025-06-25 19:06:50,322 [INFO] PluginManager:220 - loadIPPluginJar : add can
2025-06-25 19:06:50,351 [INFO] IPUIPlugin:80 - create IPUIPlugin
2025-06-25 19:06:50,351 [INFO] PluginManager:220 - loadIPPluginJar : add comp
2025-06-25 19:06:50,393 [INFO] IPUIPlugin:80 - create IPUIPlugin
2025-06-25 19:06:50,393 [INFO] PluginManager:220 - loadIPPluginJar : add cryp
2025-06-25 19:06:50,408 [INFO] IPUIPlugin:80 - create IPUIPlugin
2025-06-25 19:06:50,408 [INFO] PluginManager:220 - loadIPPluginJar : add ddr_ctrl_phy
2025-06-25 19:06:50,442 [INFO] IPUIPlugin:80 - create IPUIPlugin
2025-06-25 19:06:50,442 [INFO] PluginManager:220 - loadIPPluginJar : add dfsdm
2025-06-25 19:06:50,457 [INFO] IPUIPlugin:80 - create IPUIPlugin
2025-06-25 19:06:50,457 [INFO] PluginManager:220 - loadIPPluginJar : add dma
2025-06-25 19:06:50,503 [INFO] IPUIPlugin:80 - create IPUIPlugin
2025-06-25 19:06:50,503 [INFO] PluginManager:220 - loadIPPluginJar : add dma3
2025-06-25 19:06:50,556 [INFO] IPUIPlugin:80 - create IPUIPlugin
2025-06-25 19:06:50,556 [INFO] PluginManager:220 - loadIPPluginJar : add extmemmanager
2025-06-25 19:06:50,582 [INFO] IPUIPlugin:80 - create IPUIPlugin
2025-06-25 19:06:50,582 [INFO] PluginManager:220 - loadIPPluginJar : add fatfs
2025-06-25 19:06:50,638 [INFO] IPUIPlugin:80 - create IPUIPlugin
2025-06-25 19:06:50,638 [INFO] PluginManager:220 - loadIPPluginJar : add fmc
2025-06-25 19:06:50,656 [INFO] IPUIPlugin:80 - create IPUIPlugin
2025-06-25 19:06:50,657 [INFO] PluginManager:220 - loadIPPluginJar : add freertos
2025-06-25 19:06:50,685 [INFO] IPUIPlugin:80 - create IPUIPlugin
2025-06-25 19:06:50,685 [INFO] PluginManager:220 - loadIPPluginJar : add genericplugin
2025-06-25 19:06:50,816 [INFO] IPUIPlugin:80 - create IPUIPlugin
2025-06-25 19:06:50,817 [INFO] PluginManager:220 - loadIPPluginJar : add gfxmmu
2025-06-25 19:06:50,986 [INFO] IPUIPlugin:80 - create IPUIPlugin
2025-06-25 19:06:50,986 [INFO] PluginManager:220 - loadIPPluginJar : add gic
2025-06-25 19:06:51,001 [INFO] IPUIPlugin:80 - create IPUIPlugin
2025-06-25 19:06:51,001 [INFO] PluginManager:220 - loadIPPluginJar : add gpio
2025-06-25 19:06:51,112 [INFO] IPUIPlugin:80 - create IPUIPlugin
2025-06-25 19:06:51,112 [INFO] PluginManager:220 - loadIPPluginJar : add gtzc
2025-06-25 19:06:51,152 [INFO] IPUIPlugin:80 - create IPUIPlugin
2025-06-25 19:06:51,152 [INFO] PluginManager:220 - loadIPPluginJar : add hash
2025-06-25 19:06:51,214 [INFO] IPUIPlugin:80 - create IPUIPlugin
2025-06-25 19:06:51,215 [INFO] PluginManager:220 - loadIPPluginJar : add i2c
2025-06-25 19:06:51,263 [INFO] IPUIPlugin:80 - create IPUIPlugin
2025-06-25 19:06:51,263 [INFO] PluginManager:220 - loadIPPluginJar : add i2s
2025-06-25 19:06:51,314 [INFO] IPUIPlugin:80 - create IPUIPlugin
2025-06-25 19:06:51,315 [INFO] PluginManager:220 - loadIPPluginJar : add i3c
2025-06-25 19:06:51,437 [INFO] IPUIPlugin:80 - create IPUIPlugin
2025-06-25 19:06:51,437 [INFO] PluginManager:220 - loadIPPluginJar : add ipddr
2025-06-25 19:06:51,555 [INFO] IPUIPlugin:80 - create IPUIPlugin
2025-06-25 19:06:51,555 [INFO] PluginManager:220 - loadIPPluginJar : add linkedlist
2025-06-25 19:06:51,598 [INFO] IPUIPlugin:80 - create IPUIPlugin
2025-06-25 19:06:51,598 [INFO] PluginManager:220 - loadIPPluginJar : add lorawan
2025-06-25 19:06:51,646 [INFO] IPUIPlugin:80 - create IPUIPlugin
2025-06-25 19:06:51,647 [INFO] PluginManager:220 - loadIPPluginJar : add ltdc
2025-06-25 19:06:51,663 [INFO] IPUIPlugin:80 - create IPUIPlugin
2025-06-25 19:06:51,663 [INFO] PluginManager:220 - loadIPPluginJar : add mdma
2025-06-25 19:06:51,680 [INFO] IPUIPlugin:80 - create IPUIPlugin
2025-06-25 19:06:51,680 [INFO] PluginManager:220 - loadIPPluginJar : add nvic
2025-06-25 19:06:51,730 [INFO] IPUIPlugin:80 - create IPUIPlugin
2025-06-25 19:06:51,730 [INFO] PluginManager:220 - loadIPPluginJar : add opamp
2025-06-25 19:06:51,810 [INFO] IPUIPlugin:80 - create IPUIPlugin
2025-06-25 19:06:51,811 [INFO] PluginManager:220 - loadIPPluginJar : add openamp
2025-06-25 19:06:51,865 [INFO] IPUIPlugin:80 - create IPUIPlugin
2025-06-25 19:06:51,865 [INFO] PluginManager:220 - loadIPPluginJar : add pdm2pcm
2025-06-25 19:06:51,883 [INFO] IPUIPlugin:80 - create IPUIPlugin
2025-06-25 19:06:51,885 [INFO] PluginManager:220 - loadIPPluginJar : add plateformsettings
2025-06-25 19:06:51,914 [INFO] IPUIPlugin:80 - create IPUIPlugin
2025-06-25 19:06:51,914 [INFO] PluginManager:220 - loadIPPluginJar : add quadspi
2025-06-25 19:06:51,948 [INFO] IPUIPlugin:80 - create IPUIPlugin
2025-06-25 19:06:51,949 [INFO] PluginManager:220 - loadIPPluginJar : add radio
2025-06-25 19:06:51,963 [INFO] IPUIPlugin:80 - create IPUIPlugin
2025-06-25 19:06:51,963 [INFO] PluginManager:220 - loadIPPluginJar : add resmgrutility
2025-06-25 19:06:52,024 [INFO] IPUIPlugin:80 - create IPUIPlugin
2025-06-25 19:06:52,024 [INFO] PluginManager:220 - loadIPPluginJar : add sai
2025-06-25 19:06:52,068 [INFO] IPUIPlugin:80 - create IPUIPlugin
2025-06-25 19:06:52,068 [INFO] PluginManager:220 - loadIPPluginJar : add spi
2025-06-25 19:06:52,162 [INFO] IPUIPlugin:80 - create IPUIPlugin
2025-06-25 19:06:52,162 [INFO] PluginManager:220 - loadIPPluginJar : add stm32_wpan
2025-06-25 19:06:52,189 [INFO] IPUIPlugin:80 - create IPUIPlugin
2025-06-25 19:06:52,190 [INFO] PluginManager:220 - loadIPPluginJar : add tim
2025-06-25 19:06:52,259 [INFO] IPUIPlugin:80 - create IPUIPlugin
2025-06-25 19:06:52,259 [INFO] PluginManager:220 - loadIPPluginJar : add touchsensing
2025-06-25 19:06:52,286 [INFO] IPUIPlugin:80 - create IPUIPlugin
2025-06-25 19:06:52,286 [INFO] PluginManager:220 - loadIPPluginJar : add tracer_emb
2025-06-25 19:06:52,315 [INFO] IPUIPlugin:80 - create IPUIPlugin
2025-06-25 19:06:52,315 [INFO] PluginManager:220 - loadIPPluginJar : add ts
2025-06-25 19:06:52,343 [INFO] IPUIPlugin:80 - create IPUIPlugin
2025-06-25 19:06:52,343 [INFO] PluginManager:220 - loadIPPluginJar : add tsc
2025-06-25 19:06:52,368 [INFO] IPUIPlugin:80 - create IPUIPlugin
2025-06-25 19:06:52,368 [INFO] PluginManager:220 - loadIPPluginJar : add ucpd
2025-06-25 19:06:52,421 [INFO] IPUIPlugin:80 - create IPUIPlugin
2025-06-25 19:06:52,421 [INFO] PluginManager:220 - loadIPPluginJar : add usart
2025-06-25 19:06:52,473 [INFO] IPUIPlugin:80 - create IPUIPlugin
2025-06-25 19:06:52,474 [INFO] PluginManager:220 - loadIPPluginJar : add usbx
2025-06-25 19:06:52,599 [FATAL] Updater:351 - Updater called before beeing initialized
2025-06-25 19:06:52,619 [INFO] RulesReader:64 - Compatibility file has been processed (301 Rules)
2025-06-25 19:06:52,627 [INFO] RulesReader:64 - Compatibility file has been processed (301 Rules)
2025-06-25 19:06:52,634 [INFO] CADModel:165 - CPN selected for project level
2025-06-25 19:06:52,634 [INFO] CADModel:114 - Register for checkConnection events
2025-06-25 19:06:52,634 [FATAL] Updater:351 - Updater called before beeing initialized
2025-06-25 19:06:52,634 [ERROR] CADModel:125 - Updater not yet initialized, retry later 
2025-06-25 19:06:52,647 [INFO] ThirdPartyUpdaterWithRetryManager:70 - Updater plugin not ready yet. [2/15]
2025-06-25 19:06:52,775 [FATAL] Updater:351 - Updater called before beeing initialized
2025-06-25 19:06:52,777 [INFO] CADModel:165 - CPN selected for project level
2025-06-25 19:06:52,777 [INFO] CADModel:114 - Register for checkConnection events
2025-06-25 19:06:52,777 [FATAL] Updater:351 - Updater called before beeing initialized
2025-06-25 19:06:52,777 [ERROR] CADModel:125 - Updater not yet initialized, retry later 
2025-06-25 19:06:52,780 [FATAL] Updater:351 - Updater called before beeing initialized
2025-06-25 19:06:52,875 [FATAL] Updater:351 - Updater called before beeing initialized
2025-06-25 19:06:52,887 [INFO] DbMcusAds:53 - JSON generation date=Thu Jun 19 10:32:34 CEST 2025 (1750321954415)
2025-06-25 19:06:52,887 [FATAL] Updater:351 - Updater called before beeing initialized
2025-06-25 19:06:52,930 [WARN] DetailPanel:346 - Failed to get advertising image, set to default
2025-06-25 19:06:53,179 [FATAL] Updater:351 - Updater called before beeing initialized
2025-06-25 19:06:53,181 [FATAL] Updater:351 - Updater called before beeing initialized
2025-06-25 19:06:53,181 [FATAL] Updater:351 - Updater called before beeing initialized
2025-06-25 19:06:53,182 [WARN] DetailPanel:346 - Failed to get advertising image, set to default
2025-06-25 19:06:53,182 [FATAL] Updater:351 - Updater called before beeing initialized
2025-06-25 19:06:53,252 [ERROR] Updater:1198 - MainUpdater not yet initialized. External WinMGr cannot be set.
2025-06-25 19:06:53,265 [INFO] Updater:1134 - Updater Version found : 6.14.0
2025-06-25 19:06:53,304 [INFO] ApplicationProperties:184 - Using Application install path: C:\ST\STM32CubeIDE_1.18.0\STM32CubeIDE\plugins\com.st.stm32cube.common.mx_6.14.0.202502271554
2025-06-25 19:06:54,887 [ERROR] LogOutputStream:75 - [STDERR_REDIRECT] Jun 25, 2025 7:06:54 PM java.util.prefs.WindowsPreferences <init>
2025-06-25 19:06:54,888 [ERROR] LogOutputStream:75 - [STDERR_REDIRECT] WARNING: Could not open/create prefs root node Software\JavaSoft\Prefs at root 0xffffffff80000002. Windows RegCreateKeyEx(...) returned error code 5.
2025-06-25 19:06:54,888 [ERROR] LogOutputStream:75 - [STDERR_REDIRECT] 
2025-06-25 19:06:55,233 [INFO] MainUpdater:2872 - connection check result : 10
2025-06-25 19:06:55,234 [INFO] MainUpdater:289 - Updater Check For Update Now.
2025-06-25 19:06:55,234 [INFO] MicroXplorer:498 - Change Database Version : DB.6.0.140
2025-06-25 19:06:55,253 [INFO] McuFinderGlobals:63 - Set McuFinder mode to 2 (CubeIDE integrated)
2025-06-25 19:06:55,262 [INFO] UserAuth:486 - Internet connection configuration mode: 1
2025-06-25 19:06:55,301 [INFO] JxBrowserEngine:152 - Initiate JxBrowser Engine with user profile folder
2025-06-25 19:06:55,461 [INFO] CheckServerUpdateThread:120 - End of CheckServer Thread
2025-06-25 19:06:56,866 [WARN] PackLoader:240 - Cannot read IP mode file for STMicroelectronics.FP-SNS-MOTENVWB1.1.4.0
2025-06-25 19:06:56,889 [WARN] PackLoader:240 - Cannot read IP mode file for STMicroelectronics.FP-ATR-ASTRA1.2.0.2
2025-06-25 19:06:56,915 [WARN] PackLoader:240 - Cannot read IP mode file for STMicroelectronics.X-CUBE-SMBUS.2.1.0
2025-06-25 19:06:56,938 [WARN] PackLoader:240 - Cannot read IP mode file for STMicroelectronics.X-CUBE-WB05N.1.1.0
2025-06-25 19:06:56,979 [WARN] PackLoader:240 - Cannot read IP mode file for STMicroelectronics.X-CUBE-ST60.1.0.0
2025-06-25 19:06:57,553 [WARN] PackLoader:240 - Cannot read IP mode file for STMicroelectronics.X-CUBE-AZRTOS-F7.1.1.0
2025-06-25 19:06:57,772 [WARN] PackLoader:240 - Cannot read IP mode file for STMicroelectronics.FP-SNS-FLIGHT1.5.0.2
2025-06-25 19:06:57,846 [WARN] PackLoader:240 - Cannot read IP mode file for Infineon.AIROC-Wi-Fi-Bluetooth-STM32.1.7.0
2025-06-25 19:06:57,881 [WARN] PackLoader:240 - Cannot read IP mode file for STMicroelectronics.X-CUBE-DISPLAY.3.0.0
2025-06-25 19:06:57,938 [WARN] PackLoader:240 - Cannot read IP mode file for STMicroelectronics.X-CUBE-NFC10.1.0.0
2025-06-25 19:06:57,991 [WARN] PackLoader:240 - Cannot read IP mode file for STMicroelectronics.X-CUBE-BLEMGR.4.0.0
2025-06-25 19:06:58,028 [WARN] PackLoader:240 - Cannot read IP mode file for emotas.I-CUBE-CANOPEN.1.3.0
2025-06-25 19:06:58,044 [WARN] ConditionMgr:438 - getConditionDescription Invalid condition id : Cortex-A Device cause : null
2025-06-25 19:06:58,087 [WARN] ConditionMgr:1044 - genDependencies : Invalid condition id : Cortex-A Device cause : null
2025-06-25 19:06:58,087 [WARN] ConditionMgr:1044 - genDependencies : Invalid condition id : Cortex-A Device cause : null
2025-06-25 19:06:58,087 [WARN] ConditionMgr:1044 - genDependencies : Invalid condition id : Cortex-A Device cause : null
2025-06-25 19:06:58,107 [WARN] PackLoader:240 - Cannot read IP mode file for STMicroelectronics.X-CUBE-AI.10.0.0
2025-06-25 19:06:58,134 [WARN] PackLoader:240 - Cannot read IP mode file for STMicroelectronics.FP-SNS-SMARTAG2.1.2.0
2025-06-25 19:06:58,160 [WARN] PackLoader:240 - Cannot read IP mode file for STMicroelectronics.FP-SNS-FLIGHT1.5.1.0
2025-06-25 19:06:58,373 [WARN] PackLoader:240 - Cannot read IP mode file for STMicroelectronics.X-CUBE-MEMS1.11.1.0
2025-06-25 19:06:58,595 [INFO] LogOutputStream:77 - [STDOUT_REDIRECT] 1 : Invalid condition id : UX_CORESTACK_Condition cause : null
2025-06-25 19:06:58,595 [INFO] LogOutputStream:77 - [STDOUT_REDIRECT] 1 : Invalid condition id : UX_CORESTACK_Condition cause : null
2025-06-25 19:06:58,596 [INFO] LogOutputStream:77 - [STDOUT_REDIRECT] 1 : Invalid condition id : UX_CORESTACK_Condition cause : null
2025-06-25 19:06:58,597 [INFO] LogOutputStream:77 - [STDOUT_REDIRECT] 1 : Invalid condition id : UX_CORESTACK_Condition cause : null
2025-06-25 19:06:58,598 [INFO] LogOutputStream:77 - [STDOUT_REDIRECT] 1 : Invalid condition id : UX_CORESTACK_Condition cause : null
2025-06-25 19:06:58,601 [WARN] PackLoader:240 - Cannot read IP mode file for STMicroelectronics.X-CUBE-AZRTOS-WL.2.0.0
2025-06-25 19:06:58,626 [WARN] PackLoader:240 - Cannot read IP mode file for STMicroelectronics.FP-SNS-MOTENV1.5.0.0
2025-06-25 19:06:58,654 [WARN] PackLoader:240 - Cannot read IP mode file for WES.I-CUBE-Cesium.1.3.0
2025-06-25 19:06:58,675 [WARN] PackLoader:240 - Cannot read IP mode file for STMicroelectronics.X-CUBE-BLE2.3.3.0
2025-06-25 19:06:58,699 [WARN] PackLoader:240 - Cannot read IP mode file for STMicroelectronics.X-CUBE-NFC9.1.0.0
2025-06-25 19:06:58,722 [WARN] PackLoader:240 - Cannot read IP mode file for STMicroelectronics.X-CUBE-BLE1.7.1.0
2025-06-25 19:06:58,766 [WARN] PackLoader:240 - Cannot read IP mode file for wolfSSL.I-CUBE-wolfMQTT.1.19.2
2025-06-25 19:06:58,793 [WARN] PackLoader:240 - Cannot read IP mode file for STMicroelectronics.X-CUBE-AI.10.1.0
2025-06-25 19:06:58,913 [WARN] PackLoader:240 - Cannot read IP mode file for STMicroelectronics.X-CUBE-MEMS1.11.2.0
2025-06-25 19:06:59,034 [INFO] WebApp:169 - Instantiating new browser for Auth
2025-06-25 19:06:59,162 [WARN] PackLoader:240 - Cannot read IP mode file for STMicroelectronics.X-CUBE-AZRTOS-G0.1.1.0
2025-06-25 19:06:59,246 [WARN] PackLoader:240 - Cannot read IP mode file for STMicroelectronics.X-CUBE-SAFEA1.1.2.2
2025-06-25 19:06:59,290 [WARN] PackLoader:240 - Cannot read IP mode file for STMicroelectronics.X-CUBE-NFC4.3.0.0
2025-06-25 19:06:59,332 [WARN] PackLoader:240 - Cannot read IP mode file for EmbeddedOffice.I-CUBE-FS-RTOS.1.0.1
2025-06-25 19:06:59,369 [WARN] PackLoader:240 - Cannot read IP mode file for STMicroelectronics.X-CUBE-WB05N.2.0.0
2025-06-25 19:06:59,395 [WARN] PackLoader:240 - Cannot read IP mode file for wolfSSL.I-CUBE-wolfTPM.3.8.0
2025-06-25 19:06:59,423 [WARN] PackLoader:240 - Cannot read IP mode file for STMicroelectronics.X-CUBE-TCPP.4.2.0
2025-06-25 19:06:59,450 [WARN] PackLoader:240 - Cannot read IP mode file for RealThread.X-CUBE-RT-Thread_Nano.4.1.1
2025-06-25 19:06:59,475 [WARN] PackLoader:240 - Cannot read IP mode file for STMicroelectronics.FP-ATR-SIGFOX1.3.2.0
2025-06-25 19:06:59,497 [WARN] PackLoader:240 - Cannot read IP mode file for STMicroelectronics.X-CUBE-EEPRMA1.5.1.0
2025-06-25 19:06:59,517 [WARN] PackLoader:240 - Cannot read IP mode file for wolfSSL.I-CUBE-wolfSSL.5.7.6
2025-06-25 19:06:59,543 [WARN] PackLoader:240 - Cannot read IP mode file for ITTIA_DB.I-CUBE-ITTIADB.8.9.0
2025-06-25 19:06:59,574 [WARN] PackLoader:240 - Cannot read IP mode file for STMicroelectronics.X-CUBE-ST67W61.1.0.0
2025-06-25 19:06:59,632 [WARN] PackLoader:240 - Cannot read IP mode file for SEGGER.I-CUBE-embOS.1.3.1
2025-06-25 19:06:59,698 [WARN] PackLoader:240 - Cannot read IP mode file for STMicroelectronics.X-CUBE-ALGOBUILD.1.4.0
2025-06-25 19:06:59,808 [WARN] PackLoader:240 - Cannot read IP mode file for STMicroelectronics.X-CUBE-MEMS1.11.3.0
2025-06-25 19:07:00,018 [WARN] PackLoader:240 - Cannot read IP mode file for STMicroelectronics.X-CUBE-PM33A1.1.0.0
2025-06-25 19:07:00,107 [WARN] PackLoader:240 - Cannot read IP mode file for STMicroelectronics.X-CUBE-AZRTOS-F4.1.1.0
2025-06-25 19:07:00,133 [WARN] PackLoader:240 - Cannot read IP mode file for Avnet-IotConnect.X-CUBE-IoTC-DA16k-PMOD.1.0.0
2025-06-25 19:07:00,160 [WARN] PackLoader:240 - Cannot read IP mode file for STMicroelectronics.X-CUBE-ISPU.2.1.0
2025-06-25 19:07:00,221 [WARN] PackLoader:240 - Cannot read IP mode file for STMicroelectronics.X-CUBE-AZRTOS-L5.2.0.0
2025-06-25 19:07:00,256 [WARN] PackLoader:240 - Cannot read IP mode file for STMicroelectronics.X-CUBE-NFC6.3.1.0
2025-06-25 19:07:00,300 [WARN] PackLoader:240 - Cannot read IP mode file for STMicroelectronics.X-CUBE-DPower.1.2.0
2025-06-25 19:07:00,377 [WARN] PackLoader:240 - Cannot read IP mode file for STMicroelectronics.X-CUBE-FREERTOS.1.3.1
2025-06-25 19:07:00,401 [WARN] PackLoader:240 - Cannot read IP mode file for STMicroelectronics.X-CUBE-FREERTOS.1.3.0
2025-06-25 19:07:00,433 [WARN] PackLoader:240 - Cannot read IP mode file for STMicroelectronics.X-CUBE-NFC7.1.0.1
2025-06-25 19:07:00,458 [WARN] PackLoader:240 - Cannot read IP mode file for STMicroelectronics.X-CUBE-DPower.1.3.0
2025-06-25 19:07:00,508 [WARN] ConditionMgr:438 - getConditionDescription Invalid condition id : LAN8742 Phy interface Condition cause : null
2025-06-25 19:07:00,508 [WARN] PackLoader:240 - Cannot read IP mode file for STMicroelectronics.X-CUBE-AZRTOS-L4.2.0.0
2025-06-25 19:07:00,510 [WARN] ConditionMgr:1044 - genDependencies : Invalid condition id : LAN8742 Phy interface Condition cause : null
2025-06-25 19:07:00,510 [WARN] ConditionMgr:1044 - genDependencies : Invalid condition id : LAN8742 Phy interface Condition cause : null
2025-06-25 19:07:00,511 [WARN] ConditionMgr:1044 - genDependencies : Invalid condition id : LAN8742 Phy interface Condition cause : null
2025-06-25 19:07:00,539 [WARN] PackLoader:240 - Cannot read IP mode file for STMicroelectronics.X-CUBE-SFXS2LP1.4.0.0
2025-06-25 19:07:00,595 [WARN] PackLoader:240 - Cannot read IP mode file for STMicroelectronics.X-CUBE-AZRTOS-H7.3.3.0
2025-06-25 19:07:00,632 [WARN] ConditionMgr:438 - getConditionDescription Invalid condition id : UX DEVICE CLASS RTOS Condition cause : null
2025-06-25 19:07:00,633 [WARN] ConditionMgr:438 - getConditionDescription Invalid condition id : UX DEVICE CLASS RTOS Condition cause : null
2025-06-25 19:07:00,635 [WARN] PackLoader:240 - Cannot read IP mode file for STMicroelectronics.X-CUBE-AZRTOS-WB.2.0.0
2025-06-25 19:07:00,635 [WARN] ConditionMgr:1044 - genDependencies : Invalid condition id : UX DEVICE CLASS RTOS Condition cause : null
2025-06-25 19:07:00,635 [WARN] ConditionMgr:1044 - genDependencies : Invalid condition id : UX DEVICE CLASS RTOS Condition cause : null
2025-06-25 19:07:00,636 [WARN] ConditionMgr:1044 - genDependencies : Invalid condition id : UX DEVICE CLASS RTOS Condition cause : null
2025-06-25 19:07:00,636 [WARN] ConditionMgr:1044 - genDependencies : Invalid condition id : UX DEVICE CLASS RTOS Condition cause : null
2025-06-25 19:07:00,636 [WARN] ConditionMgr:1044 - genDependencies : Invalid condition id : UX DEVICE CLASS RTOS Condition cause : null
2025-06-25 19:07:00,654 [WARN] PackLoader:240 - Cannot read IP mode file for STMicroelectronics.X-CUBE-GNSS1.7.0.1
2025-06-25 19:07:00,676 [WARN] PackLoader:240 - Cannot read IP mode file for STMicroelectronics.X-CUBE-TOUCHGFX.4.25.0
2025-06-25 19:07:00,702 [WARN] PackLoader:240 - Cannot read IP mode file for STMicroelectronics.FP-SNS-STBOX1.2.0.0
2025-06-25 19:07:00,736 [WARN] PackLoader:240 - Cannot read IP mode file for STMicroelectronics.X-CUBE-SUBG2.5.0.0
2025-06-25 19:07:00,807 [WARN] PackLoader:240 - Cannot read IP mode file for STMicroelectronics.X-CUBE-AZRTOS-H7RS.1.1.0
2025-06-25 19:07:00,837 [WARN] PackLoader:240 - Cannot read IP mode file for Cesanta.I-CUBE-Mongoose.7.13.0
2025-06-25 19:07:00,891 [WARN] PackLoader:240 - Cannot read IP mode file for STMicroelectronics.X-CUBE-AZRTOS-G4.2.0.0
2025-06-25 19:07:00,925 [WARN] PackLoader:240 - Cannot read IP mode file for wolfSSL.I-CUBE-wolfSSH.1.4.20
2025-06-25 19:07:00,955 [WARN] PackLoader:240 - Cannot read IP mode file for STMicroelectronics.X-CUBE-NFC7.2.0.0
2025-06-25 19:07:00,983 [INFO] WebApp:463 - Apply proxy settings
2025-06-25 19:07:00,983 [INFO] WebApp:548 - Chromium requires no authentication
2025-06-25 19:07:00,997 [WARN] PackLoader:240 - Cannot read IP mode file for STMicroelectronics.X-CUBE-IPS.3.1.0
2025-06-25 19:07:01,059 [WARN] PackLoader:240 - Cannot read IP mode file for STMicroelectronics.X-CUBE-ALS.1.0.2
2025-06-25 19:07:01,089 [INFO] WebApp:491 - Direct internet connection detected
2025-06-25 19:07:01,147 [WARN] PackLoader:240 - Cannot read IP mode file for STMicroelectronics.X-CUBE-TOUCHGFX.4.24.2
2025-06-25 19:07:01,185 [WARN] PackLoader:240 - Cannot read IP mode file for portGmbH.I-Cube-SoM-uGOAL.1.1.0
2025-06-25 19:07:01,192 [INFO] WebApp:894 - Register for checkConnection events
2025-06-25 19:07:01,192 [INFO] WebApp:463 - Apply proxy settings
2025-06-25 19:07:01,194 [INFO] WebApp:548 - Chromium requires no authentication
2025-06-25 19:07:01,199 [INFO] WebApp:491 - Direct internet connection detected
2025-06-25 19:07:01,272 [WARN] PackLoader:240 - Cannot read IP mode file for STMicroelectronics.X-CUBE-AZRTOS-H7RS.1.0.0
2025-06-25 19:07:01,316 [WARN] PackLoader:240 - Cannot read IP mode file for STMicroelectronics.X-CUBE-TOF1.3.4.2
2025-06-25 19:07:01,359 [WARN] PackLoader:240 - Cannot read IP mode file for STMicroelectronics.X-CUBE-TOF1.3.4.3
2025-06-25 19:07:01,371 [INFO] ThirdParty:978 - Integrity check success = true
2025-06-25 19:07:01,371 [INFO] IntegrityCheckThread:100 - exiting critical section [integrity check]
2025-06-25 19:07:01,371 [INFO] IntegrityCheckThread:103 - End integrity checks thread
2025-06-25 19:07:01,443 [INFO] WebApp:191 - Connection restablished
2025-06-25 19:07:01,829 [INFO] WebApp:225 - Starting web application
2025-06-25 19:07:01,829 [INFO] WebApp:593 - Web application path used C:\ST\STM32CubeIDE_1.18.0\STM32CubeIDE\plugins\com.st.stm32cube.common.mx_6.14.0.202502271554\db\plugins\mcufinder\reactClient1\index.html
2025-06-25 19:07:02,076 [INFO] UserAuth:486 - Internet connection configuration mode: 1
2025-06-25 23:09:17,578 [INFO] WebApp:194 - Connection lost
2025-06-25 23:09:21,114 [INFO] WebApp:191 - Connection restablished
2025-06-25 23:09:22,485 [INFO] WebApp:194 - Connection lost
2025-06-25 23:09:22,599 [INFO] WebApp:191 - Connection restablished
2025-06-25 23:54:49,663 [ERROR] LogOutputStream:75 - [STDERR_REDIRECT] 
2025-06-25 23:54:49,665 [ERROR] LogOutputStream:75 - [STDERR_REDIRECT] 
