2025-07-30 10:48:29,830 [INFO] Activator:176 - 


2025-07-30 10:48:29,836 [INFO] Activator:177 - !SESSION log4j initialized
2025-07-30 10:48:39,860 [INFO] LogOutputStream:77 - [STDOUT_REDIRECT] 
2025-07-30 10:48:49,043 [INFO] ApplicationProperties:184 - Using Application install path: C:\ST\STM32CubeIDE_1.18.0\STM32CubeIDE\plugins\com.st.stm32cube.common.mx_6.14.0.202502271554
2025-07-30 10:48:49,064 [INFO] DbMcusXml:78 - Set database path to: C:\ST\STM32CubeIDE_1.18.0\STM32CubeIDE\plugins\com.st.stm32cube.common.mx_6.14.0.202502271554\\db\/mcu/
2025-07-30 10:48:49,065 [INFO] ApiDb:274 - Set plugin database path to: C:\ST\STM32CubeIDE_1.18.0\STM32CubeIDE\plugins\com.st.stm32cube.common.mx_6.14.0.202502271554\\db\/plugins/boardmanager/
2025-07-30 10:48:49,065 [WARN] ApiDb:259 - Overriding images path with different value:  => C:\ST\STM32CubeIDE_1.18.0\STM32CubeIDE\plugins\com.st.stm32cube.common.mx_6.14.0.202502271554\\db\/plugins/mcufinder/images/
2025-07-30 10:48:49,074 [INFO] ApiDb:250 - Set database path to: C:\Users\marcv\.stmcufinder\plugins\mcufinder//mcu/
2025-07-30 10:48:49,075 [INFO] DbMcusAds:125 - Set database path to: C:\Users\marcv\.stmcufinder\plugins\mcufinder//mcu/
2025-07-30 10:48:49,078 [INFO] CrossReferenceDbSqlite:203 - Set database path to: C:\Users\marcv\.stmcufinder\plugins\mcufinder//mcu/cs/
2025-07-30 10:48:49,203 [INFO] RulesReader:64 - Compatibility file has been processed (301 Rules)
2025-07-30 10:48:49,289 [INFO] DbMcusXml:78 - Set database path to: C:\ST\STM32CubeIDE_1.18.0\STM32CubeIDE\plugins\com.st.stm32cube.common.mx_6.14.0.202502271554\\db\/mcu/
2025-07-30 10:48:49,289 [INFO] ApiDb:274 - Set plugin database path to: C:\ST\STM32CubeIDE_1.18.0\STM32CubeIDE\plugins\com.st.stm32cube.common.mx_6.14.0.202502271554\\db\/plugins/boardmanager/
2025-07-30 10:48:49,289 [INFO] ApiDb:261 - Set plugin images path to: C:\ST\STM32CubeIDE_1.18.0\STM32CubeIDE\plugins\com.st.stm32cube.common.mx_6.14.0.202502271554\\db\/plugins/mcufinder/images/
2025-07-30 10:48:49,289 [WARN] DbFile:41 - Overriding database path with different value: C:\Users\marcv\.stmcufinder\plugins\mcufinder/ => C:\Users\marcv\.stmcufinder\plugins\mcufinder
2025-07-30 10:48:49,289 [INFO] ApiDb:250 - Set database path to: C:\Users\marcv\.stmcufinder\plugins\mcufinder//mcu/
2025-07-30 10:48:49,290 [WARN] DbFile:41 - Overriding database path with different value: C:\Users\marcv\.stmcufinder\plugins\mcufinder/ => C:\Users\marcv\.stmcufinder\plugins\mcufinder
2025-07-30 10:48:49,290 [INFO] DbMcusAds:125 - Set database path to: C:\Users\marcv\.stmcufinder\plugins\mcufinder//mcu/
2025-07-30 10:48:49,290 [WARN] DbFile:41 - Overriding database path with different value: C:\Users\marcv\.stmcufinder\plugins\mcufinder/ => C:\Users\marcv\.stmcufinder\plugins\mcufinder
2025-07-30 10:48:49,290 [WARN] DbFile:41 - Overriding database path with different value: C:\Users\marcv\.stmcufinder\plugins\mcufinder/ => C:\Users\marcv\.stmcufinder\plugins\mcufinder
2025-07-30 10:48:49,290 [INFO] CrossReferenceDbSqlite:203 - Set database path to: C:\Users\marcv\.stmcufinder\plugins\mcufinder//mcu/cs/
2025-07-30 10:48:49,373 [INFO] MainPanel:272 - HeapMemory: 268435456
2025-07-30 10:48:49,505 [INFO] DbMcusXml:78 - Set database path to: C:\ST\STM32CubeIDE_1.18.0\STM32CubeIDE\plugins\com.st.stm32cube.common.mx_6.14.0.202502271554\\db\/mcu/
2025-07-30 10:48:49,505 [INFO] ApiDb:274 - Set plugin database path to: C:\ST\STM32CubeIDE_1.18.0\STM32CubeIDE\plugins\com.st.stm32cube.common.mx_6.14.0.202502271554\\db\/plugins/boardmanager/
2025-07-30 10:48:49,505 [INFO] ApiDb:261 - Set plugin images path to: C:\ST\STM32CubeIDE_1.18.0\STM32CubeIDE\plugins\com.st.stm32cube.common.mx_6.14.0.202502271554\\db\/plugins/mcufinder/images/
2025-07-30 10:48:49,505 [WARN] DbFile:41 - Overriding database path with different value: C:\Users\marcv\.stmcufinder\plugins\mcufinder/ => C:\Users\marcv\.stmcufinder\plugins\mcufinder
2025-07-30 10:48:49,505 [INFO] ApiDb:250 - Set database path to: C:\Users\marcv\.stmcufinder\plugins\mcufinder//mcu/
2025-07-30 10:48:49,505 [WARN] DbFile:41 - Overriding database path with different value: C:\Users\marcv\.stmcufinder\plugins\mcufinder/ => C:\Users\marcv\.stmcufinder\plugins\mcufinder
2025-07-30 10:48:49,506 [INFO] DbMcusAds:125 - Set database path to: C:\Users\marcv\.stmcufinder\plugins\mcufinder//mcu/
2025-07-30 10:48:49,506 [WARN] DbFile:41 - Overriding database path with different value: C:\Users\marcv\.stmcufinder\plugins\mcufinder/ => C:\Users\marcv\.stmcufinder\plugins\mcufinder
2025-07-30 10:48:49,506 [WARN] DbFile:41 - Overriding database path with different value: C:\Users\marcv\.stmcufinder\plugins\mcufinder/ => C:\Users\marcv\.stmcufinder\plugins\mcufinder
2025-07-30 10:48:49,506 [INFO] CrossReferenceDbSqlite:203 - Set database path to: C:\Users\marcv\.stmcufinder\plugins\mcufinder//mcu/cs/
2025-07-30 10:48:49,524 [INFO] ApplicationProperties:184 - Using Application install path: C:\ST\STM32CubeIDE_1.18.0\STM32CubeIDE\plugins\com.st.stm32cube.common.mx_6.14.0.202502271554
2025-07-30 10:48:49,525 [INFO] PluginManage:196 - Search for loadable plugins [exclusion list=, ]
2025-07-30 10:48:49,527 [INFO] PluginManage:310 - Check plugin analytics
2025-07-30 10:48:54,242 [INFO] AnalyticsPlugin:253 - Accepted Software Licenses: 
2025-07-30 10:48:54,242 [INFO] AnalyticsPlugin:255 - Accepted CMSIS Pack Licenses: 
2025-07-30 10:48:54,242 [INFO] AnalyticsPlugin:257 - Accepted Firmware Licenses: FW.H7.1.12.0
2025-07-30 10:48:54,245 [INFO] PluginManage:359 - Loaded plugin analytics (category:tool,tabindex:-1)
2025-07-30 10:48:54,246 [INFO] PluginManage:310 - Check plugin cadmodel
2025-07-30 10:48:54,269 [INFO] CADModel:105 - Init CAD model plugin
2025-07-30 10:48:54,269 [INFO] PluginManage:359 - Loaded plugin cadmodel (category:power,tabindex:5)
2025-07-30 10:48:54,270 [INFO] PluginManage:310 - Check plugin clock
2025-07-30 10:48:54,296 [INFO] PluginManage:359 - Loaded plugin clock (category:base,tabindex:2)
2025-07-30 10:48:54,296 [INFO] PluginManage:310 - Check plugin ddr
2025-07-30 10:48:54,299 [INFO] PluginManage:359 - Loaded plugin ddr (category:tool,tabindex:6)
2025-07-30 10:48:54,300 [INFO] PluginManage:310 - Check plugin filemanager
2025-07-30 10:48:54,504 [INFO] PluginManage:359 - Loaded plugin filemanager (category:base,tabindex:10)
2025-07-30 10:48:54,504 [INFO] PluginManage:310 - Check plugin ipmanager
2025-07-30 10:48:54,516 [INFO] PluginManage:359 - Loaded plugin ipmanager (category:base,tabindex:5)
2025-07-30 10:48:54,516 [INFO] PluginManage:310 - Check plugin lpbam
2025-07-30 10:48:54,554 [INFO] PluginManage:359 - Loaded plugin lpbam (category:base,tabindex:0)
2025-07-30 10:48:54,555 [INFO] PluginManage:310 - Check plugin memorymap
2025-07-30 10:48:54,607 [INFO] PluginManage:359 - Loaded plugin memorymap (category:base,tabindex:4)
2025-07-30 10:48:54,607 [INFO] PluginManage:310 - Check plugin pinoutandconfiguration
2025-07-30 10:48:54,651 [INFO] PluginManage:359 - Loaded plugin pinoutandconfiguration (category:base,tabindex:1)
2025-07-30 10:48:54,651 [INFO] PluginManage:310 - Check plugin pinoutconfig
2025-07-30 10:48:54,770 [WARN] SupportedApi:132 - Cannot load RTOS API schema: s4s-elt-must-match.1: The content of 'definitions' must match (annotation?, (simpleType | complexType)?, (unique | key | keyref)*)). A problem was found starting at: attribute.
2025-07-30 10:48:54,930 [INFO] PluginManage:359 - Loaded plugin pinoutconfig (category:base,tabindex:0)
2025-07-30 10:48:54,930 [INFO] PluginManage:310 - Check plugin power
2025-07-30 10:48:54,958 [INFO] PluginManage:359 - Loaded plugin power (category:power,tabindex:4)
2025-07-30 10:48:54,958 [INFO] PluginManage:310 - Check plugin projectmanager
2025-07-30 10:48:54,975 [INFO] PluginManage:359 - Loaded plugin projectmanager (category:projectmanager,tabindex:4)
2025-07-30 10:48:54,975 [INFO] PluginManage:310 - Check plugin rif
2025-07-30 10:48:54,999 [INFO] PluginManage:359 - Loaded plugin rif (category:base,tabindex:3)
2025-07-30 10:48:54,999 [INFO] PluginManage:310 - Check plugin thirdparty
2025-07-30 10:48:55,345 [INFO] PluginManage:359 - Loaded plugin thirdparty (category:base,tabindex:-1)
2025-07-30 10:48:55,345 [WARN] IntegrityCheckThread:84 - waiting for thirdparty lock release [integrity check]
2025-07-30 10:48:55,345 [INFO] PluginManage:310 - Check plugin tools
2025-07-30 10:48:55,345 [INFO] IntegrityCheckThread:86 - entering critical section [integrity check]
2025-07-30 10:48:55,345 [INFO] ThirdPartyUpdaterWithRetryManager:70 - Updater plugin not ready yet. [1/15]
2025-07-30 10:48:55,397 [INFO] PluginManage:359 - Loaded plugin tools (category:base,tabindex:7)
2025-07-30 10:48:55,397 [INFO] PluginManage:310 - Check plugin tutovideos
2025-07-30 10:48:55,615 [INFO] PluginManage:359 - Loaded plugin tutovideos (category:base,tabindex:-1)
2025-07-30 10:48:55,615 [INFO] PluginManage:310 - Check plugin updater
2025-07-30 10:48:55,637 [INFO] PluginManage:359 - Loaded plugin updater (category:base,tabindex:12)
2025-07-30 10:48:55,638 [INFO] PluginManage:310 - Check plugin userauth
2025-07-30 10:48:55,643 [INFO] UserAuth:118 - Init User Auth plugin
2025-07-30 10:48:55,644 [INFO] PluginManage:359 - Loaded plugin userauth (category:base,tabindex:14)
2025-07-30 10:48:55,644 [INFO] PluginManage:283 - PluginManage : Loaded plugins [18]
2025-07-30 10:48:55,866 [INFO] PinOutPanel:1589 - setPackage(No Configuration,No Configuration)
2025-07-30 10:48:55,989 [INFO] CADModel:165 - CPN selected for project level
2025-07-30 10:48:55,989 [INFO] CADModel:114 - Register for checkConnection events
2025-07-30 10:48:56,040 [INFO] IPUIPlugin:80 - create IPUIPlugin
2025-07-30 10:48:56,041 [INFO] PluginManager:220 - loadIPPluginJar : add adc
2025-07-30 10:48:56,094 [INFO] IPUIPlugin:80 - create IPUIPlugin
2025-07-30 10:48:56,094 [INFO] PluginManager:220 - loadIPPluginJar : add aes
2025-07-30 10:48:56,149 [INFO] IPUIPlugin:80 - create IPUIPlugin
2025-07-30 10:48:56,149 [INFO] PluginManager:220 - loadIPPluginJar : add can
2025-07-30 10:48:56,185 [INFO] IPUIPlugin:80 - create IPUIPlugin
2025-07-30 10:48:56,185 [INFO] PluginManager:220 - loadIPPluginJar : add comp
2025-07-30 10:48:56,236 [INFO] IPUIPlugin:80 - create IPUIPlugin
2025-07-30 10:48:56,236 [INFO] PluginManager:220 - loadIPPluginJar : add cryp
2025-07-30 10:48:56,262 [INFO] IPUIPlugin:80 - create IPUIPlugin
2025-07-30 10:48:56,262 [INFO] PluginManager:220 - loadIPPluginJar : add ddr_ctrl_phy
2025-07-30 10:48:56,311 [INFO] IPUIPlugin:80 - create IPUIPlugin
2025-07-30 10:48:56,311 [INFO] PluginManager:220 - loadIPPluginJar : add dfsdm
2025-07-30 10:48:56,332 [INFO] IPUIPlugin:80 - create IPUIPlugin
2025-07-30 10:48:56,332 [INFO] PluginManager:220 - loadIPPluginJar : add dma
2025-07-30 10:48:56,400 [INFO] IPUIPlugin:80 - create IPUIPlugin
2025-07-30 10:48:56,400 [INFO] PluginManager:220 - loadIPPluginJar : add dma3
2025-07-30 10:48:56,476 [INFO] IPUIPlugin:80 - create IPUIPlugin
2025-07-30 10:48:56,476 [INFO] PluginManager:220 - loadIPPluginJar : add extmemmanager
2025-07-30 10:48:56,512 [INFO] IPUIPlugin:80 - create IPUIPlugin
2025-07-30 10:48:56,512 [INFO] PluginManager:220 - loadIPPluginJar : add fatfs
2025-07-30 10:48:56,579 [INFO] IPUIPlugin:80 - create IPUIPlugin
2025-07-30 10:48:56,579 [INFO] PluginManager:220 - loadIPPluginJar : add fmc
2025-07-30 10:48:56,604 [INFO] IPUIPlugin:80 - create IPUIPlugin
2025-07-30 10:48:56,604 [INFO] PluginManager:220 - loadIPPluginJar : add freertos
2025-07-30 10:48:56,636 [INFO] IPUIPlugin:80 - create IPUIPlugin
2025-07-30 10:48:56,636 [INFO] PluginManager:220 - loadIPPluginJar : add genericplugin
2025-07-30 10:48:56,773 [INFO] IPUIPlugin:80 - create IPUIPlugin
2025-07-30 10:48:56,773 [INFO] PluginManager:220 - loadIPPluginJar : add gfxmmu
2025-07-30 10:48:56,958 [INFO] IPUIPlugin:80 - create IPUIPlugin
2025-07-30 10:48:56,958 [INFO] PluginManager:220 - loadIPPluginJar : add gic
2025-07-30 10:48:56,975 [INFO] IPUIPlugin:80 - create IPUIPlugin
2025-07-30 10:48:56,976 [INFO] PluginManager:220 - loadIPPluginJar : add gpio
2025-07-30 10:48:57,100 [INFO] IPUIPlugin:80 - create IPUIPlugin
2025-07-30 10:48:57,100 [INFO] PluginManager:220 - loadIPPluginJar : add gtzc
2025-07-30 10:48:57,260 [INFO] IPUIPlugin:80 - create IPUIPlugin
2025-07-30 10:48:57,260 [INFO] PluginManager:220 - loadIPPluginJar : add hash
2025-07-30 10:48:57,422 [INFO] IPUIPlugin:80 - create IPUIPlugin
2025-07-30 10:48:57,423 [INFO] PluginManager:220 - loadIPPluginJar : add i2c
2025-07-30 10:48:57,547 [INFO] IPUIPlugin:80 - create IPUIPlugin
2025-07-30 10:48:57,548 [INFO] PluginManager:220 - loadIPPluginJar : add i2s
2025-07-30 10:48:57,612 [INFO] IPUIPlugin:80 - create IPUIPlugin
2025-07-30 10:48:57,612 [INFO] PluginManager:220 - loadIPPluginJar : add i3c
2025-07-30 10:48:57,761 [INFO] IPUIPlugin:80 - create IPUIPlugin
2025-07-30 10:48:57,761 [INFO] PluginManager:220 - loadIPPluginJar : add ipddr
2025-07-30 10:48:57,937 [INFO] IPUIPlugin:80 - create IPUIPlugin
2025-07-30 10:48:57,937 [INFO] PluginManager:220 - loadIPPluginJar : add linkedlist
2025-07-30 10:48:58,008 [INFO] IPUIPlugin:80 - create IPUIPlugin
2025-07-30 10:48:58,009 [INFO] PluginManager:220 - loadIPPluginJar : add lorawan
2025-07-30 10:48:58,078 [INFO] IPUIPlugin:80 - create IPUIPlugin
2025-07-30 10:48:58,079 [INFO] PluginManager:220 - loadIPPluginJar : add ltdc
2025-07-30 10:48:58,102 [INFO] IPUIPlugin:80 - create IPUIPlugin
2025-07-30 10:48:58,102 [INFO] PluginManager:220 - loadIPPluginJar : add mdma
2025-07-30 10:48:58,122 [INFO] IPUIPlugin:80 - create IPUIPlugin
2025-07-30 10:48:58,122 [INFO] PluginManager:220 - loadIPPluginJar : add nvic
2025-07-30 10:48:58,180 [INFO] IPUIPlugin:80 - create IPUIPlugin
2025-07-30 10:48:58,180 [INFO] PluginManager:220 - loadIPPluginJar : add opamp
2025-07-30 10:48:58,270 [INFO] IPUIPlugin:80 - create IPUIPlugin
2025-07-30 10:48:58,270 [INFO] PluginManager:220 - loadIPPluginJar : add openamp
2025-07-30 10:48:58,340 [INFO] IPUIPlugin:80 - create IPUIPlugin
2025-07-30 10:48:58,340 [INFO] PluginManager:220 - loadIPPluginJar : add pdm2pcm
2025-07-30 10:48:58,347 [INFO] ThirdPartyUpdaterWithRetryManager:70 - Updater plugin not ready yet. [2/15]
2025-07-30 10:48:58,359 [INFO] IPUIPlugin:80 - create IPUIPlugin
2025-07-30 10:48:58,361 [INFO] PluginManager:220 - loadIPPluginJar : add plateformsettings
2025-07-30 10:48:58,398 [INFO] IPUIPlugin:80 - create IPUIPlugin
2025-07-30 10:48:58,398 [INFO] PluginManager:220 - loadIPPluginJar : add quadspi
2025-07-30 10:48:58,438 [INFO] IPUIPlugin:80 - create IPUIPlugin
2025-07-30 10:48:58,439 [INFO] PluginManager:220 - loadIPPluginJar : add radio
2025-07-30 10:48:58,455 [INFO] IPUIPlugin:80 - create IPUIPlugin
2025-07-30 10:48:58,455 [INFO] PluginManager:220 - loadIPPluginJar : add resmgrutility
2025-07-30 10:48:58,518 [INFO] IPUIPlugin:80 - create IPUIPlugin
2025-07-30 10:48:58,518 [INFO] PluginManager:220 - loadIPPluginJar : add sai
2025-07-30 10:48:58,577 [INFO] IPUIPlugin:80 - create IPUIPlugin
2025-07-30 10:48:58,578 [INFO] PluginManager:220 - loadIPPluginJar : add spi
2025-07-30 10:48:58,681 [INFO] IPUIPlugin:80 - create IPUIPlugin
2025-07-30 10:48:58,681 [INFO] PluginManager:220 - loadIPPluginJar : add stm32_wpan
2025-07-30 10:48:58,713 [INFO] IPUIPlugin:80 - create IPUIPlugin
2025-07-30 10:48:58,713 [INFO] PluginManager:220 - loadIPPluginJar : add tim
2025-07-30 10:48:58,793 [INFO] IPUIPlugin:80 - create IPUIPlugin
2025-07-30 10:48:58,793 [INFO] PluginManager:220 - loadIPPluginJar : add touchsensing
2025-07-30 10:48:58,824 [INFO] IPUIPlugin:80 - create IPUIPlugin
2025-07-30 10:48:58,824 [INFO] PluginManager:220 - loadIPPluginJar : add tracer_emb
2025-07-30 10:48:58,855 [INFO] IPUIPlugin:80 - create IPUIPlugin
2025-07-30 10:48:58,856 [INFO] PluginManager:220 - loadIPPluginJar : add ts
2025-07-30 10:48:58,886 [INFO] IPUIPlugin:80 - create IPUIPlugin
2025-07-30 10:48:58,886 [INFO] PluginManager:220 - loadIPPluginJar : add tsc
2025-07-30 10:48:58,916 [INFO] IPUIPlugin:80 - create IPUIPlugin
2025-07-30 10:48:58,916 [INFO] PluginManager:220 - loadIPPluginJar : add ucpd
2025-07-30 10:48:58,972 [INFO] IPUIPlugin:80 - create IPUIPlugin
2025-07-30 10:48:58,972 [INFO] PluginManager:220 - loadIPPluginJar : add usart
2025-07-30 10:48:59,033 [INFO] IPUIPlugin:80 - create IPUIPlugin
2025-07-30 10:48:59,033 [INFO] PluginManager:220 - loadIPPluginJar : add usbx
2025-07-30 10:48:59,165 [FATAL] Updater:351 - Updater called before beeing initialized
2025-07-30 10:48:59,190 [INFO] RulesReader:64 - Compatibility file has been processed (301 Rules)
2025-07-30 10:48:59,201 [INFO] RulesReader:64 - Compatibility file has been processed (301 Rules)
2025-07-30 10:48:59,209 [INFO] CADModel:165 - CPN selected for project level
2025-07-30 10:48:59,209 [INFO] CADModel:114 - Register for checkConnection events
2025-07-30 10:48:59,209 [FATAL] Updater:351 - Updater called before beeing initialized
2025-07-30 10:48:59,209 [ERROR] CADModel:125 - Updater not yet initialized, retry later 
2025-07-30 10:48:59,368 [FATAL] Updater:351 - Updater called before beeing initialized
2025-07-30 10:48:59,371 [INFO] CADModel:165 - CPN selected for project level
2025-07-30 10:48:59,371 [INFO] CADModel:114 - Register for checkConnection events
2025-07-30 10:48:59,371 [FATAL] Updater:351 - Updater called before beeing initialized
2025-07-30 10:48:59,371 [ERROR] CADModel:125 - Updater not yet initialized, retry later 
2025-07-30 10:48:59,374 [FATAL] Updater:351 - Updater called before beeing initialized
2025-07-30 10:48:59,497 [FATAL] Updater:351 - Updater called before beeing initialized
2025-07-30 10:48:59,512 [INFO] DbMcusAds:53 - JSON generation date=Thu Jun 19 10:32:37 CEST 2025 (1750321957418)
2025-07-30 10:48:59,513 [FATAL] Updater:351 - Updater called before beeing initialized
2025-07-30 10:48:59,586 [WARN] DetailPanel:346 - Failed to get advertising image, set to default
2025-07-30 10:48:59,848 [FATAL] Updater:351 - Updater called before beeing initialized
2025-07-30 10:48:59,850 [FATAL] Updater:351 - Updater called before beeing initialized
2025-07-30 10:48:59,850 [FATAL] Updater:351 - Updater called before beeing initialized
2025-07-30 10:48:59,850 [WARN] DetailPanel:346 - Failed to get advertising image, set to default
2025-07-30 10:48:59,851 [FATAL] Updater:351 - Updater called before beeing initialized
2025-07-30 10:48:59,913 [ERROR] Updater:1198 - MainUpdater not yet initialized. External WinMGr cannot be set.
2025-07-30 10:48:59,924 [INFO] Updater:1134 - Updater Version found : 6.14.0
2025-07-30 10:48:59,947 [INFO] ApplicationProperties:184 - Using Application install path: C:\ST\STM32CubeIDE_1.18.0\STM32CubeIDE\plugins\com.st.stm32cube.common.mx_6.14.0.202502271554
2025-07-30 10:49:01,348 [INFO] ThirdPartyUpdaterWithRetryManager:70 - Updater plugin not ready yet. [3/15]
2025-07-30 10:49:01,522 [ERROR] LogOutputStream:75 - [STDERR_REDIRECT] Jul 30, 2025 10:49:01 AM java.util.prefs.WindowsPreferences <init>
2025-07-30 10:49:01,524 [ERROR] LogOutputStream:75 - [STDERR_REDIRECT] WARNING: Could not open/create prefs root node Software\JavaSoft\Prefs at root 0xffffffff80000002. Windows RegCreateKeyEx(...) returned error code 5.
2025-07-30 10:49:01,524 [ERROR] LogOutputStream:75 - [STDERR_REDIRECT] 
2025-07-30 10:49:01,853 [INFO] MainUpdater:2872 - connection check result : 10
2025-07-30 10:49:01,853 [INFO] MainUpdater:289 - Updater Check For Update Now.
2025-07-30 10:49:01,853 [INFO] MicroXplorer:498 - Change Database Version : DB.6.0.140
2025-07-30 10:49:01,873 [INFO] McuFinderGlobals:63 - Set McuFinder mode to 2 (CubeIDE integrated)
2025-07-30 10:49:01,885 [INFO] UserAuth:486 - Internet connection configuration mode: 1
2025-07-30 10:49:01,930 [INFO] JxBrowserEngine:152 - Initiate JxBrowser Engine with user profile folder
2025-07-30 10:49:02,093 [INFO] CheckServerUpdateThread:120 - End of CheckServer Thread
2025-07-30 10:49:04,838 [WARN] PackLoader:240 - Cannot read IP mode file for STMicroelectronics.FP-SNS-MOTENVWB1.1.4.0
2025-07-30 10:49:04,851 [INFO] WebApp:169 - Instantiating new browser for Auth
2025-07-30 10:49:04,860 [WARN] PackLoader:240 - Cannot read IP mode file for STMicroelectronics.FP-ATR-ASTRA1.2.0.2
2025-07-30 10:49:04,902 [WARN] PackLoader:240 - Cannot read IP mode file for STMicroelectronics.X-CUBE-SMBUS.2.1.0
2025-07-30 10:49:04,947 [WARN] PackLoader:240 - Cannot read IP mode file for STMicroelectronics.X-CUBE-WB05N.1.1.0
2025-07-30 10:49:04,976 [WARN] PackLoader:240 - Cannot read IP mode file for STMicroelectronics.X-CUBE-ST60.1.0.0
2025-07-30 10:49:05,076 [WARN] PackLoader:240 - Cannot read IP mode file for STMicroelectronics.X-CUBE-AZRTOS-F7.1.1.0
2025-07-30 10:49:05,109 [WARN] PackLoader:240 - Cannot read IP mode file for STMicroelectronics.FP-SNS-FLIGHT1.5.0.2
2025-07-30 10:49:05,187 [WARN] PackLoader:240 - Cannot read IP mode file for Infineon.AIROC-Wi-Fi-Bluetooth-STM32.1.7.0
2025-07-30 10:49:05,249 [WARN] PackLoader:240 - Cannot read IP mode file for STMicroelectronics.X-CUBE-AZRTOS-H7.3.4.0
2025-07-30 10:49:05,278 [WARN] PackLoader:240 - Cannot read IP mode file for STMicroelectronics.X-CUBE-DISPLAY.3.0.0
2025-07-30 10:49:05,305 [WARN] PackLoader:240 - Cannot read IP mode file for STMicroelectronics.X-CUBE-NFC10.1.0.0
2025-07-30 10:49:05,339 [WARN] PackLoader:240 - Cannot read IP mode file for STMicroelectronics.X-CUBE-BLEMGR.4.0.0
2025-07-30 10:49:05,367 [WARN] PackLoader:240 - Cannot read IP mode file for emotas.I-CUBE-CANOPEN.1.3.0
2025-07-30 10:49:05,384 [WARN] ConditionMgr:438 - getConditionDescription Invalid condition id : Cortex-A Device cause : null
2025-07-30 10:49:05,416 [WARN] ConditionMgr:1044 - genDependencies : Invalid condition id : Cortex-A Device cause : null
2025-07-30 10:49:05,416 [WARN] ConditionMgr:1044 - genDependencies : Invalid condition id : Cortex-A Device cause : null
2025-07-30 10:49:05,416 [WARN] ConditionMgr:1044 - genDependencies : Invalid condition id : Cortex-A Device cause : null
2025-07-30 10:49:05,433 [WARN] PackLoader:240 - Cannot read IP mode file for STMicroelectronics.X-CUBE-AI.10.0.0
2025-07-30 10:49:05,451 [WARN] PackLoader:240 - Cannot read IP mode file for STMicroelectronics.FP-SNS-SMARTAG2.1.2.0
2025-07-30 10:49:05,467 [WARN] PackLoader:240 - Cannot read IP mode file for STMicroelectronics.FP-SNS-FLIGHT1.5.1.0
2025-07-30 10:49:05,560 [WARN] PackLoader:240 - Cannot read IP mode file for STMicroelectronics.X-CUBE-MEMS1.11.1.0
2025-07-30 10:49:05,770 [INFO] LogOutputStream:77 - [STDOUT_REDIRECT] 1 : Invalid condition id : UX_CORESTACK_Condition cause : null
2025-07-30 10:49:05,770 [INFO] LogOutputStream:77 - [STDOUT_REDIRECT] 1 : Invalid condition id : UX_CORESTACK_Condition cause : null
2025-07-30 10:49:05,771 [INFO] LogOutputStream:77 - [STDOUT_REDIRECT] 1 : Invalid condition id : UX_CORESTACK_Condition cause : null
2025-07-30 10:49:05,773 [INFO] LogOutputStream:77 - [STDOUT_REDIRECT] 1 : Invalid condition id : UX_CORESTACK_Condition cause : null
2025-07-30 10:49:05,775 [INFO] LogOutputStream:77 - [STDOUT_REDIRECT] 1 : Invalid condition id : UX_CORESTACK_Condition cause : null
2025-07-30 10:49:05,777 [WARN] PackLoader:240 - Cannot read IP mode file for STMicroelectronics.X-CUBE-AZRTOS-WL.2.0.0
2025-07-30 10:49:05,796 [WARN] PackLoader:240 - Cannot read IP mode file for STMicroelectronics.FP-SNS-MOTENV1.5.0.0
2025-07-30 10:49:05,821 [WARN] PackLoader:240 - Cannot read IP mode file for WES.I-CUBE-Cesium.1.3.0
2025-07-30 10:49:05,841 [WARN] PackLoader:240 - Cannot read IP mode file for STMicroelectronics.X-CUBE-BLE2.3.3.0
2025-07-30 10:49:05,868 [WARN] PackLoader:240 - Cannot read IP mode file for STMicroelectronics.X-CUBE-NFC9.1.0.0
2025-07-30 10:49:05,894 [WARN] PackLoader:240 - Cannot read IP mode file for STMicroelectronics.X-CUBE-BLE1.7.1.0
2025-07-30 10:49:05,913 [WARN] PackLoader:240 - Cannot read IP mode file for wolfSSL.I-CUBE-wolfMQTT.1.19.2
2025-07-30 10:49:05,934 [WARN] PackLoader:240 - Cannot read IP mode file for STMicroelectronics.X-CUBE-EEPRMA1.5.2.0
2025-07-30 10:49:05,955 [WARN] PackLoader:240 - Cannot read IP mode file for STMicroelectronics.X-CUBE-AI.10.1.0
2025-07-30 10:49:06,073 [WARN] PackLoader:240 - Cannot read IP mode file for STMicroelectronics.X-CUBE-MEMS1.11.2.0
2025-07-30 10:49:06,115 [INFO] WebApp:463 - Apply proxy settings
2025-07-30 10:49:06,116 [INFO] WebApp:548 - Chromium requires no authentication
2025-07-30 10:49:06,142 [INFO] WebApp:491 - Direct internet connection detected
2025-07-30 10:49:06,218 [INFO] WebApp:894 - Register for checkConnection events
2025-07-30 10:49:06,219 [INFO] WebApp:463 - Apply proxy settings
2025-07-30 10:49:06,219 [INFO] WebApp:548 - Chromium requires no authentication
2025-07-30 10:49:06,220 [INFO] WebApp:491 - Direct internet connection detected
2025-07-30 10:49:06,287 [WARN] PackLoader:240 - Cannot read IP mode file for STMicroelectronics.X-CUBE-AZRTOS-G0.1.1.0
2025-07-30 10:49:06,324 [WARN] PackLoader:240 - Cannot read IP mode file for STMicroelectronics.X-CUBE-SAFEA1.1.2.2
2025-07-30 10:49:06,356 [WARN] PackLoader:240 - Cannot read IP mode file for STMicroelectronics.X-CUBE-NFC4.3.0.0
2025-07-30 10:49:06,392 [WARN] PackLoader:240 - Cannot read IP mode file for EmbeddedOffice.I-CUBE-FS-RTOS.1.0.1
2025-07-30 10:49:06,413 [INFO] WebApp:191 - Connection restablished
2025-07-30 10:49:06,421 [WARN] PackLoader:240 - Cannot read IP mode file for STMicroelectronics.X-CUBE-WB05N.2.0.0
2025-07-30 10:49:06,445 [WARN] PackLoader:240 - Cannot read IP mode file for wolfSSL.I-CUBE-wolfTPM.3.8.0
2025-07-30 10:49:06,469 [WARN] PackLoader:240 - Cannot read IP mode file for STMicroelectronics.X-CUBE-TCPP.4.2.0
2025-07-30 10:49:06,494 [WARN] PackLoader:240 - Cannot read IP mode file for RealThread.X-CUBE-RT-Thread_Nano.4.1.1
2025-07-30 10:49:06,513 [WARN] PackLoader:240 - Cannot read IP mode file for STMicroelectronics.FP-ATR-SIGFOX1.3.2.0
2025-07-30 10:49:06,534 [WARN] PackLoader:240 - Cannot read IP mode file for STMicroelectronics.X-CUBE-EEPRMA1.5.1.0
2025-07-30 10:49:06,566 [WARN] PackLoader:240 - Cannot read IP mode file for wolfSSL.I-CUBE-wolfSSL.5.7.6
2025-07-30 10:49:06,595 [WARN] PackLoader:240 - Cannot read IP mode file for ITTIA_DB.I-CUBE-ITTIADB.8.9.0
2025-07-30 10:49:06,625 [WARN] PackLoader:240 - Cannot read IP mode file for STMicroelectronics.X-CUBE-ST67W61.1.0.0
2025-07-30 10:49:06,634 [INFO] WebApp:225 - Starting web application
2025-07-30 10:49:06,635 [INFO] WebApp:593 - Web application path used C:\ST\STM32CubeIDE_1.18.0\STM32CubeIDE\plugins\com.st.stm32cube.common.mx_6.14.0.202502271554\db\plugins\mcufinder\reactClient1\index.html
2025-07-30 10:49:06,695 [WARN] PackLoader:240 - Cannot read IP mode file for SEGGER.I-CUBE-embOS.1.3.1
2025-07-30 10:49:06,774 [WARN] PackLoader:240 - Cannot read IP mode file for STMicroelectronics.X-CUBE-ALGOBUILD.1.4.0
2025-07-30 10:49:06,874 [WARN] PackLoader:240 - Cannot read IP mode file for STMicroelectronics.X-CUBE-MEMS1.11.3.0
2025-07-30 10:49:06,961 [INFO] UserAuth:486 - Internet connection configuration mode: 1
2025-07-30 10:49:07,068 [WARN] PackLoader:240 - Cannot read IP mode file for STMicroelectronics.X-CUBE-PM33A1.1.0.0
2025-07-30 10:49:07,124 [WARN] PackLoader:240 - Cannot read IP mode file for STMicroelectronics.X-CUBE-AZRTOS-F4.1.1.0
2025-07-30 10:49:07,158 [WARN] PackLoader:240 - Cannot read IP mode file for Avnet-IotConnect.X-CUBE-IoTC-DA16k-PMOD.1.0.0
2025-07-30 10:49:07,176 [WARN] PackLoader:240 - Cannot read IP mode file for STMicroelectronics.X-CUBE-ISPU.2.1.0
2025-07-30 10:49:07,195 [WARN] PackLoader:240 - Cannot read IP mode file for STMicroelectronics.X-CUBE-NFC12.1.0.0
2025-07-30 10:49:07,243 [WARN] PackLoader:240 - Cannot read IP mode file for STMicroelectronics.X-CUBE-AZRTOS-L5.2.0.0
2025-07-30 10:49:07,270 [WARN] PackLoader:240 - Cannot read IP mode file for STMicroelectronics.X-CUBE-NFC6.3.1.0
2025-07-30 10:49:07,292 [WARN] PackLoader:240 - Cannot read IP mode file for STMicroelectronics.X-CUBE-DPower.1.2.0
2025-07-30 10:49:07,319 [WARN] PackLoader:240 - Cannot read IP mode file for STMicroelectronics.X-CUBE-FREERTOS.1.3.1
2025-07-30 10:49:07,338 [WARN] PackLoader:240 - Cannot read IP mode file for STMicroelectronics.X-CUBE-FREERTOS.1.3.0
2025-07-30 10:49:07,360 [WARN] PackLoader:240 - Cannot read IP mode file for STMicroelectronics.X-CUBE-NFC7.1.0.1
2025-07-30 10:49:07,381 [WARN] PackLoader:240 - Cannot read IP mode file for STMicroelectronics.FP-SNS-STAIOTCFT.1.0.0
2025-07-30 10:49:07,402 [WARN] PackLoader:240 - Cannot read IP mode file for STMicroelectronics.X-CUBE-DPower.1.3.0
2025-07-30 10:49:07,441 [WARN] ConditionMgr:438 - getConditionDescription Invalid condition id : LAN8742 Phy interface Condition cause : null
2025-07-30 10:49:07,442 [WARN] PackLoader:240 - Cannot read IP mode file for STMicroelectronics.X-CUBE-AZRTOS-L4.2.0.0
2025-07-30 10:49:07,443 [WARN] ConditionMgr:1044 - genDependencies : Invalid condition id : LAN8742 Phy interface Condition cause : null
2025-07-30 10:49:07,443 [WARN] ConditionMgr:1044 - genDependencies : Invalid condition id : LAN8742 Phy interface Condition cause : null
2025-07-30 10:49:07,444 [WARN] ConditionMgr:1044 - genDependencies : Invalid condition id : LAN8742 Phy interface Condition cause : null
2025-07-30 10:49:07,464 [WARN] PackLoader:240 - Cannot read IP mode file for STMicroelectronics.X-CUBE-SFXS2LP1.4.0.0
2025-07-30 10:49:07,500 [WARN] PackLoader:240 - Cannot read IP mode file for STMicroelectronics.X-CUBE-AZRTOS-H7.3.3.0
2025-07-30 10:49:07,529 [WARN] PackLoader:240 - Cannot read IP mode file for STMicroelectronics.X-CUBE-BLEMGR.4.1.0
2025-07-30 10:49:07,569 [WARN] ConditionMgr:438 - getConditionDescription Invalid condition id : UX DEVICE CLASS RTOS Condition cause : null
2025-07-30 10:49:07,569 [WARN] ConditionMgr:438 - getConditionDescription Invalid condition id : UX DEVICE CLASS RTOS Condition cause : null
2025-07-30 10:49:07,570 [WARN] PackLoader:240 - Cannot read IP mode file for STMicroelectronics.X-CUBE-AZRTOS-WB.2.0.0
2025-07-30 10:49:07,571 [WARN] ConditionMgr:1044 - genDependencies : Invalid condition id : UX DEVICE CLASS RTOS Condition cause : null
2025-07-30 10:49:07,572 [WARN] ConditionMgr:1044 - genDependencies : Invalid condition id : UX DEVICE CLASS RTOS Condition cause : null
2025-07-30 10:49:07,572 [WARN] ConditionMgr:1044 - genDependencies : Invalid condition id : UX DEVICE CLASS RTOS Condition cause : null
2025-07-30 10:49:07,573 [WARN] ConditionMgr:1044 - genDependencies : Invalid condition id : UX DEVICE CLASS RTOS Condition cause : null
2025-07-30 10:49:07,573 [WARN] ConditionMgr:1044 - genDependencies : Invalid condition id : UX DEVICE CLASS RTOS Condition cause : null
2025-07-30 10:49:07,593 [WARN] PackLoader:240 - Cannot read IP mode file for STMicroelectronics.X-CUBE-GNSS1.7.0.1
2025-07-30 10:49:07,613 [WARN] PackLoader:240 - Cannot read IP mode file for STMicroelectronics.X-CUBE-TOUCHGFX.4.25.0
2025-07-30 10:49:07,635 [WARN] PackLoader:240 - Cannot read IP mode file for STMicroelectronics.FP-SNS-STBOX1.2.0.0
2025-07-30 10:49:07,657 [WARN] PackLoader:240 - Cannot read IP mode file for STMicroelectronics.X-CUBE-SUBG2.5.0.0
2025-07-30 10:49:07,704 [WARN] PackLoader:240 - Cannot read IP mode file for STMicroelectronics.X-CUBE-AZRTOS-H7RS.1.1.0
2025-07-30 10:49:07,725 [WARN] PackLoader:240 - Cannot read IP mode file for Cesanta.I-CUBE-Mongoose.7.13.0
2025-07-30 10:49:07,761 [WARN] PackLoader:240 - Cannot read IP mode file for STMicroelectronics.X-CUBE-AZRTOS-G4.2.0.0
2025-07-30 10:49:07,776 [WARN] PackLoader:240 - Cannot read IP mode file for wolfSSL.I-CUBE-wolfSSH.1.4.20
2025-07-30 10:49:07,790 [WARN] PackLoader:240 - Cannot read IP mode file for STMicroelectronics.X-CUBE-NFC7.2.0.0
2025-07-30 10:49:07,812 [WARN] PackLoader:240 - Cannot read IP mode file for STMicroelectronics.X-CUBE-IPS.3.1.0
2025-07-30 10:49:07,841 [WARN] PackLoader:240 - Cannot read IP mode file for STMicroelectronics.X-CUBE-ALS.1.0.2
2025-07-30 10:49:07,860 [WARN] PackLoader:240 - Cannot read IP mode file for STMicroelectronics.X-CUBE-TOUCHGFX.4.24.2
2025-07-30 10:49:07,881 [WARN] PackLoader:240 - Cannot read IP mode file for portGmbH.I-Cube-SoM-uGOAL.1.1.0
2025-07-30 10:49:07,925 [WARN] PackLoader:240 - Cannot read IP mode file for STMicroelectronics.X-CUBE-AZRTOS-H7RS.1.0.0
2025-07-30 10:49:07,958 [WARN] PackLoader:240 - Cannot read IP mode file for STMicroelectronics.X-CUBE-TOF1.3.4.2
2025-07-30 10:49:07,990 [WARN] PackLoader:240 - Cannot read IP mode file for STMicroelectronics.X-CUBE-TOF1.3.4.3
2025-07-30 10:49:07,999 [INFO] ThirdParty:978 - Integrity check success = true
2025-07-30 10:49:08,000 [INFO] IntegrityCheckThread:100 - exiting critical section [integrity check]
2025-07-30 10:49:08,000 [INFO] IntegrityCheckThread:103 - End integrity checks thread
2025-07-30 12:51:01,485 [INFO] WebApp:194 - Connection lost
2025-07-30 12:51:05,132 [INFO] WebApp:191 - Connection restablished
2025-07-30 12:51:06,479 [INFO] WebApp:194 - Connection lost
2025-07-30 12:51:06,584 [INFO] WebApp:191 - Connection restablished
2025-07-30 16:25:44,544 [INFO] WebApp:194 - Connection lost
2025-07-30 16:25:47,472 [INFO] WebApp:191 - Connection restablished
2025-07-30 16:25:50,493 [INFO] WebApp:194 - Connection lost
2025-07-30 16:25:50,588 [INFO] WebApp:191 - Connection restablished
2025-07-30 23:04:08,380 [INFO] WebApp:194 - Connection lost
2025-07-30 23:04:12,368 [INFO] WebApp:191 - Connection restablished
2025-07-30 23:04:13,798 [INFO] WebApp:194 - Connection lost
2025-07-30 23:04:13,919 [INFO] WebApp:191 - Connection restablished
2025-07-30 23:50:44,680 [ERROR] LogOutputStream:75 - [STDERR_REDIRECT] 
