2025-07-03 00:25:34,380 [ERROR] LogOutputStream:75 - [STDERR_REDIRECT] 
2025-07-03 00:25:44,411 [INFO] Activator:176 - 


2025-07-03 00:25:44,414 [INFO] Activator:177 - !SESSION log4j initialized
2025-07-03 00:25:49,489 [INFO] LogOutputStream:77 - [STDOUT_REDIRECT] 
2025-07-03 00:25:55,301 [INFO] ApplicationProperties:184 - Using Application install path: C:\ST\STM32CubeIDE_1.18.0\STM32CubeIDE\plugins\com.st.stm32cube.common.mx_6.14.0.202502271554
2025-07-03 00:25:55,316 [INFO] DbMcusXml:78 - Set database path to: C:\ST\STM32CubeIDE_1.18.0\STM32CubeIDE\plugins\com.st.stm32cube.common.mx_6.14.0.202502271554\\db\/mcu/
2025-07-03 00:25:55,316 [INFO] ApiDb:274 - Set plugin database path to: C:\ST\STM32CubeIDE_1.18.0\STM32CubeIDE\plugins\com.st.stm32cube.common.mx_6.14.0.202502271554\\db\/plugins/boardmanager/
2025-07-03 00:25:55,316 [WARN] ApiDb:259 - Overriding images path with different value:  => C:\ST\STM32CubeIDE_1.18.0\STM32CubeIDE\plugins\com.st.stm32cube.common.mx_6.14.0.202502271554\\db\/plugins/mcufinder/images/
2025-07-03 00:25:55,323 [INFO] ApiDb:250 - Set database path to: C:\Users\marcv\.stmcufinder\plugins\mcufinder//mcu/
2025-07-03 00:25:55,323 [INFO] DbMcusAds:125 - Set database path to: C:\Users\marcv\.stmcufinder\plugins\mcufinder//mcu/
2025-07-03 00:25:55,326 [INFO] CrossReferenceDbSqlite:203 - Set database path to: C:\Users\marcv\.stmcufinder\plugins\mcufinder//mcu/cs/
2025-07-03 00:25:55,419 [INFO] RulesReader:64 - Compatibility file has been processed (301 Rules)
2025-07-03 00:25:55,487 [INFO] DbMcusXml:78 - Set database path to: C:\ST\STM32CubeIDE_1.18.0\STM32CubeIDE\plugins\com.st.stm32cube.common.mx_6.14.0.202502271554\\db\/mcu/
2025-07-03 00:25:55,487 [INFO] ApiDb:274 - Set plugin database path to: C:\ST\STM32CubeIDE_1.18.0\STM32CubeIDE\plugins\com.st.stm32cube.common.mx_6.14.0.202502271554\\db\/plugins/boardmanager/
2025-07-03 00:25:55,487 [INFO] ApiDb:261 - Set plugin images path to: C:\ST\STM32CubeIDE_1.18.0\STM32CubeIDE\plugins\com.st.stm32cube.common.mx_6.14.0.202502271554\\db\/plugins/mcufinder/images/
2025-07-03 00:25:55,487 [WARN] DbFile:41 - Overriding database path with different value: C:\Users\marcv\.stmcufinder\plugins\mcufinder/ => C:\Users\marcv\.stmcufinder\plugins\mcufinder
2025-07-03 00:25:55,487 [INFO] ApiDb:250 - Set database path to: C:\Users\marcv\.stmcufinder\plugins\mcufinder//mcu/
2025-07-03 00:25:55,487 [WARN] DbFile:41 - Overriding database path with different value: C:\Users\marcv\.stmcufinder\plugins\mcufinder/ => C:\Users\marcv\.stmcufinder\plugins\mcufinder
2025-07-03 00:25:55,488 [INFO] DbMcusAds:125 - Set database path to: C:\Users\marcv\.stmcufinder\plugins\mcufinder//mcu/
2025-07-03 00:25:55,488 [WARN] DbFile:41 - Overriding database path with different value: C:\Users\marcv\.stmcufinder\plugins\mcufinder/ => C:\Users\marcv\.stmcufinder\plugins\mcufinder
2025-07-03 00:25:55,488 [WARN] DbFile:41 - Overriding database path with different value: C:\Users\marcv\.stmcufinder\plugins\mcufinder/ => C:\Users\marcv\.stmcufinder\plugins\mcufinder
2025-07-03 00:25:55,488 [INFO] CrossReferenceDbSqlite:203 - Set database path to: C:\Users\marcv\.stmcufinder\plugins\mcufinder//mcu/cs/
2025-07-03 00:25:55,555 [INFO] MainPanel:272 - HeapMemory: 268435456
2025-07-03 00:25:55,660 [INFO] DbMcusXml:78 - Set database path to: C:\ST\STM32CubeIDE_1.18.0\STM32CubeIDE\plugins\com.st.stm32cube.common.mx_6.14.0.202502271554\\db\/mcu/
2025-07-03 00:25:55,660 [INFO] ApiDb:274 - Set plugin database path to: C:\ST\STM32CubeIDE_1.18.0\STM32CubeIDE\plugins\com.st.stm32cube.common.mx_6.14.0.202502271554\\db\/plugins/boardmanager/
2025-07-03 00:25:55,660 [INFO] ApiDb:261 - Set plugin images path to: C:\ST\STM32CubeIDE_1.18.0\STM32CubeIDE\plugins\com.st.stm32cube.common.mx_6.14.0.202502271554\\db\/plugins/mcufinder/images/
2025-07-03 00:25:55,660 [WARN] DbFile:41 - Overriding database path with different value: C:\Users\marcv\.stmcufinder\plugins\mcufinder/ => C:\Users\marcv\.stmcufinder\plugins\mcufinder
2025-07-03 00:25:55,660 [INFO] ApiDb:250 - Set database path to: C:\Users\marcv\.stmcufinder\plugins\mcufinder//mcu/
2025-07-03 00:25:55,660 [WARN] DbFile:41 - Overriding database path with different value: C:\Users\marcv\.stmcufinder\plugins\mcufinder/ => C:\Users\marcv\.stmcufinder\plugins\mcufinder
2025-07-03 00:25:55,660 [INFO] DbMcusAds:125 - Set database path to: C:\Users\marcv\.stmcufinder\plugins\mcufinder//mcu/
2025-07-03 00:25:55,661 [WARN] DbFile:41 - Overriding database path with different value: C:\Users\marcv\.stmcufinder\plugins\mcufinder/ => C:\Users\marcv\.stmcufinder\plugins\mcufinder
2025-07-03 00:25:55,661 [WARN] DbFile:41 - Overriding database path with different value: C:\Users\marcv\.stmcufinder\plugins\mcufinder/ => C:\Users\marcv\.stmcufinder\plugins\mcufinder
2025-07-03 00:25:55,661 [INFO] CrossReferenceDbSqlite:203 - Set database path to: C:\Users\marcv\.stmcufinder\plugins\mcufinder//mcu/cs/
2025-07-03 00:25:55,677 [INFO] ApplicationProperties:184 - Using Application install path: C:\ST\STM32CubeIDE_1.18.0\STM32CubeIDE\plugins\com.st.stm32cube.common.mx_6.14.0.202502271554
2025-07-03 00:25:55,678 [INFO] PluginManage:196 - Search for loadable plugins [exclusion list=, ]
2025-07-03 00:25:55,679 [INFO] PluginManage:310 - Check plugin analytics
2025-07-03 00:26:00,346 [INFO] AnalyticsPlugin:253 - Accepted Software Licenses: 
2025-07-03 00:26:00,347 [INFO] AnalyticsPlugin:255 - Accepted CMSIS Pack Licenses: 
2025-07-03 00:26:00,347 [INFO] AnalyticsPlugin:257 - Accepted Firmware Licenses: FW.H7.1.12.0
2025-07-03 00:26:00,349 [INFO] PluginManage:359 - Loaded plugin analytics (category:tool,tabindex:-1)
2025-07-03 00:26:00,349 [INFO] PluginManage:310 - Check plugin cadmodel
2025-07-03 00:26:00,353 [INFO] CADModel:105 - Init CAD model plugin
2025-07-03 00:26:00,353 [INFO] PluginManage:359 - Loaded plugin cadmodel (category:power,tabindex:5)
2025-07-03 00:26:00,353 [INFO] PluginManage:310 - Check plugin clock
2025-07-03 00:26:00,360 [INFO] PluginManage:359 - Loaded plugin clock (category:base,tabindex:2)
2025-07-03 00:26:00,360 [INFO] PluginManage:310 - Check plugin ddr
2025-07-03 00:26:00,362 [INFO] PluginManage:359 - Loaded plugin ddr (category:tool,tabindex:6)
2025-07-03 00:26:00,362 [INFO] PluginManage:310 - Check plugin filemanager
2025-07-03 00:26:00,505 [INFO] PluginManage:359 - Loaded plugin filemanager (category:base,tabindex:10)
2025-07-03 00:26:00,506 [INFO] PluginManage:310 - Check plugin ipmanager
2025-07-03 00:26:00,512 [INFO] PluginManage:359 - Loaded plugin ipmanager (category:base,tabindex:5)
2025-07-03 00:26:00,512 [INFO] PluginManage:310 - Check plugin lpbam
2025-07-03 00:26:00,518 [INFO] PluginManage:359 - Loaded plugin lpbam (category:base,tabindex:0)
2025-07-03 00:26:00,518 [INFO] PluginManage:310 - Check plugin memorymap
2025-07-03 00:26:00,531 [INFO] PluginManage:359 - Loaded plugin memorymap (category:base,tabindex:4)
2025-07-03 00:26:00,531 [INFO] PluginManage:310 - Check plugin pinoutandconfiguration
2025-07-03 00:26:00,537 [INFO] PluginManage:359 - Loaded plugin pinoutandconfiguration (category:base,tabindex:1)
2025-07-03 00:26:00,538 [INFO] PluginManage:310 - Check plugin pinoutconfig
2025-07-03 00:26:00,617 [WARN] SupportedApi:132 - Cannot load RTOS API schema: s4s-elt-must-match.1: The content of 'definitions' must match (annotation?, (simpleType | complexType)?, (unique | key | keyref)*)). A problem was found starting at: attribute.
2025-07-03 00:26:00,732 [INFO] PluginManage:359 - Loaded plugin pinoutconfig (category:base,tabindex:0)
2025-07-03 00:26:00,732 [INFO] PluginManage:310 - Check plugin power
2025-07-03 00:26:00,742 [INFO] PluginManage:359 - Loaded plugin power (category:power,tabindex:4)
2025-07-03 00:26:00,743 [INFO] PluginManage:310 - Check plugin projectmanager
2025-07-03 00:26:00,760 [INFO] PluginManage:359 - Loaded plugin projectmanager (category:projectmanager,tabindex:4)
2025-07-03 00:26:00,761 [INFO] PluginManage:310 - Check plugin rif
2025-07-03 00:26:00,769 [INFO] PluginManage:359 - Loaded plugin rif (category:base,tabindex:3)
2025-07-03 00:26:00,769 [INFO] PluginManage:310 - Check plugin thirdparty
2025-07-03 00:26:00,886 [INFO] PluginManage:359 - Loaded plugin thirdparty (category:base,tabindex:-1)
2025-07-03 00:26:00,886 [INFO] PluginManage:310 - Check plugin tools
2025-07-03 00:26:00,886 [WARN] IntegrityCheckThread:84 - waiting for thirdparty lock release [integrity check]
2025-07-03 00:26:00,887 [INFO] IntegrityCheckThread:86 - entering critical section [integrity check]
2025-07-03 00:26:00,887 [INFO] ThirdPartyUpdaterWithRetryManager:70 - Updater plugin not ready yet. [1/15]
2025-07-03 00:26:00,888 [INFO] PluginManage:359 - Loaded plugin tools (category:base,tabindex:7)
2025-07-03 00:26:00,888 [INFO] PluginManage:310 - Check plugin tutovideos
2025-07-03 00:26:01,039 [INFO] PluginManage:359 - Loaded plugin tutovideos (category:base,tabindex:-1)
2025-07-03 00:26:01,039 [INFO] PluginManage:310 - Check plugin updater
2025-07-03 00:26:01,056 [INFO] PluginManage:359 - Loaded plugin updater (category:base,tabindex:12)
2025-07-03 00:26:01,057 [INFO] PluginManage:310 - Check plugin userauth
2025-07-03 00:26:01,061 [INFO] UserAuth:118 - Init User Auth plugin
2025-07-03 00:26:01,061 [INFO] PluginManage:359 - Loaded plugin userauth (category:base,tabindex:14)
2025-07-03 00:26:01,062 [INFO] PluginManage:283 - PluginManage : Loaded plugins [18]
2025-07-03 00:26:01,241 [INFO] PinOutPanel:1589 - setPackage(No Configuration,No Configuration)
2025-07-03 00:26:01,319 [INFO] CADModel:165 - CPN selected for project level
2025-07-03 00:26:01,319 [INFO] CADModel:114 - Register for checkConnection events
2025-07-03 00:26:01,333 [INFO] IPUIPlugin:80 - create IPUIPlugin
2025-07-03 00:26:01,333 [INFO] PluginManager:220 - loadIPPluginJar : add adc
2025-07-03 00:26:01,335 [INFO] IPUIPlugin:80 - create IPUIPlugin
2025-07-03 00:26:01,335 [INFO] PluginManager:220 - loadIPPluginJar : add aes
2025-07-03 00:26:01,337 [INFO] IPUIPlugin:80 - create IPUIPlugin
2025-07-03 00:26:01,337 [INFO] PluginManager:220 - loadIPPluginJar : add can
2025-07-03 00:26:01,338 [INFO] IPUIPlugin:80 - create IPUIPlugin
2025-07-03 00:26:01,338 [INFO] PluginManager:220 - loadIPPluginJar : add comp
2025-07-03 00:26:01,340 [INFO] IPUIPlugin:80 - create IPUIPlugin
2025-07-03 00:26:01,340 [INFO] PluginManager:220 - loadIPPluginJar : add cryp
2025-07-03 00:26:01,343 [INFO] IPUIPlugin:80 - create IPUIPlugin
2025-07-03 00:26:01,344 [INFO] PluginManager:220 - loadIPPluginJar : add ddr_ctrl_phy
2025-07-03 00:26:01,346 [INFO] IPUIPlugin:80 - create IPUIPlugin
2025-07-03 00:26:01,346 [INFO] PluginManager:220 - loadIPPluginJar : add dfsdm
2025-07-03 00:26:01,350 [INFO] IPUIPlugin:80 - create IPUIPlugin
2025-07-03 00:26:01,350 [INFO] PluginManager:220 - loadIPPluginJar : add dma
2025-07-03 00:26:01,352 [INFO] IPUIPlugin:80 - create IPUIPlugin
2025-07-03 00:26:01,352 [INFO] PluginManager:220 - loadIPPluginJar : add dma3
2025-07-03 00:26:01,354 [INFO] IPUIPlugin:80 - create IPUIPlugin
2025-07-03 00:26:01,354 [INFO] PluginManager:220 - loadIPPluginJar : add extmemmanager
2025-07-03 00:26:01,355 [INFO] IPUIPlugin:80 - create IPUIPlugin
2025-07-03 00:26:01,355 [INFO] PluginManager:220 - loadIPPluginJar : add fatfs
2025-07-03 00:26:01,358 [INFO] IPUIPlugin:80 - create IPUIPlugin
2025-07-03 00:26:01,358 [INFO] PluginManager:220 - loadIPPluginJar : add fmc
2025-07-03 00:26:01,362 [INFO] IPUIPlugin:80 - create IPUIPlugin
2025-07-03 00:26:01,362 [INFO] PluginManager:220 - loadIPPluginJar : add freertos
2025-07-03 00:26:01,363 [INFO] IPUIPlugin:80 - create IPUIPlugin
2025-07-03 00:26:01,363 [INFO] PluginManager:220 - loadIPPluginJar : add genericplugin
2025-07-03 00:26:01,365 [INFO] IPUIPlugin:80 - create IPUIPlugin
2025-07-03 00:26:01,365 [INFO] PluginManager:220 - loadIPPluginJar : add gfxmmu
2025-07-03 00:26:01,368 [INFO] IPUIPlugin:80 - create IPUIPlugin
2025-07-03 00:26:01,368 [INFO] PluginManager:220 - loadIPPluginJar : add gic
2025-07-03 00:26:01,370 [INFO] IPUIPlugin:80 - create IPUIPlugin
2025-07-03 00:26:01,371 [INFO] PluginManager:220 - loadIPPluginJar : add gpio
2025-07-03 00:26:01,372 [INFO] IPUIPlugin:80 - create IPUIPlugin
2025-07-03 00:26:01,372 [INFO] PluginManager:220 - loadIPPluginJar : add gtzc
2025-07-03 00:26:01,374 [INFO] IPUIPlugin:80 - create IPUIPlugin
2025-07-03 00:26:01,374 [INFO] PluginManager:220 - loadIPPluginJar : add hash
2025-07-03 00:26:01,376 [INFO] IPUIPlugin:80 - create IPUIPlugin
2025-07-03 00:26:01,376 [INFO] PluginManager:220 - loadIPPluginJar : add i2c
2025-07-03 00:26:01,378 [INFO] IPUIPlugin:80 - create IPUIPlugin
2025-07-03 00:26:01,378 [INFO] PluginManager:220 - loadIPPluginJar : add i2s
2025-07-03 00:26:01,380 [INFO] IPUIPlugin:80 - create IPUIPlugin
2025-07-03 00:26:01,380 [INFO] PluginManager:220 - loadIPPluginJar : add i3c
2025-07-03 00:26:01,384 [INFO] IPUIPlugin:80 - create IPUIPlugin
2025-07-03 00:26:01,384 [INFO] PluginManager:220 - loadIPPluginJar : add ipddr
2025-07-03 00:26:01,388 [INFO] IPUIPlugin:80 - create IPUIPlugin
2025-07-03 00:26:01,388 [INFO] PluginManager:220 - loadIPPluginJar : add linkedlist
2025-07-03 00:26:01,390 [INFO] IPUIPlugin:80 - create IPUIPlugin
2025-07-03 00:26:01,391 [INFO] PluginManager:220 - loadIPPluginJar : add lorawan
2025-07-03 00:26:01,391 [INFO] IPUIPlugin:80 - create IPUIPlugin
2025-07-03 00:26:01,392 [INFO] PluginManager:220 - loadIPPluginJar : add ltdc
2025-07-03 00:26:01,395 [INFO] IPUIPlugin:80 - create IPUIPlugin
2025-07-03 00:26:01,395 [INFO] PluginManager:220 - loadIPPluginJar : add mdma
2025-07-03 00:26:01,398 [INFO] IPUIPlugin:80 - create IPUIPlugin
2025-07-03 00:26:01,398 [INFO] PluginManager:220 - loadIPPluginJar : add nvic
2025-07-03 00:26:01,400 [INFO] IPUIPlugin:80 - create IPUIPlugin
2025-07-03 00:26:01,400 [INFO] PluginManager:220 - loadIPPluginJar : add opamp
2025-07-03 00:26:01,402 [INFO] IPUIPlugin:80 - create IPUIPlugin
2025-07-03 00:26:01,402 [INFO] PluginManager:220 - loadIPPluginJar : add openamp
2025-07-03 00:26:01,405 [INFO] IPUIPlugin:80 - create IPUIPlugin
2025-07-03 00:26:01,405 [INFO] PluginManager:220 - loadIPPluginJar : add pdm2pcm
2025-07-03 00:26:01,410 [INFO] IPUIPlugin:80 - create IPUIPlugin
2025-07-03 00:26:01,411 [INFO] PluginManager:220 - loadIPPluginJar : add plateformsettings
2025-07-03 00:26:01,413 [INFO] IPUIPlugin:80 - create IPUIPlugin
2025-07-03 00:26:01,413 [INFO] PluginManager:220 - loadIPPluginJar : add quadspi
2025-07-03 00:26:01,414 [INFO] IPUIPlugin:80 - create IPUIPlugin
2025-07-03 00:26:01,415 [INFO] PluginManager:220 - loadIPPluginJar : add radio
2025-07-03 00:26:01,417 [INFO] IPUIPlugin:80 - create IPUIPlugin
2025-07-03 00:26:01,417 [INFO] PluginManager:220 - loadIPPluginJar : add resmgrutility
2025-07-03 00:26:01,419 [INFO] IPUIPlugin:80 - create IPUIPlugin
2025-07-03 00:26:01,419 [INFO] PluginManager:220 - loadIPPluginJar : add sai
2025-07-03 00:26:01,421 [INFO] IPUIPlugin:80 - create IPUIPlugin
2025-07-03 00:26:01,421 [INFO] PluginManager:220 - loadIPPluginJar : add spi
2025-07-03 00:26:01,426 [INFO] IPUIPlugin:80 - create IPUIPlugin
2025-07-03 00:26:01,426 [INFO] PluginManager:220 - loadIPPluginJar : add stm32_wpan
2025-07-03 00:26:01,427 [INFO] IPUIPlugin:80 - create IPUIPlugin
2025-07-03 00:26:01,427 [INFO] PluginManager:220 - loadIPPluginJar : add tim
2025-07-03 00:26:01,430 [INFO] IPUIPlugin:80 - create IPUIPlugin
2025-07-03 00:26:01,430 [INFO] PluginManager:220 - loadIPPluginJar : add touchsensing
2025-07-03 00:26:01,432 [INFO] IPUIPlugin:80 - create IPUIPlugin
2025-07-03 00:26:01,432 [INFO] PluginManager:220 - loadIPPluginJar : add tracer_emb
2025-07-03 00:26:01,434 [INFO] IPUIPlugin:80 - create IPUIPlugin
2025-07-03 00:26:01,434 [INFO] PluginManager:220 - loadIPPluginJar : add ts
2025-07-03 00:26:01,435 [INFO] IPUIPlugin:80 - create IPUIPlugin
2025-07-03 00:26:01,435 [INFO] PluginManager:220 - loadIPPluginJar : add tsc
2025-07-03 00:26:01,437 [INFO] IPUIPlugin:80 - create IPUIPlugin
2025-07-03 00:26:01,437 [INFO] PluginManager:220 - loadIPPluginJar : add ucpd
2025-07-03 00:26:01,439 [INFO] IPUIPlugin:80 - create IPUIPlugin
2025-07-03 00:26:01,439 [INFO] PluginManager:220 - loadIPPluginJar : add usart
2025-07-03 00:26:01,441 [INFO] IPUIPlugin:80 - create IPUIPlugin
2025-07-03 00:26:01,442 [INFO] PluginManager:220 - loadIPPluginJar : add usbx
2025-07-03 00:26:01,558 [FATAL] Updater:351 - Updater called before beeing initialized
2025-07-03 00:26:01,578 [INFO] RulesReader:64 - Compatibility file has been processed (301 Rules)
2025-07-03 00:26:01,586 [INFO] RulesReader:64 - Compatibility file has been processed (301 Rules)
2025-07-03 00:26:01,591 [INFO] CADModel:165 - CPN selected for project level
2025-07-03 00:26:01,591 [INFO] CADModel:114 - Register for checkConnection events
2025-07-03 00:26:01,591 [FATAL] Updater:351 - Updater called before beeing initialized
2025-07-03 00:26:01,591 [ERROR] CADModel:125 - Updater not yet initialized, retry later 
2025-07-03 00:26:01,714 [FATAL] Updater:351 - Updater called before beeing initialized
2025-07-03 00:26:01,716 [INFO] CADModel:165 - CPN selected for project level
2025-07-03 00:26:01,716 [INFO] CADModel:114 - Register for checkConnection events
2025-07-03 00:26:01,716 [FATAL] Updater:351 - Updater called before beeing initialized
2025-07-03 00:26:01,716 [ERROR] CADModel:125 - Updater not yet initialized, retry later 
2025-07-03 00:26:01,719 [FATAL] Updater:351 - Updater called before beeing initialized
2025-07-03 00:26:01,806 [FATAL] Updater:351 - Updater called before beeing initialized
2025-07-03 00:26:01,813 [INFO] DbMcusAds:53 - JSON generation date=Thu Jun 19 10:32:34 CEST 2025 (1750321954415)
2025-07-03 00:26:01,813 [FATAL] Updater:351 - Updater called before beeing initialized
2025-07-03 00:26:01,855 [WARN] DetailPanel:346 - Failed to get advertising image, set to default
2025-07-03 00:26:02,094 [FATAL] Updater:351 - Updater called before beeing initialized
2025-07-03 00:26:02,095 [FATAL] Updater:351 - Updater called before beeing initialized
2025-07-03 00:26:02,095 [FATAL] Updater:351 - Updater called before beeing initialized
2025-07-03 00:26:02,095 [WARN] DetailPanel:346 - Failed to get advertising image, set to default
2025-07-03 00:26:02,096 [FATAL] Updater:351 - Updater called before beeing initialized
2025-07-03 00:26:02,136 [ERROR] Updater:1198 - MainUpdater not yet initialized. External WinMGr cannot be set.
2025-07-03 00:26:02,137 [INFO] Updater:1134 - Updater Version found : 6.14.0
2025-07-03 00:26:02,156 [INFO] ApplicationProperties:184 - Using Application install path: C:\ST\STM32CubeIDE_1.18.0\STM32CubeIDE\plugins\com.st.stm32cube.common.mx_6.14.0.202502271554
