2025-05-26 20:15:53,007 [INFO] Activator:176 - 


2025-05-26 20:15:53,014 [INFO] Activator:177 - !SESSION log4j initialized
2025-05-26 20:15:59,990 [INFO] LogOutputStream:77 - [STDOUT_REDIRECT] 
2025-05-26 20:16:08,368 [INFO] ApplicationProperties:184 - Using Application install path: C:\ST\STM32CubeIDE_1.18.0\STM32CubeIDE\plugins\com.st.stm32cube.common.mx_6.14.0.202502271554
2025-05-26 20:16:08,391 [INFO] DbMcusXml:78 - Set database path to: C:\ST\STM32CubeIDE_1.18.0\STM32CubeIDE\plugins\com.st.stm32cube.common.mx_6.14.0.202502271554\\db\/mcu/
2025-05-26 20:16:08,391 [INFO] ApiDb:274 - Set plugin database path to: C:\ST\STM32CubeIDE_1.18.0\STM32CubeIDE\plugins\com.st.stm32cube.common.mx_6.14.0.202502271554\\db\/plugins/boardmanager/
2025-05-26 20:16:08,392 [WARN] ApiDb:259 - Overriding images path with different value:  => C:\ST\STM32CubeIDE_1.18.0\STM32CubeIDE\plugins\com.st.stm32cube.common.mx_6.14.0.202502271554\\db\/plugins/mcufinder/images/
2025-05-26 20:16:08,401 [INFO] ApiDb:250 - Set database path to: C:\Users\marcv\.stmcufinder\plugins\mcufinder//mcu/
2025-05-26 20:16:08,402 [INFO] DbMcusAds:125 - Set database path to: C:\Users\marcv\.stmcufinder\plugins\mcufinder//mcu/
2025-05-26 20:16:08,404 [INFO] CrossReferenceDbSqlite:203 - Set database path to: C:\Users\marcv\.stmcufinder\plugins\mcufinder//mcu/cs/
2025-05-26 20:16:08,519 [INFO] RulesReader:64 - Compatibility file has been processed (301 Rules)
2025-05-26 20:16:08,602 [INFO] DbMcusXml:78 - Set database path to: C:\ST\STM32CubeIDE_1.18.0\STM32CubeIDE\plugins\com.st.stm32cube.common.mx_6.14.0.202502271554\\db\/mcu/
2025-05-26 20:16:08,602 [INFO] ApiDb:274 - Set plugin database path to: C:\ST\STM32CubeIDE_1.18.0\STM32CubeIDE\plugins\com.st.stm32cube.common.mx_6.14.0.202502271554\\db\/plugins/boardmanager/
2025-05-26 20:16:08,603 [INFO] ApiDb:261 - Set plugin images path to: C:\ST\STM32CubeIDE_1.18.0\STM32CubeIDE\plugins\com.st.stm32cube.common.mx_6.14.0.202502271554\\db\/plugins/mcufinder/images/
2025-05-26 20:16:08,603 [WARN] DbFile:41 - Overriding database path with different value: C:\Users\marcv\.stmcufinder\plugins\mcufinder/ => C:\Users\marcv\.stmcufinder\plugins\mcufinder
2025-05-26 20:16:08,603 [INFO] ApiDb:250 - Set database path to: C:\Users\marcv\.stmcufinder\plugins\mcufinder//mcu/
2025-05-26 20:16:08,603 [WARN] DbFile:41 - Overriding database path with different value: C:\Users\marcv\.stmcufinder\plugins\mcufinder/ => C:\Users\marcv\.stmcufinder\plugins\mcufinder
2025-05-26 20:16:08,603 [INFO] DbMcusAds:125 - Set database path to: C:\Users\marcv\.stmcufinder\plugins\mcufinder//mcu/
2025-05-26 20:16:08,603 [WARN] DbFile:41 - Overriding database path with different value: C:\Users\marcv\.stmcufinder\plugins\mcufinder/ => C:\Users\marcv\.stmcufinder\plugins\mcufinder
2025-05-26 20:16:08,603 [WARN] DbFile:41 - Overriding database path with different value: C:\Users\marcv\.stmcufinder\plugins\mcufinder/ => C:\Users\marcv\.stmcufinder\plugins\mcufinder
2025-05-26 20:16:08,603 [INFO] CrossReferenceDbSqlite:203 - Set database path to: C:\Users\marcv\.stmcufinder\plugins\mcufinder//mcu/cs/
2025-05-26 20:16:08,675 [INFO] MainPanel:272 - HeapMemory: 268435456
2025-05-26 20:16:08,795 [INFO] DbMcusXml:78 - Set database path to: C:\ST\STM32CubeIDE_1.18.0\STM32CubeIDE\plugins\com.st.stm32cube.common.mx_6.14.0.202502271554\\db\/mcu/
2025-05-26 20:16:08,795 [INFO] ApiDb:274 - Set plugin database path to: C:\ST\STM32CubeIDE_1.18.0\STM32CubeIDE\plugins\com.st.stm32cube.common.mx_6.14.0.202502271554\\db\/plugins/boardmanager/
2025-05-26 20:16:08,795 [INFO] ApiDb:261 - Set plugin images path to: C:\ST\STM32CubeIDE_1.18.0\STM32CubeIDE\plugins\com.st.stm32cube.common.mx_6.14.0.202502271554\\db\/plugins/mcufinder/images/
2025-05-26 20:16:08,796 [WARN] DbFile:41 - Overriding database path with different value: C:\Users\marcv\.stmcufinder\plugins\mcufinder/ => C:\Users\marcv\.stmcufinder\plugins\mcufinder
2025-05-26 20:16:08,796 [INFO] ApiDb:250 - Set database path to: C:\Users\marcv\.stmcufinder\plugins\mcufinder//mcu/
2025-05-26 20:16:08,796 [WARN] DbFile:41 - Overriding database path with different value: C:\Users\marcv\.stmcufinder\plugins\mcufinder/ => C:\Users\marcv\.stmcufinder\plugins\mcufinder
2025-05-26 20:16:08,796 [INFO] DbMcusAds:125 - Set database path to: C:\Users\marcv\.stmcufinder\plugins\mcufinder//mcu/
2025-05-26 20:16:08,796 [WARN] DbFile:41 - Overriding database path with different value: C:\Users\marcv\.stmcufinder\plugins\mcufinder/ => C:\Users\marcv\.stmcufinder\plugins\mcufinder
2025-05-26 20:16:08,796 [WARN] DbFile:41 - Overriding database path with different value: C:\Users\marcv\.stmcufinder\plugins\mcufinder/ => C:\Users\marcv\.stmcufinder\plugins\mcufinder
2025-05-26 20:16:08,796 [INFO] CrossReferenceDbSqlite:203 - Set database path to: C:\Users\marcv\.stmcufinder\plugins\mcufinder//mcu/cs/
2025-05-26 20:16:08,814 [INFO] ApplicationProperties:184 - Using Application install path: C:\ST\STM32CubeIDE_1.18.0\STM32CubeIDE\plugins\com.st.stm32cube.common.mx_6.14.0.202502271554
2025-05-26 20:16:08,815 [INFO] PluginManage:196 - Search for loadable plugins [exclusion list=, ]
2025-05-26 20:16:08,816 [INFO] PluginManage:310 - Check plugin analytics
2025-05-26 20:16:13,513 [INFO] AnalyticsPlugin:253 - Accepted Software Licenses: 
2025-05-26 20:16:13,513 [INFO] AnalyticsPlugin:255 - Accepted CMSIS Pack Licenses: 
2025-05-26 20:16:13,513 [INFO] AnalyticsPlugin:257 - Accepted Firmware Licenses: FW.H7.1.12.0
2025-05-26 20:16:13,515 [INFO] PluginManage:359 - Loaded plugin analytics (category:tool,tabindex:-1)
2025-05-26 20:16:13,516 [INFO] PluginManage:310 - Check plugin cadmodel
2025-05-26 20:16:13,537 [INFO] CADModel:105 - Init CAD model plugin
2025-05-26 20:16:13,537 [INFO] PluginManage:359 - Loaded plugin cadmodel (category:power,tabindex:5)
2025-05-26 20:16:13,538 [INFO] PluginManage:310 - Check plugin clock
2025-05-26 20:16:13,560 [INFO] PluginManage:359 - Loaded plugin clock (category:base,tabindex:2)
2025-05-26 20:16:13,560 [INFO] PluginManage:310 - Check plugin ddr
2025-05-26 20:16:13,562 [INFO] PluginManage:359 - Loaded plugin ddr (category:tool,tabindex:6)
2025-05-26 20:16:13,562 [INFO] PluginManage:310 - Check plugin filemanager
2025-05-26 20:16:13,708 [INFO] PluginManage:359 - Loaded plugin filemanager (category:base,tabindex:10)
2025-05-26 20:16:13,708 [INFO] PluginManage:310 - Check plugin ipmanager
2025-05-26 20:16:13,714 [INFO] PluginManage:359 - Loaded plugin ipmanager (category:base,tabindex:5)
2025-05-26 20:16:13,714 [INFO] PluginManage:310 - Check plugin lpbam
2025-05-26 20:16:13,736 [INFO] PluginManage:359 - Loaded plugin lpbam (category:base,tabindex:0)
2025-05-26 20:16:13,736 [INFO] PluginManage:310 - Check plugin memorymap
2025-05-26 20:16:13,762 [INFO] PluginManage:359 - Loaded plugin memorymap (category:base,tabindex:4)
2025-05-26 20:16:13,763 [INFO] PluginManage:310 - Check plugin pinoutandconfiguration
2025-05-26 20:16:13,782 [INFO] PluginManage:359 - Loaded plugin pinoutandconfiguration (category:base,tabindex:1)
2025-05-26 20:16:13,782 [INFO] PluginManage:310 - Check plugin pinoutconfig
2025-05-26 20:16:13,876 [WARN] SupportedApi:132 - Cannot load RTOS API schema: s4s-elt-must-match.1: The content of 'definitions' must match (annotation?, (simpleType | complexType)?, (unique | key | keyref)*)). A problem was found starting at: attribute.
2025-05-26 20:16:13,998 [INFO] PluginManage:359 - Loaded plugin pinoutconfig (category:base,tabindex:0)
2025-05-26 20:16:13,998 [INFO] PluginManage:310 - Check plugin power
2025-05-26 20:16:14,022 [INFO] PluginManage:359 - Loaded plugin power (category:power,tabindex:4)
2025-05-26 20:16:14,022 [INFO] PluginManage:310 - Check plugin projectmanager
2025-05-26 20:16:14,036 [INFO] PluginManage:359 - Loaded plugin projectmanager (category:projectmanager,tabindex:4)
2025-05-26 20:16:14,036 [INFO] PluginManage:310 - Check plugin rif
2025-05-26 20:16:14,057 [INFO] PluginManage:359 - Loaded plugin rif (category:base,tabindex:3)
2025-05-26 20:16:14,057 [INFO] PluginManage:310 - Check plugin thirdparty
2025-05-26 20:16:14,347 [INFO] PluginManage:359 - Loaded plugin thirdparty (category:base,tabindex:-1)
2025-05-26 20:16:14,347 [WARN] IntegrityCheckThread:84 - waiting for thirdparty lock release [integrity check]
2025-05-26 20:16:14,347 [INFO] PluginManage:310 - Check plugin tools
2025-05-26 20:16:14,348 [INFO] IntegrityCheckThread:86 - entering critical section [integrity check]
2025-05-26 20:16:14,348 [INFO] ThirdPartyUpdaterWithRetryManager:70 - Updater plugin not ready yet. [1/15]
2025-05-26 20:16:14,387 [INFO] PluginManage:359 - Loaded plugin tools (category:base,tabindex:7)
2025-05-26 20:16:14,387 [INFO] PluginManage:310 - Check plugin tutovideos
2025-05-26 20:16:14,575 [INFO] PluginManage:359 - Loaded plugin tutovideos (category:base,tabindex:-1)
2025-05-26 20:16:14,575 [INFO] PluginManage:310 - Check plugin updater
2025-05-26 20:16:14,599 [INFO] PluginManage:359 - Loaded plugin updater (category:base,tabindex:12)
2025-05-26 20:16:14,599 [INFO] PluginManage:310 - Check plugin userauth
2025-05-26 20:16:14,605 [INFO] UserAuth:118 - Init User Auth plugin
2025-05-26 20:16:14,605 [INFO] PluginManage:359 - Loaded plugin userauth (category:base,tabindex:14)
2025-05-26 20:16:14,606 [INFO] PluginManage:283 - PluginManage : Loaded plugins [18]
2025-05-26 20:16:14,803 [INFO] PinOutPanel:1589 - setPackage(No Configuration,No Configuration)
2025-05-26 20:16:14,875 [INFO] CADModel:165 - CPN selected for project level
2025-05-26 20:16:14,875 [INFO] CADModel:114 - Register for checkConnection events
2025-05-26 20:16:14,901 [INFO] IPUIPlugin:80 - create IPUIPlugin
2025-05-26 20:16:14,901 [INFO] PluginManager:220 - loadIPPluginJar : add adc
2025-05-26 20:16:14,942 [INFO] IPUIPlugin:80 - create IPUIPlugin
2025-05-26 20:16:14,942 [INFO] PluginManager:220 - loadIPPluginJar : add aes
2025-05-26 20:16:14,990 [INFO] IPUIPlugin:80 - create IPUIPlugin
2025-05-26 20:16:14,990 [INFO] PluginManager:220 - loadIPPluginJar : add can
2025-05-26 20:16:15,019 [INFO] IPUIPlugin:80 - create IPUIPlugin
2025-05-26 20:16:15,019 [INFO] PluginManager:220 - loadIPPluginJar : add comp
2025-05-26 20:16:15,057 [INFO] IPUIPlugin:80 - create IPUIPlugin
2025-05-26 20:16:15,057 [INFO] PluginManager:220 - loadIPPluginJar : add cryp
2025-05-26 20:16:15,072 [INFO] IPUIPlugin:80 - create IPUIPlugin
2025-05-26 20:16:15,073 [INFO] PluginManager:220 - loadIPPluginJar : add ddr_ctrl_phy
2025-05-26 20:16:15,106 [INFO] IPUIPlugin:80 - create IPUIPlugin
2025-05-26 20:16:15,106 [INFO] PluginManager:220 - loadIPPluginJar : add dfsdm
2025-05-26 20:16:15,122 [INFO] IPUIPlugin:80 - create IPUIPlugin
2025-05-26 20:16:15,122 [INFO] PluginManager:220 - loadIPPluginJar : add dma
2025-05-26 20:16:15,167 [INFO] IPUIPlugin:80 - create IPUIPlugin
2025-05-26 20:16:15,167 [INFO] PluginManager:220 - loadIPPluginJar : add dma3
2025-05-26 20:16:15,216 [INFO] IPUIPlugin:80 - create IPUIPlugin
2025-05-26 20:16:15,216 [INFO] PluginManager:220 - loadIPPluginJar : add extmemmanager
2025-05-26 20:16:15,240 [INFO] IPUIPlugin:80 - create IPUIPlugin
2025-05-26 20:16:15,240 [INFO] PluginManager:220 - loadIPPluginJar : add fatfs
2025-05-26 20:16:15,291 [INFO] IPUIPlugin:80 - create IPUIPlugin
2025-05-26 20:16:15,292 [INFO] PluginManager:220 - loadIPPluginJar : add fmc
2025-05-26 20:16:15,311 [INFO] IPUIPlugin:80 - create IPUIPlugin
2025-05-26 20:16:15,311 [INFO] PluginManager:220 - loadIPPluginJar : add freertos
2025-05-26 20:16:15,335 [INFO] IPUIPlugin:80 - create IPUIPlugin
2025-05-26 20:16:15,335 [INFO] PluginManager:220 - loadIPPluginJar : add genericplugin
2025-05-26 20:16:15,439 [INFO] IPUIPlugin:80 - create IPUIPlugin
2025-05-26 20:16:15,439 [INFO] PluginManager:220 - loadIPPluginJar : add gfxmmu
2025-05-26 20:16:15,587 [INFO] IPUIPlugin:80 - create IPUIPlugin
2025-05-26 20:16:15,588 [INFO] PluginManager:220 - loadIPPluginJar : add gic
2025-05-26 20:16:15,603 [INFO] IPUIPlugin:80 - create IPUIPlugin
2025-05-26 20:16:15,603 [INFO] PluginManager:220 - loadIPPluginJar : add gpio
2025-05-26 20:16:15,701 [INFO] IPUIPlugin:80 - create IPUIPlugin
2025-05-26 20:16:15,701 [INFO] PluginManager:220 - loadIPPluginJar : add gtzc
2025-05-26 20:16:15,737 [INFO] IPUIPlugin:80 - create IPUIPlugin
2025-05-26 20:16:15,738 [INFO] PluginManager:220 - loadIPPluginJar : add hash
2025-05-26 20:16:15,800 [INFO] IPUIPlugin:80 - create IPUIPlugin
2025-05-26 20:16:15,800 [INFO] PluginManager:220 - loadIPPluginJar : add i2c
2025-05-26 20:16:15,843 [INFO] IPUIPlugin:80 - create IPUIPlugin
2025-05-26 20:16:15,843 [INFO] PluginManager:220 - loadIPPluginJar : add i2s
2025-05-26 20:16:15,888 [INFO] IPUIPlugin:80 - create IPUIPlugin
2025-05-26 20:16:15,888 [INFO] PluginManager:220 - loadIPPluginJar : add i3c
2025-05-26 20:16:16,031 [INFO] IPUIPlugin:80 - create IPUIPlugin
2025-05-26 20:16:16,031 [INFO] PluginManager:220 - loadIPPluginJar : add ipddr
2025-05-26 20:16:16,132 [INFO] IPUIPlugin:80 - create IPUIPlugin
2025-05-26 20:16:16,132 [INFO] PluginManager:220 - loadIPPluginJar : add linkedlist
2025-05-26 20:16:16,174 [INFO] IPUIPlugin:80 - create IPUIPlugin
2025-05-26 20:16:16,174 [INFO] PluginManager:220 - loadIPPluginJar : add lorawan
2025-05-26 20:16:16,215 [INFO] IPUIPlugin:80 - create IPUIPlugin
2025-05-26 20:16:16,215 [INFO] PluginManager:220 - loadIPPluginJar : add ltdc
2025-05-26 20:16:16,231 [INFO] IPUIPlugin:80 - create IPUIPlugin
2025-05-26 20:16:16,232 [INFO] PluginManager:220 - loadIPPluginJar : add mdma
2025-05-26 20:16:16,246 [INFO] IPUIPlugin:80 - create IPUIPlugin
2025-05-26 20:16:16,246 [INFO] PluginManager:220 - loadIPPluginJar : add nvic
2025-05-26 20:16:16,287 [INFO] IPUIPlugin:80 - create IPUIPlugin
2025-05-26 20:16:16,287 [INFO] PluginManager:220 - loadIPPluginJar : add opamp
2025-05-26 20:16:16,354 [INFO] IPUIPlugin:80 - create IPUIPlugin
2025-05-26 20:16:16,354 [INFO] PluginManager:220 - loadIPPluginJar : add openamp
2025-05-26 20:16:16,404 [INFO] IPUIPlugin:80 - create IPUIPlugin
2025-05-26 20:16:16,404 [INFO] PluginManager:220 - loadIPPluginJar : add pdm2pcm
2025-05-26 20:16:16,420 [INFO] IPUIPlugin:80 - create IPUIPlugin
2025-05-26 20:16:16,422 [INFO] PluginManager:220 - loadIPPluginJar : add plateformsettings
2025-05-26 20:16:16,448 [INFO] IPUIPlugin:80 - create IPUIPlugin
2025-05-26 20:16:16,448 [INFO] PluginManager:220 - loadIPPluginJar : add quadspi
2025-05-26 20:16:16,477 [INFO] IPUIPlugin:80 - create IPUIPlugin
2025-05-26 20:16:16,478 [INFO] PluginManager:220 - loadIPPluginJar : add radio
2025-05-26 20:16:16,494 [INFO] IPUIPlugin:80 - create IPUIPlugin
2025-05-26 20:16:16,495 [INFO] PluginManager:220 - loadIPPluginJar : add resmgrutility
2025-05-26 20:16:16,547 [INFO] IPUIPlugin:80 - create IPUIPlugin
2025-05-26 20:16:16,547 [INFO] PluginManager:220 - loadIPPluginJar : add sai
2025-05-26 20:16:16,588 [INFO] IPUIPlugin:80 - create IPUIPlugin
2025-05-26 20:16:16,588 [INFO] PluginManager:220 - loadIPPluginJar : add spi
2025-05-26 20:16:16,671 [INFO] IPUIPlugin:80 - create IPUIPlugin
2025-05-26 20:16:16,671 [INFO] PluginManager:220 - loadIPPluginJar : add stm32_wpan
2025-05-26 20:16:16,700 [INFO] IPUIPlugin:80 - create IPUIPlugin
2025-05-26 20:16:16,700 [INFO] PluginManager:220 - loadIPPluginJar : add tim
2025-05-26 20:16:16,766 [INFO] IPUIPlugin:80 - create IPUIPlugin
2025-05-26 20:16:16,767 [INFO] PluginManager:220 - loadIPPluginJar : add touchsensing
2025-05-26 20:16:16,794 [INFO] IPUIPlugin:80 - create IPUIPlugin
2025-05-26 20:16:16,794 [INFO] PluginManager:220 - loadIPPluginJar : add tracer_emb
2025-05-26 20:16:16,822 [INFO] IPUIPlugin:80 - create IPUIPlugin
2025-05-26 20:16:16,822 [INFO] PluginManager:220 - loadIPPluginJar : add ts
2025-05-26 20:16:16,849 [INFO] IPUIPlugin:80 - create IPUIPlugin
2025-05-26 20:16:16,849 [INFO] PluginManager:220 - loadIPPluginJar : add tsc
2025-05-26 20:16:16,874 [INFO] IPUIPlugin:80 - create IPUIPlugin
2025-05-26 20:16:16,875 [INFO] PluginManager:220 - loadIPPluginJar : add ucpd
2025-05-26 20:16:16,921 [INFO] IPUIPlugin:80 - create IPUIPlugin
2025-05-26 20:16:16,921 [INFO] PluginManager:220 - loadIPPluginJar : add usart
2025-05-26 20:16:16,975 [INFO] IPUIPlugin:80 - create IPUIPlugin
2025-05-26 20:16:16,975 [INFO] PluginManager:220 - loadIPPluginJar : add usbx
2025-05-26 20:16:17,094 [FATAL] Updater:351 - Updater called before beeing initialized
2025-05-26 20:16:17,113 [INFO] RulesReader:64 - Compatibility file has been processed (301 Rules)
2025-05-26 20:16:17,122 [INFO] RulesReader:64 - Compatibility file has been processed (301 Rules)
2025-05-26 20:16:17,128 [INFO] CADModel:165 - CPN selected for project level
2025-05-26 20:16:17,128 [INFO] CADModel:114 - Register for checkConnection events
2025-05-26 20:16:17,128 [FATAL] Updater:351 - Updater called before beeing initialized
2025-05-26 20:16:17,128 [ERROR] CADModel:125 - Updater not yet initialized, retry later 
2025-05-26 20:16:17,261 [FATAL] Updater:351 - Updater called before beeing initialized
2025-05-26 20:16:17,263 [INFO] CADModel:165 - CPN selected for project level
2025-05-26 20:16:17,263 [INFO] CADModel:114 - Register for checkConnection events
2025-05-26 20:16:17,263 [FATAL] Updater:351 - Updater called before beeing initialized
2025-05-26 20:16:17,264 [ERROR] CADModel:125 - Updater not yet initialized, retry later 
2025-05-26 20:16:17,267 [FATAL] Updater:351 - Updater called before beeing initialized
2025-05-26 20:16:17,349 [INFO] ThirdPartyUpdaterWithRetryManager:70 - Updater plugin not ready yet. [2/15]
2025-05-26 20:16:17,368 [FATAL] Updater:351 - Updater called before beeing initialized
2025-05-26 20:16:17,382 [INFO] DbMcusAds:53 - JSON generation date=Wed May 07 11:07:55 CEST 2025 (1746608875513)
2025-05-26 20:16:17,382 [FATAL] Updater:351 - Updater called before beeing initialized
2025-05-26 20:16:17,426 [WARN] DetailPanel:346 - Failed to get advertising image, set to default
2025-05-26 20:16:17,660 [FATAL] Updater:351 - Updater called before beeing initialized
2025-05-26 20:16:17,661 [FATAL] Updater:351 - Updater called before beeing initialized
2025-05-26 20:16:17,661 [FATAL] Updater:351 - Updater called before beeing initialized
2025-05-26 20:16:17,661 [WARN] DetailPanel:346 - Failed to get advertising image, set to default
2025-05-26 20:16:17,662 [FATAL] Updater:351 - Updater called before beeing initialized
2025-05-26 20:16:17,717 [ERROR] Updater:1198 - MainUpdater not yet initialized. External WinMGr cannot be set.
2025-05-26 20:16:17,727 [INFO] Updater:1134 - Updater Version found : 6.14.0
2025-05-26 20:16:17,748 [INFO] ApplicationProperties:184 - Using Application install path: C:\ST\STM32CubeIDE_1.18.0\STM32CubeIDE\plugins\com.st.stm32cube.common.mx_6.14.0.202502271554
2025-05-26 20:16:19,321 [ERROR] LogOutputStream:75 - [STDERR_REDIRECT] May 26, 2025 8:16:19 PM java.util.prefs.WindowsPreferences <init>
2025-05-26 20:16:19,322 [ERROR] LogOutputStream:75 - [STDERR_REDIRECT] WARNING: Could not open/create prefs root node Software\JavaSoft\Prefs at root 0xffffffff80000002. Windows RegCreateKeyEx(...) returned error code 5.
2025-05-26 20:16:19,322 [ERROR] LogOutputStream:75 - [STDERR_REDIRECT] 
2025-05-26 20:16:19,572 [INFO] MainUpdater:2872 - connection check result : 10
2025-05-26 20:16:19,573 [INFO] MainUpdater:289 - Updater Check For Update Now.
2025-05-26 20:16:19,573 [INFO] MicroXplorer:498 - Change Database Version : DB.6.0.140
2025-05-26 20:16:19,588 [INFO] McuFinderGlobals:63 - Set McuFinder mode to 2 (CubeIDE integrated)
2025-05-26 20:16:19,597 [INFO] UserAuth:486 - Internet connection configuration mode: 1
2025-05-26 20:16:19,631 [INFO] JxBrowserEngine:152 - Initiate JxBrowser Engine with user profile folder
2025-05-26 20:16:19,776 [INFO] CheckServerUpdateThread:120 - End of CheckServer Thread
2025-05-26 20:16:21,471 [WARN] PackLoader:240 - Cannot read IP mode file for STMicroelectronics.FP-SNS-MOTENVWB1.1.4.0
2025-05-26 20:16:21,503 [WARN] PackLoader:240 - Cannot read IP mode file for STMicroelectronics.FP-ATR-ASTRA1.2.0.2
2025-05-26 20:16:21,538 [WARN] PackLoader:240 - Cannot read IP mode file for STMicroelectronics.X-CUBE-SMBUS.2.1.0
2025-05-26 20:16:21,565 [WARN] PackLoader:240 - Cannot read IP mode file for STMicroelectronics.X-CUBE-WB05N.1.1.0
2025-05-26 20:16:21,582 [WARN] PackLoader:240 - Cannot read IP mode file for STMicroelectronics.X-CUBE-ST60.1.0.0
2025-05-26 20:16:21,649 [WARN] PackLoader:240 - Cannot read IP mode file for STMicroelectronics.X-CUBE-AZRTOS-F7.1.1.0
2025-05-26 20:16:21,674 [WARN] PackLoader:240 - Cannot read IP mode file for STMicroelectronics.FP-SNS-FLIGHT1.5.0.2
2025-05-26 20:16:21,719 [WARN] PackLoader:240 - Cannot read IP mode file for Infineon.AIROC-Wi-Fi-Bluetooth-STM32.1.7.0
2025-05-26 20:16:21,744 [WARN] PackLoader:240 - Cannot read IP mode file for STMicroelectronics.X-CUBE-DISPLAY.3.0.0
2025-05-26 20:16:21,764 [WARN] PackLoader:240 - Cannot read IP mode file for STMicroelectronics.X-CUBE-NFC10.1.0.0
2025-05-26 20:16:21,788 [WARN] PackLoader:240 - Cannot read IP mode file for STMicroelectronics.X-CUBE-BLEMGR.4.0.0
2025-05-26 20:16:21,809 [WARN] PackLoader:240 - Cannot read IP mode file for emotas.I-CUBE-CANOPEN.1.3.0
2025-05-26 20:16:21,825 [WARN] ConditionMgr:438 - getConditionDescription Invalid condition id : Cortex-A Device cause : null
2025-05-26 20:16:21,848 [WARN] ConditionMgr:1044 - genDependencies : Invalid condition id : Cortex-A Device cause : null
2025-05-26 20:16:21,848 [WARN] ConditionMgr:1044 - genDependencies : Invalid condition id : Cortex-A Device cause : null
2025-05-26 20:16:21,848 [WARN] ConditionMgr:1044 - genDependencies : Invalid condition id : Cortex-A Device cause : null
2025-05-26 20:16:21,849 [INFO] WebApp:169 - Instantiating new browser for Auth
2025-05-26 20:16:21,880 [WARN] PackLoader:240 - Cannot read IP mode file for STMicroelectronics.X-CUBE-AI.10.0.0
2025-05-26 20:16:21,899 [WARN] PackLoader:240 - Cannot read IP mode file for STMicroelectronics.FP-SNS-SMARTAG2.1.2.0
2025-05-26 20:16:21,920 [WARN] PackLoader:240 - Cannot read IP mode file for STMicroelectronics.FP-SNS-FLIGHT1.5.1.0
2025-05-26 20:16:21,998 [WARN] PackLoader:240 - Cannot read IP mode file for STMicroelectronics.X-CUBE-MEMS1.11.1.0
2025-05-26 20:16:22,155 [INFO] LogOutputStream:77 - [STDOUT_REDIRECT] 1 : Invalid condition id : UX_CORESTACK_Condition cause : null
2025-05-26 20:16:22,156 [INFO] LogOutputStream:77 - [STDOUT_REDIRECT] 1 : Invalid condition id : UX_CORESTACK_Condition cause : null
2025-05-26 20:16:22,157 [INFO] LogOutputStream:77 - [STDOUT_REDIRECT] 1 : Invalid condition id : UX_CORESTACK_Condition cause : null
2025-05-26 20:16:22,158 [INFO] LogOutputStream:77 - [STDOUT_REDIRECT] 1 : Invalid condition id : UX_CORESTACK_Condition cause : null
2025-05-26 20:16:22,159 [INFO] LogOutputStream:77 - [STDOUT_REDIRECT] 1 : Invalid condition id : UX_CORESTACK_Condition cause : null
2025-05-26 20:16:22,161 [WARN] PackLoader:240 - Cannot read IP mode file for STMicroelectronics.X-CUBE-AZRTOS-WL.2.0.0
2025-05-26 20:16:22,178 [WARN] PackLoader:240 - Cannot read IP mode file for STMicroelectronics.FP-SNS-MOTENV1.5.0.0
2025-05-26 20:16:22,197 [WARN] PackLoader:240 - Cannot read IP mode file for WES.I-CUBE-Cesium.1.3.0
2025-05-26 20:16:22,212 [WARN] PackLoader:240 - Cannot read IP mode file for STMicroelectronics.X-CUBE-BLE2.3.3.0
2025-05-26 20:16:22,228 [WARN] PackLoader:240 - Cannot read IP mode file for STMicroelectronics.X-CUBE-NFC9.1.0.0
2025-05-26 20:16:22,245 [WARN] PackLoader:240 - Cannot read IP mode file for STMicroelectronics.X-CUBE-BLE1.7.1.0
2025-05-26 20:16:22,260 [WARN] PackLoader:240 - Cannot read IP mode file for wolfSSL.I-CUBE-wolfMQTT.1.19.2
2025-05-26 20:16:22,325 [WARN] PackLoader:240 - Cannot read IP mode file for STMicroelectronics.X-CUBE-MEMS1.11.2.0
2025-05-26 20:16:22,466 [WARN] PackLoader:240 - Cannot read IP mode file for STMicroelectronics.X-CUBE-AZRTOS-G0.1.1.0
2025-05-26 20:16:22,487 [WARN] PackLoader:240 - Cannot read IP mode file for STMicroelectronics.X-CUBE-SAFEA1.1.2.2
2025-05-26 20:16:22,501 [WARN] PackLoader:240 - Cannot read IP mode file for STMicroelectronics.X-CUBE-NFC4.3.0.0
2025-05-26 20:16:22,518 [WARN] PackLoader:240 - Cannot read IP mode file for EmbeddedOffice.I-CUBE-FS-RTOS.1.0.1
2025-05-26 20:16:22,532 [WARN] PackLoader:240 - Cannot read IP mode file for STMicroelectronics.X-CUBE-WB05N.2.0.0
2025-05-26 20:16:22,545 [WARN] PackLoader:240 - Cannot read IP mode file for wolfSSL.I-CUBE-wolfTPM.3.8.0
2025-05-26 20:16:22,559 [WARN] PackLoader:240 - Cannot read IP mode file for STMicroelectronics.X-CUBE-TCPP.4.2.0
2025-05-26 20:16:22,576 [WARN] PackLoader:240 - Cannot read IP mode file for RealThread.X-CUBE-RT-Thread_Nano.4.1.1
2025-05-26 20:16:22,591 [WARN] PackLoader:240 - Cannot read IP mode file for STMicroelectronics.FP-ATR-SIGFOX1.3.2.0
2025-05-26 20:16:22,609 [WARN] PackLoader:240 - Cannot read IP mode file for STMicroelectronics.X-CUBE-EEPRMA1.5.1.0
2025-05-26 20:16:22,630 [WARN] PackLoader:240 - Cannot read IP mode file for wolfSSL.I-CUBE-wolfSSL.5.7.6
2025-05-26 20:16:22,648 [WARN] PackLoader:240 - Cannot read IP mode file for ITTIA_DB.I-CUBE-ITTIADB.8.9.0
2025-05-26 20:16:22,682 [WARN] PackLoader:240 - Cannot read IP mode file for SEGGER.I-CUBE-embOS.1.3.1
2025-05-26 20:16:22,713 [WARN] PackLoader:240 - Cannot read IP mode file for STMicroelectronics.X-CUBE-ALGOBUILD.1.4.0
2025-05-26 20:16:22,743 [WARN] PackLoader:240 - Cannot read IP mode file for STMicroelectronics.X-CUBE-AZRTOS-F4.1.1.0
2025-05-26 20:16:22,758 [WARN] PackLoader:240 - Cannot read IP mode file for Avnet-IotConnect.X-CUBE-IoTC-DA16k-PMOD.1.0.0
2025-05-26 20:16:22,770 [WARN] PackLoader:240 - Cannot read IP mode file for STMicroelectronics.X-CUBE-ISPU.2.1.0
2025-05-26 20:16:22,802 [WARN] PackLoader:240 - Cannot read IP mode file for STMicroelectronics.X-CUBE-AZRTOS-L5.2.0.0
2025-05-26 20:16:22,819 [WARN] PackLoader:240 - Cannot read IP mode file for STMicroelectronics.X-CUBE-NFC6.3.1.0
2025-05-26 20:16:22,838 [WARN] PackLoader:240 - Cannot read IP mode file for STMicroelectronics.X-CUBE-DPower.1.2.0
2025-05-26 20:16:22,861 [WARN] PackLoader:240 - Cannot read IP mode file for STMicroelectronics.X-CUBE-FREERTOS.1.3.1
2025-05-26 20:16:22,882 [WARN] PackLoader:240 - Cannot read IP mode file for STMicroelectronics.X-CUBE-FREERTOS.1.3.0
2025-05-26 20:16:22,907 [WARN] PackLoader:240 - Cannot read IP mode file for STMicroelectronics.X-CUBE-NFC7.1.0.1
2025-05-26 20:16:22,926 [WARN] PackLoader:240 - Cannot read IP mode file for STMicroelectronics.X-CUBE-DPower.1.3.0
2025-05-26 20:16:22,970 [WARN] ConditionMgr:438 - getConditionDescription Invalid condition id : LAN8742 Phy interface Condition cause : null
2025-05-26 20:16:22,971 [WARN] PackLoader:240 - Cannot read IP mode file for STMicroelectronics.X-CUBE-AZRTOS-L4.2.0.0
2025-05-26 20:16:22,973 [WARN] ConditionMgr:1044 - genDependencies : Invalid condition id : LAN8742 Phy interface Condition cause : null
2025-05-26 20:16:22,973 [WARN] ConditionMgr:1044 - genDependencies : Invalid condition id : LAN8742 Phy interface Condition cause : null
2025-05-26 20:16:22,973 [WARN] ConditionMgr:1044 - genDependencies : Invalid condition id : LAN8742 Phy interface Condition cause : null
2025-05-26 20:16:22,975 [INFO] WebApp:463 - Apply proxy settings
2025-05-26 20:16:22,975 [INFO] WebApp:548 - Chromium requires no authentication
2025-05-26 20:16:22,997 [WARN] PackLoader:240 - Cannot read IP mode file for STMicroelectronics.X-CUBE-SFXS2LP1.4.0.0
2025-05-26 20:16:23,006 [INFO] WebApp:491 - Direct internet connection detected
2025-05-26 20:16:23,053 [WARN] PackLoader:240 - Cannot read IP mode file for STMicroelectronics.X-CUBE-AZRTOS-H7.3.3.0
2025-05-26 20:16:23,080 [INFO] WebApp:894 - Register for checkConnection events
2025-05-26 20:16:23,080 [INFO] WebApp:463 - Apply proxy settings
2025-05-26 20:16:23,080 [INFO] WebApp:548 - Chromium requires no authentication
2025-05-26 20:16:23,081 [INFO] WebApp:491 - Direct internet connection detected
2025-05-26 20:16:23,114 [WARN] ConditionMgr:438 - getConditionDescription Invalid condition id : UX DEVICE CLASS RTOS Condition cause : null
2025-05-26 20:16:23,114 [WARN] ConditionMgr:438 - getConditionDescription Invalid condition id : UX DEVICE CLASS RTOS Condition cause : null
2025-05-26 20:16:23,115 [WARN] PackLoader:240 - Cannot read IP mode file for STMicroelectronics.X-CUBE-AZRTOS-WB.2.0.0
2025-05-26 20:16:23,115 [WARN] ConditionMgr:1044 - genDependencies : Invalid condition id : UX DEVICE CLASS RTOS Condition cause : null
2025-05-26 20:16:23,115 [WARN] ConditionMgr:1044 - genDependencies : Invalid condition id : UX DEVICE CLASS RTOS Condition cause : null
2025-05-26 20:16:23,116 [WARN] ConditionMgr:1044 - genDependencies : Invalid condition id : UX DEVICE CLASS RTOS Condition cause : null
2025-05-26 20:16:23,116 [WARN] ConditionMgr:1044 - genDependencies : Invalid condition id : UX DEVICE CLASS RTOS Condition cause : null
2025-05-26 20:16:23,116 [WARN] ConditionMgr:1044 - genDependencies : Invalid condition id : UX DEVICE CLASS RTOS Condition cause : null
2025-05-26 20:16:23,136 [WARN] PackLoader:240 - Cannot read IP mode file for STMicroelectronics.X-CUBE-GNSS1.7.0.1
2025-05-26 20:16:23,156 [WARN] PackLoader:240 - Cannot read IP mode file for STMicroelectronics.X-CUBE-TOUCHGFX.4.25.0
2025-05-26 20:16:23,177 [WARN] PackLoader:240 - Cannot read IP mode file for STMicroelectronics.FP-SNS-STBOX1.2.0.0
2025-05-26 20:16:23,208 [WARN] PackLoader:240 - Cannot read IP mode file for STMicroelectronics.X-CUBE-SUBG2.5.0.0
2025-05-26 20:16:23,252 [WARN] PackLoader:240 - Cannot read IP mode file for STMicroelectronics.X-CUBE-AZRTOS-H7RS.1.1.0
2025-05-26 20:16:23,269 [WARN] PackLoader:240 - Cannot read IP mode file for Cesanta.I-CUBE-Mongoose.7.13.0
2025-05-26 20:16:23,308 [WARN] PackLoader:240 - Cannot read IP mode file for STMicroelectronics.X-CUBE-AZRTOS-G4.2.0.0
2025-05-26 20:16:23,323 [WARN] PackLoader:240 - Cannot read IP mode file for wolfSSL.I-CUBE-wolfSSH.1.4.20
2025-05-26 20:16:23,339 [WARN] PackLoader:240 - Cannot read IP mode file for STMicroelectronics.X-CUBE-NFC7.2.0.0
2025-05-26 20:16:23,359 [WARN] PackLoader:240 - Cannot read IP mode file for STMicroelectronics.X-CUBE-IPS.3.1.0
2025-05-26 20:16:23,379 [WARN] PackLoader:240 - Cannot read IP mode file for STMicroelectronics.X-CUBE-ALS.1.0.2
2025-05-26 20:16:23,395 [WARN] PackLoader:240 - Cannot read IP mode file for STMicroelectronics.X-CUBE-TOUCHGFX.4.24.2
2025-05-26 20:16:23,409 [WARN] PackLoader:240 - Cannot read IP mode file for portGmbH.I-Cube-SoM-uGOAL.1.1.0
2025-05-26 20:16:23,439 [WARN] PackLoader:240 - Cannot read IP mode file for STMicroelectronics.X-CUBE-AZRTOS-H7RS.1.0.0
2025-05-26 20:16:23,458 [INFO] WebApp:225 - Starting web application
2025-05-26 20:16:23,458 [INFO] WebApp:593 - Web application path used C:\ST\STM32CubeIDE_1.18.0\STM32CubeIDE\plugins\com.st.stm32cube.common.mx_6.14.0.202502271554\db\plugins\mcufinder\reactClient1\index.html
2025-05-26 20:16:23,461 [WARN] PackLoader:240 - Cannot read IP mode file for STMicroelectronics.X-CUBE-TOF1.3.4.2
2025-05-26 20:16:23,490 [WARN] PackLoader:240 - Cannot read IP mode file for STMicroelectronics.X-CUBE-TOF1.3.4.3
2025-05-26 20:16:23,500 [INFO] ThirdParty:978 - Integrity check success = true
2025-05-26 20:16:23,500 [INFO] IntegrityCheckThread:100 - exiting critical section [integrity check]
2025-05-26 20:16:23,500 [INFO] IntegrityCheckThread:103 - End integrity checks thread
2025-05-26 20:16:23,592 [INFO] WebApp:191 - Connection restablished
2025-05-26 20:16:23,647 [INFO] UserAuth:486 - Internet connection configuration mode: 1
2025-05-26 22:07:26,091 [ERROR] LogOutputStream:75 - [STDERR_REDIRECT] 
