2025-06-19 12:43:47,559 [INFO] Activator:176 - 


2025-06-19 12:43:47,564 [INFO] Activator:177 - !SESSION log4j initialized
2025-06-19 12:43:56,302 [INFO] LogOutputStream:77 - [STDOUT_REDIRECT] 
2025-06-19 12:44:06,540 [INFO] ApplicationProperties:184 - Using Application install path: C:\ST\STM32CubeIDE_1.18.0\STM32CubeIDE\plugins\com.st.stm32cube.common.mx_6.14.0.202502271554
2025-06-19 12:44:06,560 [INFO] DbMcusXml:78 - Set database path to: C:\ST\STM32CubeIDE_1.18.0\STM32CubeIDE\plugins\com.st.stm32cube.common.mx_6.14.0.202502271554\\db\/mcu/
2025-06-19 12:44:06,561 [INFO] ApiDb:274 - Set plugin database path to: C:\ST\STM32CubeIDE_1.18.0\STM32CubeIDE\plugins\com.st.stm32cube.common.mx_6.14.0.202502271554\\db\/plugins/boardmanager/
2025-06-19 12:44:06,561 [WARN] ApiDb:259 - Overriding images path with different value:  => C:\ST\STM32CubeIDE_1.18.0\STM32CubeIDE\plugins\com.st.stm32cube.common.mx_6.14.0.202502271554\\db\/plugins/mcufinder/images/
2025-06-19 12:44:06,570 [INFO] ApiDb:250 - Set database path to: C:\Users\marcv\.stmcufinder\plugins\mcufinder//mcu/
2025-06-19 12:44:06,571 [INFO] DbMcusAds:125 - Set database path to: C:\Users\marcv\.stmcufinder\plugins\mcufinder//mcu/
2025-06-19 12:44:06,587 [INFO] CrossReferenceDbSqlite:203 - Set database path to: C:\Users\marcv\.stmcufinder\plugins\mcufinder//mcu/cs/
2025-06-19 12:44:06,707 [INFO] RulesReader:64 - Compatibility file has been processed (301 Rules)
2025-06-19 12:44:06,944 [INFO] DbMcusXml:78 - Set database path to: C:\ST\STM32CubeIDE_1.18.0\STM32CubeIDE\plugins\com.st.stm32cube.common.mx_6.14.0.202502271554\\db\/mcu/
2025-06-19 12:44:06,944 [INFO] ApiDb:274 - Set plugin database path to: C:\ST\STM32CubeIDE_1.18.0\STM32CubeIDE\plugins\com.st.stm32cube.common.mx_6.14.0.202502271554\\db\/plugins/boardmanager/
2025-06-19 12:44:06,944 [INFO] ApiDb:261 - Set plugin images path to: C:\ST\STM32CubeIDE_1.18.0\STM32CubeIDE\plugins\com.st.stm32cube.common.mx_6.14.0.202502271554\\db\/plugins/mcufinder/images/
2025-06-19 12:44:06,945 [WARN] DbFile:41 - Overriding database path with different value: C:\Users\marcv\.stmcufinder\plugins\mcufinder/ => C:\Users\marcv\.stmcufinder\plugins\mcufinder
2025-06-19 12:44:06,945 [INFO] ApiDb:250 - Set database path to: C:\Users\marcv\.stmcufinder\plugins\mcufinder//mcu/
2025-06-19 12:44:06,945 [WARN] DbFile:41 - Overriding database path with different value: C:\Users\marcv\.stmcufinder\plugins\mcufinder/ => C:\Users\marcv\.stmcufinder\plugins\mcufinder
2025-06-19 12:44:06,945 [INFO] DbMcusAds:125 - Set database path to: C:\Users\marcv\.stmcufinder\plugins\mcufinder//mcu/
2025-06-19 12:44:06,945 [WARN] DbFile:41 - Overriding database path with different value: C:\Users\marcv\.stmcufinder\plugins\mcufinder/ => C:\Users\marcv\.stmcufinder\plugins\mcufinder
2025-06-19 12:44:06,945 [WARN] DbFile:41 - Overriding database path with different value: C:\Users\marcv\.stmcufinder\plugins\mcufinder/ => C:\Users\marcv\.stmcufinder\plugins\mcufinder
2025-06-19 12:44:06,945 [INFO] CrossReferenceDbSqlite:203 - Set database path to: C:\Users\marcv\.stmcufinder\plugins\mcufinder//mcu/cs/
2025-06-19 12:44:07,080 [INFO] MainPanel:272 - HeapMemory: 268435456
2025-06-19 12:44:07,212 [INFO] DbMcusXml:78 - Set database path to: C:\ST\STM32CubeIDE_1.18.0\STM32CubeIDE\plugins\com.st.stm32cube.common.mx_6.14.0.202502271554\\db\/mcu/
2025-06-19 12:44:07,212 [INFO] ApiDb:274 - Set plugin database path to: C:\ST\STM32CubeIDE_1.18.0\STM32CubeIDE\plugins\com.st.stm32cube.common.mx_6.14.0.202502271554\\db\/plugins/boardmanager/
2025-06-19 12:44:07,212 [INFO] ApiDb:261 - Set plugin images path to: C:\ST\STM32CubeIDE_1.18.0\STM32CubeIDE\plugins\com.st.stm32cube.common.mx_6.14.0.202502271554\\db\/plugins/mcufinder/images/
2025-06-19 12:44:07,212 [WARN] DbFile:41 - Overriding database path with different value: C:\Users\marcv\.stmcufinder\plugins\mcufinder/ => C:\Users\marcv\.stmcufinder\plugins\mcufinder
2025-06-19 12:44:07,212 [INFO] ApiDb:250 - Set database path to: C:\Users\marcv\.stmcufinder\plugins\mcufinder//mcu/
2025-06-19 12:44:07,212 [WARN] DbFile:41 - Overriding database path with different value: C:\Users\marcv\.stmcufinder\plugins\mcufinder/ => C:\Users\marcv\.stmcufinder\plugins\mcufinder
2025-06-19 12:44:07,213 [INFO] DbMcusAds:125 - Set database path to: C:\Users\marcv\.stmcufinder\plugins\mcufinder//mcu/
2025-06-19 12:44:07,213 [WARN] DbFile:41 - Overriding database path with different value: C:\Users\marcv\.stmcufinder\plugins\mcufinder/ => C:\Users\marcv\.stmcufinder\plugins\mcufinder
2025-06-19 12:44:07,213 [WARN] DbFile:41 - Overriding database path with different value: C:\Users\marcv\.stmcufinder\plugins\mcufinder/ => C:\Users\marcv\.stmcufinder\plugins\mcufinder
2025-06-19 12:44:07,213 [INFO] CrossReferenceDbSqlite:203 - Set database path to: C:\Users\marcv\.stmcufinder\plugins\mcufinder//mcu/cs/
2025-06-19 12:44:07,231 [INFO] ApplicationProperties:184 - Using Application install path: C:\ST\STM32CubeIDE_1.18.0\STM32CubeIDE\plugins\com.st.stm32cube.common.mx_6.14.0.202502271554
2025-06-19 12:44:07,232 [INFO] PluginManage:196 - Search for loadable plugins [exclusion list=, ]
2025-06-19 12:44:07,233 [INFO] PluginManage:310 - Check plugin analytics
2025-06-19 12:44:11,946 [INFO] AnalyticsPlugin:253 - Accepted Software Licenses: 
2025-06-19 12:44:11,946 [INFO] AnalyticsPlugin:255 - Accepted CMSIS Pack Licenses: 
2025-06-19 12:44:11,946 [INFO] AnalyticsPlugin:257 - Accepted Firmware Licenses: FW.H7.1.12.0
2025-06-19 12:44:11,949 [INFO] PluginManage:359 - Loaded plugin analytics (category:tool,tabindex:-1)
2025-06-19 12:44:11,949 [INFO] PluginManage:310 - Check plugin cadmodel
2025-06-19 12:44:11,971 [INFO] CADModel:105 - Init CAD model plugin
2025-06-19 12:44:11,971 [INFO] PluginManage:359 - Loaded plugin cadmodel (category:power,tabindex:5)
2025-06-19 12:44:11,971 [INFO] PluginManage:310 - Check plugin clock
2025-06-19 12:44:11,994 [INFO] PluginManage:359 - Loaded plugin clock (category:base,tabindex:2)
2025-06-19 12:44:11,994 [INFO] PluginManage:310 - Check plugin ddr
2025-06-19 12:44:11,997 [INFO] PluginManage:359 - Loaded plugin ddr (category:tool,tabindex:6)
2025-06-19 12:44:11,997 [INFO] PluginManage:310 - Check plugin filemanager
2025-06-19 12:44:12,147 [INFO] PluginManage:359 - Loaded plugin filemanager (category:base,tabindex:10)
2025-06-19 12:44:12,148 [INFO] PluginManage:310 - Check plugin ipmanager
2025-06-19 12:44:12,155 [INFO] PluginManage:359 - Loaded plugin ipmanager (category:base,tabindex:5)
2025-06-19 12:44:12,155 [INFO] PluginManage:310 - Check plugin lpbam
2025-06-19 12:44:12,177 [INFO] PluginManage:359 - Loaded plugin lpbam (category:base,tabindex:0)
2025-06-19 12:44:12,177 [INFO] PluginManage:310 - Check plugin memorymap
2025-06-19 12:44:12,214 [INFO] PluginManage:359 - Loaded plugin memorymap (category:base,tabindex:4)
2025-06-19 12:44:12,214 [INFO] PluginManage:310 - Check plugin pinoutandconfiguration
2025-06-19 12:44:12,266 [INFO] PluginManage:359 - Loaded plugin pinoutandconfiguration (category:base,tabindex:1)
2025-06-19 12:44:12,266 [INFO] PluginManage:310 - Check plugin pinoutconfig
2025-06-19 12:44:12,372 [WARN] SupportedApi:132 - Cannot load RTOS API schema: s4s-elt-must-match.1: The content of 'definitions' must match (annotation?, (simpleType | complexType)?, (unique | key | keyref)*)). A problem was found starting at: attribute.
2025-06-19 12:44:12,509 [INFO] PluginManage:359 - Loaded plugin pinoutconfig (category:base,tabindex:0)
2025-06-19 12:44:12,509 [INFO] PluginManage:310 - Check plugin power
2025-06-19 12:44:12,533 [INFO] PluginManage:359 - Loaded plugin power (category:power,tabindex:4)
2025-06-19 12:44:12,533 [INFO] PluginManage:310 - Check plugin projectmanager
2025-06-19 12:44:12,548 [INFO] PluginManage:359 - Loaded plugin projectmanager (category:projectmanager,tabindex:4)
2025-06-19 12:44:12,548 [INFO] PluginManage:310 - Check plugin rif
2025-06-19 12:44:12,570 [INFO] PluginManage:359 - Loaded plugin rif (category:base,tabindex:3)
2025-06-19 12:44:12,571 [INFO] PluginManage:310 - Check plugin thirdparty
2025-06-19 12:44:12,897 [INFO] PluginManage:359 - Loaded plugin thirdparty (category:base,tabindex:-1)
2025-06-19 12:44:12,897 [WARN] IntegrityCheckThread:84 - waiting for thirdparty lock release [integrity check]
2025-06-19 12:44:12,897 [INFO] PluginManage:310 - Check plugin tools
2025-06-19 12:44:12,897 [INFO] IntegrityCheckThread:86 - entering critical section [integrity check]
2025-06-19 12:44:12,897 [INFO] ThirdPartyUpdaterWithRetryManager:70 - Updater plugin not ready yet. [1/15]
2025-06-19 12:44:12,945 [INFO] PluginManage:359 - Loaded plugin tools (category:base,tabindex:7)
2025-06-19 12:44:12,946 [INFO] PluginManage:310 - Check plugin tutovideos
2025-06-19 12:44:13,166 [INFO] PluginManage:359 - Loaded plugin tutovideos (category:base,tabindex:-1)
2025-06-19 12:44:13,166 [INFO] PluginManage:310 - Check plugin updater
2025-06-19 12:44:13,186 [INFO] PluginManage:359 - Loaded plugin updater (category:base,tabindex:12)
2025-06-19 12:44:13,186 [INFO] PluginManage:310 - Check plugin userauth
2025-06-19 12:44:13,192 [INFO] UserAuth:118 - Init User Auth plugin
2025-06-19 12:44:13,193 [INFO] PluginManage:359 - Loaded plugin userauth (category:base,tabindex:14)
2025-06-19 12:44:13,194 [INFO] PluginManage:283 - PluginManage : Loaded plugins [18]
2025-06-19 12:44:13,432 [INFO] PinOutPanel:1589 - setPackage(No Configuration,No Configuration)
2025-06-19 12:44:13,527 [INFO] CADModel:165 - CPN selected for project level
2025-06-19 12:44:13,527 [INFO] CADModel:114 - Register for checkConnection events
2025-06-19 12:44:13,562 [INFO] IPUIPlugin:80 - create IPUIPlugin
2025-06-19 12:44:13,562 [INFO] PluginManager:220 - loadIPPluginJar : add adc
2025-06-19 12:44:13,624 [INFO] IPUIPlugin:80 - create IPUIPlugin
2025-06-19 12:44:13,624 [INFO] PluginManager:220 - loadIPPluginJar : add aes
2025-06-19 12:44:13,703 [INFO] IPUIPlugin:80 - create IPUIPlugin
2025-06-19 12:44:13,703 [INFO] PluginManager:220 - loadIPPluginJar : add can
2025-06-19 12:44:13,751 [INFO] IPUIPlugin:80 - create IPUIPlugin
2025-06-19 12:44:13,752 [INFO] PluginManager:220 - loadIPPluginJar : add comp
2025-06-19 12:44:13,795 [INFO] IPUIPlugin:80 - create IPUIPlugin
2025-06-19 12:44:13,795 [INFO] PluginManager:220 - loadIPPluginJar : add cryp
2025-06-19 12:44:13,810 [INFO] IPUIPlugin:80 - create IPUIPlugin
2025-06-19 12:44:13,811 [INFO] PluginManager:220 - loadIPPluginJar : add ddr_ctrl_phy
2025-06-19 12:44:13,849 [INFO] IPUIPlugin:80 - create IPUIPlugin
2025-06-19 12:44:13,849 [INFO] PluginManager:220 - loadIPPluginJar : add dfsdm
2025-06-19 12:44:13,866 [INFO] IPUIPlugin:80 - create IPUIPlugin
2025-06-19 12:44:13,867 [INFO] PluginManager:220 - loadIPPluginJar : add dma
2025-06-19 12:44:13,916 [INFO] IPUIPlugin:80 - create IPUIPlugin
2025-06-19 12:44:13,916 [INFO] PluginManager:220 - loadIPPluginJar : add dma3
2025-06-19 12:44:13,972 [INFO] IPUIPlugin:80 - create IPUIPlugin
2025-06-19 12:44:13,972 [INFO] PluginManager:220 - loadIPPluginJar : add extmemmanager
2025-06-19 12:44:14,003 [INFO] IPUIPlugin:80 - create IPUIPlugin
2025-06-19 12:44:14,004 [INFO] PluginManager:220 - loadIPPluginJar : add fatfs
2025-06-19 12:44:14,060 [INFO] IPUIPlugin:80 - create IPUIPlugin
2025-06-19 12:44:14,060 [INFO] PluginManager:220 - loadIPPluginJar : add fmc
2025-06-19 12:44:14,081 [INFO] IPUIPlugin:80 - create IPUIPlugin
2025-06-19 12:44:14,082 [INFO] PluginManager:220 - loadIPPluginJar : add freertos
2025-06-19 12:44:14,111 [INFO] IPUIPlugin:80 - create IPUIPlugin
2025-06-19 12:44:14,112 [INFO] PluginManager:220 - loadIPPluginJar : add genericplugin
2025-06-19 12:44:14,235 [INFO] IPUIPlugin:80 - create IPUIPlugin
2025-06-19 12:44:14,235 [INFO] PluginManager:220 - loadIPPluginJar : add gfxmmu
2025-06-19 12:44:14,443 [INFO] IPUIPlugin:80 - create IPUIPlugin
2025-06-19 12:44:14,444 [INFO] PluginManager:220 - loadIPPluginJar : add gic
2025-06-19 12:44:14,463 [INFO] IPUIPlugin:80 - create IPUIPlugin
2025-06-19 12:44:14,463 [INFO] PluginManager:220 - loadIPPluginJar : add gpio
2025-06-19 12:44:14,593 [INFO] IPUIPlugin:80 - create IPUIPlugin
2025-06-19 12:44:14,594 [INFO] PluginManager:220 - loadIPPluginJar : add gtzc
2025-06-19 12:44:14,639 [INFO] IPUIPlugin:80 - create IPUIPlugin
2025-06-19 12:44:14,639 [INFO] PluginManager:220 - loadIPPluginJar : add hash
2025-06-19 12:44:14,717 [INFO] IPUIPlugin:80 - create IPUIPlugin
2025-06-19 12:44:14,718 [INFO] PluginManager:220 - loadIPPluginJar : add i2c
2025-06-19 12:44:14,775 [INFO] IPUIPlugin:80 - create IPUIPlugin
2025-06-19 12:44:14,775 [INFO] PluginManager:220 - loadIPPluginJar : add i2s
2025-06-19 12:44:14,830 [INFO] IPUIPlugin:80 - create IPUIPlugin
2025-06-19 12:44:14,830 [INFO] PluginManager:220 - loadIPPluginJar : add i3c
2025-06-19 12:44:14,967 [INFO] IPUIPlugin:80 - create IPUIPlugin
2025-06-19 12:44:14,967 [INFO] PluginManager:220 - loadIPPluginJar : add ipddr
2025-06-19 12:44:15,084 [INFO] IPUIPlugin:80 - create IPUIPlugin
2025-06-19 12:44:15,084 [INFO] PluginManager:220 - loadIPPluginJar : add linkedlist
2025-06-19 12:44:15,133 [INFO] IPUIPlugin:80 - create IPUIPlugin
2025-06-19 12:44:15,133 [INFO] PluginManager:220 - loadIPPluginJar : add lorawan
2025-06-19 12:44:15,181 [INFO] IPUIPlugin:80 - create IPUIPlugin
2025-06-19 12:44:15,181 [INFO] PluginManager:220 - loadIPPluginJar : add ltdc
2025-06-19 12:44:15,197 [INFO] IPUIPlugin:80 - create IPUIPlugin
2025-06-19 12:44:15,197 [INFO] PluginManager:220 - loadIPPluginJar : add mdma
2025-06-19 12:44:15,212 [INFO] IPUIPlugin:80 - create IPUIPlugin
2025-06-19 12:44:15,212 [INFO] PluginManager:220 - loadIPPluginJar : add nvic
2025-06-19 12:44:15,261 [INFO] IPUIPlugin:80 - create IPUIPlugin
2025-06-19 12:44:15,261 [INFO] PluginManager:220 - loadIPPluginJar : add opamp
2025-06-19 12:44:15,337 [INFO] IPUIPlugin:80 - create IPUIPlugin
2025-06-19 12:44:15,337 [INFO] PluginManager:220 - loadIPPluginJar : add openamp
2025-06-19 12:44:15,395 [INFO] IPUIPlugin:80 - create IPUIPlugin
2025-06-19 12:44:15,396 [INFO] PluginManager:220 - loadIPPluginJar : add pdm2pcm
2025-06-19 12:44:15,412 [INFO] IPUIPlugin:80 - create IPUIPlugin
2025-06-19 12:44:15,414 [INFO] PluginManager:220 - loadIPPluginJar : add plateformsettings
2025-06-19 12:44:15,443 [INFO] IPUIPlugin:80 - create IPUIPlugin
2025-06-19 12:44:15,443 [INFO] PluginManager:220 - loadIPPluginJar : add quadspi
2025-06-19 12:44:15,476 [INFO] IPUIPlugin:80 - create IPUIPlugin
2025-06-19 12:44:15,477 [INFO] PluginManager:220 - loadIPPluginJar : add radio
2025-06-19 12:44:15,493 [INFO] IPUIPlugin:80 - create IPUIPlugin
2025-06-19 12:44:15,493 [INFO] PluginManager:220 - loadIPPluginJar : add resmgrutility
2025-06-19 12:44:15,551 [INFO] IPUIPlugin:80 - create IPUIPlugin
2025-06-19 12:44:15,551 [INFO] PluginManager:220 - loadIPPluginJar : add sai
2025-06-19 12:44:15,603 [INFO] IPUIPlugin:80 - create IPUIPlugin
2025-06-19 12:44:15,603 [INFO] PluginManager:220 - loadIPPluginJar : add spi
2025-06-19 12:44:15,706 [INFO] IPUIPlugin:80 - create IPUIPlugin
2025-06-19 12:44:15,707 [INFO] PluginManager:220 - loadIPPluginJar : add stm32_wpan
2025-06-19 12:44:15,739 [INFO] IPUIPlugin:80 - create IPUIPlugin
2025-06-19 12:44:15,739 [INFO] PluginManager:220 - loadIPPluginJar : add tim
2025-06-19 12:44:15,824 [INFO] IPUIPlugin:80 - create IPUIPlugin
2025-06-19 12:44:15,825 [INFO] PluginManager:220 - loadIPPluginJar : add touchsensing
2025-06-19 12:44:15,858 [INFO] IPUIPlugin:80 - create IPUIPlugin
2025-06-19 12:44:15,859 [INFO] PluginManager:220 - loadIPPluginJar : add tracer_emb
2025-06-19 12:44:15,893 [INFO] IPUIPlugin:80 - create IPUIPlugin
2025-06-19 12:44:15,893 [INFO] PluginManager:220 - loadIPPluginJar : add ts
2025-06-19 12:44:15,904 [INFO] ThirdPartyUpdaterWithRetryManager:70 - Updater plugin not ready yet. [2/15]
2025-06-19 12:44:15,922 [INFO] IPUIPlugin:80 - create IPUIPlugin
2025-06-19 12:44:15,922 [INFO] PluginManager:220 - loadIPPluginJar : add tsc
2025-06-19 12:44:15,950 [INFO] IPUIPlugin:80 - create IPUIPlugin
2025-06-19 12:44:15,951 [INFO] PluginManager:220 - loadIPPluginJar : add ucpd
2025-06-19 12:44:16,005 [INFO] IPUIPlugin:80 - create IPUIPlugin
2025-06-19 12:44:16,005 [INFO] PluginManager:220 - loadIPPluginJar : add usart
2025-06-19 12:44:16,062 [INFO] IPUIPlugin:80 - create IPUIPlugin
2025-06-19 12:44:16,062 [INFO] PluginManager:220 - loadIPPluginJar : add usbx
2025-06-19 12:44:16,186 [FATAL] Updater:351 - Updater called before beeing initialized
2025-06-19 12:44:16,214 [INFO] RulesReader:64 - Compatibility file has been processed (301 Rules)
2025-06-19 12:44:16,225 [INFO] RulesReader:64 - Compatibility file has been processed (301 Rules)
2025-06-19 12:44:16,231 [INFO] CADModel:165 - CPN selected for project level
2025-06-19 12:44:16,231 [INFO] CADModel:114 - Register for checkConnection events
2025-06-19 12:44:16,231 [FATAL] Updater:351 - Updater called before beeing initialized
2025-06-19 12:44:16,231 [ERROR] CADModel:125 - Updater not yet initialized, retry later 
2025-06-19 12:44:16,373 [FATAL] Updater:351 - Updater called before beeing initialized
2025-06-19 12:44:16,375 [INFO] CADModel:165 - CPN selected for project level
2025-06-19 12:44:16,375 [INFO] CADModel:114 - Register for checkConnection events
2025-06-19 12:44:16,375 [FATAL] Updater:351 - Updater called before beeing initialized
2025-06-19 12:44:16,376 [ERROR] CADModel:125 - Updater not yet initialized, retry later 
2025-06-19 12:44:16,378 [FATAL] Updater:351 - Updater called before beeing initialized
2025-06-19 12:44:16,500 [FATAL] Updater:351 - Updater called before beeing initialized
2025-06-19 12:44:16,512 [INFO] DbMcusAds:53 - JSON generation date=Wed May 07 11:07:55 CEST 2025 (1746608875513)
2025-06-19 12:44:16,512 [FATAL] Updater:351 - Updater called before beeing initialized
2025-06-19 12:44:16,558 [WARN] DetailPanel:346 - Failed to get advertising image, set to default
2025-06-19 12:44:16,826 [FATAL] Updater:351 - Updater called before beeing initialized
2025-06-19 12:44:16,827 [FATAL] Updater:351 - Updater called before beeing initialized
2025-06-19 12:44:16,828 [FATAL] Updater:351 - Updater called before beeing initialized
2025-06-19 12:44:16,828 [WARN] DetailPanel:346 - Failed to get advertising image, set to default
2025-06-19 12:44:16,828 [FATAL] Updater:351 - Updater called before beeing initialized
2025-06-19 12:44:16,889 [ERROR] Updater:1198 - MainUpdater not yet initialized. External WinMGr cannot be set.
2025-06-19 12:44:16,901 [INFO] Updater:1134 - Updater Version found : 6.14.0
2025-06-19 12:44:16,922 [INFO] ApplicationProperties:184 - Using Application install path: C:\ST\STM32CubeIDE_1.18.0\STM32CubeIDE\plugins\com.st.stm32cube.common.mx_6.14.0.202502271554
2025-06-19 12:44:18,519 [ERROR] LogOutputStream:75 - [STDERR_REDIRECT] Jun 19, 2025 12:44:18 PM java.util.prefs.WindowsPreferences <init>
2025-06-19 12:44:18,521 [ERROR] LogOutputStream:75 - [STDERR_REDIRECT] WARNING: Could not open/create prefs root node Software\JavaSoft\Prefs at root 0xffffffff80000002. Windows RegCreateKeyEx(...) returned error code 5.
2025-06-19 12:44:18,521 [ERROR] LogOutputStream:75 - [STDERR_REDIRECT] 
2025-06-19 12:44:18,818 [INFO] MainUpdater:2872 - connection check result : 10
2025-06-19 12:44:18,819 [INFO] MainUpdater:289 - Updater Check For Update Now.
2025-06-19 12:44:18,819 [INFO] MicroXplorer:498 - Change Database Version : DB.6.0.140
2025-06-19 12:44:18,838 [INFO] McuFinderGlobals:63 - Set McuFinder mode to 2 (CubeIDE integrated)
2025-06-19 12:44:18,846 [INFO] UserAuth:486 - Internet connection configuration mode: 1
2025-06-19 12:44:18,889 [INFO] JxBrowserEngine:152 - Initiate JxBrowser Engine with user profile folder
2025-06-19 12:44:18,917 [WARN] MainUpdater:1193 - Updater busy. Cannot search thirdparties
2025-06-19 12:44:18,917 [INFO] ThirdPartyUpdaterWithRetryManager:96 - Updater plugin is busy. [1/15]
2025-06-19 12:44:19,043 [INFO] CheckServerUpdateThread:120 - End of CheckServer Thread
2025-06-19 12:44:21,909 [INFO] WebApp:169 - Instantiating new browser for Auth
2025-06-19 12:44:22,836 [WARN] PackLoader:240 - Cannot read IP mode file for STMicroelectronics.FP-SNS-MOTENVWB1.1.4.0
2025-06-19 12:44:22,857 [WARN] PackLoader:240 - Cannot read IP mode file for STMicroelectronics.FP-ATR-ASTRA1.2.0.2
2025-06-19 12:44:22,884 [WARN] PackLoader:240 - Cannot read IP mode file for STMicroelectronics.X-CUBE-SMBUS.2.1.0
2025-06-19 12:44:22,906 [WARN] PackLoader:240 - Cannot read IP mode file for STMicroelectronics.X-CUBE-WB05N.1.1.0
2025-06-19 12:44:22,925 [WARN] PackLoader:240 - Cannot read IP mode file for STMicroelectronics.X-CUBE-ST60.1.0.0
2025-06-19 12:44:23,008 [WARN] PackLoader:240 - Cannot read IP mode file for STMicroelectronics.X-CUBE-AZRTOS-F7.1.1.0
2025-06-19 12:44:23,035 [WARN] PackLoader:240 - Cannot read IP mode file for STMicroelectronics.FP-SNS-FLIGHT1.5.0.2
2025-06-19 12:44:23,088 [WARN] PackLoader:240 - Cannot read IP mode file for Infineon.AIROC-Wi-Fi-Bluetooth-STM32.1.7.0
2025-06-19 12:44:23,120 [WARN] PackLoader:240 - Cannot read IP mode file for STMicroelectronics.X-CUBE-DISPLAY.3.0.0
2025-06-19 12:44:23,140 [WARN] PackLoader:240 - Cannot read IP mode file for STMicroelectronics.X-CUBE-NFC10.1.0.0
2025-06-19 12:44:23,161 [WARN] PackLoader:240 - Cannot read IP mode file for STMicroelectronics.X-CUBE-BLEMGR.4.0.0
2025-06-19 12:44:23,184 [WARN] PackLoader:240 - Cannot read IP mode file for emotas.I-CUBE-CANOPEN.1.3.0
2025-06-19 12:44:23,204 [WARN] ConditionMgr:438 - getConditionDescription Invalid condition id : Cortex-A Device cause : null
2025-06-19 12:44:23,236 [WARN] ConditionMgr:1044 - genDependencies : Invalid condition id : Cortex-A Device cause : null
2025-06-19 12:44:23,236 [WARN] ConditionMgr:1044 - genDependencies : Invalid condition id : Cortex-A Device cause : null
2025-06-19 12:44:23,236 [WARN] ConditionMgr:1044 - genDependencies : Invalid condition id : Cortex-A Device cause : null
2025-06-19 12:44:23,251 [WARN] PackLoader:240 - Cannot read IP mode file for STMicroelectronics.X-CUBE-AI.10.0.0
2025-06-19 12:44:23,268 [WARN] PackLoader:240 - Cannot read IP mode file for STMicroelectronics.FP-SNS-SMARTAG2.1.2.0
2025-06-19 12:44:23,283 [WARN] PackLoader:240 - Cannot read IP mode file for STMicroelectronics.FP-SNS-FLIGHT1.5.1.0
2025-06-19 12:44:23,341 [WARN] PackLoader:240 - Cannot read IP mode file for STMicroelectronics.X-CUBE-MEMS1.11.1.0
2025-06-19 12:44:23,570 [INFO] LogOutputStream:77 - [STDOUT_REDIRECT] 1 : Invalid condition id : UX_CORESTACK_Condition cause : null
2025-06-19 12:44:23,573 [INFO] LogOutputStream:77 - [STDOUT_REDIRECT] 1 : Invalid condition id : UX_CORESTACK_Condition cause : null
2025-06-19 12:44:23,575 [INFO] LogOutputStream:77 - [STDOUT_REDIRECT] 1 : Invalid condition id : UX_CORESTACK_Condition cause : null
2025-06-19 12:44:23,576 [INFO] LogOutputStream:77 - [STDOUT_REDIRECT] 1 : Invalid condition id : UX_CORESTACK_Condition cause : null
2025-06-19 12:44:23,578 [INFO] LogOutputStream:77 - [STDOUT_REDIRECT] 1 : Invalid condition id : UX_CORESTACK_Condition cause : null
2025-06-19 12:44:23,584 [WARN] PackLoader:240 - Cannot read IP mode file for STMicroelectronics.X-CUBE-AZRTOS-WL.2.0.0
2025-06-19 12:44:23,613 [WARN] PackLoader:240 - Cannot read IP mode file for STMicroelectronics.FP-SNS-MOTENV1.5.0.0
2025-06-19 12:44:23,631 [INFO] WebApp:463 - Apply proxy settings
2025-06-19 12:44:23,632 [INFO] WebApp:548 - Chromium requires no authentication
2025-06-19 12:44:23,680 [WARN] PackLoader:240 - Cannot read IP mode file for WES.I-CUBE-Cesium.1.3.0
2025-06-19 12:44:23,701 [INFO] WebApp:491 - Direct internet connection detected
2025-06-19 12:44:23,765 [WARN] PackLoader:240 - Cannot read IP mode file for STMicroelectronics.X-CUBE-BLE2.3.3.0
2025-06-19 12:44:23,812 [WARN] PackLoader:240 - Cannot read IP mode file for STMicroelectronics.X-CUBE-NFC9.1.0.0
2025-06-19 12:44:23,839 [WARN] PackLoader:240 - Cannot read IP mode file for STMicroelectronics.X-CUBE-BLE1.7.1.0
2025-06-19 12:44:23,852 [INFO] WebApp:894 - Register for checkConnection events
2025-06-19 12:44:23,852 [INFO] WebApp:463 - Apply proxy settings
2025-06-19 12:44:23,852 [INFO] WebApp:548 - Chromium requires no authentication
2025-06-19 12:44:23,852 [INFO] WebApp:491 - Direct internet connection detected
2025-06-19 12:44:23,881 [WARN] PackLoader:240 - Cannot read IP mode file for wolfSSL.I-CUBE-wolfMQTT.1.19.2
2025-06-19 12:44:23,923 [WARN] PackLoader:240 - Cannot read IP mode file for STMicroelectronics.X-CUBE-AI.10.1.0
2025-06-19 12:44:24,003 [WARN] PackLoader:240 - Cannot read IP mode file for STMicroelectronics.X-CUBE-MEMS1.11.2.0
2025-06-19 12:44:24,166 [WARN] PackLoader:240 - Cannot read IP mode file for STMicroelectronics.X-CUBE-AZRTOS-G0.1.1.0
2025-06-19 12:44:24,202 [WARN] PackLoader:240 - Cannot read IP mode file for STMicroelectronics.X-CUBE-SAFEA1.1.2.2
2025-06-19 12:44:24,227 [INFO] WebApp:191 - Connection restablished
2025-06-19 12:44:24,259 [WARN] PackLoader:240 - Cannot read IP mode file for STMicroelectronics.X-CUBE-NFC4.3.0.0
2025-06-19 12:44:24,292 [WARN] PackLoader:240 - Cannot read IP mode file for EmbeddedOffice.I-CUBE-FS-RTOS.1.0.1
2025-06-19 12:44:24,312 [WARN] PackLoader:240 - Cannot read IP mode file for STMicroelectronics.X-CUBE-WB05N.2.0.0
2025-06-19 12:44:24,335 [WARN] PackLoader:240 - Cannot read IP mode file for wolfSSL.I-CUBE-wolfTPM.3.8.0
2025-06-19 12:44:24,358 [WARN] PackLoader:240 - Cannot read IP mode file for STMicroelectronics.X-CUBE-TCPP.4.2.0
2025-06-19 12:44:24,378 [WARN] PackLoader:240 - Cannot read IP mode file for RealThread.X-CUBE-RT-Thread_Nano.4.1.1
2025-06-19 12:44:24,398 [WARN] PackLoader:240 - Cannot read IP mode file for STMicroelectronics.FP-ATR-SIGFOX1.3.2.0
2025-06-19 12:44:24,423 [WARN] PackLoader:240 - Cannot read IP mode file for STMicroelectronics.X-CUBE-EEPRMA1.5.1.0
2025-06-19 12:44:24,442 [WARN] PackLoader:240 - Cannot read IP mode file for wolfSSL.I-CUBE-wolfSSL.5.7.6
2025-06-19 12:44:24,468 [WARN] PackLoader:240 - Cannot read IP mode file for ITTIA_DB.I-CUBE-ITTIADB.8.9.0
2025-06-19 12:44:24,493 [WARN] PackLoader:240 - Cannot read IP mode file for STMicroelectronics.X-CUBE-ST67W61.1.0.0
2025-06-19 12:44:24,538 [WARN] PackLoader:240 - Cannot read IP mode file for SEGGER.I-CUBE-embOS.1.3.1
2025-06-19 12:44:24,560 [INFO] WebApp:225 - Starting web application
2025-06-19 12:44:24,560 [INFO] WebApp:593 - Web application path used C:\ST\STM32CubeIDE_1.18.0\STM32CubeIDE\plugins\com.st.stm32cube.common.mx_6.14.0.202502271554\db\plugins\mcufinder\reactClient1\index.html
2025-06-19 12:44:24,609 [WARN] PackLoader:240 - Cannot read IP mode file for STMicroelectronics.X-CUBE-ALGOBUILD.1.4.0
2025-06-19 12:44:24,699 [WARN] PackLoader:240 - Cannot read IP mode file for STMicroelectronics.X-CUBE-MEMS1.11.3.0
2025-06-19 12:44:24,760 [INFO] UserAuth:486 - Internet connection configuration mode: 1
2025-06-19 12:44:24,852 [WARN] PackLoader:240 - Cannot read IP mode file for STMicroelectronics.X-CUBE-AZRTOS-F4.1.1.0
2025-06-19 12:44:24,878 [WARN] PackLoader:240 - Cannot read IP mode file for Avnet-IotConnect.X-CUBE-IoTC-DA16k-PMOD.1.0.0
2025-06-19 12:44:24,898 [WARN] PackLoader:240 - Cannot read IP mode file for STMicroelectronics.X-CUBE-ISPU.2.1.0
2025-06-19 12:44:24,937 [WARN] PackLoader:240 - Cannot read IP mode file for STMicroelectronics.X-CUBE-AZRTOS-L5.2.0.0
2025-06-19 12:44:24,958 [WARN] PackLoader:240 - Cannot read IP mode file for STMicroelectronics.X-CUBE-NFC6.3.1.0
2025-06-19 12:44:24,977 [WARN] PackLoader:240 - Cannot read IP mode file for STMicroelectronics.X-CUBE-DPower.1.2.0
2025-06-19 12:44:24,998 [WARN] PackLoader:240 - Cannot read IP mode file for STMicroelectronics.X-CUBE-FREERTOS.1.3.1
2025-06-19 12:44:25,014 [WARN] PackLoader:240 - Cannot read IP mode file for STMicroelectronics.X-CUBE-FREERTOS.1.3.0
2025-06-19 12:44:25,043 [WARN] PackLoader:240 - Cannot read IP mode file for STMicroelectronics.X-CUBE-NFC7.1.0.1
2025-06-19 12:44:25,069 [WARN] PackLoader:240 - Cannot read IP mode file for STMicroelectronics.X-CUBE-DPower.1.3.0
2025-06-19 12:44:25,109 [WARN] ConditionMgr:438 - getConditionDescription Invalid condition id : LAN8742 Phy interface Condition cause : null
2025-06-19 12:44:25,110 [WARN] PackLoader:240 - Cannot read IP mode file for STMicroelectronics.X-CUBE-AZRTOS-L4.2.0.0
2025-06-19 12:44:25,110 [WARN] ConditionMgr:1044 - genDependencies : Invalid condition id : LAN8742 Phy interface Condition cause : null
2025-06-19 12:44:25,111 [WARN] ConditionMgr:1044 - genDependencies : Invalid condition id : LAN8742 Phy interface Condition cause : null
2025-06-19 12:44:25,111 [WARN] ConditionMgr:1044 - genDependencies : Invalid condition id : LAN8742 Phy interface Condition cause : null
2025-06-19 12:44:25,141 [WARN] PackLoader:240 - Cannot read IP mode file for STMicroelectronics.X-CUBE-SFXS2LP1.4.0.0
2025-06-19 12:44:25,192 [WARN] PackLoader:240 - Cannot read IP mode file for STMicroelectronics.X-CUBE-AZRTOS-H7.3.3.0
2025-06-19 12:44:25,263 [WARN] ConditionMgr:438 - getConditionDescription Invalid condition id : UX DEVICE CLASS RTOS Condition cause : null
2025-06-19 12:44:25,263 [WARN] ConditionMgr:438 - getConditionDescription Invalid condition id : UX DEVICE CLASS RTOS Condition cause : null
2025-06-19 12:44:25,266 [WARN] PackLoader:240 - Cannot read IP mode file for STMicroelectronics.X-CUBE-AZRTOS-WB.2.0.0
2025-06-19 12:44:25,267 [WARN] ConditionMgr:1044 - genDependencies : Invalid condition id : UX DEVICE CLASS RTOS Condition cause : null
2025-06-19 12:44:25,267 [WARN] ConditionMgr:1044 - genDependencies : Invalid condition id : UX DEVICE CLASS RTOS Condition cause : null
2025-06-19 12:44:25,268 [WARN] ConditionMgr:1044 - genDependencies : Invalid condition id : UX DEVICE CLASS RTOS Condition cause : null
2025-06-19 12:44:25,268 [WARN] ConditionMgr:1044 - genDependencies : Invalid condition id : UX DEVICE CLASS RTOS Condition cause : null
2025-06-19 12:44:25,268 [WARN] ConditionMgr:1044 - genDependencies : Invalid condition id : UX DEVICE CLASS RTOS Condition cause : null
2025-06-19 12:44:25,289 [WARN] PackLoader:240 - Cannot read IP mode file for STMicroelectronics.X-CUBE-GNSS1.7.0.1
2025-06-19 12:44:25,313 [WARN] PackLoader:240 - Cannot read IP mode file for STMicroelectronics.X-CUBE-TOUCHGFX.4.25.0
2025-06-19 12:44:25,339 [WARN] PackLoader:240 - Cannot read IP mode file for STMicroelectronics.FP-SNS-STBOX1.2.0.0
2025-06-19 12:44:25,365 [WARN] PackLoader:240 - Cannot read IP mode file for STMicroelectronics.X-CUBE-SUBG2.5.0.0
2025-06-19 12:44:25,407 [WARN] PackLoader:240 - Cannot read IP mode file for STMicroelectronics.X-CUBE-AZRTOS-H7RS.1.1.0
2025-06-19 12:44:25,425 [WARN] PackLoader:240 - Cannot read IP mode file for Cesanta.I-CUBE-Mongoose.7.13.0
2025-06-19 12:44:25,452 [WARN] PackLoader:240 - Cannot read IP mode file for STMicroelectronics.X-CUBE-AZRTOS-G4.2.0.0
2025-06-19 12:44:25,467 [WARN] PackLoader:240 - Cannot read IP mode file for wolfSSL.I-CUBE-wolfSSH.1.4.20
2025-06-19 12:44:25,483 [WARN] PackLoader:240 - Cannot read IP mode file for STMicroelectronics.X-CUBE-NFC7.2.0.0
2025-06-19 12:44:25,505 [WARN] PackLoader:240 - Cannot read IP mode file for STMicroelectronics.X-CUBE-IPS.3.1.0
2025-06-19 12:44:25,525 [WARN] PackLoader:240 - Cannot read IP mode file for STMicroelectronics.X-CUBE-ALS.1.0.2
2025-06-19 12:44:25,542 [WARN] PackLoader:240 - Cannot read IP mode file for STMicroelectronics.X-CUBE-TOUCHGFX.4.24.2
2025-06-19 12:44:25,559 [WARN] PackLoader:240 - Cannot read IP mode file for portGmbH.I-Cube-SoM-uGOAL.1.1.0
2025-06-19 12:44:25,590 [WARN] PackLoader:240 - Cannot read IP mode file for STMicroelectronics.X-CUBE-AZRTOS-H7RS.1.0.0
2025-06-19 12:44:25,616 [WARN] PackLoader:240 - Cannot read IP mode file for STMicroelectronics.X-CUBE-TOF1.3.4.2
2025-06-19 12:44:25,641 [WARN] PackLoader:240 - Cannot read IP mode file for STMicroelectronics.X-CUBE-TOF1.3.4.3
2025-06-19 12:44:25,646 [INFO] ThirdParty:978 - Integrity check success = true
2025-06-19 12:44:25,647 [INFO] IntegrityCheckThread:100 - exiting critical section [integrity check]
2025-06-19 12:44:25,647 [INFO] IntegrityCheckThread:103 - End integrity checks thread
2025-06-19 12:55:49,465 [INFO] WebApp:194 - Connection lost
2025-06-19 12:55:57,995 [INFO] WebApp:191 - Connection restablished
2025-06-19 12:55:59,346 [INFO] WebApp:194 - Connection lost
2025-06-19 12:55:59,454 [INFO] WebApp:191 - Connection restablished
