2025-06-04 00:10:10,017 [INFO] Activator:176 - 


2025-06-04 00:10:10,024 [INFO] Activator:177 - !SESSION log4j initialized
2025-06-04 00:10:15,568 [INFO] LogOutputStream:77 - [STDOUT_REDIRECT] 
2025-06-04 00:10:21,512 [INFO] ApplicationProperties:184 - Using Application install path: C:\ST\STM32CubeIDE_1.18.0\STM32CubeIDE\plugins\com.st.stm32cube.common.mx_6.14.0.202502271554
2025-06-04 00:10:21,536 [INFO] DbMcusXml:78 - Set database path to: C:\ST\STM32CubeIDE_1.18.0\STM32CubeIDE\plugins\com.st.stm32cube.common.mx_6.14.0.202502271554\\db\/mcu/
2025-06-04 00:10:21,537 [INFO] ApiDb:274 - Set plugin database path to: C:\ST\STM32CubeIDE_1.18.0\STM32CubeIDE\plugins\com.st.stm32cube.common.mx_6.14.0.202502271554\\db\/plugins/boardmanager/
2025-06-04 00:10:21,539 [WARN] ApiDb:259 - Overriding images path with different value:  => C:\ST\STM32CubeIDE_1.18.0\STM32CubeIDE\plugins\com.st.stm32cube.common.mx_6.14.0.202502271554\\db\/plugins/mcufinder/images/
2025-06-04 00:10:21,547 [INFO] ApiDb:250 - Set database path to: C:\Users\marcv\.stmcufinder\plugins\mcufinder//mcu/
2025-06-04 00:10:21,548 [INFO] DbMcusAds:125 - Set database path to: C:\Users\marcv\.stmcufinder\plugins\mcufinder//mcu/
2025-06-04 00:10:21,551 [INFO] CrossReferenceDbSqlite:203 - Set database path to: C:\Users\marcv\.stmcufinder\plugins\mcufinder//mcu/cs/
2025-06-04 00:10:21,683 [INFO] RulesReader:64 - Compatibility file has been processed (301 Rules)
2025-06-04 00:10:21,778 [INFO] DbMcusXml:78 - Set database path to: C:\ST\STM32CubeIDE_1.18.0\STM32CubeIDE\plugins\com.st.stm32cube.common.mx_6.14.0.202502271554\\db\/mcu/
2025-06-04 00:10:21,778 [INFO] ApiDb:274 - Set plugin database path to: C:\ST\STM32CubeIDE_1.18.0\STM32CubeIDE\plugins\com.st.stm32cube.common.mx_6.14.0.202502271554\\db\/plugins/boardmanager/
2025-06-04 00:10:21,778 [INFO] ApiDb:261 - Set plugin images path to: C:\ST\STM32CubeIDE_1.18.0\STM32CubeIDE\plugins\com.st.stm32cube.common.mx_6.14.0.202502271554\\db\/plugins/mcufinder/images/
2025-06-04 00:10:21,778 [WARN] DbFile:41 - Overriding database path with different value: C:\Users\marcv\.stmcufinder\plugins\mcufinder/ => C:\Users\marcv\.stmcufinder\plugins\mcufinder
2025-06-04 00:10:21,778 [INFO] ApiDb:250 - Set database path to: C:\Users\marcv\.stmcufinder\plugins\mcufinder//mcu/
2025-06-04 00:10:21,779 [WARN] DbFile:41 - Overriding database path with different value: C:\Users\marcv\.stmcufinder\plugins\mcufinder/ => C:\Users\marcv\.stmcufinder\plugins\mcufinder
2025-06-04 00:10:21,779 [INFO] DbMcusAds:125 - Set database path to: C:\Users\marcv\.stmcufinder\plugins\mcufinder//mcu/
2025-06-04 00:10:21,779 [WARN] DbFile:41 - Overriding database path with different value: C:\Users\marcv\.stmcufinder\plugins\mcufinder/ => C:\Users\marcv\.stmcufinder\plugins\mcufinder
2025-06-04 00:10:21,779 [WARN] DbFile:41 - Overriding database path with different value: C:\Users\marcv\.stmcufinder\plugins\mcufinder/ => C:\Users\marcv\.stmcufinder\plugins\mcufinder
2025-06-04 00:10:21,779 [INFO] CrossReferenceDbSqlite:203 - Set database path to: C:\Users\marcv\.stmcufinder\plugins\mcufinder//mcu/cs/
2025-06-04 00:10:21,862 [INFO] MainPanel:272 - HeapMemory: 268435456
2025-06-04 00:10:21,993 [INFO] DbMcusXml:78 - Set database path to: C:\ST\STM32CubeIDE_1.18.0\STM32CubeIDE\plugins\com.st.stm32cube.common.mx_6.14.0.202502271554\\db\/mcu/
2025-06-04 00:10:21,993 [INFO] ApiDb:274 - Set plugin database path to: C:\ST\STM32CubeIDE_1.18.0\STM32CubeIDE\plugins\com.st.stm32cube.common.mx_6.14.0.202502271554\\db\/plugins/boardmanager/
2025-06-04 00:10:21,993 [INFO] ApiDb:261 - Set plugin images path to: C:\ST\STM32CubeIDE_1.18.0\STM32CubeIDE\plugins\com.st.stm32cube.common.mx_6.14.0.202502271554\\db\/plugins/mcufinder/images/
2025-06-04 00:10:21,994 [WARN] DbFile:41 - Overriding database path with different value: C:\Users\marcv\.stmcufinder\plugins\mcufinder/ => C:\Users\marcv\.stmcufinder\plugins\mcufinder
2025-06-04 00:10:21,994 [INFO] ApiDb:250 - Set database path to: C:\Users\marcv\.stmcufinder\plugins\mcufinder//mcu/
2025-06-04 00:10:21,994 [WARN] DbFile:41 - Overriding database path with different value: C:\Users\marcv\.stmcufinder\plugins\mcufinder/ => C:\Users\marcv\.stmcufinder\plugins\mcufinder
2025-06-04 00:10:21,994 [INFO] DbMcusAds:125 - Set database path to: C:\Users\marcv\.stmcufinder\plugins\mcufinder//mcu/
2025-06-04 00:10:21,994 [WARN] DbFile:41 - Overriding database path with different value: C:\Users\marcv\.stmcufinder\plugins\mcufinder/ => C:\Users\marcv\.stmcufinder\plugins\mcufinder
2025-06-04 00:10:21,994 [WARN] DbFile:41 - Overriding database path with different value: C:\Users\marcv\.stmcufinder\plugins\mcufinder/ => C:\Users\marcv\.stmcufinder\plugins\mcufinder
2025-06-04 00:10:21,994 [INFO] CrossReferenceDbSqlite:203 - Set database path to: C:\Users\marcv\.stmcufinder\plugins\mcufinder//mcu/cs/
2025-06-04 00:10:22,014 [INFO] ApplicationProperties:184 - Using Application install path: C:\ST\STM32CubeIDE_1.18.0\STM32CubeIDE\plugins\com.st.stm32cube.common.mx_6.14.0.202502271554
2025-06-04 00:10:22,015 [INFO] PluginManage:196 - Search for loadable plugins [exclusion list=, ]
2025-06-04 00:10:22,016 [INFO] PluginManage:310 - Check plugin analytics
2025-06-04 00:10:26,747 [INFO] AnalyticsPlugin:253 - Accepted Software Licenses: 
2025-06-04 00:10:26,747 [INFO] AnalyticsPlugin:255 - Accepted CMSIS Pack Licenses: 
2025-06-04 00:10:26,747 [INFO] AnalyticsPlugin:257 - Accepted Firmware Licenses: FW.H7.1.12.0
2025-06-04 00:10:26,750 [INFO] PluginManage:359 - Loaded plugin analytics (category:tool,tabindex:-1)
2025-06-04 00:10:26,751 [INFO] PluginManage:310 - Check plugin cadmodel
2025-06-04 00:10:26,757 [INFO] CADModel:105 - Init CAD model plugin
2025-06-04 00:10:26,757 [INFO] PluginManage:359 - Loaded plugin cadmodel (category:power,tabindex:5)
2025-06-04 00:10:26,758 [INFO] PluginManage:310 - Check plugin clock
2025-06-04 00:10:26,769 [INFO] PluginManage:359 - Loaded plugin clock (category:base,tabindex:2)
2025-06-04 00:10:26,770 [INFO] PluginManage:310 - Check plugin ddr
2025-06-04 00:10:26,772 [INFO] PluginManage:359 - Loaded plugin ddr (category:tool,tabindex:6)
2025-06-04 00:10:26,773 [INFO] PluginManage:310 - Check plugin filemanager
2025-06-04 00:10:26,949 [INFO] PluginManage:359 - Loaded plugin filemanager (category:base,tabindex:10)
2025-06-04 00:10:26,949 [INFO] PluginManage:310 - Check plugin ipmanager
2025-06-04 00:10:26,978 [INFO] PluginManage:359 - Loaded plugin ipmanager (category:base,tabindex:5)
2025-06-04 00:10:26,978 [INFO] PluginManage:310 - Check plugin lpbam
2025-06-04 00:10:26,987 [INFO] PluginManage:359 - Loaded plugin lpbam (category:base,tabindex:0)
2025-06-04 00:10:26,988 [INFO] PluginManage:310 - Check plugin memorymap
2025-06-04 00:10:27,006 [INFO] PluginManage:359 - Loaded plugin memorymap (category:base,tabindex:4)
2025-06-04 00:10:27,006 [INFO] PluginManage:310 - Check plugin pinoutandconfiguration
2025-06-04 00:10:27,013 [INFO] PluginManage:359 - Loaded plugin pinoutandconfiguration (category:base,tabindex:1)
2025-06-04 00:10:27,013 [INFO] PluginManage:310 - Check plugin pinoutconfig
2025-06-04 00:10:27,109 [WARN] SupportedApi:132 - Cannot load RTOS API schema: s4s-elt-must-match.1: The content of 'definitions' must match (annotation?, (simpleType | complexType)?, (unique | key | keyref)*)). A problem was found starting at: attribute.
2025-06-04 00:10:27,240 [INFO] PluginManage:359 - Loaded plugin pinoutconfig (category:base,tabindex:0)
2025-06-04 00:10:27,241 [INFO] PluginManage:310 - Check plugin power
2025-06-04 00:10:27,249 [INFO] PluginManage:359 - Loaded plugin power (category:power,tabindex:4)
2025-06-04 00:10:27,249 [INFO] PluginManage:310 - Check plugin projectmanager
2025-06-04 00:10:27,263 [INFO] PluginManage:359 - Loaded plugin projectmanager (category:projectmanager,tabindex:4)
2025-06-04 00:10:27,263 [INFO] PluginManage:310 - Check plugin rif
2025-06-04 00:10:27,271 [INFO] PluginManage:359 - Loaded plugin rif (category:base,tabindex:3)
2025-06-04 00:10:27,271 [INFO] PluginManage:310 - Check plugin thirdparty
2025-06-04 00:10:27,420 [INFO] PluginManage:359 - Loaded plugin thirdparty (category:base,tabindex:-1)
2025-06-04 00:10:27,420 [WARN] IntegrityCheckThread:84 - waiting for thirdparty lock release [integrity check]
2025-06-04 00:10:27,420 [INFO] PluginManage:310 - Check plugin tools
2025-06-04 00:10:27,420 [INFO] IntegrityCheckThread:86 - entering critical section [integrity check]
2025-06-04 00:10:27,420 [INFO] ThirdPartyUpdaterWithRetryManager:70 - Updater plugin not ready yet. [1/15]
2025-06-04 00:10:27,422 [INFO] PluginManage:359 - Loaded plugin tools (category:base,tabindex:7)
2025-06-04 00:10:27,422 [INFO] PluginManage:310 - Check plugin tutovideos
2025-06-04 00:10:27,604 [INFO] PluginManage:359 - Loaded plugin tutovideos (category:base,tabindex:-1)
2025-06-04 00:10:27,604 [INFO] PluginManage:310 - Check plugin updater
2025-06-04 00:10:27,625 [INFO] PluginManage:359 - Loaded plugin updater (category:base,tabindex:12)
2025-06-04 00:10:27,625 [INFO] PluginManage:310 - Check plugin userauth
2025-06-04 00:10:27,629 [INFO] UserAuth:118 - Init User Auth plugin
2025-06-04 00:10:27,630 [INFO] PluginManage:359 - Loaded plugin userauth (category:base,tabindex:14)
2025-06-04 00:10:27,631 [INFO] PluginManage:283 - PluginManage : Loaded plugins [18]
2025-06-04 00:10:27,866 [INFO] PinOutPanel:1589 - setPackage(No Configuration,No Configuration)
2025-06-04 00:10:27,962 [INFO] CADModel:165 - CPN selected for project level
2025-06-04 00:10:27,962 [INFO] CADModel:114 - Register for checkConnection events
2025-06-04 00:10:27,976 [INFO] IPUIPlugin:80 - create IPUIPlugin
2025-06-04 00:10:27,977 [INFO] PluginManager:220 - loadIPPluginJar : add adc
2025-06-04 00:10:27,979 [INFO] IPUIPlugin:80 - create IPUIPlugin
2025-06-04 00:10:27,979 [INFO] PluginManager:220 - loadIPPluginJar : add aes
2025-06-04 00:10:27,981 [INFO] IPUIPlugin:80 - create IPUIPlugin
2025-06-04 00:10:27,981 [INFO] PluginManager:220 - loadIPPluginJar : add can
2025-06-04 00:10:27,983 [INFO] IPUIPlugin:80 - create IPUIPlugin
2025-06-04 00:10:27,983 [INFO] PluginManager:220 - loadIPPluginJar : add comp
2025-06-04 00:10:27,985 [INFO] IPUIPlugin:80 - create IPUIPlugin
2025-06-04 00:10:27,985 [INFO] PluginManager:220 - loadIPPluginJar : add cryp
2025-06-04 00:10:27,988 [INFO] IPUIPlugin:80 - create IPUIPlugin
2025-06-04 00:10:27,989 [INFO] PluginManager:220 - loadIPPluginJar : add ddr_ctrl_phy
2025-06-04 00:10:27,993 [INFO] IPUIPlugin:80 - create IPUIPlugin
2025-06-04 00:10:27,993 [INFO] PluginManager:220 - loadIPPluginJar : add dfsdm
2025-06-04 00:10:27,997 [INFO] IPUIPlugin:80 - create IPUIPlugin
2025-06-04 00:10:27,998 [INFO] PluginManager:220 - loadIPPluginJar : add dma
2025-06-04 00:10:28,000 [INFO] IPUIPlugin:80 - create IPUIPlugin
2025-06-04 00:10:28,000 [INFO] PluginManager:220 - loadIPPluginJar : add dma3
2025-06-04 00:10:28,003 [INFO] IPUIPlugin:80 - create IPUIPlugin
2025-06-04 00:10:28,004 [INFO] PluginManager:220 - loadIPPluginJar : add extmemmanager
2025-06-04 00:10:28,005 [INFO] IPUIPlugin:80 - create IPUIPlugin
2025-06-04 00:10:28,005 [INFO] PluginManager:220 - loadIPPluginJar : add fatfs
2025-06-04 00:10:28,009 [INFO] IPUIPlugin:80 - create IPUIPlugin
2025-06-04 00:10:28,009 [INFO] PluginManager:220 - loadIPPluginJar : add fmc
2025-06-04 00:10:28,014 [INFO] IPUIPlugin:80 - create IPUIPlugin
2025-06-04 00:10:28,014 [INFO] PluginManager:220 - loadIPPluginJar : add freertos
2025-06-04 00:10:28,015 [INFO] IPUIPlugin:80 - create IPUIPlugin
2025-06-04 00:10:28,015 [INFO] PluginManager:220 - loadIPPluginJar : add genericplugin
2025-06-04 00:10:28,017 [INFO] IPUIPlugin:80 - create IPUIPlugin
2025-06-04 00:10:28,017 [INFO] PluginManager:220 - loadIPPluginJar : add gfxmmu
2025-06-04 00:10:28,021 [INFO] IPUIPlugin:80 - create IPUIPlugin
2025-06-04 00:10:28,021 [INFO] PluginManager:220 - loadIPPluginJar : add gic
2025-06-04 00:10:28,025 [INFO] IPUIPlugin:80 - create IPUIPlugin
2025-06-04 00:10:28,025 [INFO] PluginManager:220 - loadIPPluginJar : add gpio
2025-06-04 00:10:28,027 [INFO] IPUIPlugin:80 - create IPUIPlugin
2025-06-04 00:10:28,027 [INFO] PluginManager:220 - loadIPPluginJar : add gtzc
2025-06-04 00:10:28,029 [INFO] IPUIPlugin:80 - create IPUIPlugin
2025-06-04 00:10:28,030 [INFO] PluginManager:220 - loadIPPluginJar : add hash
2025-06-04 00:10:28,032 [INFO] IPUIPlugin:80 - create IPUIPlugin
2025-06-04 00:10:28,032 [INFO] PluginManager:220 - loadIPPluginJar : add i2c
2025-06-04 00:10:28,034 [INFO] IPUIPlugin:80 - create IPUIPlugin
2025-06-04 00:10:28,035 [INFO] PluginManager:220 - loadIPPluginJar : add i2s
2025-06-04 00:10:28,038 [INFO] IPUIPlugin:80 - create IPUIPlugin
2025-06-04 00:10:28,038 [INFO] PluginManager:220 - loadIPPluginJar : add i3c
2025-06-04 00:10:28,042 [INFO] IPUIPlugin:80 - create IPUIPlugin
2025-06-04 00:10:28,042 [INFO] PluginManager:220 - loadIPPluginJar : add ipddr
2025-06-04 00:10:28,050 [INFO] IPUIPlugin:80 - create IPUIPlugin
2025-06-04 00:10:28,050 [INFO] PluginManager:220 - loadIPPluginJar : add linkedlist
2025-06-04 00:10:28,054 [INFO] IPUIPlugin:80 - create IPUIPlugin
2025-06-04 00:10:28,054 [INFO] PluginManager:220 - loadIPPluginJar : add lorawan
2025-06-04 00:10:28,055 [INFO] IPUIPlugin:80 - create IPUIPlugin
2025-06-04 00:10:28,055 [INFO] PluginManager:220 - loadIPPluginJar : add ltdc
2025-06-04 00:10:28,060 [INFO] IPUIPlugin:80 - create IPUIPlugin
2025-06-04 00:10:28,060 [INFO] PluginManager:220 - loadIPPluginJar : add mdma
2025-06-04 00:10:28,063 [INFO] IPUIPlugin:80 - create IPUIPlugin
2025-06-04 00:10:28,063 [INFO] PluginManager:220 - loadIPPluginJar : add nvic
2025-06-04 00:10:28,066 [INFO] IPUIPlugin:80 - create IPUIPlugin
2025-06-04 00:10:28,066 [INFO] PluginManager:220 - loadIPPluginJar : add opamp
2025-06-04 00:10:28,069 [INFO] IPUIPlugin:80 - create IPUIPlugin
2025-06-04 00:10:28,069 [INFO] PluginManager:220 - loadIPPluginJar : add openamp
2025-06-04 00:10:28,073 [INFO] IPUIPlugin:80 - create IPUIPlugin
2025-06-04 00:10:28,074 [INFO] PluginManager:220 - loadIPPluginJar : add pdm2pcm
2025-06-04 00:10:28,080 [INFO] IPUIPlugin:80 - create IPUIPlugin
2025-06-04 00:10:28,082 [INFO] PluginManager:220 - loadIPPluginJar : add plateformsettings
2025-06-04 00:10:28,084 [INFO] IPUIPlugin:80 - create IPUIPlugin
2025-06-04 00:10:28,084 [INFO] PluginManager:220 - loadIPPluginJar : add quadspi
2025-06-04 00:10:28,087 [INFO] IPUIPlugin:80 - create IPUIPlugin
2025-06-04 00:10:28,088 [INFO] PluginManager:220 - loadIPPluginJar : add radio
2025-06-04 00:10:28,091 [INFO] IPUIPlugin:80 - create IPUIPlugin
2025-06-04 00:10:28,091 [INFO] PluginManager:220 - loadIPPluginJar : add resmgrutility
2025-06-04 00:10:28,094 [INFO] IPUIPlugin:80 - create IPUIPlugin
2025-06-04 00:10:28,095 [INFO] PluginManager:220 - loadIPPluginJar : add sai
2025-06-04 00:10:28,098 [INFO] IPUIPlugin:80 - create IPUIPlugin
2025-06-04 00:10:28,098 [INFO] PluginManager:220 - loadIPPluginJar : add spi
2025-06-04 00:10:28,104 [INFO] IPUIPlugin:80 - create IPUIPlugin
2025-06-04 00:10:28,104 [INFO] PluginManager:220 - loadIPPluginJar : add stm32_wpan
2025-06-04 00:10:28,106 [INFO] IPUIPlugin:80 - create IPUIPlugin
2025-06-04 00:10:28,106 [INFO] PluginManager:220 - loadIPPluginJar : add tim
2025-06-04 00:10:28,109 [INFO] IPUIPlugin:80 - create IPUIPlugin
2025-06-04 00:10:28,109 [INFO] PluginManager:220 - loadIPPluginJar : add touchsensing
2025-06-04 00:10:28,111 [INFO] IPUIPlugin:80 - create IPUIPlugin
2025-06-04 00:10:28,111 [INFO] PluginManager:220 - loadIPPluginJar : add tracer_emb
2025-06-04 00:10:28,113 [INFO] IPUIPlugin:80 - create IPUIPlugin
2025-06-04 00:10:28,113 [INFO] PluginManager:220 - loadIPPluginJar : add ts
2025-06-04 00:10:28,115 [INFO] IPUIPlugin:80 - create IPUIPlugin
2025-06-04 00:10:28,115 [INFO] PluginManager:220 - loadIPPluginJar : add tsc
2025-06-04 00:10:28,117 [INFO] IPUIPlugin:80 - create IPUIPlugin
2025-06-04 00:10:28,117 [INFO] PluginManager:220 - loadIPPluginJar : add ucpd
2025-06-04 00:10:28,119 [INFO] IPUIPlugin:80 - create IPUIPlugin
2025-06-04 00:10:28,119 [INFO] PluginManager:220 - loadIPPluginJar : add usart
2025-06-04 00:10:28,125 [INFO] IPUIPlugin:80 - create IPUIPlugin
2025-06-04 00:10:28,125 [INFO] PluginManager:220 - loadIPPluginJar : add usbx
2025-06-04 00:10:28,251 [FATAL] Updater:351 - Updater called before beeing initialized
2025-06-04 00:10:28,279 [INFO] RulesReader:64 - Compatibility file has been processed (301 Rules)
2025-06-04 00:10:28,288 [INFO] RulesReader:64 - Compatibility file has been processed (301 Rules)
2025-06-04 00:10:28,296 [INFO] CADModel:165 - CPN selected for project level
2025-06-04 00:10:28,296 [INFO] CADModel:114 - Register for checkConnection events
2025-06-04 00:10:28,296 [FATAL] Updater:351 - Updater called before beeing initialized
2025-06-04 00:10:28,296 [ERROR] CADModel:125 - Updater not yet initialized, retry later 
2025-06-04 00:10:28,443 [FATAL] Updater:351 - Updater called before beeing initialized
2025-06-04 00:10:28,445 [INFO] CADModel:165 - CPN selected for project level
2025-06-04 00:10:28,445 [INFO] CADModel:114 - Register for checkConnection events
2025-06-04 00:10:28,445 [FATAL] Updater:351 - Updater called before beeing initialized
2025-06-04 00:10:28,445 [ERROR] CADModel:125 - Updater not yet initialized, retry later 
2025-06-04 00:10:28,448 [FATAL] Updater:351 - Updater called before beeing initialized
2025-06-04 00:10:28,569 [FATAL] Updater:351 - Updater called before beeing initialized
2025-06-04 00:10:28,575 [INFO] DbMcusAds:53 - JSON generation date=Wed May 07 11:07:55 CEST 2025 (1746608875513)
2025-06-04 00:10:28,575 [FATAL] Updater:351 - Updater called before beeing initialized
2025-06-04 00:10:28,615 [WARN] DetailPanel:346 - Failed to get advertising image, set to default
2025-06-04 00:10:28,883 [FATAL] Updater:351 - Updater called before beeing initialized
2025-06-04 00:10:28,885 [FATAL] Updater:351 - Updater called before beeing initialized
2025-06-04 00:10:28,885 [FATAL] Updater:351 - Updater called before beeing initialized
2025-06-04 00:10:28,885 [WARN] DetailPanel:346 - Failed to get advertising image, set to default
2025-06-04 00:10:28,886 [FATAL] Updater:351 - Updater called before beeing initialized
2025-06-04 00:10:28,929 [ERROR] Updater:1198 - MainUpdater not yet initialized. External WinMGr cannot be set.
2025-06-04 00:10:28,932 [INFO] Updater:1134 - Updater Version found : 6.14.0
2025-06-04 00:10:28,956 [INFO] ApplicationProperties:184 - Using Application install path: C:\ST\STM32CubeIDE_1.18.0\STM32CubeIDE\plugins\com.st.stm32cube.common.mx_6.14.0.202502271554
2025-06-04 00:10:30,422 [INFO] ThirdPartyUpdaterWithRetryManager:70 - Updater plugin not ready yet. [2/15]
2025-06-04 00:10:30,529 [ERROR] LogOutputStream:75 - [STDERR_REDIRECT] Jun 04, 2025 12:10:30 AM java.util.prefs.WindowsPreferences <init>
2025-06-04 00:10:30,530 [ERROR] LogOutputStream:75 - [STDERR_REDIRECT] WARNING: Could not open/create prefs root node Software\JavaSoft\Prefs at root 0xffffffff80000002. Windows RegCreateKeyEx(...) returned error code 5.
2025-06-04 00:10:30,530 [ERROR] LogOutputStream:75 - [STDERR_REDIRECT] 
2025-06-04 00:10:30,817 [INFO] MainUpdater:2872 - connection check result : 10
2025-06-04 00:10:30,817 [INFO] MainUpdater:289 - Updater Check For Update Now.
2025-06-04 00:10:30,818 [INFO] MicroXplorer:498 - Change Database Version : DB.6.0.140
2025-06-04 00:10:30,826 [INFO] McuFinderGlobals:63 - Set McuFinder mode to 2 (CubeIDE integrated)
2025-06-04 00:10:30,828 [INFO] UserAuth:486 - Internet connection configuration mode: 1
2025-06-04 00:10:30,858 [INFO] JxBrowserEngine:152 - Initiate JxBrowser Engine with user profile folder
2025-06-04 00:10:31,006 [INFO] CheckServerUpdateThread:120 - End of CheckServer Thread
2025-06-04 00:10:32,578 [INFO] WebApp:169 - Instantiating new browser for Auth
2025-06-04 00:10:33,581 [INFO] WebApp:463 - Apply proxy settings
2025-06-04 00:10:33,582 [INFO] WebApp:548 - Chromium requires no authentication
2025-06-04 00:10:33,608 [INFO] WebApp:491 - Direct internet connection detected
2025-06-04 00:10:33,672 [INFO] WebApp:894 - Register for checkConnection events
2025-06-04 00:10:33,672 [INFO] WebApp:463 - Apply proxy settings
2025-06-04 00:10:33,672 [INFO] WebApp:548 - Chromium requires no authentication
2025-06-04 00:10:33,672 [INFO] WebApp:491 - Direct internet connection detected
2025-06-04 00:10:33,776 [WARN] PackLoader:240 - Cannot read IP mode file for STMicroelectronics.FP-SNS-MOTENVWB1.1.4.0
2025-06-04 00:10:33,794 [WARN] PackLoader:240 - Cannot read IP mode file for STMicroelectronics.FP-ATR-ASTRA1.2.0.2
2025-06-04 00:10:33,809 [WARN] PackLoader:240 - Cannot read IP mode file for STMicroelectronics.X-CUBE-SMBUS.2.1.0
2025-06-04 00:10:33,820 [WARN] PackLoader:240 - Cannot read IP mode file for STMicroelectronics.X-CUBE-WB05N.1.1.0
2025-06-04 00:10:33,827 [WARN] PackLoader:240 - Cannot read IP mode file for STMicroelectronics.X-CUBE-ST60.1.0.0
2025-06-04 00:10:33,860 [WARN] PackLoader:240 - Cannot read IP mode file for STMicroelectronics.X-CUBE-AZRTOS-F7.1.1.0
2025-06-04 00:10:33,872 [WARN] PackLoader:240 - Cannot read IP mode file for STMicroelectronics.FP-SNS-FLIGHT1.5.0.2
2025-06-04 00:10:33,920 [INFO] WebApp:191 - Connection restablished
2025-06-04 00:10:33,923 [WARN] PackLoader:240 - Cannot read IP mode file for Infineon.AIROC-Wi-Fi-Bluetooth-STM32.1.7.0
2025-06-04 00:10:33,947 [WARN] PackLoader:240 - Cannot read IP mode file for STMicroelectronics.X-CUBE-DISPLAY.3.0.0
2025-06-04 00:10:33,965 [WARN] PackLoader:240 - Cannot read IP mode file for STMicroelectronics.X-CUBE-NFC10.1.0.0
2025-06-04 00:10:33,985 [WARN] PackLoader:240 - Cannot read IP mode file for STMicroelectronics.X-CUBE-BLEMGR.4.0.0
2025-06-04 00:10:33,999 [WARN] PackLoader:240 - Cannot read IP mode file for emotas.I-CUBE-CANOPEN.1.3.0
2025-06-04 00:10:34,006 [WARN] ConditionMgr:438 - getConditionDescription Invalid condition id : Cortex-A Device cause : null
2025-06-04 00:10:34,065 [WARN] ConditionMgr:1044 - genDependencies : Invalid condition id : Cortex-A Device cause : null
2025-06-04 00:10:34,065 [WARN] ConditionMgr:1044 - genDependencies : Invalid condition id : Cortex-A Device cause : null
2025-06-04 00:10:34,065 [WARN] ConditionMgr:1044 - genDependencies : Invalid condition id : Cortex-A Device cause : null
2025-06-04 00:10:34,074 [WARN] PackLoader:240 - Cannot read IP mode file for STMicroelectronics.X-CUBE-AI.10.0.0
2025-06-04 00:10:34,084 [WARN] PackLoader:240 - Cannot read IP mode file for STMicroelectronics.FP-SNS-SMARTAG2.1.2.0
2025-06-04 00:10:34,091 [WARN] PackLoader:240 - Cannot read IP mode file for STMicroelectronics.FP-SNS-FLIGHT1.5.1.0
2025-06-04 00:10:34,095 [INFO] WebApp:225 - Starting web application
2025-06-04 00:10:34,096 [INFO] WebApp:593 - Web application path used C:\ST\STM32CubeIDE_1.18.0\STM32CubeIDE\plugins\com.st.stm32cube.common.mx_6.14.0.202502271554\db\plugins\mcufinder\reactClient1\index.html
2025-06-04 00:10:34,193 [WARN] PackLoader:240 - Cannot read IP mode file for STMicroelectronics.X-CUBE-MEMS1.11.1.0
2025-06-04 00:10:34,271 [INFO] UserAuth:486 - Internet connection configuration mode: 1
2025-06-04 00:10:34,496 [INFO] LogOutputStream:77 - [STDOUT_REDIRECT] 1 : Invalid condition id : UX_CORESTACK_Condition cause : null
2025-06-04 00:10:34,497 [INFO] LogOutputStream:77 - [STDOUT_REDIRECT] 1 : Invalid condition id : UX_CORESTACK_Condition cause : null
2025-06-04 00:10:34,498 [INFO] LogOutputStream:77 - [STDOUT_REDIRECT] 1 : Invalid condition id : UX_CORESTACK_Condition cause : null
2025-06-04 00:10:34,500 [INFO] LogOutputStream:77 - [STDOUT_REDIRECT] 1 : Invalid condition id : UX_CORESTACK_Condition cause : null
2025-06-04 00:10:34,501 [INFO] LogOutputStream:77 - [STDOUT_REDIRECT] 1 : Invalid condition id : UX_CORESTACK_Condition cause : null
2025-06-04 00:10:34,505 [WARN] PackLoader:240 - Cannot read IP mode file for STMicroelectronics.X-CUBE-AZRTOS-WL.2.0.0
2025-06-04 00:10:34,516 [WARN] PackLoader:240 - Cannot read IP mode file for STMicroelectronics.FP-SNS-MOTENV1.5.0.0
2025-06-04 00:10:34,524 [WARN] PackLoader:240 - Cannot read IP mode file for WES.I-CUBE-Cesium.1.3.0
2025-06-04 00:10:34,530 [WARN] PackLoader:240 - Cannot read IP mode file for STMicroelectronics.X-CUBE-BLE2.3.3.0
2025-06-04 00:10:34,536 [WARN] PackLoader:240 - Cannot read IP mode file for STMicroelectronics.X-CUBE-NFC9.1.0.0
2025-06-04 00:10:34,544 [WARN] PackLoader:240 - Cannot read IP mode file for STMicroelectronics.X-CUBE-BLE1.7.1.0
2025-06-04 00:10:34,549 [WARN] PackLoader:240 - Cannot read IP mode file for wolfSSL.I-CUBE-wolfMQTT.1.19.2
2025-06-04 00:10:34,555 [WARN] PackLoader:240 - Cannot read IP mode file for STMicroelectronics.X-CUBE-AI.10.1.0
2025-06-04 00:10:34,597 [WARN] PackLoader:240 - Cannot read IP mode file for STMicroelectronics.X-CUBE-MEMS1.11.2.0
2025-06-04 00:10:34,783 [WARN] PackLoader:240 - Cannot read IP mode file for STMicroelectronics.X-CUBE-AZRTOS-G0.1.1.0
2025-06-04 00:10:34,791 [WARN] PackLoader:240 - Cannot read IP mode file for STMicroelectronics.X-CUBE-SAFEA1.1.2.2
2025-06-04 00:10:34,797 [WARN] PackLoader:240 - Cannot read IP mode file for STMicroelectronics.X-CUBE-NFC4.3.0.0
2025-06-04 00:10:34,806 [WARN] PackLoader:240 - Cannot read IP mode file for EmbeddedOffice.I-CUBE-FS-RTOS.1.0.1
2025-06-04 00:10:34,813 [WARN] PackLoader:240 - Cannot read IP mode file for STMicroelectronics.X-CUBE-WB05N.2.0.0
2025-06-04 00:10:34,819 [WARN] PackLoader:240 - Cannot read IP mode file for wolfSSL.I-CUBE-wolfTPM.3.8.0
2025-06-04 00:10:34,827 [WARN] PackLoader:240 - Cannot read IP mode file for STMicroelectronics.X-CUBE-TCPP.4.2.0
2025-06-04 00:10:34,834 [WARN] PackLoader:240 - Cannot read IP mode file for RealThread.X-CUBE-RT-Thread_Nano.4.1.1
2025-06-04 00:10:34,839 [WARN] PackLoader:240 - Cannot read IP mode file for STMicroelectronics.FP-ATR-SIGFOX1.3.2.0
2025-06-04 00:10:34,848 [WARN] PackLoader:240 - Cannot read IP mode file for STMicroelectronics.X-CUBE-EEPRMA1.5.1.0
2025-06-04 00:10:34,856 [WARN] PackLoader:240 - Cannot read IP mode file for wolfSSL.I-CUBE-wolfSSL.5.7.6
2025-06-04 00:10:34,865 [WARN] PackLoader:240 - Cannot read IP mode file for ITTIA_DB.I-CUBE-ITTIADB.8.9.0
2025-06-04 00:10:34,895 [WARN] PackLoader:240 - Cannot read IP mode file for SEGGER.I-CUBE-embOS.1.3.1
2025-06-04 00:10:34,927 [WARN] PackLoader:240 - Cannot read IP mode file for STMicroelectronics.X-CUBE-ALGOBUILD.1.4.0
2025-06-04 00:10:34,944 [WARN] PackLoader:240 - Cannot read IP mode file for STMicroelectronics.X-CUBE-AZRTOS-F4.1.1.0
2025-06-04 00:10:34,949 [WARN] PackLoader:240 - Cannot read IP mode file for Avnet-IotConnect.X-CUBE-IoTC-DA16k-PMOD.1.0.0
2025-06-04 00:10:34,955 [WARN] PackLoader:240 - Cannot read IP mode file for STMicroelectronics.X-CUBE-ISPU.2.1.0
2025-06-04 00:10:34,971 [WARN] PackLoader:240 - Cannot read IP mode file for STMicroelectronics.X-CUBE-AZRTOS-L5.2.0.0
2025-06-04 00:10:34,980 [WARN] PackLoader:240 - Cannot read IP mode file for STMicroelectronics.X-CUBE-NFC6.3.1.0
2025-06-04 00:10:34,986 [WARN] PackLoader:240 - Cannot read IP mode file for STMicroelectronics.X-CUBE-DPower.1.2.0
2025-06-04 00:10:34,993 [WARN] PackLoader:240 - Cannot read IP mode file for STMicroelectronics.X-CUBE-FREERTOS.1.3.1
2025-06-04 00:10:34,997 [WARN] PackLoader:240 - Cannot read IP mode file for STMicroelectronics.X-CUBE-FREERTOS.1.3.0
2025-06-04 00:10:35,003 [WARN] PackLoader:240 - Cannot read IP mode file for STMicroelectronics.X-CUBE-NFC7.1.0.1
2025-06-04 00:10:35,009 [WARN] PackLoader:240 - Cannot read IP mode file for STMicroelectronics.X-CUBE-DPower.1.3.0
2025-06-04 00:10:35,028 [WARN] ConditionMgr:438 - getConditionDescription Invalid condition id : LAN8742 Phy interface Condition cause : null
2025-06-04 00:10:35,028 [WARN] PackLoader:240 - Cannot read IP mode file for STMicroelectronics.X-CUBE-AZRTOS-L4.2.0.0
2025-06-04 00:10:35,029 [WARN] ConditionMgr:1044 - genDependencies : Invalid condition id : LAN8742 Phy interface Condition cause : null
2025-06-04 00:10:35,029 [WARN] ConditionMgr:1044 - genDependencies : Invalid condition id : LAN8742 Phy interface Condition cause : null
2025-06-04 00:10:35,030 [WARN] ConditionMgr:1044 - genDependencies : Invalid condition id : LAN8742 Phy interface Condition cause : null
2025-06-04 00:10:35,042 [WARN] PackLoader:240 - Cannot read IP mode file for STMicroelectronics.X-CUBE-SFXS2LP1.4.0.0
2025-06-04 00:10:35,066 [WARN] PackLoader:240 - Cannot read IP mode file for STMicroelectronics.X-CUBE-AZRTOS-H7.3.3.0
2025-06-04 00:10:35,089 [WARN] ConditionMgr:438 - getConditionDescription Invalid condition id : UX DEVICE CLASS RTOS Condition cause : null
2025-06-04 00:10:35,089 [WARN] ConditionMgr:438 - getConditionDescription Invalid condition id : UX DEVICE CLASS RTOS Condition cause : null
2025-06-04 00:10:35,092 [WARN] PackLoader:240 - Cannot read IP mode file for STMicroelectronics.X-CUBE-AZRTOS-WB.2.0.0
2025-06-04 00:10:35,092 [WARN] ConditionMgr:1044 - genDependencies : Invalid condition id : UX DEVICE CLASS RTOS Condition cause : null
2025-06-04 00:10:35,093 [WARN] ConditionMgr:1044 - genDependencies : Invalid condition id : UX DEVICE CLASS RTOS Condition cause : null
2025-06-04 00:10:35,094 [WARN] ConditionMgr:1044 - genDependencies : Invalid condition id : UX DEVICE CLASS RTOS Condition cause : null
2025-06-04 00:10:35,094 [WARN] ConditionMgr:1044 - genDependencies : Invalid condition id : UX DEVICE CLASS RTOS Condition cause : null
2025-06-04 00:10:35,094 [WARN] ConditionMgr:1044 - genDependencies : Invalid condition id : UX DEVICE CLASS RTOS Condition cause : null
2025-06-04 00:10:35,110 [WARN] PackLoader:240 - Cannot read IP mode file for STMicroelectronics.X-CUBE-GNSS1.7.0.1
2025-06-04 00:10:35,117 [WARN] PackLoader:240 - Cannot read IP mode file for STMicroelectronics.X-CUBE-TOUCHGFX.4.25.0
2025-06-04 00:10:35,125 [WARN] PackLoader:240 - Cannot read IP mode file for STMicroelectronics.FP-SNS-STBOX1.2.0.0
2025-06-04 00:10:35,137 [WARN] PackLoader:240 - Cannot read IP mode file for STMicroelectronics.X-CUBE-SUBG2.5.0.0
2025-06-04 00:10:35,157 [WARN] PackLoader:240 - Cannot read IP mode file for STMicroelectronics.X-CUBE-AZRTOS-H7RS.1.1.0
2025-06-04 00:10:35,162 [WARN] PackLoader:240 - Cannot read IP mode file for Cesanta.I-CUBE-Mongoose.7.13.0
2025-06-04 00:10:35,179 [WARN] PackLoader:240 - Cannot read IP mode file for STMicroelectronics.X-CUBE-AZRTOS-G4.2.0.0
2025-06-04 00:10:35,185 [WARN] PackLoader:240 - Cannot read IP mode file for wolfSSL.I-CUBE-wolfSSH.1.4.20
2025-06-04 00:10:35,189 [WARN] PackLoader:240 - Cannot read IP mode file for STMicroelectronics.X-CUBE-NFC7.2.0.0
2025-06-04 00:10:35,200 [WARN] PackLoader:240 - Cannot read IP mode file for STMicroelectronics.X-CUBE-IPS.3.1.0
2025-06-04 00:10:35,211 [WARN] PackLoader:240 - Cannot read IP mode file for STMicroelectronics.X-CUBE-ALS.1.0.2
2025-06-04 00:10:35,215 [WARN] PackLoader:240 - Cannot read IP mode file for STMicroelectronics.X-CUBE-TOUCHGFX.4.24.2
2025-06-04 00:10:35,221 [WARN] PackLoader:240 - Cannot read IP mode file for portGmbH.I-Cube-SoM-uGOAL.1.1.0
2025-06-04 00:10:35,237 [WARN] PackLoader:240 - Cannot read IP mode file for STMicroelectronics.X-CUBE-AZRTOS-H7RS.1.0.0
2025-06-04 00:10:35,248 [WARN] PackLoader:240 - Cannot read IP mode file for STMicroelectronics.X-CUBE-TOF1.3.4.2
2025-06-04 00:10:35,265 [WARN] PackLoader:240 - Cannot read IP mode file for STMicroelectronics.X-CUBE-TOF1.3.4.3
2025-06-04 00:10:35,272 [INFO] ThirdParty:978 - Integrity check success = true
2025-06-04 00:10:35,272 [INFO] IntegrityCheckThread:100 - exiting critical section [integrity check]
2025-06-04 00:10:35,272 [INFO] IntegrityCheckThread:103 - End integrity checks thread
2025-06-04 00:23:26,553 [ERROR] LogOutputStream:75 - [STDERR_REDIRECT] 
2025-06-04 10:12:47,483 [INFO] Activator:176 - 


2025-06-04 10:12:47,484 [INFO] Activator:177 - !SESSION log4j initialized
2025-06-04 10:12:53,511 [INFO] LogOutputStream:77 - [STDOUT_REDIRECT] 
2025-06-04 10:13:02,182 [INFO] ApplicationProperties:184 - Using Application install path: C:\ST\STM32CubeIDE_1.18.0\STM32CubeIDE\plugins\com.st.stm32cube.common.mx_6.14.0.202502271554
2025-06-04 10:13:02,204 [INFO] DbMcusXml:78 - Set database path to: C:\ST\STM32CubeIDE_1.18.0\STM32CubeIDE\plugins\com.st.stm32cube.common.mx_6.14.0.202502271554\\db\/mcu/
2025-06-04 10:13:02,204 [INFO] ApiDb:274 - Set plugin database path to: C:\ST\STM32CubeIDE_1.18.0\STM32CubeIDE\plugins\com.st.stm32cube.common.mx_6.14.0.202502271554\\db\/plugins/boardmanager/
2025-06-04 10:13:02,205 [WARN] ApiDb:259 - Overriding images path with different value:  => C:\ST\STM32CubeIDE_1.18.0\STM32CubeIDE\plugins\com.st.stm32cube.common.mx_6.14.0.202502271554\\db\/plugins/mcufinder/images/
2025-06-04 10:13:02,214 [INFO] ApiDb:250 - Set database path to: C:\Users\marcv\.stmcufinder\plugins\mcufinder//mcu/
2025-06-04 10:13:02,215 [INFO] DbMcusAds:125 - Set database path to: C:\Users\marcv\.stmcufinder\plugins\mcufinder//mcu/
2025-06-04 10:13:02,218 [INFO] CrossReferenceDbSqlite:203 - Set database path to: C:\Users\marcv\.stmcufinder\plugins\mcufinder//mcu/cs/
2025-06-04 10:13:02,342 [INFO] RulesReader:64 - Compatibility file has been processed (301 Rules)
2025-06-04 10:13:02,442 [INFO] DbMcusXml:78 - Set database path to: C:\ST\STM32CubeIDE_1.18.0\STM32CubeIDE\plugins\com.st.stm32cube.common.mx_6.14.0.202502271554\\db\/mcu/
2025-06-04 10:13:02,442 [INFO] ApiDb:274 - Set plugin database path to: C:\ST\STM32CubeIDE_1.18.0\STM32CubeIDE\plugins\com.st.stm32cube.common.mx_6.14.0.202502271554\\db\/plugins/boardmanager/
2025-06-04 10:13:02,442 [INFO] ApiDb:261 - Set plugin images path to: C:\ST\STM32CubeIDE_1.18.0\STM32CubeIDE\plugins\com.st.stm32cube.common.mx_6.14.0.202502271554\\db\/plugins/mcufinder/images/
2025-06-04 10:13:02,442 [WARN] DbFile:41 - Overriding database path with different value: C:\Users\marcv\.stmcufinder\plugins\mcufinder/ => C:\Users\marcv\.stmcufinder\plugins\mcufinder
2025-06-04 10:13:02,442 [INFO] ApiDb:250 - Set database path to: C:\Users\marcv\.stmcufinder\plugins\mcufinder//mcu/
2025-06-04 10:13:02,443 [WARN] DbFile:41 - Overriding database path with different value: C:\Users\marcv\.stmcufinder\plugins\mcufinder/ => C:\Users\marcv\.stmcufinder\plugins\mcufinder
2025-06-04 10:13:02,443 [INFO] DbMcusAds:125 - Set database path to: C:\Users\marcv\.stmcufinder\plugins\mcufinder//mcu/
2025-06-04 10:13:02,443 [WARN] DbFile:41 - Overriding database path with different value: C:\Users\marcv\.stmcufinder\plugins\mcufinder/ => C:\Users\marcv\.stmcufinder\plugins\mcufinder
2025-06-04 10:13:02,443 [WARN] DbFile:41 - Overriding database path with different value: C:\Users\marcv\.stmcufinder\plugins\mcufinder/ => C:\Users\marcv\.stmcufinder\plugins\mcufinder
2025-06-04 10:13:02,443 [INFO] CrossReferenceDbSqlite:203 - Set database path to: C:\Users\marcv\.stmcufinder\plugins\mcufinder//mcu/cs/
2025-06-04 10:13:02,524 [INFO] MainPanel:272 - HeapMemory: 268435456
2025-06-04 10:13:02,661 [INFO] DbMcusXml:78 - Set database path to: C:\ST\STM32CubeIDE_1.18.0\STM32CubeIDE\plugins\com.st.stm32cube.common.mx_6.14.0.202502271554\\db\/mcu/
2025-06-04 10:13:02,661 [INFO] ApiDb:274 - Set plugin database path to: C:\ST\STM32CubeIDE_1.18.0\STM32CubeIDE\plugins\com.st.stm32cube.common.mx_6.14.0.202502271554\\db\/plugins/boardmanager/
2025-06-04 10:13:02,662 [INFO] ApiDb:261 - Set plugin images path to: C:\ST\STM32CubeIDE_1.18.0\STM32CubeIDE\plugins\com.st.stm32cube.common.mx_6.14.0.202502271554\\db\/plugins/mcufinder/images/
2025-06-04 10:13:02,662 [WARN] DbFile:41 - Overriding database path with different value: C:\Users\marcv\.stmcufinder\plugins\mcufinder/ => C:\Users\marcv\.stmcufinder\plugins\mcufinder
2025-06-04 10:13:02,662 [INFO] ApiDb:250 - Set database path to: C:\Users\marcv\.stmcufinder\plugins\mcufinder//mcu/
2025-06-04 10:13:02,662 [WARN] DbFile:41 - Overriding database path with different value: C:\Users\marcv\.stmcufinder\plugins\mcufinder/ => C:\Users\marcv\.stmcufinder\plugins\mcufinder
2025-06-04 10:13:02,662 [INFO] DbMcusAds:125 - Set database path to: C:\Users\marcv\.stmcufinder\plugins\mcufinder//mcu/
2025-06-04 10:13:02,662 [WARN] DbFile:41 - Overriding database path with different value: C:\Users\marcv\.stmcufinder\plugins\mcufinder/ => C:\Users\marcv\.stmcufinder\plugins\mcufinder
2025-06-04 10:13:02,662 [WARN] DbFile:41 - Overriding database path with different value: C:\Users\marcv\.stmcufinder\plugins\mcufinder/ => C:\Users\marcv\.stmcufinder\plugins\mcufinder
2025-06-04 10:13:02,662 [INFO] CrossReferenceDbSqlite:203 - Set database path to: C:\Users\marcv\.stmcufinder\plugins\mcufinder//mcu/cs/
2025-06-04 10:13:02,679 [INFO] ApplicationProperties:184 - Using Application install path: C:\ST\STM32CubeIDE_1.18.0\STM32CubeIDE\plugins\com.st.stm32cube.common.mx_6.14.0.202502271554
2025-06-04 10:13:02,680 [INFO] PluginManage:196 - Search for loadable plugins [exclusion list=, ]
2025-06-04 10:13:02,682 [INFO] PluginManage:310 - Check plugin analytics
2025-06-04 10:13:07,393 [INFO] AnalyticsPlugin:253 - Accepted Software Licenses: 
2025-06-04 10:13:07,393 [INFO] AnalyticsPlugin:255 - Accepted CMSIS Pack Licenses: 
2025-06-04 10:13:07,393 [INFO] AnalyticsPlugin:257 - Accepted Firmware Licenses: FW.H7.1.12.0
2025-06-04 10:13:07,396 [INFO] PluginManage:359 - Loaded plugin analytics (category:tool,tabindex:-1)
2025-06-04 10:13:07,397 [INFO] PluginManage:310 - Check plugin cadmodel
2025-06-04 10:13:07,416 [INFO] CADModel:105 - Init CAD model plugin
2025-06-04 10:13:07,416 [INFO] PluginManage:359 - Loaded plugin cadmodel (category:power,tabindex:5)
2025-06-04 10:13:07,416 [INFO] PluginManage:310 - Check plugin clock
2025-06-04 10:13:07,438 [INFO] PluginManage:359 - Loaded plugin clock (category:base,tabindex:2)
2025-06-04 10:13:07,438 [INFO] PluginManage:310 - Check plugin ddr
2025-06-04 10:13:07,441 [INFO] PluginManage:359 - Loaded plugin ddr (category:tool,tabindex:6)
2025-06-04 10:13:07,441 [INFO] PluginManage:310 - Check plugin filemanager
2025-06-04 10:13:07,591 [INFO] PluginManage:359 - Loaded plugin filemanager (category:base,tabindex:10)
2025-06-04 10:13:07,591 [INFO] PluginManage:310 - Check plugin ipmanager
2025-06-04 10:13:07,598 [INFO] PluginManage:359 - Loaded plugin ipmanager (category:base,tabindex:5)
2025-06-04 10:13:07,598 [INFO] PluginManage:310 - Check plugin lpbam
2025-06-04 10:13:07,634 [INFO] PluginManage:359 - Loaded plugin lpbam (category:base,tabindex:0)
2025-06-04 10:13:07,634 [INFO] PluginManage:310 - Check plugin memorymap
2025-06-04 10:13:07,659 [INFO] PluginManage:359 - Loaded plugin memorymap (category:base,tabindex:4)
2025-06-04 10:13:07,660 [INFO] PluginManage:310 - Check plugin pinoutandconfiguration
2025-06-04 10:13:07,678 [INFO] PluginManage:359 - Loaded plugin pinoutandconfiguration (category:base,tabindex:1)
2025-06-04 10:13:07,678 [INFO] PluginManage:310 - Check plugin pinoutconfig
2025-06-04 10:13:07,767 [WARN] SupportedApi:132 - Cannot load RTOS API schema: s4s-elt-must-match.1: The content of 'definitions' must match (annotation?, (simpleType | complexType)?, (unique | key | keyref)*)). A problem was found starting at: attribute.
2025-06-04 10:13:07,907 [INFO] PluginManage:359 - Loaded plugin pinoutconfig (category:base,tabindex:0)
2025-06-04 10:13:07,907 [INFO] PluginManage:310 - Check plugin power
2025-06-04 10:13:07,929 [INFO] PluginManage:359 - Loaded plugin power (category:power,tabindex:4)
2025-06-04 10:13:07,930 [INFO] PluginManage:310 - Check plugin projectmanager
2025-06-04 10:13:07,943 [INFO] PluginManage:359 - Loaded plugin projectmanager (category:projectmanager,tabindex:4)
2025-06-04 10:13:07,943 [INFO] PluginManage:310 - Check plugin rif
2025-06-04 10:13:07,962 [INFO] PluginManage:359 - Loaded plugin rif (category:base,tabindex:3)
2025-06-04 10:13:07,962 [INFO] PluginManage:310 - Check plugin thirdparty
2025-06-04 10:13:08,271 [INFO] PluginManage:359 - Loaded plugin thirdparty (category:base,tabindex:-1)
2025-06-04 10:13:08,271 [INFO] PluginManage:310 - Check plugin tools
2025-06-04 10:13:08,271 [WARN] IntegrityCheckThread:84 - waiting for thirdparty lock release [integrity check]
2025-06-04 10:13:08,271 [INFO] IntegrityCheckThread:86 - entering critical section [integrity check]
2025-06-04 10:13:08,271 [INFO] ThirdPartyUpdaterWithRetryManager:70 - Updater plugin not ready yet. [1/15]
2025-06-04 10:13:08,314 [INFO] PluginManage:359 - Loaded plugin tools (category:base,tabindex:7)
2025-06-04 10:13:08,314 [INFO] PluginManage:310 - Check plugin tutovideos
2025-06-04 10:13:08,534 [INFO] PluginManage:359 - Loaded plugin tutovideos (category:base,tabindex:-1)
2025-06-04 10:13:08,534 [INFO] PluginManage:310 - Check plugin updater
2025-06-04 10:13:08,554 [INFO] PluginManage:359 - Loaded plugin updater (category:base,tabindex:12)
2025-06-04 10:13:08,554 [INFO] PluginManage:310 - Check plugin userauth
2025-06-04 10:13:08,559 [INFO] UserAuth:118 - Init User Auth plugin
2025-06-04 10:13:08,560 [INFO] PluginManage:359 - Loaded plugin userauth (category:base,tabindex:14)
2025-06-04 10:13:08,560 [INFO] PluginManage:283 - PluginManage : Loaded plugins [18]
2025-06-04 10:13:08,766 [INFO] PinOutPanel:1589 - setPackage(No Configuration,No Configuration)
2025-06-04 10:13:08,838 [INFO] CADModel:165 - CPN selected for project level
2025-06-04 10:13:08,838 [INFO] CADModel:114 - Register for checkConnection events
2025-06-04 10:13:08,864 [INFO] IPUIPlugin:80 - create IPUIPlugin
2025-06-04 10:13:08,864 [INFO] PluginManager:220 - loadIPPluginJar : add adc
2025-06-04 10:13:08,925 [INFO] IPUIPlugin:80 - create IPUIPlugin
2025-06-04 10:13:08,925 [INFO] PluginManager:220 - loadIPPluginJar : add aes
2025-06-04 10:13:08,973 [INFO] IPUIPlugin:80 - create IPUIPlugin
2025-06-04 10:13:08,973 [INFO] PluginManager:220 - loadIPPluginJar : add can
2025-06-04 10:13:09,001 [INFO] IPUIPlugin:80 - create IPUIPlugin
2025-06-04 10:13:09,001 [INFO] PluginManager:220 - loadIPPluginJar : add comp
2025-06-04 10:13:09,040 [INFO] IPUIPlugin:80 - create IPUIPlugin
2025-06-04 10:13:09,041 [INFO] PluginManager:220 - loadIPPluginJar : add cryp
2025-06-04 10:13:09,056 [INFO] IPUIPlugin:80 - create IPUIPlugin
2025-06-04 10:13:09,056 [INFO] PluginManager:220 - loadIPPluginJar : add ddr_ctrl_phy
2025-06-04 10:13:09,091 [INFO] IPUIPlugin:80 - create IPUIPlugin
2025-06-04 10:13:09,091 [INFO] PluginManager:220 - loadIPPluginJar : add dfsdm
2025-06-04 10:13:09,106 [INFO] IPUIPlugin:80 - create IPUIPlugin
2025-06-04 10:13:09,106 [INFO] PluginManager:220 - loadIPPluginJar : add dma
2025-06-04 10:13:09,168 [INFO] IPUIPlugin:80 - create IPUIPlugin
2025-06-04 10:13:09,168 [INFO] PluginManager:220 - loadIPPluginJar : add dma3
2025-06-04 10:13:09,217 [INFO] IPUIPlugin:80 - create IPUIPlugin
2025-06-04 10:13:09,217 [INFO] PluginManager:220 - loadIPPluginJar : add extmemmanager
2025-06-04 10:13:09,240 [INFO] IPUIPlugin:80 - create IPUIPlugin
2025-06-04 10:13:09,240 [INFO] PluginManager:220 - loadIPPluginJar : add fatfs
2025-06-04 10:13:09,291 [INFO] IPUIPlugin:80 - create IPUIPlugin
2025-06-04 10:13:09,291 [INFO] PluginManager:220 - loadIPPluginJar : add fmc
2025-06-04 10:13:09,308 [INFO] IPUIPlugin:80 - create IPUIPlugin
2025-06-04 10:13:09,308 [INFO] PluginManager:220 - loadIPPluginJar : add freertos
2025-06-04 10:13:09,332 [INFO] IPUIPlugin:80 - create IPUIPlugin
2025-06-04 10:13:09,333 [INFO] PluginManager:220 - loadIPPluginJar : add genericplugin
2025-06-04 10:13:09,452 [INFO] IPUIPlugin:80 - create IPUIPlugin
2025-06-04 10:13:09,452 [INFO] PluginManager:220 - loadIPPluginJar : add gfxmmu
2025-06-04 10:13:09,592 [INFO] IPUIPlugin:80 - create IPUIPlugin
2025-06-04 10:13:09,592 [INFO] PluginManager:220 - loadIPPluginJar : add gic
2025-06-04 10:13:09,607 [INFO] IPUIPlugin:80 - create IPUIPlugin
2025-06-04 10:13:09,607 [INFO] PluginManager:220 - loadIPPluginJar : add gpio
2025-06-04 10:13:09,730 [INFO] IPUIPlugin:80 - create IPUIPlugin
2025-06-04 10:13:09,730 [INFO] PluginManager:220 - loadIPPluginJar : add gtzc
2025-06-04 10:13:09,768 [INFO] IPUIPlugin:80 - create IPUIPlugin
2025-06-04 10:13:09,768 [INFO] PluginManager:220 - loadIPPluginJar : add hash
2025-06-04 10:13:09,830 [INFO] IPUIPlugin:80 - create IPUIPlugin
2025-06-04 10:13:09,830 [INFO] PluginManager:220 - loadIPPluginJar : add i2c
2025-06-04 10:13:09,882 [INFO] IPUIPlugin:80 - create IPUIPlugin
2025-06-04 10:13:09,883 [INFO] PluginManager:220 - loadIPPluginJar : add i2s
2025-06-04 10:13:09,947 [INFO] IPUIPlugin:80 - create IPUIPlugin
2025-06-04 10:13:09,947 [INFO] PluginManager:220 - loadIPPluginJar : add i3c
2025-06-04 10:13:10,056 [INFO] IPUIPlugin:80 - create IPUIPlugin
2025-06-04 10:13:10,057 [INFO] PluginManager:220 - loadIPPluginJar : add ipddr
2025-06-04 10:13:10,185 [INFO] IPUIPlugin:80 - create IPUIPlugin
2025-06-04 10:13:10,185 [INFO] PluginManager:220 - loadIPPluginJar : add linkedlist
2025-06-04 10:13:10,224 [INFO] IPUIPlugin:80 - create IPUIPlugin
2025-06-04 10:13:10,224 [INFO] PluginManager:220 - loadIPPluginJar : add lorawan
2025-06-04 10:13:10,264 [INFO] IPUIPlugin:80 - create IPUIPlugin
2025-06-04 10:13:10,264 [INFO] PluginManager:220 - loadIPPluginJar : add ltdc
2025-06-04 10:13:10,279 [INFO] IPUIPlugin:80 - create IPUIPlugin
2025-06-04 10:13:10,280 [INFO] PluginManager:220 - loadIPPluginJar : add mdma
2025-06-04 10:13:10,293 [INFO] IPUIPlugin:80 - create IPUIPlugin
2025-06-04 10:13:10,293 [INFO] PluginManager:220 - loadIPPluginJar : add nvic
2025-06-04 10:13:10,334 [INFO] IPUIPlugin:80 - create IPUIPlugin
2025-06-04 10:13:10,334 [INFO] PluginManager:220 - loadIPPluginJar : add opamp
2025-06-04 10:13:10,426 [INFO] IPUIPlugin:80 - create IPUIPlugin
2025-06-04 10:13:10,426 [INFO] PluginManager:220 - loadIPPluginJar : add openamp
2025-06-04 10:13:10,479 [INFO] IPUIPlugin:80 - create IPUIPlugin
2025-06-04 10:13:10,479 [INFO] PluginManager:220 - loadIPPluginJar : add pdm2pcm
2025-06-04 10:13:10,494 [INFO] IPUIPlugin:80 - create IPUIPlugin
2025-06-04 10:13:10,496 [INFO] PluginManager:220 - loadIPPluginJar : add plateformsettings
2025-06-04 10:13:10,522 [INFO] IPUIPlugin:80 - create IPUIPlugin
2025-06-04 10:13:10,522 [INFO] PluginManager:220 - loadIPPluginJar : add quadspi
2025-06-04 10:13:10,550 [INFO] IPUIPlugin:80 - create IPUIPlugin
2025-06-04 10:13:10,550 [INFO] PluginManager:220 - loadIPPluginJar : add radio
2025-06-04 10:13:10,565 [INFO] IPUIPlugin:80 - create IPUIPlugin
2025-06-04 10:13:10,565 [INFO] PluginManager:220 - loadIPPluginJar : add resmgrutility
2025-06-04 10:13:10,615 [INFO] IPUIPlugin:80 - create IPUIPlugin
2025-06-04 10:13:10,615 [INFO] PluginManager:220 - loadIPPluginJar : add sai
2025-06-04 10:13:10,673 [INFO] IPUIPlugin:80 - create IPUIPlugin
2025-06-04 10:13:10,673 [INFO] PluginManager:220 - loadIPPluginJar : add spi
2025-06-04 10:13:10,762 [INFO] IPUIPlugin:80 - create IPUIPlugin
2025-06-04 10:13:10,762 [INFO] PluginManager:220 - loadIPPluginJar : add stm32_wpan
2025-06-04 10:13:10,789 [INFO] IPUIPlugin:80 - create IPUIPlugin
2025-06-04 10:13:10,789 [INFO] PluginManager:220 - loadIPPluginJar : add tim
2025-06-04 10:13:10,853 [INFO] IPUIPlugin:80 - create IPUIPlugin
2025-06-04 10:13:10,853 [INFO] PluginManager:220 - loadIPPluginJar : add touchsensing
2025-06-04 10:13:10,881 [INFO] IPUIPlugin:80 - create IPUIPlugin
2025-06-04 10:13:10,882 [INFO] PluginManager:220 - loadIPPluginJar : add tracer_emb
2025-06-04 10:13:10,920 [INFO] IPUIPlugin:80 - create IPUIPlugin
2025-06-04 10:13:10,920 [INFO] PluginManager:220 - loadIPPluginJar : add ts
2025-06-04 10:13:10,949 [INFO] IPUIPlugin:80 - create IPUIPlugin
2025-06-04 10:13:10,949 [INFO] PluginManager:220 - loadIPPluginJar : add tsc
2025-06-04 10:13:10,980 [INFO] IPUIPlugin:80 - create IPUIPlugin
2025-06-04 10:13:10,980 [INFO] PluginManager:220 - loadIPPluginJar : add ucpd
2025-06-04 10:13:11,034 [INFO] IPUIPlugin:80 - create IPUIPlugin
2025-06-04 10:13:11,034 [INFO] PluginManager:220 - loadIPPluginJar : add usart
2025-06-04 10:13:11,081 [INFO] IPUIPlugin:80 - create IPUIPlugin
2025-06-04 10:13:11,081 [INFO] PluginManager:220 - loadIPPluginJar : add usbx
2025-06-04 10:13:11,208 [FATAL] Updater:351 - Updater called before beeing initialized
2025-06-04 10:13:11,232 [INFO] RulesReader:64 - Compatibility file has been processed (301 Rules)
2025-06-04 10:13:11,241 [INFO] RulesReader:64 - Compatibility file has been processed (301 Rules)
2025-06-04 10:13:11,248 [INFO] CADModel:165 - CPN selected for project level
2025-06-04 10:13:11,248 [INFO] CADModel:114 - Register for checkConnection events
2025-06-04 10:13:11,248 [FATAL] Updater:351 - Updater called before beeing initialized
2025-06-04 10:13:11,248 [ERROR] CADModel:125 - Updater not yet initialized, retry later 
2025-06-04 10:13:11,282 [INFO] ThirdPartyUpdaterWithRetryManager:70 - Updater plugin not ready yet. [2/15]
2025-06-04 10:13:11,379 [FATAL] Updater:351 - Updater called before beeing initialized
2025-06-04 10:13:11,381 [INFO] CADModel:165 - CPN selected for project level
2025-06-04 10:13:11,381 [INFO] CADModel:114 - Register for checkConnection events
2025-06-04 10:13:11,381 [FATAL] Updater:351 - Updater called before beeing initialized
2025-06-04 10:13:11,381 [ERROR] CADModel:125 - Updater not yet initialized, retry later 
2025-06-04 10:13:11,384 [FATAL] Updater:351 - Updater called before beeing initialized
2025-06-04 10:13:11,497 [FATAL] Updater:351 - Updater called before beeing initialized
2025-06-04 10:13:11,508 [INFO] DbMcusAds:53 - JSON generation date=Wed May 07 11:07:55 CEST 2025 (1746608875513)
2025-06-04 10:13:11,509 [FATAL] Updater:351 - Updater called before beeing initialized
2025-06-04 10:13:11,550 [WARN] DetailPanel:346 - Failed to get advertising image, set to default
2025-06-04 10:13:11,795 [FATAL] Updater:351 - Updater called before beeing initialized
2025-06-04 10:13:11,797 [FATAL] Updater:351 - Updater called before beeing initialized
2025-06-04 10:13:11,797 [FATAL] Updater:351 - Updater called before beeing initialized
2025-06-04 10:13:11,797 [WARN] DetailPanel:346 - Failed to get advertising image, set to default
2025-06-04 10:13:11,797 [FATAL] Updater:351 - Updater called before beeing initialized
2025-06-04 10:13:11,849 [ERROR] Updater:1198 - MainUpdater not yet initialized. External WinMGr cannot be set.
2025-06-04 10:13:11,859 [INFO] Updater:1134 - Updater Version found : 6.14.0
2025-06-04 10:13:11,880 [INFO] ApplicationProperties:184 - Using Application install path: C:\ST\STM32CubeIDE_1.18.0\STM32CubeIDE\plugins\com.st.stm32cube.common.mx_6.14.0.202502271554
2025-06-04 10:13:13,465 [ERROR] LogOutputStream:75 - [STDERR_REDIRECT] Jun 04, 2025 10:13:13 AM java.util.prefs.WindowsPreferences <init>
2025-06-04 10:13:13,466 [ERROR] LogOutputStream:75 - [STDERR_REDIRECT] WARNING: Could not open/create prefs root node Software\JavaSoft\Prefs at root 0xffffffff80000002. Windows RegCreateKeyEx(...) returned error code 5.
2025-06-04 10:13:13,466 [ERROR] LogOutputStream:75 - [STDERR_REDIRECT] 
2025-06-04 10:13:13,755 [INFO] MainUpdater:2872 - connection check result : 10
2025-06-04 10:13:13,755 [INFO] MainUpdater:289 - Updater Check For Update Now.
2025-06-04 10:13:13,755 [INFO] MicroXplorer:498 - Change Database Version : DB.6.0.140
2025-06-04 10:13:13,771 [INFO] McuFinderGlobals:63 - Set McuFinder mode to 2 (CubeIDE integrated)
2025-06-04 10:13:13,780 [INFO] UserAuth:486 - Internet connection configuration mode: 1
2025-06-04 10:13:13,813 [INFO] JxBrowserEngine:152 - Initiate JxBrowser Engine with user profile folder
2025-06-04 10:13:13,972 [INFO] CheckServerUpdateThread:120 - End of CheckServer Thread
2025-06-04 10:13:14,691 [WARN] PackLoader:240 - Cannot read IP mode file for STMicroelectronics.FP-SNS-MOTENVWB1.1.4.0
2025-06-04 10:13:14,707 [WARN] PackLoader:240 - Cannot read IP mode file for STMicroelectronics.FP-ATR-ASTRA1.2.0.2
2025-06-04 10:13:14,722 [WARN] PackLoader:240 - Cannot read IP mode file for STMicroelectronics.X-CUBE-SMBUS.2.1.0
2025-06-04 10:13:14,736 [WARN] PackLoader:240 - Cannot read IP mode file for STMicroelectronics.X-CUBE-WB05N.1.1.0
2025-06-04 10:13:14,750 [WARN] PackLoader:240 - Cannot read IP mode file for STMicroelectronics.X-CUBE-ST60.1.0.0
2025-06-04 10:13:15,522 [WARN] PackLoader:240 - Cannot read IP mode file for STMicroelectronics.X-CUBE-AZRTOS-F7.1.1.0
2025-06-04 10:13:15,541 [WARN] PackLoader:240 - Cannot read IP mode file for STMicroelectronics.FP-SNS-FLIGHT1.5.0.2
2025-06-04 10:13:15,599 [WARN] PackLoader:240 - Cannot read IP mode file for Infineon.AIROC-Wi-Fi-Bluetooth-STM32.1.7.0
2025-06-04 10:13:15,632 [WARN] PackLoader:240 - Cannot read IP mode file for STMicroelectronics.X-CUBE-DISPLAY.3.0.0
2025-06-04 10:13:15,653 [WARN] PackLoader:240 - Cannot read IP mode file for STMicroelectronics.X-CUBE-NFC10.1.0.0
2025-06-04 10:13:15,685 [WARN] PackLoader:240 - Cannot read IP mode file for STMicroelectronics.X-CUBE-BLEMGR.4.0.0
2025-06-04 10:13:15,722 [WARN] PackLoader:240 - Cannot read IP mode file for emotas.I-CUBE-CANOPEN.1.3.0
2025-06-04 10:13:15,821 [WARN] ConditionMgr:438 - getConditionDescription Invalid condition id : Cortex-A Device cause : null
2025-06-04 10:13:15,865 [WARN] ConditionMgr:1044 - genDependencies : Invalid condition id : Cortex-A Device cause : null
2025-06-04 10:13:15,866 [WARN] ConditionMgr:1044 - genDependencies : Invalid condition id : Cortex-A Device cause : null
2025-06-04 10:13:15,866 [WARN] ConditionMgr:1044 - genDependencies : Invalid condition id : Cortex-A Device cause : null
2025-06-04 10:13:15,883 [WARN] PackLoader:240 - Cannot read IP mode file for STMicroelectronics.X-CUBE-AI.10.0.0
2025-06-04 10:13:15,901 [WARN] PackLoader:240 - Cannot read IP mode file for STMicroelectronics.FP-SNS-SMARTAG2.1.2.0
2025-06-04 10:13:15,940 [WARN] PackLoader:240 - Cannot read IP mode file for STMicroelectronics.FP-SNS-FLIGHT1.5.1.0
2025-06-04 10:13:16,034 [WARN] PackLoader:240 - Cannot read IP mode file for STMicroelectronics.X-CUBE-MEMS1.11.1.0
2025-06-04 10:13:16,152 [INFO] LogOutputStream:77 - [STDOUT_REDIRECT] 1 : Invalid condition id : UX_CORESTACK_Condition cause : null
2025-06-04 10:13:16,153 [INFO] LogOutputStream:77 - [STDOUT_REDIRECT] 1 : Invalid condition id : UX_CORESTACK_Condition cause : null
2025-06-04 10:13:16,154 [INFO] LogOutputStream:77 - [STDOUT_REDIRECT] 1 : Invalid condition id : UX_CORESTACK_Condition cause : null
2025-06-04 10:13:16,155 [INFO] LogOutputStream:77 - [STDOUT_REDIRECT] 1 : Invalid condition id : UX_CORESTACK_Condition cause : null
2025-06-04 10:13:16,157 [INFO] LogOutputStream:77 - [STDOUT_REDIRECT] 1 : Invalid condition id : UX_CORESTACK_Condition cause : null
2025-06-04 10:13:16,164 [WARN] PackLoader:240 - Cannot read IP mode file for STMicroelectronics.X-CUBE-AZRTOS-WL.2.0.0
2025-06-04 10:13:16,198 [WARN] PackLoader:240 - Cannot read IP mode file for STMicroelectronics.FP-SNS-MOTENV1.5.0.0
2025-06-04 10:13:16,223 [WARN] PackLoader:240 - Cannot read IP mode file for WES.I-CUBE-Cesium.1.3.0
2025-06-04 10:13:16,239 [WARN] PackLoader:240 - Cannot read IP mode file for STMicroelectronics.X-CUBE-BLE2.3.3.0
2025-06-04 10:13:16,255 [WARN] PackLoader:240 - Cannot read IP mode file for STMicroelectronics.X-CUBE-NFC9.1.0.0
2025-06-04 10:13:16,271 [WARN] PackLoader:240 - Cannot read IP mode file for STMicroelectronics.X-CUBE-BLE1.7.1.0
2025-06-04 10:13:16,287 [WARN] PackLoader:240 - Cannot read IP mode file for wolfSSL.I-CUBE-wolfMQTT.1.19.2
2025-06-04 10:13:16,303 [WARN] PackLoader:240 - Cannot read IP mode file for STMicroelectronics.X-CUBE-AI.10.1.0
2025-06-04 10:13:16,344 [INFO] WebApp:169 - Instantiating new browser for Auth
2025-06-04 10:13:16,360 [WARN] PackLoader:240 - Cannot read IP mode file for STMicroelectronics.X-CUBE-MEMS1.11.2.0
2025-06-04 10:13:16,536 [WARN] PackLoader:240 - Cannot read IP mode file for STMicroelectronics.X-CUBE-AZRTOS-G0.1.1.0
2025-06-04 10:13:16,559 [WARN] PackLoader:240 - Cannot read IP mode file for STMicroelectronics.X-CUBE-SAFEA1.1.2.2
2025-06-04 10:13:16,588 [WARN] PackLoader:240 - Cannot read IP mode file for STMicroelectronics.X-CUBE-NFC4.3.0.0
2025-06-04 10:13:16,621 [WARN] PackLoader:240 - Cannot read IP mode file for EmbeddedOffice.I-CUBE-FS-RTOS.1.0.1
2025-06-04 10:13:16,639 [WARN] PackLoader:240 - Cannot read IP mode file for STMicroelectronics.X-CUBE-WB05N.2.0.0
2025-06-04 10:13:16,673 [WARN] PackLoader:240 - Cannot read IP mode file for wolfSSL.I-CUBE-wolfTPM.3.8.0
2025-06-04 10:13:16,702 [WARN] PackLoader:240 - Cannot read IP mode file for STMicroelectronics.X-CUBE-TCPP.4.2.0
2025-06-04 10:13:16,732 [WARN] PackLoader:240 - Cannot read IP mode file for RealThread.X-CUBE-RT-Thread_Nano.4.1.1
2025-06-04 10:13:16,750 [WARN] PackLoader:240 - Cannot read IP mode file for STMicroelectronics.FP-ATR-SIGFOX1.3.2.0
2025-06-04 10:13:16,769 [WARN] PackLoader:240 - Cannot read IP mode file for STMicroelectronics.X-CUBE-EEPRMA1.5.1.0
2025-06-04 10:13:16,786 [WARN] PackLoader:240 - Cannot read IP mode file for wolfSSL.I-CUBE-wolfSSL.5.7.6
2025-06-04 10:13:16,809 [WARN] PackLoader:240 - Cannot read IP mode file for ITTIA_DB.I-CUBE-ITTIADB.8.9.0
2025-06-04 10:13:16,844 [WARN] PackLoader:240 - Cannot read IP mode file for SEGGER.I-CUBE-embOS.1.3.1
2025-06-04 10:13:16,877 [WARN] PackLoader:240 - Cannot read IP mode file for STMicroelectronics.X-CUBE-ALGOBUILD.1.4.0
2025-06-04 10:13:16,943 [WARN] PackLoader:240 - Cannot read IP mode file for STMicroelectronics.X-CUBE-AZRTOS-F4.1.1.0
2025-06-04 10:13:16,959 [WARN] PackLoader:240 - Cannot read IP mode file for Avnet-IotConnect.X-CUBE-IoTC-DA16k-PMOD.1.0.0
2025-06-04 10:13:16,974 [WARN] PackLoader:240 - Cannot read IP mode file for STMicroelectronics.X-CUBE-ISPU.2.1.0
2025-06-04 10:13:17,000 [WARN] PackLoader:240 - Cannot read IP mode file for STMicroelectronics.X-CUBE-AZRTOS-L5.2.0.0
2025-06-04 10:13:17,017 [WARN] PackLoader:240 - Cannot read IP mode file for STMicroelectronics.X-CUBE-NFC6.3.1.0
2025-06-04 10:13:17,033 [WARN] PackLoader:240 - Cannot read IP mode file for STMicroelectronics.X-CUBE-DPower.1.2.0
2025-06-04 10:13:17,047 [WARN] PackLoader:240 - Cannot read IP mode file for STMicroelectronics.X-CUBE-FREERTOS.1.3.1
2025-06-04 10:13:17,060 [WARN] PackLoader:240 - Cannot read IP mode file for STMicroelectronics.X-CUBE-FREERTOS.1.3.0
2025-06-04 10:13:17,073 [WARN] PackLoader:240 - Cannot read IP mode file for STMicroelectronics.X-CUBE-NFC7.1.0.1
2025-06-04 10:13:17,090 [WARN] PackLoader:240 - Cannot read IP mode file for STMicroelectronics.X-CUBE-DPower.1.3.0
2025-06-04 10:13:17,119 [WARN] ConditionMgr:438 - getConditionDescription Invalid condition id : LAN8742 Phy interface Condition cause : null
2025-06-04 10:13:17,120 [WARN] PackLoader:240 - Cannot read IP mode file for STMicroelectronics.X-CUBE-AZRTOS-L4.2.0.0
2025-06-04 10:13:17,122 [WARN] ConditionMgr:1044 - genDependencies : Invalid condition id : LAN8742 Phy interface Condition cause : null
2025-06-04 10:13:17,122 [WARN] ConditionMgr:1044 - genDependencies : Invalid condition id : LAN8742 Phy interface Condition cause : null
2025-06-04 10:13:17,123 [WARN] ConditionMgr:1044 - genDependencies : Invalid condition id : LAN8742 Phy interface Condition cause : null
2025-06-04 10:13:17,140 [WARN] PackLoader:240 - Cannot read IP mode file for STMicroelectronics.X-CUBE-SFXS2LP1.4.0.0
2025-06-04 10:13:17,184 [WARN] PackLoader:240 - Cannot read IP mode file for STMicroelectronics.X-CUBE-AZRTOS-H7.3.3.0
2025-06-04 10:13:17,210 [WARN] ConditionMgr:438 - getConditionDescription Invalid condition id : UX DEVICE CLASS RTOS Condition cause : null
2025-06-04 10:13:17,211 [WARN] ConditionMgr:438 - getConditionDescription Invalid condition id : UX DEVICE CLASS RTOS Condition cause : null
2025-06-04 10:13:17,212 [WARN] PackLoader:240 - Cannot read IP mode file for STMicroelectronics.X-CUBE-AZRTOS-WB.2.0.0
2025-06-04 10:13:17,213 [WARN] ConditionMgr:1044 - genDependencies : Invalid condition id : UX DEVICE CLASS RTOS Condition cause : null
2025-06-04 10:13:17,213 [WARN] ConditionMgr:1044 - genDependencies : Invalid condition id : UX DEVICE CLASS RTOS Condition cause : null
2025-06-04 10:13:17,213 [WARN] ConditionMgr:1044 - genDependencies : Invalid condition id : UX DEVICE CLASS RTOS Condition cause : null
2025-06-04 10:13:17,213 [WARN] ConditionMgr:1044 - genDependencies : Invalid condition id : UX DEVICE CLASS RTOS Condition cause : null
2025-06-04 10:13:17,213 [WARN] ConditionMgr:1044 - genDependencies : Invalid condition id : UX DEVICE CLASS RTOS Condition cause : null
2025-06-04 10:13:17,230 [WARN] PackLoader:240 - Cannot read IP mode file for STMicroelectronics.X-CUBE-GNSS1.7.0.1
2025-06-04 10:13:17,243 [WARN] PackLoader:240 - Cannot read IP mode file for STMicroelectronics.X-CUBE-TOUCHGFX.4.25.0
2025-06-04 10:13:17,258 [WARN] PackLoader:240 - Cannot read IP mode file for STMicroelectronics.FP-SNS-STBOX1.2.0.0
2025-06-04 10:13:17,279 [WARN] PackLoader:240 - Cannot read IP mode file for STMicroelectronics.X-CUBE-SUBG2.5.0.0
2025-06-04 10:13:17,311 [WARN] PackLoader:240 - Cannot read IP mode file for STMicroelectronics.X-CUBE-AZRTOS-H7RS.1.1.0
2025-06-04 10:13:17,327 [WARN] PackLoader:240 - Cannot read IP mode file for Cesanta.I-CUBE-Mongoose.7.13.0
2025-06-04 10:13:17,357 [WARN] PackLoader:240 - Cannot read IP mode file for STMicroelectronics.X-CUBE-AZRTOS-G4.2.0.0
2025-06-04 10:13:17,379 [WARN] PackLoader:240 - Cannot read IP mode file for wolfSSL.I-CUBE-wolfSSH.1.4.20
2025-06-04 10:13:17,393 [WARN] PackLoader:240 - Cannot read IP mode file for STMicroelectronics.X-CUBE-NFC7.2.0.0
2025-06-04 10:13:17,427 [WARN] PackLoader:240 - Cannot read IP mode file for STMicroelectronics.X-CUBE-IPS.3.1.0
2025-06-04 10:13:17,461 [WARN] PackLoader:240 - Cannot read IP mode file for STMicroelectronics.X-CUBE-ALS.1.0.2
2025-06-04 10:13:17,478 [WARN] PackLoader:240 - Cannot read IP mode file for STMicroelectronics.X-CUBE-TOUCHGFX.4.24.2
2025-06-04 10:13:17,508 [WARN] PackLoader:240 - Cannot read IP mode file for portGmbH.I-Cube-SoM-uGOAL.1.1.0
2025-06-04 10:13:17,541 [INFO] WebApp:463 - Apply proxy settings
2025-06-04 10:13:17,542 [INFO] WebApp:548 - Chromium requires no authentication
2025-06-04 10:13:17,552 [WARN] PackLoader:240 - Cannot read IP mode file for STMicroelectronics.X-CUBE-AZRTOS-H7RS.1.0.0
2025-06-04 10:13:17,567 [INFO] WebApp:491 - Direct internet connection detected
2025-06-04 10:13:17,592 [WARN] PackLoader:240 - Cannot read IP mode file for STMicroelectronics.X-CUBE-TOF1.3.4.2
2025-06-04 10:13:17,633 [WARN] PackLoader:240 - Cannot read IP mode file for STMicroelectronics.X-CUBE-TOF1.3.4.3
2025-06-04 10:13:17,633 [INFO] WebApp:894 - Register for checkConnection events
2025-06-04 10:13:17,633 [INFO] WebApp:463 - Apply proxy settings
2025-06-04 10:13:17,633 [INFO] WebApp:548 - Chromium requires no authentication
2025-06-04 10:13:17,633 [INFO] WebApp:491 - Direct internet connection detected
2025-06-04 10:13:17,638 [INFO] ThirdParty:978 - Integrity check success = true
2025-06-04 10:13:17,638 [INFO] IntegrityCheckThread:100 - exiting critical section [integrity check]
2025-06-04 10:13:17,638 [INFO] IntegrityCheckThread:103 - End integrity checks thread
2025-06-04 10:13:17,834 [INFO] WebApp:191 - Connection restablished
2025-06-04 10:13:17,931 [INFO] WebApp:225 - Starting web application
2025-06-04 10:13:17,931 [INFO] WebApp:593 - Web application path used C:\ST\STM32CubeIDE_1.18.0\STM32CubeIDE\plugins\com.st.stm32cube.common.mx_6.14.0.202502271554\db\plugins\mcufinder\reactClient1\index.html
2025-06-04 10:13:18,109 [INFO] UserAuth:486 - Internet connection configuration mode: 1
2025-06-04 13:55:15,556 [INFO] WebApp:194 - Connection lost
2025-06-04 13:55:19,144 [INFO] WebApp:191 - Connection restablished
2025-06-04 13:55:20,469 [INFO] WebApp:194 - Connection lost
2025-06-04 13:55:20,610 [INFO] WebApp:191 - Connection restablished
2025-06-04 16:46:44,499 [INFO] WebApp:194 - Connection lost
2025-06-04 16:46:48,153 [INFO] WebApp:191 - Connection restablished
2025-06-04 16:46:50,486 [INFO] WebApp:194 - Connection lost
2025-06-04 16:46:50,630 [INFO] WebApp:191 - Connection restablished
2025-06-04 20:51:57,384 [INFO] WebApp:194 - Connection lost
2025-06-04 20:51:59,334 [INFO] WebApp:191 - Connection restablished
2025-06-04 20:52:00,533 [INFO] WebApp:194 - Connection lost
2025-06-04 20:52:00,652 [INFO] WebApp:191 - Connection restablished
2025-06-04 20:52:03,566 [INFO] WebApp:194 - Connection lost
2025-06-04 20:52:03,688 [INFO] WebApp:191 - Connection restablished
2025-06-04 20:52:06,571 [INFO] WebApp:194 - Connection lost
2025-06-04 20:52:06,696 [INFO] WebApp:191 - Connection restablished
2025-06-04 20:52:10,691 [INFO] WebApp:194 - Connection lost
2025-06-04 20:52:10,813 [INFO] WebApp:191 - Connection restablished
2025-06-04 20:52:13,890 [INFO] WebApp:194 - Connection lost
2025-06-04 20:52:14,011 [INFO] WebApp:191 - Connection restablished
2025-06-04 20:52:16,944 [INFO] WebApp:194 - Connection lost
2025-06-04 20:52:17,279 [INFO] WebApp:191 - Connection restablished
2025-06-04 22:36:06,545 [INFO] WebApp:194 - Connection lost
2025-06-04 22:36:10,039 [INFO] WebApp:191 - Connection restablished
2025-06-04 22:36:12,494 [INFO] WebApp:194 - Connection lost
2025-06-04 22:36:12,605 [INFO] WebApp:191 - Connection restablished
2025-06-04 22:36:15,602 [INFO] WebApp:194 - Connection lost
2025-06-04 22:36:15,710 [INFO] WebApp:191 - Connection restablished
