2025-07-10 13:50:56,691 [INFO] Activator:176 - 


2025-07-10 13:50:56,697 [INFO] Activator:177 - !SESSION log4j initialized
2025-07-10 13:51:05,249 [INFO] LogOutputStream:77 - [STDOUT_REDIRECT] 
2025-07-10 13:51:14,234 [INFO] ApplicationProperties:184 - Using Application install path: C:\ST\STM32CubeIDE_1.18.0\STM32CubeIDE\plugins\com.st.stm32cube.common.mx_6.14.0.202502271554
2025-07-10 13:51:14,255 [INFO] DbMcusXml:78 - Set database path to: C:\ST\STM32CubeIDE_1.18.0\STM32CubeIDE\plugins\com.st.stm32cube.common.mx_6.14.0.202502271554\\db\/mcu/
2025-07-10 13:51:14,255 [INFO] ApiDb:274 - Set plugin database path to: C:\ST\STM32CubeIDE_1.18.0\STM32CubeIDE\plugins\com.st.stm32cube.common.mx_6.14.0.202502271554\\db\/plugins/boardmanager/
2025-07-10 13:51:14,256 [WARN] ApiDb:259 - Overriding images path with different value:  => C:\ST\STM32CubeIDE_1.18.0\STM32CubeIDE\plugins\com.st.stm32cube.common.mx_6.14.0.202502271554\\db\/plugins/mcufinder/images/
2025-07-10 13:51:14,266 [INFO] ApiDb:250 - Set database path to: C:\Users\marcv\.stmcufinder\plugins\mcufinder//mcu/
2025-07-10 13:51:14,267 [INFO] DbMcusAds:125 - Set database path to: C:\Users\marcv\.stmcufinder\plugins\mcufinder//mcu/
2025-07-10 13:51:14,269 [INFO] CrossReferenceDbSqlite:203 - Set database path to: C:\Users\marcv\.stmcufinder\plugins\mcufinder//mcu/cs/
2025-07-10 13:51:14,385 [INFO] RulesReader:64 - Compatibility file has been processed (301 Rules)
2025-07-10 13:51:14,466 [INFO] DbMcusXml:78 - Set database path to: C:\ST\STM32CubeIDE_1.18.0\STM32CubeIDE\plugins\com.st.stm32cube.common.mx_6.14.0.202502271554\\db\/mcu/
2025-07-10 13:51:14,466 [INFO] ApiDb:274 - Set plugin database path to: C:\ST\STM32CubeIDE_1.18.0\STM32CubeIDE\plugins\com.st.stm32cube.common.mx_6.14.0.202502271554\\db\/plugins/boardmanager/
2025-07-10 13:51:14,466 [INFO] ApiDb:261 - Set plugin images path to: C:\ST\STM32CubeIDE_1.18.0\STM32CubeIDE\plugins\com.st.stm32cube.common.mx_6.14.0.202502271554\\db\/plugins/mcufinder/images/
2025-07-10 13:51:14,466 [WARN] DbFile:41 - Overriding database path with different value: C:\Users\marcv\.stmcufinder\plugins\mcufinder/ => C:\Users\marcv\.stmcufinder\plugins\mcufinder
2025-07-10 13:51:14,466 [INFO] ApiDb:250 - Set database path to: C:\Users\marcv\.stmcufinder\plugins\mcufinder//mcu/
2025-07-10 13:51:14,466 [WARN] DbFile:41 - Overriding database path with different value: C:\Users\marcv\.stmcufinder\plugins\mcufinder/ => C:\Users\marcv\.stmcufinder\plugins\mcufinder
2025-07-10 13:51:14,466 [INFO] DbMcusAds:125 - Set database path to: C:\Users\marcv\.stmcufinder\plugins\mcufinder//mcu/
2025-07-10 13:51:14,466 [WARN] DbFile:41 - Overriding database path with different value: C:\Users\marcv\.stmcufinder\plugins\mcufinder/ => C:\Users\marcv\.stmcufinder\plugins\mcufinder
2025-07-10 13:51:14,466 [WARN] DbFile:41 - Overriding database path with different value: C:\Users\marcv\.stmcufinder\plugins\mcufinder/ => C:\Users\marcv\.stmcufinder\plugins\mcufinder
2025-07-10 13:51:14,467 [INFO] CrossReferenceDbSqlite:203 - Set database path to: C:\Users\marcv\.stmcufinder\plugins\mcufinder//mcu/cs/
2025-07-10 13:51:14,544 [INFO] MainPanel:272 - HeapMemory: 268435456
2025-07-10 13:51:14,672 [INFO] DbMcusXml:78 - Set database path to: C:\ST\STM32CubeIDE_1.18.0\STM32CubeIDE\plugins\com.st.stm32cube.common.mx_6.14.0.202502271554\\db\/mcu/
2025-07-10 13:51:14,672 [INFO] ApiDb:274 - Set plugin database path to: C:\ST\STM32CubeIDE_1.18.0\STM32CubeIDE\plugins\com.st.stm32cube.common.mx_6.14.0.202502271554\\db\/plugins/boardmanager/
2025-07-10 13:51:14,673 [INFO] ApiDb:261 - Set plugin images path to: C:\ST\STM32CubeIDE_1.18.0\STM32CubeIDE\plugins\com.st.stm32cube.common.mx_6.14.0.202502271554\\db\/plugins/mcufinder/images/
2025-07-10 13:51:14,673 [WARN] DbFile:41 - Overriding database path with different value: C:\Users\marcv\.stmcufinder\plugins\mcufinder/ => C:\Users\marcv\.stmcufinder\plugins\mcufinder
2025-07-10 13:51:14,673 [INFO] ApiDb:250 - Set database path to: C:\Users\marcv\.stmcufinder\plugins\mcufinder//mcu/
2025-07-10 13:51:14,673 [WARN] DbFile:41 - Overriding database path with different value: C:\Users\marcv\.stmcufinder\plugins\mcufinder/ => C:\Users\marcv\.stmcufinder\plugins\mcufinder
2025-07-10 13:51:14,673 [INFO] DbMcusAds:125 - Set database path to: C:\Users\marcv\.stmcufinder\plugins\mcufinder//mcu/
2025-07-10 13:51:14,673 [WARN] DbFile:41 - Overriding database path with different value: C:\Users\marcv\.stmcufinder\plugins\mcufinder/ => C:\Users\marcv\.stmcufinder\plugins\mcufinder
2025-07-10 13:51:14,673 [WARN] DbFile:41 - Overriding database path with different value: C:\Users\marcv\.stmcufinder\plugins\mcufinder/ => C:\Users\marcv\.stmcufinder\plugins\mcufinder
2025-07-10 13:51:14,673 [INFO] CrossReferenceDbSqlite:203 - Set database path to: C:\Users\marcv\.stmcufinder\plugins\mcufinder//mcu/cs/
2025-07-10 13:51:14,691 [INFO] ApplicationProperties:184 - Using Application install path: C:\ST\STM32CubeIDE_1.18.0\STM32CubeIDE\plugins\com.st.stm32cube.common.mx_6.14.0.202502271554
2025-07-10 13:51:14,692 [INFO] PluginManage:196 - Search for loadable plugins [exclusion list=, ]
2025-07-10 13:51:14,693 [INFO] PluginManage:310 - Check plugin analytics
2025-07-10 13:51:19,388 [INFO] AnalyticsPlugin:253 - Accepted Software Licenses: 
2025-07-10 13:51:19,388 [INFO] AnalyticsPlugin:255 - Accepted CMSIS Pack Licenses: 
2025-07-10 13:51:19,388 [INFO] AnalyticsPlugin:257 - Accepted Firmware Licenses: FW.H7.1.12.0
2025-07-10 13:51:19,391 [INFO] PluginManage:359 - Loaded plugin analytics (category:tool,tabindex:-1)
2025-07-10 13:51:19,391 [INFO] PluginManage:310 - Check plugin cadmodel
2025-07-10 13:51:19,412 [INFO] CADModel:105 - Init CAD model plugin
2025-07-10 13:51:19,412 [INFO] PluginManage:359 - Loaded plugin cadmodel (category:power,tabindex:5)
2025-07-10 13:51:19,412 [INFO] PluginManage:310 - Check plugin clock
2025-07-10 13:51:19,434 [INFO] PluginManage:359 - Loaded plugin clock (category:base,tabindex:2)
2025-07-10 13:51:19,434 [INFO] PluginManage:310 - Check plugin ddr
2025-07-10 13:51:19,437 [INFO] PluginManage:359 - Loaded plugin ddr (category:tool,tabindex:6)
2025-07-10 13:51:19,437 [INFO] PluginManage:310 - Check plugin filemanager
2025-07-10 13:51:19,586 [INFO] PluginManage:359 - Loaded plugin filemanager (category:base,tabindex:10)
2025-07-10 13:51:19,586 [INFO] PluginManage:310 - Check plugin ipmanager
2025-07-10 13:51:19,593 [INFO] PluginManage:359 - Loaded plugin ipmanager (category:base,tabindex:5)
2025-07-10 13:51:19,593 [INFO] PluginManage:310 - Check plugin lpbam
2025-07-10 13:51:19,615 [INFO] PluginManage:359 - Loaded plugin lpbam (category:base,tabindex:0)
2025-07-10 13:51:19,615 [INFO] PluginManage:310 - Check plugin memorymap
2025-07-10 13:51:19,642 [INFO] PluginManage:359 - Loaded plugin memorymap (category:base,tabindex:4)
2025-07-10 13:51:19,642 [INFO] PluginManage:310 - Check plugin pinoutandconfiguration
2025-07-10 13:51:19,663 [INFO] PluginManage:359 - Loaded plugin pinoutandconfiguration (category:base,tabindex:1)
2025-07-10 13:51:19,663 [INFO] PluginManage:310 - Check plugin pinoutconfig
2025-07-10 13:51:19,760 [WARN] SupportedApi:132 - Cannot load RTOS API schema: s4s-elt-must-match.1: The content of 'definitions' must match (annotation?, (simpleType | complexType)?, (unique | key | keyref)*)). A problem was found starting at: attribute.
2025-07-10 13:51:19,887 [INFO] PluginManage:359 - Loaded plugin pinoutconfig (category:base,tabindex:0)
2025-07-10 13:51:19,887 [INFO] PluginManage:310 - Check plugin power
2025-07-10 13:51:19,912 [INFO] PluginManage:359 - Loaded plugin power (category:power,tabindex:4)
2025-07-10 13:51:19,912 [INFO] PluginManage:310 - Check plugin projectmanager
2025-07-10 13:51:19,926 [INFO] PluginManage:359 - Loaded plugin projectmanager (category:projectmanager,tabindex:4)
2025-07-10 13:51:19,927 [INFO] PluginManage:310 - Check plugin rif
2025-07-10 13:51:19,947 [INFO] PluginManage:359 - Loaded plugin rif (category:base,tabindex:3)
2025-07-10 13:51:19,947 [INFO] PluginManage:310 - Check plugin thirdparty
2025-07-10 13:51:20,250 [INFO] PluginManage:359 - Loaded plugin thirdparty (category:base,tabindex:-1)
2025-07-10 13:51:20,250 [WARN] IntegrityCheckThread:84 - waiting for thirdparty lock release [integrity check]
2025-07-10 13:51:20,250 [INFO] PluginManage:310 - Check plugin tools
2025-07-10 13:51:20,250 [INFO] IntegrityCheckThread:86 - entering critical section [integrity check]
2025-07-10 13:51:20,251 [INFO] ThirdPartyUpdaterWithRetryManager:70 - Updater plugin not ready yet. [1/15]
2025-07-10 13:51:20,296 [INFO] PluginManage:359 - Loaded plugin tools (category:base,tabindex:7)
2025-07-10 13:51:20,296 [INFO] PluginManage:310 - Check plugin tutovideos
2025-07-10 13:51:20,492 [INFO] PluginManage:359 - Loaded plugin tutovideos (category:base,tabindex:-1)
2025-07-10 13:51:20,492 [INFO] PluginManage:310 - Check plugin updater
2025-07-10 13:51:20,512 [INFO] PluginManage:359 - Loaded plugin updater (category:base,tabindex:12)
2025-07-10 13:51:20,512 [INFO] PluginManage:310 - Check plugin userauth
2025-07-10 13:51:20,517 [INFO] UserAuth:118 - Init User Auth plugin
2025-07-10 13:51:20,517 [INFO] PluginManage:359 - Loaded plugin userauth (category:base,tabindex:14)
2025-07-10 13:51:20,518 [INFO] PluginManage:283 - PluginManage : Loaded plugins [18]
2025-07-10 13:51:20,726 [INFO] PinOutPanel:1589 - setPackage(No Configuration,No Configuration)
2025-07-10 13:51:20,803 [INFO] CADModel:165 - CPN selected for project level
2025-07-10 13:51:20,803 [INFO] CADModel:114 - Register for checkConnection events
2025-07-10 13:51:20,831 [INFO] IPUIPlugin:80 - create IPUIPlugin
2025-07-10 13:51:20,831 [INFO] PluginManager:220 - loadIPPluginJar : add adc
2025-07-10 13:51:20,875 [INFO] IPUIPlugin:80 - create IPUIPlugin
2025-07-10 13:51:20,875 [INFO] PluginManager:220 - loadIPPluginJar : add aes
2025-07-10 13:51:20,926 [INFO] IPUIPlugin:80 - create IPUIPlugin
2025-07-10 13:51:20,926 [INFO] PluginManager:220 - loadIPPluginJar : add can
2025-07-10 13:51:20,956 [INFO] IPUIPlugin:80 - create IPUIPlugin
2025-07-10 13:51:20,957 [INFO] PluginManager:220 - loadIPPluginJar : add comp
2025-07-10 13:51:20,997 [INFO] IPUIPlugin:80 - create IPUIPlugin
2025-07-10 13:51:20,997 [INFO] PluginManager:220 - loadIPPluginJar : add cryp
2025-07-10 13:51:21,012 [INFO] IPUIPlugin:80 - create IPUIPlugin
2025-07-10 13:51:21,012 [INFO] PluginManager:220 - loadIPPluginJar : add ddr_ctrl_phy
2025-07-10 13:51:21,052 [INFO] IPUIPlugin:80 - create IPUIPlugin
2025-07-10 13:51:21,052 [INFO] PluginManager:220 - loadIPPluginJar : add dfsdm
2025-07-10 13:51:21,068 [INFO] IPUIPlugin:80 - create IPUIPlugin
2025-07-10 13:51:21,068 [INFO] PluginManager:220 - loadIPPluginJar : add dma
2025-07-10 13:51:21,117 [INFO] IPUIPlugin:80 - create IPUIPlugin
2025-07-10 13:51:21,117 [INFO] PluginManager:220 - loadIPPluginJar : add dma3
2025-07-10 13:51:21,172 [INFO] IPUIPlugin:80 - create IPUIPlugin
2025-07-10 13:51:21,172 [INFO] PluginManager:220 - loadIPPluginJar : add extmemmanager
2025-07-10 13:51:21,197 [INFO] IPUIPlugin:80 - create IPUIPlugin
2025-07-10 13:51:21,198 [INFO] PluginManager:220 - loadIPPluginJar : add fatfs
2025-07-10 13:51:21,256 [INFO] IPUIPlugin:80 - create IPUIPlugin
2025-07-10 13:51:21,256 [INFO] PluginManager:220 - loadIPPluginJar : add fmc
2025-07-10 13:51:21,274 [INFO] IPUIPlugin:80 - create IPUIPlugin
2025-07-10 13:51:21,274 [INFO] PluginManager:220 - loadIPPluginJar : add freertos
2025-07-10 13:51:21,301 [INFO] IPUIPlugin:80 - create IPUIPlugin
2025-07-10 13:51:21,301 [INFO] PluginManager:220 - loadIPPluginJar : add genericplugin
2025-07-10 13:51:21,416 [INFO] IPUIPlugin:80 - create IPUIPlugin
2025-07-10 13:51:21,416 [INFO] PluginManager:220 - loadIPPluginJar : add gfxmmu
2025-07-10 13:51:21,571 [INFO] IPUIPlugin:80 - create IPUIPlugin
2025-07-10 13:51:21,571 [INFO] PluginManager:220 - loadIPPluginJar : add gic
2025-07-10 13:51:21,589 [INFO] IPUIPlugin:80 - create IPUIPlugin
2025-07-10 13:51:21,590 [INFO] PluginManager:220 - loadIPPluginJar : add gpio
2025-07-10 13:51:21,699 [INFO] IPUIPlugin:80 - create IPUIPlugin
2025-07-10 13:51:21,699 [INFO] PluginManager:220 - loadIPPluginJar : add gtzc
2025-07-10 13:51:21,740 [INFO] IPUIPlugin:80 - create IPUIPlugin
2025-07-10 13:51:21,740 [INFO] PluginManager:220 - loadIPPluginJar : add hash
2025-07-10 13:51:21,804 [INFO] IPUIPlugin:80 - create IPUIPlugin
2025-07-10 13:51:21,804 [INFO] PluginManager:220 - loadIPPluginJar : add i2c
2025-07-10 13:51:21,855 [INFO] IPUIPlugin:80 - create IPUIPlugin
2025-07-10 13:51:21,855 [INFO] PluginManager:220 - loadIPPluginJar : add i2s
2025-07-10 13:51:21,907 [INFO] IPUIPlugin:80 - create IPUIPlugin
2025-07-10 13:51:21,907 [INFO] PluginManager:220 - loadIPPluginJar : add i3c
2025-07-10 13:51:22,030 [INFO] IPUIPlugin:80 - create IPUIPlugin
2025-07-10 13:51:22,030 [INFO] PluginManager:220 - loadIPPluginJar : add ipddr
2025-07-10 13:51:22,145 [INFO] IPUIPlugin:80 - create IPUIPlugin
2025-07-10 13:51:22,146 [INFO] PluginManager:220 - loadIPPluginJar : add linkedlist
2025-07-10 13:51:22,199 [INFO] IPUIPlugin:80 - create IPUIPlugin
2025-07-10 13:51:22,199 [INFO] PluginManager:220 - loadIPPluginJar : add lorawan
2025-07-10 13:51:22,264 [INFO] IPUIPlugin:80 - create IPUIPlugin
2025-07-10 13:51:22,265 [INFO] PluginManager:220 - loadIPPluginJar : add ltdc
2025-07-10 13:51:22,285 [INFO] IPUIPlugin:80 - create IPUIPlugin
2025-07-10 13:51:22,285 [INFO] PluginManager:220 - loadIPPluginJar : add mdma
2025-07-10 13:51:22,304 [INFO] IPUIPlugin:80 - create IPUIPlugin
2025-07-10 13:51:22,304 [INFO] PluginManager:220 - loadIPPluginJar : add nvic
2025-07-10 13:51:22,350 [INFO] IPUIPlugin:80 - create IPUIPlugin
2025-07-10 13:51:22,350 [INFO] PluginManager:220 - loadIPPluginJar : add opamp
2025-07-10 13:51:22,429 [INFO] IPUIPlugin:80 - create IPUIPlugin
2025-07-10 13:51:22,429 [INFO] PluginManager:220 - loadIPPluginJar : add openamp
2025-07-10 13:51:22,481 [INFO] IPUIPlugin:80 - create IPUIPlugin
2025-07-10 13:51:22,481 [INFO] PluginManager:220 - loadIPPluginJar : add pdm2pcm
2025-07-10 13:51:22,499 [INFO] IPUIPlugin:80 - create IPUIPlugin
2025-07-10 13:51:22,501 [INFO] PluginManager:220 - loadIPPluginJar : add plateformsettings
2025-07-10 13:51:22,529 [INFO] IPUIPlugin:80 - create IPUIPlugin
2025-07-10 13:51:22,529 [INFO] PluginManager:220 - loadIPPluginJar : add quadspi
2025-07-10 13:51:22,562 [INFO] IPUIPlugin:80 - create IPUIPlugin
2025-07-10 13:51:22,563 [INFO] PluginManager:220 - loadIPPluginJar : add radio
2025-07-10 13:51:22,578 [INFO] IPUIPlugin:80 - create IPUIPlugin
2025-07-10 13:51:22,579 [INFO] PluginManager:220 - loadIPPluginJar : add resmgrutility
2025-07-10 13:51:22,636 [INFO] IPUIPlugin:80 - create IPUIPlugin
2025-07-10 13:51:22,636 [INFO] PluginManager:220 - loadIPPluginJar : add sai
2025-07-10 13:51:22,682 [INFO] IPUIPlugin:80 - create IPUIPlugin
2025-07-10 13:51:22,683 [INFO] PluginManager:220 - loadIPPluginJar : add spi
2025-07-10 13:51:22,773 [INFO] IPUIPlugin:80 - create IPUIPlugin
2025-07-10 13:51:22,773 [INFO] PluginManager:220 - loadIPPluginJar : add stm32_wpan
2025-07-10 13:51:22,807 [INFO] IPUIPlugin:80 - create IPUIPlugin
2025-07-10 13:51:22,807 [INFO] PluginManager:220 - loadIPPluginJar : add tim
2025-07-10 13:51:22,900 [INFO] IPUIPlugin:80 - create IPUIPlugin
2025-07-10 13:51:22,900 [INFO] PluginManager:220 - loadIPPluginJar : add touchsensing
2025-07-10 13:51:22,947 [INFO] IPUIPlugin:80 - create IPUIPlugin
2025-07-10 13:51:22,948 [INFO] PluginManager:220 - loadIPPluginJar : add tracer_emb
2025-07-10 13:51:22,990 [INFO] IPUIPlugin:80 - create IPUIPlugin
2025-07-10 13:51:22,990 [INFO] PluginManager:220 - loadIPPluginJar : add ts
2025-07-10 13:51:23,024 [INFO] IPUIPlugin:80 - create IPUIPlugin
2025-07-10 13:51:23,024 [INFO] PluginManager:220 - loadIPPluginJar : add tsc
2025-07-10 13:51:23,053 [INFO] IPUIPlugin:80 - create IPUIPlugin
2025-07-10 13:51:23,053 [INFO] PluginManager:220 - loadIPPluginJar : add ucpd
2025-07-10 13:51:23,107 [INFO] IPUIPlugin:80 - create IPUIPlugin
2025-07-10 13:51:23,107 [INFO] PluginManager:220 - loadIPPluginJar : add usart
2025-07-10 13:51:23,161 [INFO] IPUIPlugin:80 - create IPUIPlugin
2025-07-10 13:51:23,162 [INFO] PluginManager:220 - loadIPPluginJar : add usbx
2025-07-10 13:51:23,251 [INFO] ThirdPartyUpdaterWithRetryManager:70 - Updater plugin not ready yet. [2/15]
2025-07-10 13:51:23,286 [FATAL] Updater:351 - Updater called before beeing initialized
2025-07-10 13:51:23,307 [INFO] RulesReader:64 - Compatibility file has been processed (301 Rules)
2025-07-10 13:51:23,317 [INFO] RulesReader:64 - Compatibility file has been processed (301 Rules)
2025-07-10 13:51:23,323 [INFO] CADModel:165 - CPN selected for project level
2025-07-10 13:51:23,323 [INFO] CADModel:114 - Register for checkConnection events
2025-07-10 13:51:23,324 [FATAL] Updater:351 - Updater called before beeing initialized
2025-07-10 13:51:23,324 [ERROR] CADModel:125 - Updater not yet initialized, retry later 
2025-07-10 13:51:23,463 [FATAL] Updater:351 - Updater called before beeing initialized
2025-07-10 13:51:23,465 [INFO] CADModel:165 - CPN selected for project level
2025-07-10 13:51:23,465 [INFO] CADModel:114 - Register for checkConnection events
2025-07-10 13:51:23,465 [FATAL] Updater:351 - Updater called before beeing initialized
2025-07-10 13:51:23,465 [ERROR] CADModel:125 - Updater not yet initialized, retry later 
2025-07-10 13:51:23,468 [FATAL] Updater:351 - Updater called before beeing initialized
2025-07-10 13:51:23,568 [FATAL] Updater:351 - Updater called before beeing initialized
2025-07-10 13:51:23,580 [INFO] DbMcusAds:53 - JSON generation date=Thu Jun 19 10:32:37 CEST 2025 (1750321957418)
2025-07-10 13:51:23,580 [FATAL] Updater:351 - Updater called before beeing initialized
2025-07-10 13:51:23,624 [WARN] DetailPanel:346 - Failed to get advertising image, set to default
2025-07-10 13:51:23,867 [FATAL] Updater:351 - Updater called before beeing initialized
2025-07-10 13:51:23,868 [FATAL] Updater:351 - Updater called before beeing initialized
2025-07-10 13:51:23,868 [FATAL] Updater:351 - Updater called before beeing initialized
2025-07-10 13:51:23,869 [WARN] DetailPanel:346 - Failed to get advertising image, set to default
2025-07-10 13:51:23,869 [FATAL] Updater:351 - Updater called before beeing initialized
2025-07-10 13:51:23,925 [ERROR] Updater:1198 - MainUpdater not yet initialized. External WinMGr cannot be set.
2025-07-10 13:51:23,936 [INFO] Updater:1134 - Updater Version found : 6.14.0
2025-07-10 13:51:23,957 [INFO] ApplicationProperties:184 - Using Application install path: C:\ST\STM32CubeIDE_1.18.0\STM32CubeIDE\plugins\com.st.stm32cube.common.mx_6.14.0.202502271554
2025-07-10 13:51:25,531 [ERROR] LogOutputStream:75 - [STDERR_REDIRECT] Jul 10, 2025 1:51:25 PM java.util.prefs.WindowsPreferences <init>
2025-07-10 13:51:25,533 [ERROR] LogOutputStream:75 - [STDERR_REDIRECT] WARNING: Could not open/create prefs root node Software\JavaSoft\Prefs at root 0xffffffff80000002. Windows RegCreateKeyEx(...) returned error code 5.
2025-07-10 13:51:25,533 [ERROR] LogOutputStream:75 - [STDERR_REDIRECT] 
2025-07-10 13:51:25,851 [INFO] MainUpdater:2872 - connection check result : 10
2025-07-10 13:51:25,851 [INFO] MainUpdater:3566 - Updater definition file requires update
2025-07-10 13:51:25,852 [INFO] MainUpdater:289 - Updater Check For Update Now.
2025-07-10 13:51:25,853 [INFO] MicroXplorer:498 - Change Database Version : DB.6.0.140
2025-07-10 13:51:25,875 [INFO] McuFinderGlobals:63 - Set McuFinder mode to 2 (CubeIDE integrated)
2025-07-10 13:51:25,884 [INFO] UserAuth:486 - Internet connection configuration mode: 1
2025-07-10 13:51:25,916 [INFO] JxBrowserEngine:152 - Initiate JxBrowser Engine with user profile folder
2025-07-10 13:51:25,916 [INFO] ServerAccessManage:473 - Download File updaters.zip
2025-07-10 13:51:26,004 [INFO] FileExtend:242 - Unzip File : updaters.zip
2025-07-10 13:51:26,005 [INFO] FileExtend:257 - Standard Zip Deflate
2025-07-10 13:51:26,258 [WARN] MainUpdater:1193 - Updater busy. Cannot search thirdparties
2025-07-10 13:51:26,259 [INFO] ThirdPartyUpdaterWithRetryManager:96 - Updater plugin is busy. [1/15]
2025-07-10 13:51:26,830 [INFO] ServerAccessManage:473 - Download File PacksControlFlags.xml
2025-07-10 13:51:27,071 [INFO] ServerAccessManage:473 - Download File cubemx.pidx
2025-07-10 13:51:28,941 [INFO] ServerAccessManage:473 - Download File STMicroelectronics.X-CUBE-NFC12.pdsc
2025-07-10 13:51:29,219 [INFO] WebApp:169 - Instantiating new browser for Auth
2025-07-10 13:51:29,260 [WARN] MainUpdater:1193 - Updater busy. Cannot search thirdparties
2025-07-10 13:51:29,260 [INFO] ThirdPartyUpdaterWithRetryManager:96 - Updater plugin is busy. [2/15]
2025-07-10 13:51:29,421 [INFO] ServerAccessManage:473 - Download File STMicroelectronics.X-CUBE-AZRTOS-H7.pdsc
2025-07-10 13:51:30,327 [INFO] WebApp:463 - Apply proxy settings
2025-07-10 13:51:30,327 [INFO] WebApp:548 - Chromium requires no authentication
2025-07-10 13:51:30,357 [INFO] WebApp:491 - Direct internet connection detected
2025-07-10 13:51:30,420 [INFO] WebApp:894 - Register for checkConnection events
2025-07-10 13:51:30,420 [INFO] WebApp:463 - Apply proxy settings
2025-07-10 13:51:30,420 [INFO] WebApp:548 - Chromium requires no authentication
2025-07-10 13:51:30,421 [INFO] WebApp:491 - Direct internet connection detected
2025-07-10 13:51:30,722 [INFO] WebApp:191 - Connection restablished
2025-07-10 13:51:30,770 [WARN] PackLoader:240 - Cannot read IP mode file for STMicroelectronics.X-CUBE-NFC12.1.0.0
2025-07-10 13:51:30,808 [WARN] PackLoader:240 - Cannot read IP mode file for STMicroelectronics.X-CUBE-AZRTOS-H7.3.4.0
2025-07-10 13:51:30,813 [INFO] PopulateThirdPartyThread:66 - Ending populate Thread
2025-07-10 13:51:30,815 [INFO] ThirdParty:1030 - CMSIS Pack Vendor :STMicroelectronics X-CUBE-AZRTOS-H7 3.4.0
2025-07-10 13:51:30,815 [INFO] ThirdParty:1030 - CMSIS Pack Vendor :STMicroelectronics X-CUBE-NFC12 1.0.0
2025-07-10 13:51:30,815 [INFO] LoadServerUpdatesThread:375 - End of LoadServerUpdate Thread
2025-07-10 13:51:30,866 [INFO] WebApp:225 - Starting web application
2025-07-10 13:51:30,866 [INFO] WebApp:593 - Web application path used C:\ST\STM32CubeIDE_1.18.0\STM32CubeIDE\plugins\com.st.stm32cube.common.mx_6.14.0.202502271554\db\plugins\mcufinder\reactClient1\index.html
2025-07-10 13:51:30,898 [INFO] CheckServerUpdateThread:120 - End of CheckServer Thread
2025-07-10 13:51:31,064 [INFO] UserAuth:486 - Internet connection configuration mode: 1
2025-07-10 13:51:32,486 [WARN] PackLoader:240 - Cannot read IP mode file for STMicroelectronics.FP-SNS-MOTENVWB1.1.4.0
2025-07-10 13:51:32,492 [WARN] PackLoader:240 - Cannot read IP mode file for STMicroelectronics.FP-ATR-ASTRA1.2.0.2
2025-07-10 13:51:32,505 [WARN] PackLoader:240 - Cannot read IP mode file for STMicroelectronics.X-CUBE-SMBUS.2.1.0
2025-07-10 13:51:32,521 [WARN] PackLoader:240 - Cannot read IP mode file for STMicroelectronics.X-CUBE-WB05N.1.1.0
2025-07-10 13:51:32,535 [WARN] PackLoader:240 - Cannot read IP mode file for STMicroelectronics.X-CUBE-ST60.1.0.0
2025-07-10 13:51:32,573 [WARN] PackLoader:240 - Cannot read IP mode file for STMicroelectronics.X-CUBE-AZRTOS-F7.1.1.0
2025-07-10 13:51:32,591 [WARN] PackLoader:240 - Cannot read IP mode file for STMicroelectronics.FP-SNS-FLIGHT1.5.0.2
2025-07-10 13:51:32,623 [WARN] PackLoader:240 - Cannot read IP mode file for Infineon.AIROC-Wi-Fi-Bluetooth-STM32.1.7.0
2025-07-10 13:51:32,647 [WARN] PackLoader:240 - Cannot read IP mode file for STMicroelectronics.X-CUBE-AZRTOS-H7.3.4.0
2025-07-10 13:51:32,667 [WARN] PackLoader:240 - Cannot read IP mode file for STMicroelectronics.X-CUBE-DISPLAY.3.0.0
2025-07-10 13:51:32,694 [WARN] PackLoader:240 - Cannot read IP mode file for STMicroelectronics.X-CUBE-NFC10.1.0.0
2025-07-10 13:51:32,715 [WARN] PackLoader:240 - Cannot read IP mode file for STMicroelectronics.X-CUBE-BLEMGR.4.0.0
2025-07-10 13:51:32,737 [WARN] PackLoader:240 - Cannot read IP mode file for emotas.I-CUBE-CANOPEN.1.3.0
2025-07-10 13:51:32,743 [WARN] ConditionMgr:438 - getConditionDescription Invalid condition id : Cortex-A Device cause : null
2025-07-10 13:51:32,768 [WARN] ConditionMgr:1044 - genDependencies : Invalid condition id : Cortex-A Device cause : null
2025-07-10 13:51:32,768 [WARN] ConditionMgr:1044 - genDependencies : Invalid condition id : Cortex-A Device cause : null
2025-07-10 13:51:32,769 [WARN] ConditionMgr:1044 - genDependencies : Invalid condition id : Cortex-A Device cause : null
2025-07-10 13:51:32,786 [WARN] PackLoader:240 - Cannot read IP mode file for STMicroelectronics.X-CUBE-AI.10.0.0
2025-07-10 13:51:32,803 [WARN] PackLoader:240 - Cannot read IP mode file for STMicroelectronics.FP-SNS-SMARTAG2.1.2.0
2025-07-10 13:51:32,808 [WARN] PackLoader:240 - Cannot read IP mode file for STMicroelectronics.FP-SNS-FLIGHT1.5.1.0
2025-07-10 13:51:32,866 [WARN] PackLoader:240 - Cannot read IP mode file for STMicroelectronics.X-CUBE-MEMS1.11.1.0
2025-07-10 13:51:33,026 [INFO] LogOutputStream:77 - [STDOUT_REDIRECT] 1 : Invalid condition id : UX_CORESTACK_Condition cause : null
2025-07-10 13:51:33,027 [INFO] LogOutputStream:77 - [STDOUT_REDIRECT] 1 : Invalid condition id : UX_CORESTACK_Condition cause : null
2025-07-10 13:51:33,028 [INFO] LogOutputStream:77 - [STDOUT_REDIRECT] 1 : Invalid condition id : UX_CORESTACK_Condition cause : null
2025-07-10 13:51:33,029 [INFO] LogOutputStream:77 - [STDOUT_REDIRECT] 1 : Invalid condition id : UX_CORESTACK_Condition cause : null
2025-07-10 13:51:33,030 [INFO] LogOutputStream:77 - [STDOUT_REDIRECT] 1 : Invalid condition id : UX_CORESTACK_Condition cause : null
2025-07-10 13:51:33,032 [WARN] PackLoader:240 - Cannot read IP mode file for STMicroelectronics.X-CUBE-AZRTOS-WL.2.0.0
2025-07-10 13:51:33,050 [WARN] PackLoader:240 - Cannot read IP mode file for STMicroelectronics.FP-SNS-MOTENV1.5.0.0
2025-07-10 13:51:33,069 [WARN] PackLoader:240 - Cannot read IP mode file for WES.I-CUBE-Cesium.1.3.0
2025-07-10 13:51:33,087 [WARN] PackLoader:240 - Cannot read IP mode file for STMicroelectronics.X-CUBE-BLE2.3.3.0
2025-07-10 13:51:33,102 [WARN] PackLoader:240 - Cannot read IP mode file for STMicroelectronics.X-CUBE-NFC9.1.0.0
2025-07-10 13:51:33,120 [WARN] PackLoader:240 - Cannot read IP mode file for STMicroelectronics.X-CUBE-BLE1.7.1.0
2025-07-10 13:51:33,125 [WARN] PackLoader:240 - Cannot read IP mode file for wolfSSL.I-CUBE-wolfMQTT.1.19.2
2025-07-10 13:51:33,138 [WARN] PackLoader:240 - Cannot read IP mode file for STMicroelectronics.X-CUBE-AI.10.1.0
2025-07-10 13:51:33,193 [WARN] PackLoader:240 - Cannot read IP mode file for STMicroelectronics.X-CUBE-MEMS1.11.2.0
2025-07-10 13:51:33,324 [WARN] PackLoader:240 - Cannot read IP mode file for STMicroelectronics.X-CUBE-AZRTOS-G0.1.1.0
2025-07-10 13:51:33,342 [WARN] PackLoader:240 - Cannot read IP mode file for STMicroelectronics.X-CUBE-SAFEA1.1.2.2
2025-07-10 13:51:33,363 [WARN] PackLoader:240 - Cannot read IP mode file for STMicroelectronics.X-CUBE-NFC4.3.0.0
2025-07-10 13:51:33,384 [WARN] PackLoader:240 - Cannot read IP mode file for EmbeddedOffice.I-CUBE-FS-RTOS.1.0.1
2025-07-10 13:51:33,400 [WARN] PackLoader:240 - Cannot read IP mode file for STMicroelectronics.X-CUBE-WB05N.2.0.0
2025-07-10 13:51:33,405 [WARN] PackLoader:240 - Cannot read IP mode file for wolfSSL.I-CUBE-wolfTPM.3.8.0
2025-07-10 13:51:33,426 [WARN] PackLoader:240 - Cannot read IP mode file for STMicroelectronics.X-CUBE-TCPP.4.2.0
2025-07-10 13:51:33,442 [WARN] PackLoader:240 - Cannot read IP mode file for RealThread.X-CUBE-RT-Thread_Nano.4.1.1
2025-07-10 13:51:33,447 [WARN] PackLoader:240 - Cannot read IP mode file for STMicroelectronics.FP-ATR-SIGFOX1.3.2.0
2025-07-10 13:51:33,464 [WARN] PackLoader:240 - Cannot read IP mode file for STMicroelectronics.X-CUBE-EEPRMA1.5.1.0
2025-07-10 13:51:33,482 [WARN] PackLoader:240 - Cannot read IP mode file for wolfSSL.I-CUBE-wolfSSL.5.7.6
2025-07-10 13:51:33,504 [WARN] PackLoader:240 - Cannot read IP mode file for ITTIA_DB.I-CUBE-ITTIADB.8.9.0
2025-07-10 13:51:33,520 [WARN] PackLoader:240 - Cannot read IP mode file for STMicroelectronics.X-CUBE-ST67W61.1.0.0
2025-07-10 13:51:33,554 [WARN] PackLoader:240 - Cannot read IP mode file for SEGGER.I-CUBE-embOS.1.3.1
2025-07-10 13:51:33,606 [WARN] PackLoader:240 - Cannot read IP mode file for STMicroelectronics.X-CUBE-ALGOBUILD.1.4.0
2025-07-10 13:51:33,686 [WARN] PackLoader:240 - Cannot read IP mode file for STMicroelectronics.X-CUBE-MEMS1.11.3.0
2025-07-10 13:51:33,789 [WARN] PackLoader:240 - Cannot read IP mode file for STMicroelectronics.X-CUBE-PM33A1.1.0.0
2025-07-10 13:51:33,824 [WARN] PackLoader:240 - Cannot read IP mode file for STMicroelectronics.X-CUBE-AZRTOS-F4.1.1.0
2025-07-10 13:51:33,830 [WARN] PackLoader:240 - Cannot read IP mode file for Avnet-IotConnect.X-CUBE-IoTC-DA16k-PMOD.1.0.0
2025-07-10 13:51:33,843 [WARN] PackLoader:240 - Cannot read IP mode file for STMicroelectronics.X-CUBE-ISPU.2.1.0
2025-07-10 13:51:33,847 [WARN] PackLoader:240 - Cannot read IP mode file for STMicroelectronics.X-CUBE-NFC12.1.0.0
2025-07-10 13:51:33,881 [WARN] PackLoader:240 - Cannot read IP mode file for STMicroelectronics.X-CUBE-AZRTOS-L5.2.0.0
2025-07-10 13:51:33,900 [WARN] PackLoader:240 - Cannot read IP mode file for STMicroelectronics.X-CUBE-NFC6.3.1.0
2025-07-10 13:51:33,917 [WARN] PackLoader:240 - Cannot read IP mode file for STMicroelectronics.X-CUBE-DPower.1.2.0
2025-07-10 13:51:33,935 [WARN] PackLoader:240 - Cannot read IP mode file for STMicroelectronics.X-CUBE-FREERTOS.1.3.1
2025-07-10 13:51:33,950 [WARN] PackLoader:240 - Cannot read IP mode file for STMicroelectronics.X-CUBE-FREERTOS.1.3.0
2025-07-10 13:51:33,967 [WARN] PackLoader:240 - Cannot read IP mode file for STMicroelectronics.X-CUBE-NFC7.1.0.1
2025-07-10 13:51:33,985 [WARN] PackLoader:240 - Cannot read IP mode file for STMicroelectronics.FP-SNS-STAIOTCFT.1.0.0
2025-07-10 13:51:34,001 [WARN] PackLoader:240 - Cannot read IP mode file for STMicroelectronics.X-CUBE-DPower.1.3.0
2025-07-10 13:51:34,039 [WARN] ConditionMgr:438 - getConditionDescription Invalid condition id : LAN8742 Phy interface Condition cause : null
2025-07-10 13:51:34,039 [WARN] PackLoader:240 - Cannot read IP mode file for STMicroelectronics.X-CUBE-AZRTOS-L4.2.0.0
2025-07-10 13:51:34,041 [WARN] ConditionMgr:1044 - genDependencies : Invalid condition id : LAN8742 Phy interface Condition cause : null
2025-07-10 13:51:34,041 [WARN] ConditionMgr:1044 - genDependencies : Invalid condition id : LAN8742 Phy interface Condition cause : null
2025-07-10 13:51:34,041 [WARN] ConditionMgr:1044 - genDependencies : Invalid condition id : LAN8742 Phy interface Condition cause : null
2025-07-10 13:51:34,063 [WARN] PackLoader:240 - Cannot read IP mode file for STMicroelectronics.X-CUBE-SFXS2LP1.4.0.0
2025-07-10 13:51:34,099 [WARN] PackLoader:240 - Cannot read IP mode file for STMicroelectronics.X-CUBE-AZRTOS-H7.3.3.0
2025-07-10 13:51:34,128 [WARN] ConditionMgr:438 - getConditionDescription Invalid condition id : UX DEVICE CLASS RTOS Condition cause : null
2025-07-10 13:51:34,128 [WARN] ConditionMgr:438 - getConditionDescription Invalid condition id : UX DEVICE CLASS RTOS Condition cause : null
2025-07-10 13:51:34,130 [WARN] PackLoader:240 - Cannot read IP mode file for STMicroelectronics.X-CUBE-AZRTOS-WB.2.0.0
2025-07-10 13:51:34,130 [WARN] ConditionMgr:1044 - genDependencies : Invalid condition id : UX DEVICE CLASS RTOS Condition cause : null
2025-07-10 13:51:34,130 [WARN] ConditionMgr:1044 - genDependencies : Invalid condition id : UX DEVICE CLASS RTOS Condition cause : null
2025-07-10 13:51:34,131 [WARN] ConditionMgr:1044 - genDependencies : Invalid condition id : UX DEVICE CLASS RTOS Condition cause : null
2025-07-10 13:51:34,131 [WARN] ConditionMgr:1044 - genDependencies : Invalid condition id : UX DEVICE CLASS RTOS Condition cause : null
2025-07-10 13:51:34,131 [WARN] ConditionMgr:1044 - genDependencies : Invalid condition id : UX DEVICE CLASS RTOS Condition cause : null
2025-07-10 13:51:34,149 [WARN] PackLoader:240 - Cannot read IP mode file for STMicroelectronics.X-CUBE-GNSS1.7.0.1
2025-07-10 13:51:34,171 [WARN] PackLoader:240 - Cannot read IP mode file for STMicroelectronics.X-CUBE-TOUCHGFX.4.25.0
2025-07-10 13:51:34,186 [WARN] PackLoader:240 - Cannot read IP mode file for STMicroelectronics.FP-SNS-STBOX1.2.0.0
2025-07-10 13:51:34,211 [WARN] PackLoader:240 - Cannot read IP mode file for STMicroelectronics.X-CUBE-SUBG2.5.0.0
2025-07-10 13:51:34,242 [WARN] PackLoader:240 - Cannot read IP mode file for STMicroelectronics.X-CUBE-AZRTOS-H7RS.1.1.0
2025-07-10 13:51:34,249 [WARN] PackLoader:240 - Cannot read IP mode file for Cesanta.I-CUBE-Mongoose.7.13.0
2025-07-10 13:51:34,280 [WARN] PackLoader:240 - Cannot read IP mode file for STMicroelectronics.X-CUBE-AZRTOS-G4.2.0.0
2025-07-10 13:51:34,286 [WARN] PackLoader:240 - Cannot read IP mode file for wolfSSL.I-CUBE-wolfSSH.1.4.20
2025-07-10 13:51:34,299 [WARN] PackLoader:240 - Cannot read IP mode file for STMicroelectronics.X-CUBE-NFC7.2.0.0
2025-07-10 13:51:34,319 [WARN] PackLoader:240 - Cannot read IP mode file for STMicroelectronics.X-CUBE-IPS.3.1.0
2025-07-10 13:51:34,341 [WARN] PackLoader:240 - Cannot read IP mode file for STMicroelectronics.X-CUBE-ALS.1.0.2
2025-07-10 13:51:34,356 [WARN] PackLoader:240 - Cannot read IP mode file for STMicroelectronics.X-CUBE-TOUCHGFX.4.24.2
2025-07-10 13:51:34,377 [WARN] PackLoader:240 - Cannot read IP mode file for portGmbH.I-Cube-SoM-uGOAL.1.1.0
2025-07-10 13:51:34,413 [WARN] PackLoader:240 - Cannot read IP mode file for STMicroelectronics.X-CUBE-AZRTOS-H7RS.1.0.0
2025-07-10 13:51:34,439 [WARN] PackLoader:240 - Cannot read IP mode file for STMicroelectronics.X-CUBE-TOF1.3.4.2
2025-07-10 13:51:34,470 [WARN] PackLoader:240 - Cannot read IP mode file for STMicroelectronics.X-CUBE-TOF1.3.4.3
2025-07-10 13:51:34,477 [INFO] ThirdParty:978 - Integrity check success = true
2025-07-10 13:51:34,477 [INFO] IntegrityCheckThread:100 - exiting critical section [integrity check]
2025-07-10 13:51:34,477 [INFO] IntegrityCheckThread:103 - End integrity checks thread
2025-07-10 16:22:49,389 [INFO] WebApp:194 - Connection lost
2025-07-10 16:22:49,570 [INFO] WebApp:191 - Connection restablished
2025-07-10 16:22:51,491 [INFO] WebApp:194 - Connection lost
2025-07-10 16:22:51,596 [INFO] WebApp:191 - Connection restablished
2025-07-10 16:22:54,529 [INFO] WebApp:194 - Connection lost
2025-07-10 16:22:54,631 [INFO] WebApp:191 - Connection restablished
2025-07-10 22:57:18,894 [INFO] WebApp:194 - Connection lost
2025-07-10 22:57:21,907 [INFO] WebApp:191 - Connection restablished
2025-07-10 22:57:24,755 [INFO] WebApp:194 - Connection lost
2025-07-10 22:57:24,891 [INFO] WebApp:191 - Connection restablished
