2025-07-26 01:00:25,079 [ERROR] LogOutputStream:75 - [STDERR_REDIRECT] 
2025-07-26 16:15:43,973 [INFO] Activator:176 - 


2025-07-26 16:15:43,975 [INFO] Activator:177 - !SESSION log4j initialized
2025-07-26 16:15:50,067 [INFO] LogOutputStream:77 - [STDOUT_REDIRECT] 
2025-07-26 16:15:59,876 [INFO] ApplicationProperties:184 - Using Application install path: C:\ST\STM32CubeIDE_1.18.0\STM32CubeIDE\plugins\com.st.stm32cube.common.mx_6.14.0.202502271554
2025-07-26 16:15:59,897 [INFO] DbMcusXml:78 - Set database path to: C:\ST\STM32CubeIDE_1.18.0\STM32CubeIDE\plugins\com.st.stm32cube.common.mx_6.14.0.202502271554\\db\/mcu/
2025-07-26 16:15:59,897 [INFO] ApiDb:274 - Set plugin database path to: C:\ST\STM32CubeIDE_1.18.0\STM32CubeIDE\plugins\com.st.stm32cube.common.mx_6.14.0.202502271554\\db\/plugins/boardmanager/
2025-07-26 16:15:59,897 [WARN] ApiDb:259 - Overriding images path with different value:  => C:\ST\STM32CubeIDE_1.18.0\STM32CubeIDE\plugins\com.st.stm32cube.common.mx_6.14.0.202502271554\\db\/plugins/mcufinder/images/
2025-07-26 16:15:59,906 [INFO] ApiDb:250 - Set database path to: C:\Users\marcv\.stmcufinder\plugins\mcufinder//mcu/
2025-07-26 16:15:59,907 [INFO] DbMcusAds:125 - Set database path to: C:\Users\marcv\.stmcufinder\plugins\mcufinder//mcu/
2025-07-26 16:15:59,910 [INFO] CrossReferenceDbSqlite:203 - Set database path to: C:\Users\marcv\.stmcufinder\plugins\mcufinder//mcu/cs/
2025-07-26 16:16:00,023 [INFO] RulesReader:64 - Compatibility file has been processed (301 Rules)
2025-07-26 16:16:00,104 [INFO] DbMcusXml:78 - Set database path to: C:\ST\STM32CubeIDE_1.18.0\STM32CubeIDE\plugins\com.st.stm32cube.common.mx_6.14.0.202502271554\\db\/mcu/
2025-07-26 16:16:00,104 [INFO] ApiDb:274 - Set plugin database path to: C:\ST\STM32CubeIDE_1.18.0\STM32CubeIDE\plugins\com.st.stm32cube.common.mx_6.14.0.202502271554\\db\/plugins/boardmanager/
2025-07-26 16:16:00,105 [INFO] ApiDb:261 - Set plugin images path to: C:\ST\STM32CubeIDE_1.18.0\STM32CubeIDE\plugins\com.st.stm32cube.common.mx_6.14.0.202502271554\\db\/plugins/mcufinder/images/
2025-07-26 16:16:00,105 [WARN] DbFile:41 - Overriding database path with different value: C:\Users\marcv\.stmcufinder\plugins\mcufinder/ => C:\Users\marcv\.stmcufinder\plugins\mcufinder
2025-07-26 16:16:00,105 [INFO] ApiDb:250 - Set database path to: C:\Users\marcv\.stmcufinder\plugins\mcufinder//mcu/
2025-07-26 16:16:00,105 [WARN] DbFile:41 - Overriding database path with different value: C:\Users\marcv\.stmcufinder\plugins\mcufinder/ => C:\Users\marcv\.stmcufinder\plugins\mcufinder
2025-07-26 16:16:00,105 [INFO] DbMcusAds:125 - Set database path to: C:\Users\marcv\.stmcufinder\plugins\mcufinder//mcu/
2025-07-26 16:16:00,105 [WARN] DbFile:41 - Overriding database path with different value: C:\Users\marcv\.stmcufinder\plugins\mcufinder/ => C:\Users\marcv\.stmcufinder\plugins\mcufinder
2025-07-26 16:16:00,105 [WARN] DbFile:41 - Overriding database path with different value: C:\Users\marcv\.stmcufinder\plugins\mcufinder/ => C:\Users\marcv\.stmcufinder\plugins\mcufinder
2025-07-26 16:16:00,105 [INFO] CrossReferenceDbSqlite:203 - Set database path to: C:\Users\marcv\.stmcufinder\plugins\mcufinder//mcu/cs/
2025-07-26 16:16:00,183 [INFO] MainPanel:272 - HeapMemory: 268435456
2025-07-26 16:16:00,318 [INFO] DbMcusXml:78 - Set database path to: C:\ST\STM32CubeIDE_1.18.0\STM32CubeIDE\plugins\com.st.stm32cube.common.mx_6.14.0.202502271554\\db\/mcu/
2025-07-26 16:16:00,318 [INFO] ApiDb:274 - Set plugin database path to: C:\ST\STM32CubeIDE_1.18.0\STM32CubeIDE\plugins\com.st.stm32cube.common.mx_6.14.0.202502271554\\db\/plugins/boardmanager/
2025-07-26 16:16:00,318 [INFO] ApiDb:261 - Set plugin images path to: C:\ST\STM32CubeIDE_1.18.0\STM32CubeIDE\plugins\com.st.stm32cube.common.mx_6.14.0.202502271554\\db\/plugins/mcufinder/images/
2025-07-26 16:16:00,318 [WARN] DbFile:41 - Overriding database path with different value: C:\Users\marcv\.stmcufinder\plugins\mcufinder/ => C:\Users\marcv\.stmcufinder\plugins\mcufinder
2025-07-26 16:16:00,318 [INFO] ApiDb:250 - Set database path to: C:\Users\marcv\.stmcufinder\plugins\mcufinder//mcu/
2025-07-26 16:16:00,318 [WARN] DbFile:41 - Overriding database path with different value: C:\Users\marcv\.stmcufinder\plugins\mcufinder/ => C:\Users\marcv\.stmcufinder\plugins\mcufinder
2025-07-26 16:16:00,318 [INFO] DbMcusAds:125 - Set database path to: C:\Users\marcv\.stmcufinder\plugins\mcufinder//mcu/
2025-07-26 16:16:00,318 [WARN] DbFile:41 - Overriding database path with different value: C:\Users\marcv\.stmcufinder\plugins\mcufinder/ => C:\Users\marcv\.stmcufinder\plugins\mcufinder
2025-07-26 16:16:00,319 [WARN] DbFile:41 - Overriding database path with different value: C:\Users\marcv\.stmcufinder\plugins\mcufinder/ => C:\Users\marcv\.stmcufinder\plugins\mcufinder
2025-07-26 16:16:00,319 [INFO] CrossReferenceDbSqlite:203 - Set database path to: C:\Users\marcv\.stmcufinder\plugins\mcufinder//mcu/cs/
2025-07-26 16:16:00,338 [INFO] ApplicationProperties:184 - Using Application install path: C:\ST\STM32CubeIDE_1.18.0\STM32CubeIDE\plugins\com.st.stm32cube.common.mx_6.14.0.202502271554
2025-07-26 16:16:00,339 [INFO] PluginManage:196 - Search for loadable plugins [exclusion list=, ]
2025-07-26 16:16:00,340 [INFO] PluginManage:310 - Check plugin analytics
2025-07-26 16:16:05,044 [INFO] AnalyticsPlugin:253 - Accepted Software Licenses: 
2025-07-26 16:16:05,044 [INFO] AnalyticsPlugin:255 - Accepted CMSIS Pack Licenses: 
2025-07-26 16:16:05,044 [INFO] AnalyticsPlugin:257 - Accepted Firmware Licenses: FW.H7.1.12.0
2025-07-26 16:16:05,046 [INFO] PluginManage:359 - Loaded plugin analytics (category:tool,tabindex:-1)
2025-07-26 16:16:05,046 [INFO] PluginManage:310 - Check plugin cadmodel
2025-07-26 16:16:05,067 [INFO] CADModel:105 - Init CAD model plugin
2025-07-26 16:16:05,067 [INFO] PluginManage:359 - Loaded plugin cadmodel (category:power,tabindex:5)
2025-07-26 16:16:05,067 [INFO] PluginManage:310 - Check plugin clock
2025-07-26 16:16:05,089 [INFO] PluginManage:359 - Loaded plugin clock (category:base,tabindex:2)
2025-07-26 16:16:05,090 [INFO] PluginManage:310 - Check plugin ddr
2025-07-26 16:16:05,092 [INFO] PluginManage:359 - Loaded plugin ddr (category:tool,tabindex:6)
2025-07-26 16:16:05,092 [INFO] PluginManage:310 - Check plugin filemanager
2025-07-26 16:16:05,227 [INFO] PluginManage:359 - Loaded plugin filemanager (category:base,tabindex:10)
2025-07-26 16:16:05,227 [INFO] PluginManage:310 - Check plugin ipmanager
2025-07-26 16:16:05,233 [INFO] PluginManage:359 - Loaded plugin ipmanager (category:base,tabindex:5)
2025-07-26 16:16:05,234 [INFO] PluginManage:310 - Check plugin lpbam
2025-07-26 16:16:05,255 [INFO] PluginManage:359 - Loaded plugin lpbam (category:base,tabindex:0)
2025-07-26 16:16:05,256 [INFO] PluginManage:310 - Check plugin memorymap
2025-07-26 16:16:05,283 [INFO] PluginManage:359 - Loaded plugin memorymap (category:base,tabindex:4)
2025-07-26 16:16:05,283 [INFO] PluginManage:310 - Check plugin pinoutandconfiguration
2025-07-26 16:16:05,304 [INFO] PluginManage:359 - Loaded plugin pinoutandconfiguration (category:base,tabindex:1)
2025-07-26 16:16:05,304 [INFO] PluginManage:310 - Check plugin pinoutconfig
2025-07-26 16:16:05,397 [WARN] SupportedApi:132 - Cannot load RTOS API schema: s4s-elt-must-match.1: The content of 'definitions' must match (annotation?, (simpleType | complexType)?, (unique | key | keyref)*)). A problem was found starting at: attribute.
2025-07-26 16:16:05,521 [INFO] PluginManage:359 - Loaded plugin pinoutconfig (category:base,tabindex:0)
2025-07-26 16:16:05,522 [INFO] PluginManage:310 - Check plugin power
2025-07-26 16:16:05,545 [INFO] PluginManage:359 - Loaded plugin power (category:power,tabindex:4)
2025-07-26 16:16:05,545 [INFO] PluginManage:310 - Check plugin projectmanager
2025-07-26 16:16:05,557 [INFO] PluginManage:359 - Loaded plugin projectmanager (category:projectmanager,tabindex:4)
2025-07-26 16:16:05,557 [INFO] PluginManage:310 - Check plugin rif
2025-07-26 16:16:05,579 [INFO] PluginManage:359 - Loaded plugin rif (category:base,tabindex:3)
2025-07-26 16:16:05,579 [INFO] PluginManage:310 - Check plugin thirdparty
2025-07-26 16:16:05,878 [INFO] PluginManage:359 - Loaded plugin thirdparty (category:base,tabindex:-1)
2025-07-26 16:16:05,878 [INFO] PluginManage:310 - Check plugin tools
2025-07-26 16:16:05,878 [WARN] IntegrityCheckThread:84 - waiting for thirdparty lock release [integrity check]
2025-07-26 16:16:05,878 [INFO] IntegrityCheckThread:86 - entering critical section [integrity check]
2025-07-26 16:16:05,878 [INFO] ThirdPartyUpdaterWithRetryManager:70 - Updater plugin not ready yet. [1/15]
2025-07-26 16:16:05,919 [INFO] PluginManage:359 - Loaded plugin tools (category:base,tabindex:7)
2025-07-26 16:16:05,919 [INFO] PluginManage:310 - Check plugin tutovideos
2025-07-26 16:16:06,103 [INFO] PluginManage:359 - Loaded plugin tutovideos (category:base,tabindex:-1)
2025-07-26 16:16:06,103 [INFO] PluginManage:310 - Check plugin updater
2025-07-26 16:16:06,123 [INFO] PluginManage:359 - Loaded plugin updater (category:base,tabindex:12)
2025-07-26 16:16:06,123 [INFO] PluginManage:310 - Check plugin userauth
2025-07-26 16:16:06,127 [INFO] UserAuth:118 - Init User Auth plugin
2025-07-26 16:16:06,128 [INFO] PluginManage:359 - Loaded plugin userauth (category:base,tabindex:14)
2025-07-26 16:16:06,129 [INFO] PluginManage:283 - PluginManage : Loaded plugins [18]
2025-07-26 16:16:06,327 [INFO] PinOutPanel:1589 - setPackage(No Configuration,No Configuration)
2025-07-26 16:16:06,402 [INFO] CADModel:165 - CPN selected for project level
2025-07-26 16:16:06,402 [INFO] CADModel:114 - Register for checkConnection events
2025-07-26 16:16:06,430 [INFO] IPUIPlugin:80 - create IPUIPlugin
2025-07-26 16:16:06,430 [INFO] PluginManager:220 - loadIPPluginJar : add adc
2025-07-26 16:16:06,471 [INFO] IPUIPlugin:80 - create IPUIPlugin
2025-07-26 16:16:06,471 [INFO] PluginManager:220 - loadIPPluginJar : add aes
2025-07-26 16:16:06,519 [INFO] IPUIPlugin:80 - create IPUIPlugin
2025-07-26 16:16:06,520 [INFO] PluginManager:220 - loadIPPluginJar : add can
2025-07-26 16:16:06,548 [INFO] IPUIPlugin:80 - create IPUIPlugin
2025-07-26 16:16:06,548 [INFO] PluginManager:220 - loadIPPluginJar : add comp
2025-07-26 16:16:06,589 [INFO] IPUIPlugin:80 - create IPUIPlugin
2025-07-26 16:16:06,589 [INFO] PluginManager:220 - loadIPPluginJar : add cryp
2025-07-26 16:16:06,605 [INFO] IPUIPlugin:80 - create IPUIPlugin
2025-07-26 16:16:06,605 [INFO] PluginManager:220 - loadIPPluginJar : add ddr_ctrl_phy
2025-07-26 16:16:06,640 [INFO] IPUIPlugin:80 - create IPUIPlugin
2025-07-26 16:16:06,640 [INFO] PluginManager:220 - loadIPPluginJar : add dfsdm
2025-07-26 16:16:06,657 [INFO] IPUIPlugin:80 - create IPUIPlugin
2025-07-26 16:16:06,657 [INFO] PluginManager:220 - loadIPPluginJar : add dma
2025-07-26 16:16:06,702 [INFO] IPUIPlugin:80 - create IPUIPlugin
2025-07-26 16:16:06,702 [INFO] PluginManager:220 - loadIPPluginJar : add dma3
2025-07-26 16:16:06,751 [INFO] IPUIPlugin:80 - create IPUIPlugin
2025-07-26 16:16:06,752 [INFO] PluginManager:220 - loadIPPluginJar : add extmemmanager
2025-07-26 16:16:06,776 [INFO] IPUIPlugin:80 - create IPUIPlugin
2025-07-26 16:16:06,776 [INFO] PluginManager:220 - loadIPPluginJar : add fatfs
2025-07-26 16:16:06,830 [INFO] IPUIPlugin:80 - create IPUIPlugin
2025-07-26 16:16:06,830 [INFO] PluginManager:220 - loadIPPluginJar : add fmc
2025-07-26 16:16:06,848 [INFO] IPUIPlugin:80 - create IPUIPlugin
2025-07-26 16:16:06,848 [INFO] PluginManager:220 - loadIPPluginJar : add freertos
2025-07-26 16:16:06,873 [INFO] IPUIPlugin:80 - create IPUIPlugin
2025-07-26 16:16:06,873 [INFO] PluginManager:220 - loadIPPluginJar : add genericplugin
2025-07-26 16:16:06,987 [INFO] IPUIPlugin:80 - create IPUIPlugin
2025-07-26 16:16:06,987 [INFO] PluginManager:220 - loadIPPluginJar : add gfxmmu
2025-07-26 16:16:07,135 [INFO] IPUIPlugin:80 - create IPUIPlugin
2025-07-26 16:16:07,135 [INFO] PluginManager:220 - loadIPPluginJar : add gic
2025-07-26 16:16:07,151 [INFO] IPUIPlugin:80 - create IPUIPlugin
2025-07-26 16:16:07,151 [INFO] PluginManager:220 - loadIPPluginJar : add gpio
2025-07-26 16:16:07,253 [INFO] IPUIPlugin:80 - create IPUIPlugin
2025-07-26 16:16:07,253 [INFO] PluginManager:220 - loadIPPluginJar : add gtzc
2025-07-26 16:16:07,291 [INFO] IPUIPlugin:80 - create IPUIPlugin
2025-07-26 16:16:07,291 [INFO] PluginManager:220 - loadIPPluginJar : add hash
2025-07-26 16:16:07,351 [INFO] IPUIPlugin:80 - create IPUIPlugin
2025-07-26 16:16:07,352 [INFO] PluginManager:220 - loadIPPluginJar : add i2c
2025-07-26 16:16:07,396 [INFO] IPUIPlugin:80 - create IPUIPlugin
2025-07-26 16:16:07,396 [INFO] PluginManager:220 - loadIPPluginJar : add i2s
2025-07-26 16:16:07,445 [INFO] IPUIPlugin:80 - create IPUIPlugin
2025-07-26 16:16:07,445 [INFO] PluginManager:220 - loadIPPluginJar : add i3c
2025-07-26 16:16:07,556 [INFO] IPUIPlugin:80 - create IPUIPlugin
2025-07-26 16:16:07,556 [INFO] PluginManager:220 - loadIPPluginJar : add ipddr
2025-07-26 16:16:07,661 [INFO] IPUIPlugin:80 - create IPUIPlugin
2025-07-26 16:16:07,661 [INFO] PluginManager:220 - loadIPPluginJar : add linkedlist
2025-07-26 16:16:07,704 [INFO] IPUIPlugin:80 - create IPUIPlugin
2025-07-26 16:16:07,704 [INFO] PluginManager:220 - loadIPPluginJar : add lorawan
2025-07-26 16:16:07,752 [INFO] IPUIPlugin:80 - create IPUIPlugin
2025-07-26 16:16:07,752 [INFO] PluginManager:220 - loadIPPluginJar : add ltdc
2025-07-26 16:16:07,770 [INFO] IPUIPlugin:80 - create IPUIPlugin
2025-07-26 16:16:07,770 [INFO] PluginManager:220 - loadIPPluginJar : add mdma
2025-07-26 16:16:07,787 [INFO] IPUIPlugin:80 - create IPUIPlugin
2025-07-26 16:16:07,787 [INFO] PluginManager:220 - loadIPPluginJar : add nvic
2025-07-26 16:16:07,832 [INFO] IPUIPlugin:80 - create IPUIPlugin
2025-07-26 16:16:07,832 [INFO] PluginManager:220 - loadIPPluginJar : add opamp
2025-07-26 16:16:07,902 [INFO] IPUIPlugin:80 - create IPUIPlugin
2025-07-26 16:16:07,902 [INFO] PluginManager:220 - loadIPPluginJar : add openamp
2025-07-26 16:16:07,952 [INFO] IPUIPlugin:80 - create IPUIPlugin
2025-07-26 16:16:07,952 [INFO] PluginManager:220 - loadIPPluginJar : add pdm2pcm
2025-07-26 16:16:07,969 [INFO] IPUIPlugin:80 - create IPUIPlugin
2025-07-26 16:16:07,971 [INFO] PluginManager:220 - loadIPPluginJar : add plateformsettings
2025-07-26 16:16:07,998 [INFO] IPUIPlugin:80 - create IPUIPlugin
2025-07-26 16:16:07,998 [INFO] PluginManager:220 - loadIPPluginJar : add quadspi
2025-07-26 16:16:08,030 [INFO] IPUIPlugin:80 - create IPUIPlugin
2025-07-26 16:16:08,030 [INFO] PluginManager:220 - loadIPPluginJar : add radio
2025-07-26 16:16:08,046 [INFO] IPUIPlugin:80 - create IPUIPlugin
2025-07-26 16:16:08,046 [INFO] PluginManager:220 - loadIPPluginJar : add resmgrutility
2025-07-26 16:16:08,100 [INFO] IPUIPlugin:80 - create IPUIPlugin
2025-07-26 16:16:08,101 [INFO] PluginManager:220 - loadIPPluginJar : add sai
2025-07-26 16:16:08,150 [INFO] IPUIPlugin:80 - create IPUIPlugin
2025-07-26 16:16:08,150 [INFO] PluginManager:220 - loadIPPluginJar : add spi
2025-07-26 16:16:08,243 [INFO] IPUIPlugin:80 - create IPUIPlugin
2025-07-26 16:16:08,243 [INFO] PluginManager:220 - loadIPPluginJar : add stm32_wpan
2025-07-26 16:16:08,272 [INFO] IPUIPlugin:80 - create IPUIPlugin
2025-07-26 16:16:08,272 [INFO] PluginManager:220 - loadIPPluginJar : add tim
2025-07-26 16:16:08,341 [INFO] IPUIPlugin:80 - create IPUIPlugin
2025-07-26 16:16:08,341 [INFO] PluginManager:220 - loadIPPluginJar : add touchsensing
2025-07-26 16:16:08,369 [INFO] IPUIPlugin:80 - create IPUIPlugin
2025-07-26 16:16:08,369 [INFO] PluginManager:220 - loadIPPluginJar : add tracer_emb
2025-07-26 16:16:08,398 [INFO] IPUIPlugin:80 - create IPUIPlugin
2025-07-26 16:16:08,399 [INFO] PluginManager:220 - loadIPPluginJar : add ts
2025-07-26 16:16:08,427 [INFO] IPUIPlugin:80 - create IPUIPlugin
2025-07-26 16:16:08,428 [INFO] PluginManager:220 - loadIPPluginJar : add tsc
2025-07-26 16:16:08,457 [INFO] IPUIPlugin:80 - create IPUIPlugin
2025-07-26 16:16:08,457 [INFO] PluginManager:220 - loadIPPluginJar : add ucpd
2025-07-26 16:16:08,506 [INFO] IPUIPlugin:80 - create IPUIPlugin
2025-07-26 16:16:08,507 [INFO] PluginManager:220 - loadIPPluginJar : add usart
2025-07-26 16:16:08,557 [INFO] IPUIPlugin:80 - create IPUIPlugin
2025-07-26 16:16:08,557 [INFO] PluginManager:220 - loadIPPluginJar : add usbx
2025-07-26 16:16:08,678 [FATAL] Updater:351 - Updater called before beeing initialized
2025-07-26 16:16:08,698 [INFO] RulesReader:64 - Compatibility file has been processed (301 Rules)
2025-07-26 16:16:08,707 [INFO] RulesReader:64 - Compatibility file has been processed (301 Rules)
2025-07-26 16:16:08,713 [INFO] CADModel:165 - CPN selected for project level
2025-07-26 16:16:08,713 [INFO] CADModel:114 - Register for checkConnection events
2025-07-26 16:16:08,713 [FATAL] Updater:351 - Updater called before beeing initialized
2025-07-26 16:16:08,713 [ERROR] CADModel:125 - Updater not yet initialized, retry later 
2025-07-26 16:16:08,843 [FATAL] Updater:351 - Updater called before beeing initialized
2025-07-26 16:16:08,845 [INFO] CADModel:165 - CPN selected for project level
2025-07-26 16:16:08,845 [INFO] CADModel:114 - Register for checkConnection events
2025-07-26 16:16:08,845 [FATAL] Updater:351 - Updater called before beeing initialized
2025-07-26 16:16:08,845 [ERROR] CADModel:125 - Updater not yet initialized, retry later 
2025-07-26 16:16:08,847 [FATAL] Updater:351 - Updater called before beeing initialized
2025-07-26 16:16:08,879 [INFO] ThirdPartyUpdaterWithRetryManager:70 - Updater plugin not ready yet. [2/15]
2025-07-26 16:16:08,943 [FATAL] Updater:351 - Updater called before beeing initialized
2025-07-26 16:16:08,955 [INFO] DbMcusAds:53 - JSON generation date=Thu Jun 19 10:32:37 CEST 2025 (1750321957418)
2025-07-26 16:16:08,955 [FATAL] Updater:351 - Updater called before beeing initialized
2025-07-26 16:16:08,998 [WARN] DetailPanel:346 - Failed to get advertising image, set to default
2025-07-26 16:16:09,226 [FATAL] Updater:351 - Updater called before beeing initialized
2025-07-26 16:16:09,228 [FATAL] Updater:351 - Updater called before beeing initialized
2025-07-26 16:16:09,228 [FATAL] Updater:351 - Updater called before beeing initialized
2025-07-26 16:16:09,228 [WARN] DetailPanel:346 - Failed to get advertising image, set to default
2025-07-26 16:16:09,228 [FATAL] Updater:351 - Updater called before beeing initialized
2025-07-26 16:16:09,282 [ERROR] Updater:1198 - MainUpdater not yet initialized. External WinMGr cannot be set.
2025-07-26 16:16:09,293 [INFO] Updater:1134 - Updater Version found : 6.14.0
2025-07-26 16:16:09,313 [INFO] ApplicationProperties:184 - Using Application install path: C:\ST\STM32CubeIDE_1.18.0\STM32CubeIDE\plugins\com.st.stm32cube.common.mx_6.14.0.202502271554
2025-07-26 16:16:10,888 [ERROR] LogOutputStream:75 - [STDERR_REDIRECT] Jul 26, 2025 4:16:10 PM java.util.prefs.WindowsPreferences <init>
2025-07-26 16:16:10,889 [ERROR] LogOutputStream:75 - [STDERR_REDIRECT] WARNING: Could not open/create prefs root node Software\JavaSoft\Prefs at root 0xffffffff80000002. Windows RegCreateKeyEx(...) returned error code 5.
2025-07-26 16:16:10,889 [ERROR] LogOutputStream:75 - [STDERR_REDIRECT] 
2025-07-26 16:16:11,181 [INFO] MainUpdater:2872 - connection check result : 10
2025-07-26 16:16:11,181 [INFO] MainUpdater:3566 - Updater definition file requires update
2025-07-26 16:16:11,182 [INFO] MainUpdater:289 - Updater Check For Update Now.
2025-07-26 16:16:11,182 [INFO] MicroXplorer:498 - Change Database Version : DB.6.0.140
2025-07-26 16:16:11,200 [INFO] McuFinderGlobals:63 - Set McuFinder mode to 2 (CubeIDE integrated)
2025-07-26 16:16:11,207 [INFO] UserAuth:486 - Internet connection configuration mode: 1
2025-07-26 16:16:11,235 [INFO] JxBrowserEngine:152 - Initiate JxBrowser Engine with user profile folder
2025-07-26 16:16:11,249 [INFO] ServerAccessManage:473 - Download File updaters.zip
2025-07-26 16:16:11,325 [INFO] FileExtend:242 - Unzip File : updaters.zip
2025-07-26 16:16:11,326 [INFO] FileExtend:257 - Standard Zip Deflate
2025-07-26 16:16:11,881 [WARN] MainUpdater:1193 - Updater busy. Cannot search thirdparties
2025-07-26 16:16:11,882 [INFO] ThirdPartyUpdaterWithRetryManager:96 - Updater plugin is busy. [1/15]
2025-07-26 16:16:12,156 [INFO] ServerAccessManage:473 - Download File PacksControlFlags.xml
2025-07-26 16:16:12,301 [INFO] ServerAccessManage:473 - Download File cubemx.pidx
2025-07-26 16:16:12,440 [INFO] LoadServerUpdatesThread:375 - End of LoadServerUpdate Thread
2025-07-26 16:16:12,615 [INFO] CheckServerUpdateThread:120 - End of CheckServer Thread
2025-07-26 16:16:15,101 [INFO] WebApp:169 - Instantiating new browser for Auth
2025-07-26 16:16:15,390 [WARN] PackLoader:240 - Cannot read IP mode file for STMicroelectronics.FP-SNS-MOTENVWB1.1.4.0
2025-07-26 16:16:15,418 [WARN] PackLoader:240 - Cannot read IP mode file for STMicroelectronics.FP-ATR-ASTRA1.2.0.2
2025-07-26 16:16:15,440 [WARN] PackLoader:240 - Cannot read IP mode file for STMicroelectronics.X-CUBE-SMBUS.2.1.0
2025-07-26 16:16:15,459 [WARN] PackLoader:240 - Cannot read IP mode file for STMicroelectronics.X-CUBE-WB05N.1.1.0
2025-07-26 16:16:15,479 [WARN] PackLoader:240 - Cannot read IP mode file for STMicroelectronics.X-CUBE-ST60.1.0.0
2025-07-26 16:16:15,525 [WARN] PackLoader:240 - Cannot read IP mode file for STMicroelectronics.X-CUBE-AZRTOS-F7.1.1.0
2025-07-26 16:16:15,541 [WARN] PackLoader:240 - Cannot read IP mode file for STMicroelectronics.FP-SNS-FLIGHT1.5.0.2
2025-07-26 16:16:15,578 [WARN] PackLoader:240 - Cannot read IP mode file for Infineon.AIROC-Wi-Fi-Bluetooth-STM32.1.7.0
2025-07-26 16:16:15,623 [WARN] PackLoader:240 - Cannot read IP mode file for STMicroelectronics.X-CUBE-AZRTOS-H7.3.4.0
2025-07-26 16:16:15,645 [WARN] PackLoader:240 - Cannot read IP mode file for STMicroelectronics.X-CUBE-DISPLAY.3.0.0
2025-07-26 16:16:15,678 [WARN] PackLoader:240 - Cannot read IP mode file for STMicroelectronics.X-CUBE-NFC10.1.0.0
2025-07-26 16:16:15,708 [WARN] PackLoader:240 - Cannot read IP mode file for STMicroelectronics.X-CUBE-BLEMGR.4.0.0
2025-07-26 16:16:15,729 [WARN] PackLoader:240 - Cannot read IP mode file for emotas.I-CUBE-CANOPEN.1.3.0
2025-07-26 16:16:15,743 [WARN] ConditionMgr:438 - getConditionDescription Invalid condition id : Cortex-A Device cause : null
2025-07-26 16:16:15,766 [WARN] ConditionMgr:1044 - genDependencies : Invalid condition id : Cortex-A Device cause : null
2025-07-26 16:16:15,766 [WARN] ConditionMgr:1044 - genDependencies : Invalid condition id : Cortex-A Device cause : null
2025-07-26 16:16:15,766 [WARN] ConditionMgr:1044 - genDependencies : Invalid condition id : Cortex-A Device cause : null
2025-07-26 16:16:15,783 [WARN] PackLoader:240 - Cannot read IP mode file for STMicroelectronics.X-CUBE-AI.10.0.0
2025-07-26 16:16:15,797 [WARN] PackLoader:240 - Cannot read IP mode file for STMicroelectronics.FP-SNS-SMARTAG2.1.2.0
2025-07-26 16:16:15,809 [WARN] PackLoader:240 - Cannot read IP mode file for STMicroelectronics.FP-SNS-FLIGHT1.5.1.0
2025-07-26 16:16:15,871 [WARN] PackLoader:240 - Cannot read IP mode file for STMicroelectronics.X-CUBE-MEMS1.11.1.0
2025-07-26 16:16:15,996 [INFO] LogOutputStream:77 - [STDOUT_REDIRECT] 1 : Invalid condition id : UX_CORESTACK_Condition cause : null
2025-07-26 16:16:15,996 [INFO] LogOutputStream:77 - [STDOUT_REDIRECT] 1 : Invalid condition id : UX_CORESTACK_Condition cause : null
2025-07-26 16:16:15,997 [INFO] LogOutputStream:77 - [STDOUT_REDIRECT] 1 : Invalid condition id : UX_CORESTACK_Condition cause : null
2025-07-26 16:16:15,998 [INFO] LogOutputStream:77 - [STDOUT_REDIRECT] 1 : Invalid condition id : UX_CORESTACK_Condition cause : null
2025-07-26 16:16:15,999 [INFO] LogOutputStream:77 - [STDOUT_REDIRECT] 1 : Invalid condition id : UX_CORESTACK_Condition cause : null
2025-07-26 16:16:16,001 [WARN] PackLoader:240 - Cannot read IP mode file for STMicroelectronics.X-CUBE-AZRTOS-WL.2.0.0
2025-07-26 16:16:16,016 [WARN] PackLoader:240 - Cannot read IP mode file for STMicroelectronics.FP-SNS-MOTENV1.5.0.0
2025-07-26 16:16:16,037 [WARN] PackLoader:240 - Cannot read IP mode file for WES.I-CUBE-Cesium.1.3.0
2025-07-26 16:16:16,055 [WARN] PackLoader:240 - Cannot read IP mode file for STMicroelectronics.X-CUBE-BLE2.3.3.0
2025-07-26 16:16:16,074 [WARN] PackLoader:240 - Cannot read IP mode file for STMicroelectronics.X-CUBE-NFC9.1.0.0
2025-07-26 16:16:16,098 [WARN] PackLoader:240 - Cannot read IP mode file for STMicroelectronics.X-CUBE-BLE1.7.1.0
2025-07-26 16:16:16,123 [WARN] PackLoader:240 - Cannot read IP mode file for wolfSSL.I-CUBE-wolfMQTT.1.19.2
2025-07-26 16:16:16,143 [WARN] PackLoader:240 - Cannot read IP mode file for STMicroelectronics.X-CUBE-EEPRMA1.5.2.0
2025-07-26 16:16:16,160 [WARN] PackLoader:240 - Cannot read IP mode file for STMicroelectronics.X-CUBE-AI.10.1.0
2025-07-26 16:16:16,178 [INFO] WebApp:463 - Apply proxy settings
2025-07-26 16:16:16,179 [INFO] WebApp:548 - Chromium requires no authentication
2025-07-26 16:16:16,204 [INFO] WebApp:491 - Direct internet connection detected
2025-07-26 16:16:16,233 [WARN] PackLoader:240 - Cannot read IP mode file for STMicroelectronics.X-CUBE-MEMS1.11.2.0
2025-07-26 16:16:16,284 [INFO] WebApp:894 - Register for checkConnection events
2025-07-26 16:16:16,284 [INFO] WebApp:463 - Apply proxy settings
2025-07-26 16:16:16,284 [INFO] WebApp:548 - Chromium requires no authentication
2025-07-26 16:16:16,285 [INFO] WebApp:491 - Direct internet connection detected
2025-07-26 16:16:16,406 [WARN] PackLoader:240 - Cannot read IP mode file for STMicroelectronics.X-CUBE-AZRTOS-G0.1.1.0
2025-07-26 16:16:16,428 [WARN] PackLoader:240 - Cannot read IP mode file for STMicroelectronics.X-CUBE-SAFEA1.1.2.2
2025-07-26 16:16:16,446 [WARN] PackLoader:240 - Cannot read IP mode file for STMicroelectronics.X-CUBE-NFC4.3.0.0
2025-07-26 16:16:16,473 [WARN] PackLoader:240 - Cannot read IP mode file for EmbeddedOffice.I-CUBE-FS-RTOS.1.0.1
2025-07-26 16:16:16,482 [INFO] WebApp:191 - Connection restablished
2025-07-26 16:16:16,493 [WARN] PackLoader:240 - Cannot read IP mode file for STMicroelectronics.X-CUBE-WB05N.2.0.0
2025-07-26 16:16:16,529 [WARN] PackLoader:240 - Cannot read IP mode file for wolfSSL.I-CUBE-wolfTPM.3.8.0
2025-07-26 16:16:16,546 [WARN] PackLoader:240 - Cannot read IP mode file for STMicroelectronics.X-CUBE-TCPP.4.2.0
2025-07-26 16:16:16,594 [WARN] PackLoader:240 - Cannot read IP mode file for RealThread.X-CUBE-RT-Thread_Nano.4.1.1
2025-07-26 16:16:16,609 [WARN] PackLoader:240 - Cannot read IP mode file for STMicroelectronics.FP-ATR-SIGFOX1.3.2.0
2025-07-26 16:16:16,624 [WARN] PackLoader:240 - Cannot read IP mode file for STMicroelectronics.X-CUBE-EEPRMA1.5.1.0
2025-07-26 16:16:16,639 [WARN] PackLoader:240 - Cannot read IP mode file for wolfSSL.I-CUBE-wolfSSL.5.7.6
2025-07-26 16:16:16,658 [WARN] PackLoader:240 - Cannot read IP mode file for ITTIA_DB.I-CUBE-ITTIADB.8.9.0
2025-07-26 16:16:16,677 [WARN] PackLoader:240 - Cannot read IP mode file for STMicroelectronics.X-CUBE-ST67W61.1.0.0
2025-07-26 16:16:16,692 [INFO] WebApp:225 - Starting web application
2025-07-26 16:16:16,692 [INFO] WebApp:593 - Web application path used C:\ST\STM32CubeIDE_1.18.0\STM32CubeIDE\plugins\com.st.stm32cube.common.mx_6.14.0.202502271554\db\plugins\mcufinder\reactClient1\index.html
2025-07-26 16:16:16,714 [WARN] PackLoader:240 - Cannot read IP mode file for SEGGER.I-CUBE-embOS.1.3.1
2025-07-26 16:16:16,756 [WARN] PackLoader:240 - Cannot read IP mode file for STMicroelectronics.X-CUBE-ALGOBUILD.1.4.0
2025-07-26 16:16:16,822 [WARN] PackLoader:240 - Cannot read IP mode file for STMicroelectronics.X-CUBE-MEMS1.11.3.0
2025-07-26 16:16:16,912 [INFO] UserAuth:486 - Internet connection configuration mode: 1
2025-07-26 16:16:16,949 [WARN] PackLoader:240 - Cannot read IP mode file for STMicroelectronics.X-CUBE-PM33A1.1.0.0
2025-07-26 16:16:16,986 [WARN] PackLoader:240 - Cannot read IP mode file for STMicroelectronics.X-CUBE-AZRTOS-F4.1.1.0
2025-07-26 16:16:17,005 [WARN] PackLoader:240 - Cannot read IP mode file for Avnet-IotConnect.X-CUBE-IoTC-DA16k-PMOD.1.0.0
2025-07-26 16:16:17,022 [WARN] PackLoader:240 - Cannot read IP mode file for STMicroelectronics.X-CUBE-ISPU.2.1.0
2025-07-26 16:16:17,040 [WARN] PackLoader:240 - Cannot read IP mode file for STMicroelectronics.X-CUBE-NFC12.1.0.0
2025-07-26 16:16:17,073 [WARN] PackLoader:240 - Cannot read IP mode file for STMicroelectronics.X-CUBE-AZRTOS-L5.2.0.0
2025-07-26 16:16:17,094 [WARN] PackLoader:240 - Cannot read IP mode file for STMicroelectronics.X-CUBE-NFC6.3.1.0
2025-07-26 16:16:17,117 [WARN] PackLoader:240 - Cannot read IP mode file for STMicroelectronics.X-CUBE-DPower.1.2.0
2025-07-26 16:16:17,135 [WARN] PackLoader:240 - Cannot read IP mode file for STMicroelectronics.X-CUBE-FREERTOS.1.3.1
2025-07-26 16:16:17,150 [WARN] PackLoader:240 - Cannot read IP mode file for STMicroelectronics.X-CUBE-FREERTOS.1.3.0
2025-07-26 16:16:17,165 [WARN] PackLoader:240 - Cannot read IP mode file for STMicroelectronics.X-CUBE-NFC7.1.0.1
2025-07-26 16:16:17,184 [WARN] PackLoader:240 - Cannot read IP mode file for STMicroelectronics.FP-SNS-STAIOTCFT.1.0.0
2025-07-26 16:16:17,202 [WARN] PackLoader:240 - Cannot read IP mode file for STMicroelectronics.X-CUBE-DPower.1.3.0
2025-07-26 16:16:17,238 [WARN] ConditionMgr:438 - getConditionDescription Invalid condition id : LAN8742 Phy interface Condition cause : null
2025-07-26 16:16:17,239 [WARN] PackLoader:240 - Cannot read IP mode file for STMicroelectronics.X-CUBE-AZRTOS-L4.2.0.0
2025-07-26 16:16:17,240 [WARN] ConditionMgr:1044 - genDependencies : Invalid condition id : LAN8742 Phy interface Condition cause : null
2025-07-26 16:16:17,241 [WARN] ConditionMgr:1044 - genDependencies : Invalid condition id : LAN8742 Phy interface Condition cause : null
2025-07-26 16:16:17,241 [WARN] ConditionMgr:1044 - genDependencies : Invalid condition id : LAN8742 Phy interface Condition cause : null
2025-07-26 16:16:17,260 [WARN] PackLoader:240 - Cannot read IP mode file for STMicroelectronics.X-CUBE-SFXS2LP1.4.0.0
2025-07-26 16:16:17,307 [WARN] PackLoader:240 - Cannot read IP mode file for STMicroelectronics.X-CUBE-AZRTOS-H7.3.3.0
2025-07-26 16:16:17,328 [WARN] PackLoader:240 - Cannot read IP mode file for STMicroelectronics.X-CUBE-BLEMGR.4.1.0
2025-07-26 16:16:17,359 [WARN] ConditionMgr:438 - getConditionDescription Invalid condition id : UX DEVICE CLASS RTOS Condition cause : null
2025-07-26 16:16:17,359 [WARN] ConditionMgr:438 - getConditionDescription Invalid condition id : UX DEVICE CLASS RTOS Condition cause : null
2025-07-26 16:16:17,360 [WARN] PackLoader:240 - Cannot read IP mode file for STMicroelectronics.X-CUBE-AZRTOS-WB.2.0.0
2025-07-26 16:16:17,360 [WARN] ConditionMgr:1044 - genDependencies : Invalid condition id : UX DEVICE CLASS RTOS Condition cause : null
2025-07-26 16:16:17,360 [WARN] ConditionMgr:1044 - genDependencies : Invalid condition id : UX DEVICE CLASS RTOS Condition cause : null
2025-07-26 16:16:17,361 [WARN] ConditionMgr:1044 - genDependencies : Invalid condition id : UX DEVICE CLASS RTOS Condition cause : null
2025-07-26 16:16:17,361 [WARN] ConditionMgr:1044 - genDependencies : Invalid condition id : UX DEVICE CLASS RTOS Condition cause : null
2025-07-26 16:16:17,361 [WARN] ConditionMgr:1044 - genDependencies : Invalid condition id : UX DEVICE CLASS RTOS Condition cause : null
2025-07-26 16:16:17,376 [WARN] PackLoader:240 - Cannot read IP mode file for STMicroelectronics.X-CUBE-GNSS1.7.0.1
2025-07-26 16:16:17,392 [WARN] PackLoader:240 - Cannot read IP mode file for STMicroelectronics.X-CUBE-TOUCHGFX.4.25.0
2025-07-26 16:16:17,409 [WARN] PackLoader:240 - Cannot read IP mode file for STMicroelectronics.FP-SNS-STBOX1.2.0.0
2025-07-26 16:16:17,429 [WARN] PackLoader:240 - Cannot read IP mode file for STMicroelectronics.X-CUBE-SUBG2.5.0.0
2025-07-26 16:16:17,461 [WARN] PackLoader:240 - Cannot read IP mode file for STMicroelectronics.X-CUBE-AZRTOS-H7RS.1.1.0
2025-07-26 16:16:17,481 [WARN] PackLoader:240 - Cannot read IP mode file for Cesanta.I-CUBE-Mongoose.7.13.0
2025-07-26 16:16:17,515 [WARN] PackLoader:240 - Cannot read IP mode file for STMicroelectronics.X-CUBE-AZRTOS-G4.2.0.0
2025-07-26 16:16:17,533 [WARN] PackLoader:240 - Cannot read IP mode file for wolfSSL.I-CUBE-wolfSSH.1.4.20
2025-07-26 16:16:17,546 [WARN] PackLoader:240 - Cannot read IP mode file for STMicroelectronics.X-CUBE-NFC7.2.0.0
2025-07-26 16:16:17,565 [WARN] PackLoader:240 - Cannot read IP mode file for STMicroelectronics.X-CUBE-IPS.3.1.0
2025-07-26 16:16:17,582 [WARN] PackLoader:240 - Cannot read IP mode file for STMicroelectronics.X-CUBE-ALS.1.0.2
2025-07-26 16:16:17,595 [WARN] PackLoader:240 - Cannot read IP mode file for STMicroelectronics.X-CUBE-TOUCHGFX.4.24.2
2025-07-26 16:16:17,609 [WARN] PackLoader:240 - Cannot read IP mode file for portGmbH.I-Cube-SoM-uGOAL.1.1.0
2025-07-26 16:16:17,639 [WARN] PackLoader:240 - Cannot read IP mode file for STMicroelectronics.X-CUBE-AZRTOS-H7RS.1.0.0
2025-07-26 16:16:17,660 [WARN] PackLoader:240 - Cannot read IP mode file for STMicroelectronics.X-CUBE-TOF1.3.4.2
2025-07-26 16:16:17,682 [WARN] PackLoader:240 - Cannot read IP mode file for STMicroelectronics.X-CUBE-TOF1.3.4.3
2025-07-26 16:16:17,688 [INFO] ThirdParty:978 - Integrity check success = true
2025-07-26 16:16:17,688 [INFO] IntegrityCheckThread:100 - exiting critical section [integrity check]
2025-07-26 16:16:17,688 [INFO] IntegrityCheckThread:103 - End integrity checks thread
2025-07-26 17:05:37,807 [ERROR] LogOutputStream:75 - [STDERR_REDIRECT] 
2025-07-26 17:05:37,808 [ERROR] LogOutputStream:75 - [STDERR_REDIRECT] 
2025-07-26 17:05:45,275 [INFO] Activator:176 - 


2025-07-26 17:05:45,276 [INFO] Activator:177 - !SESSION log4j initialized
2025-07-26 17:05:50,643 [INFO] LogOutputStream:77 - [STDOUT_REDIRECT] 
2025-07-26 17:05:56,370 [INFO] ApplicationProperties:184 - Using Application install path: C:\ST\STM32CubeIDE_1.18.0\STM32CubeIDE\plugins\com.st.stm32cube.common.mx_6.14.0.202502271554
2025-07-26 17:05:56,401 [INFO] DbMcusXml:78 - Set database path to: C:\ST\STM32CubeIDE_1.18.0\STM32CubeIDE\plugins\com.st.stm32cube.common.mx_6.14.0.202502271554\\db\/mcu/
2025-07-26 17:05:56,401 [INFO] ApiDb:274 - Set plugin database path to: C:\ST\STM32CubeIDE_1.18.0\STM32CubeIDE\plugins\com.st.stm32cube.common.mx_6.14.0.202502271554\\db\/plugins/boardmanager/
2025-07-26 17:05:56,401 [WARN] ApiDb:259 - Overriding images path with different value:  => C:\ST\STM32CubeIDE_1.18.0\STM32CubeIDE\plugins\com.st.stm32cube.common.mx_6.14.0.202502271554\\db\/plugins/mcufinder/images/
2025-07-26 17:05:56,410 [INFO] ApiDb:250 - Set database path to: C:\Users\marcv\.stmcufinder\plugins\mcufinder//mcu/
2025-07-26 17:05:56,411 [INFO] DbMcusAds:125 - Set database path to: C:\Users\marcv\.stmcufinder\plugins\mcufinder//mcu/
2025-07-26 17:05:56,414 [INFO] CrossReferenceDbSqlite:203 - Set database path to: C:\Users\marcv\.stmcufinder\plugins\mcufinder//mcu/cs/
2025-07-26 17:05:56,511 [INFO] RulesReader:64 - Compatibility file has been processed (301 Rules)
2025-07-26 17:05:56,588 [INFO] DbMcusXml:78 - Set database path to: C:\ST\STM32CubeIDE_1.18.0\STM32CubeIDE\plugins\com.st.stm32cube.common.mx_6.14.0.202502271554\\db\/mcu/
2025-07-26 17:05:56,588 [INFO] ApiDb:274 - Set plugin database path to: C:\ST\STM32CubeIDE_1.18.0\STM32CubeIDE\plugins\com.st.stm32cube.common.mx_6.14.0.202502271554\\db\/plugins/boardmanager/
2025-07-26 17:05:56,588 [INFO] ApiDb:261 - Set plugin images path to: C:\ST\STM32CubeIDE_1.18.0\STM32CubeIDE\plugins\com.st.stm32cube.common.mx_6.14.0.202502271554\\db\/plugins/mcufinder/images/
2025-07-26 17:05:56,588 [WARN] DbFile:41 - Overriding database path with different value: C:\Users\marcv\.stmcufinder\plugins\mcufinder/ => C:\Users\marcv\.stmcufinder\plugins\mcufinder
2025-07-26 17:05:56,588 [INFO] ApiDb:250 - Set database path to: C:\Users\marcv\.stmcufinder\plugins\mcufinder//mcu/
2025-07-26 17:05:56,588 [WARN] DbFile:41 - Overriding database path with different value: C:\Users\marcv\.stmcufinder\plugins\mcufinder/ => C:\Users\marcv\.stmcufinder\plugins\mcufinder
2025-07-26 17:05:56,588 [INFO] DbMcusAds:125 - Set database path to: C:\Users\marcv\.stmcufinder\plugins\mcufinder//mcu/
2025-07-26 17:05:56,588 [WARN] DbFile:41 - Overriding database path with different value: C:\Users\marcv\.stmcufinder\plugins\mcufinder/ => C:\Users\marcv\.stmcufinder\plugins\mcufinder
2025-07-26 17:05:56,589 [WARN] DbFile:41 - Overriding database path with different value: C:\Users\marcv\.stmcufinder\plugins\mcufinder/ => C:\Users\marcv\.stmcufinder\plugins\mcufinder
2025-07-26 17:05:56,589 [INFO] CrossReferenceDbSqlite:203 - Set database path to: C:\Users\marcv\.stmcufinder\plugins\mcufinder//mcu/cs/
2025-07-26 17:05:56,663 [INFO] MainPanel:272 - HeapMemory: 268435456
2025-07-26 17:05:56,774 [INFO] DbMcusXml:78 - Set database path to: C:\ST\STM32CubeIDE_1.18.0\STM32CubeIDE\plugins\com.st.stm32cube.common.mx_6.14.0.202502271554\\db\/mcu/
2025-07-26 17:05:56,774 [INFO] ApiDb:274 - Set plugin database path to: C:\ST\STM32CubeIDE_1.18.0\STM32CubeIDE\plugins\com.st.stm32cube.common.mx_6.14.0.202502271554\\db\/plugins/boardmanager/
2025-07-26 17:05:56,775 [INFO] ApiDb:261 - Set plugin images path to: C:\ST\STM32CubeIDE_1.18.0\STM32CubeIDE\plugins\com.st.stm32cube.common.mx_6.14.0.202502271554\\db\/plugins/mcufinder/images/
2025-07-26 17:05:56,775 [WARN] DbFile:41 - Overriding database path with different value: C:\Users\marcv\.stmcufinder\plugins\mcufinder/ => C:\Users\marcv\.stmcufinder\plugins\mcufinder
2025-07-26 17:05:56,775 [INFO] ApiDb:250 - Set database path to: C:\Users\marcv\.stmcufinder\plugins\mcufinder//mcu/
2025-07-26 17:05:56,775 [WARN] DbFile:41 - Overriding database path with different value: C:\Users\marcv\.stmcufinder\plugins\mcufinder/ => C:\Users\marcv\.stmcufinder\plugins\mcufinder
2025-07-26 17:05:56,775 [INFO] DbMcusAds:125 - Set database path to: C:\Users\marcv\.stmcufinder\plugins\mcufinder//mcu/
2025-07-26 17:05:56,775 [WARN] DbFile:41 - Overriding database path with different value: C:\Users\marcv\.stmcufinder\plugins\mcufinder/ => C:\Users\marcv\.stmcufinder\plugins\mcufinder
2025-07-26 17:05:56,775 [WARN] DbFile:41 - Overriding database path with different value: C:\Users\marcv\.stmcufinder\plugins\mcufinder/ => C:\Users\marcv\.stmcufinder\plugins\mcufinder
2025-07-26 17:05:56,775 [INFO] CrossReferenceDbSqlite:203 - Set database path to: C:\Users\marcv\.stmcufinder\plugins\mcufinder//mcu/cs/
2025-07-26 17:05:56,792 [INFO] ApplicationProperties:184 - Using Application install path: C:\ST\STM32CubeIDE_1.18.0\STM32CubeIDE\plugins\com.st.stm32cube.common.mx_6.14.0.202502271554
2025-07-26 17:05:56,793 [INFO] PluginManage:196 - Search for loadable plugins [exclusion list=, ]
2025-07-26 17:05:56,794 [INFO] PluginManage:310 - Check plugin analytics
2025-07-26 17:06:01,456 [INFO] AnalyticsPlugin:253 - Accepted Software Licenses: 
2025-07-26 17:06:01,456 [INFO] AnalyticsPlugin:255 - Accepted CMSIS Pack Licenses: 
2025-07-26 17:06:01,457 [INFO] AnalyticsPlugin:257 - Accepted Firmware Licenses: FW.H7.1.12.0
2025-07-26 17:06:01,458 [INFO] PluginManage:359 - Loaded plugin analytics (category:tool,tabindex:-1)
2025-07-26 17:06:01,458 [INFO] PluginManage:310 - Check plugin cadmodel
2025-07-26 17:06:01,462 [INFO] CADModel:105 - Init CAD model plugin
2025-07-26 17:06:01,462 [INFO] PluginManage:359 - Loaded plugin cadmodel (category:power,tabindex:5)
2025-07-26 17:06:01,462 [INFO] PluginManage:310 - Check plugin clock
2025-07-26 17:06:01,468 [INFO] PluginManage:359 - Loaded plugin clock (category:base,tabindex:2)
2025-07-26 17:06:01,468 [INFO] PluginManage:310 - Check plugin ddr
2025-07-26 17:06:01,472 [INFO] PluginManage:359 - Loaded plugin ddr (category:tool,tabindex:6)
2025-07-26 17:06:01,472 [INFO] PluginManage:310 - Check plugin filemanager
2025-07-26 17:06:01,595 [INFO] PluginManage:359 - Loaded plugin filemanager (category:base,tabindex:10)
2025-07-26 17:06:01,595 [INFO] PluginManage:310 - Check plugin ipmanager
2025-07-26 17:06:01,601 [INFO] PluginManage:359 - Loaded plugin ipmanager (category:base,tabindex:5)
2025-07-26 17:06:01,601 [INFO] PluginManage:310 - Check plugin lpbam
2025-07-26 17:06:01,608 [INFO] PluginManage:359 - Loaded plugin lpbam (category:base,tabindex:0)
2025-07-26 17:06:01,608 [INFO] PluginManage:310 - Check plugin memorymap
2025-07-26 17:06:01,622 [INFO] PluginManage:359 - Loaded plugin memorymap (category:base,tabindex:4)
2025-07-26 17:06:01,622 [INFO] PluginManage:310 - Check plugin pinoutandconfiguration
2025-07-26 17:06:01,627 [INFO] PluginManage:359 - Loaded plugin pinoutandconfiguration (category:base,tabindex:1)
2025-07-26 17:06:01,628 [INFO] PluginManage:310 - Check plugin pinoutconfig
2025-07-26 17:06:01,702 [WARN] SupportedApi:132 - Cannot load RTOS API schema: s4s-elt-must-match.1: The content of 'definitions' must match (annotation?, (simpleType | complexType)?, (unique | key | keyref)*)). A problem was found starting at: attribute.
2025-07-26 17:06:01,798 [INFO] PluginManage:359 - Loaded plugin pinoutconfig (category:base,tabindex:0)
2025-07-26 17:06:01,799 [INFO] PluginManage:310 - Check plugin power
2025-07-26 17:06:01,806 [INFO] PluginManage:359 - Loaded plugin power (category:power,tabindex:4)
2025-07-26 17:06:01,806 [INFO] PluginManage:310 - Check plugin projectmanager
2025-07-26 17:06:01,819 [INFO] PluginManage:359 - Loaded plugin projectmanager (category:projectmanager,tabindex:4)
2025-07-26 17:06:01,820 [INFO] PluginManage:310 - Check plugin rif
2025-07-26 17:06:01,828 [INFO] PluginManage:359 - Loaded plugin rif (category:base,tabindex:3)
2025-07-26 17:06:01,828 [INFO] PluginManage:310 - Check plugin thirdparty
2025-07-26 17:06:01,926 [INFO] PluginManage:359 - Loaded plugin thirdparty (category:base,tabindex:-1)
2025-07-26 17:06:01,926 [WARN] IntegrityCheckThread:84 - waiting for thirdparty lock release [integrity check]
2025-07-26 17:06:01,927 [INFO] PluginManage:310 - Check plugin tools
2025-07-26 17:06:01,927 [INFO] IntegrityCheckThread:86 - entering critical section [integrity check]
2025-07-26 17:06:01,927 [INFO] ThirdPartyUpdaterWithRetryManager:70 - Updater plugin not ready yet. [1/15]
2025-07-26 17:06:01,929 [INFO] PluginManage:359 - Loaded plugin tools (category:base,tabindex:7)
2025-07-26 17:06:01,929 [INFO] PluginManage:310 - Check plugin tutovideos
2025-07-26 17:06:02,079 [INFO] PluginManage:359 - Loaded plugin tutovideos (category:base,tabindex:-1)
2025-07-26 17:06:02,080 [INFO] PluginManage:310 - Check plugin updater
2025-07-26 17:06:02,096 [INFO] PluginManage:359 - Loaded plugin updater (category:base,tabindex:12)
2025-07-26 17:06:02,096 [INFO] PluginManage:310 - Check plugin userauth
2025-07-26 17:06:02,100 [INFO] UserAuth:118 - Init User Auth plugin
2025-07-26 17:06:02,101 [INFO] PluginManage:359 - Loaded plugin userauth (category:base,tabindex:14)
2025-07-26 17:06:02,101 [INFO] PluginManage:283 - PluginManage : Loaded plugins [18]
2025-07-26 17:06:02,282 [INFO] PinOutPanel:1589 - setPackage(No Configuration,No Configuration)
2025-07-26 17:06:02,348 [INFO] CADModel:165 - CPN selected for project level
2025-07-26 17:06:02,349 [INFO] CADModel:114 - Register for checkConnection events
2025-07-26 17:06:02,361 [INFO] IPUIPlugin:80 - create IPUIPlugin
2025-07-26 17:06:02,362 [INFO] PluginManager:220 - loadIPPluginJar : add adc
2025-07-26 17:06:02,364 [INFO] IPUIPlugin:80 - create IPUIPlugin
2025-07-26 17:06:02,364 [INFO] PluginManager:220 - loadIPPluginJar : add aes
2025-07-26 17:06:02,365 [INFO] IPUIPlugin:80 - create IPUIPlugin
2025-07-26 17:06:02,366 [INFO] PluginManager:220 - loadIPPluginJar : add can
2025-07-26 17:06:02,367 [INFO] IPUIPlugin:80 - create IPUIPlugin
2025-07-26 17:06:02,367 [INFO] PluginManager:220 - loadIPPluginJar : add comp
2025-07-26 17:06:02,369 [INFO] IPUIPlugin:80 - create IPUIPlugin
2025-07-26 17:06:02,369 [INFO] PluginManager:220 - loadIPPluginJar : add cryp
2025-07-26 17:06:02,372 [INFO] IPUIPlugin:80 - create IPUIPlugin
2025-07-26 17:06:02,372 [INFO] PluginManager:220 - loadIPPluginJar : add ddr_ctrl_phy
2025-07-26 17:06:02,374 [INFO] IPUIPlugin:80 - create IPUIPlugin
2025-07-26 17:06:02,374 [INFO] PluginManager:220 - loadIPPluginJar : add dfsdm
2025-07-26 17:06:02,377 [INFO] IPUIPlugin:80 - create IPUIPlugin
2025-07-26 17:06:02,378 [INFO] PluginManager:220 - loadIPPluginJar : add dma
2025-07-26 17:06:02,380 [INFO] IPUIPlugin:80 - create IPUIPlugin
2025-07-26 17:06:02,380 [INFO] PluginManager:220 - loadIPPluginJar : add dma3
2025-07-26 17:06:02,381 [INFO] IPUIPlugin:80 - create IPUIPlugin
2025-07-26 17:06:02,382 [INFO] PluginManager:220 - loadIPPluginJar : add extmemmanager
2025-07-26 17:06:02,383 [INFO] IPUIPlugin:80 - create IPUIPlugin
2025-07-26 17:06:02,383 [INFO] PluginManager:220 - loadIPPluginJar : add fatfs
2025-07-26 17:06:02,386 [INFO] IPUIPlugin:80 - create IPUIPlugin
2025-07-26 17:06:02,386 [INFO] PluginManager:220 - loadIPPluginJar : add fmc
2025-07-26 17:06:02,389 [INFO] IPUIPlugin:80 - create IPUIPlugin
2025-07-26 17:06:02,389 [INFO] PluginManager:220 - loadIPPluginJar : add freertos
2025-07-26 17:06:02,390 [INFO] IPUIPlugin:80 - create IPUIPlugin
2025-07-26 17:06:02,390 [INFO] PluginManager:220 - loadIPPluginJar : add genericplugin
2025-07-26 17:06:02,392 [INFO] IPUIPlugin:80 - create IPUIPlugin
2025-07-26 17:06:02,392 [INFO] PluginManager:220 - loadIPPluginJar : add gfxmmu
2025-07-26 17:06:02,395 [INFO] IPUIPlugin:80 - create IPUIPlugin
2025-07-26 17:06:02,395 [INFO] PluginManager:220 - loadIPPluginJar : add gic
2025-07-26 17:06:02,398 [INFO] IPUIPlugin:80 - create IPUIPlugin
2025-07-26 17:06:02,398 [INFO] PluginManager:220 - loadIPPluginJar : add gpio
2025-07-26 17:06:02,399 [INFO] IPUIPlugin:80 - create IPUIPlugin
2025-07-26 17:06:02,400 [INFO] PluginManager:220 - loadIPPluginJar : add gtzc
2025-07-26 17:06:02,401 [INFO] IPUIPlugin:80 - create IPUIPlugin
2025-07-26 17:06:02,401 [INFO] PluginManager:220 - loadIPPluginJar : add hash
2025-07-26 17:06:02,403 [INFO] IPUIPlugin:80 - create IPUIPlugin
2025-07-26 17:06:02,403 [INFO] PluginManager:220 - loadIPPluginJar : add i2c
2025-07-26 17:06:02,405 [INFO] IPUIPlugin:80 - create IPUIPlugin
2025-07-26 17:06:02,405 [INFO] PluginManager:220 - loadIPPluginJar : add i2s
2025-07-26 17:06:02,407 [INFO] IPUIPlugin:80 - create IPUIPlugin
2025-07-26 17:06:02,407 [INFO] PluginManager:220 - loadIPPluginJar : add i3c
2025-07-26 17:06:02,410 [INFO] IPUIPlugin:80 - create IPUIPlugin
2025-07-26 17:06:02,410 [INFO] PluginManager:220 - loadIPPluginJar : add ipddr
2025-07-26 17:06:02,417 [INFO] IPUIPlugin:80 - create IPUIPlugin
2025-07-26 17:06:02,417 [INFO] PluginManager:220 - loadIPPluginJar : add linkedlist
2025-07-26 17:06:02,420 [INFO] IPUIPlugin:80 - create IPUIPlugin
2025-07-26 17:06:02,420 [INFO] PluginManager:220 - loadIPPluginJar : add lorawan
2025-07-26 17:06:02,422 [INFO] IPUIPlugin:80 - create IPUIPlugin
2025-07-26 17:06:02,422 [INFO] PluginManager:220 - loadIPPluginJar : add ltdc
2025-07-26 17:06:02,425 [INFO] IPUIPlugin:80 - create IPUIPlugin
2025-07-26 17:06:02,425 [INFO] PluginManager:220 - loadIPPluginJar : add mdma
2025-07-26 17:06:02,428 [INFO] IPUIPlugin:80 - create IPUIPlugin
2025-07-26 17:06:02,428 [INFO] PluginManager:220 - loadIPPluginJar : add nvic
2025-07-26 17:06:02,430 [INFO] IPUIPlugin:80 - create IPUIPlugin
2025-07-26 17:06:02,430 [INFO] PluginManager:220 - loadIPPluginJar : add opamp
2025-07-26 17:06:02,432 [INFO] IPUIPlugin:80 - create IPUIPlugin
2025-07-26 17:06:02,432 [INFO] PluginManager:220 - loadIPPluginJar : add openamp
2025-07-26 17:06:02,435 [INFO] IPUIPlugin:80 - create IPUIPlugin
2025-07-26 17:06:02,435 [INFO] PluginManager:220 - loadIPPluginJar : add pdm2pcm
2025-07-26 17:06:02,440 [INFO] IPUIPlugin:80 - create IPUIPlugin
2025-07-26 17:06:02,442 [INFO] PluginManager:220 - loadIPPluginJar : add plateformsettings
2025-07-26 17:06:02,443 [INFO] IPUIPlugin:80 - create IPUIPlugin
2025-07-26 17:06:02,444 [INFO] PluginManager:220 - loadIPPluginJar : add quadspi
2025-07-26 17:06:02,445 [INFO] IPUIPlugin:80 - create IPUIPlugin
2025-07-26 17:06:02,445 [INFO] PluginManager:220 - loadIPPluginJar : add radio
2025-07-26 17:06:02,447 [INFO] IPUIPlugin:80 - create IPUIPlugin
2025-07-26 17:06:02,447 [INFO] PluginManager:220 - loadIPPluginJar : add resmgrutility
2025-07-26 17:06:02,450 [INFO] IPUIPlugin:80 - create IPUIPlugin
2025-07-26 17:06:02,450 [INFO] PluginManager:220 - loadIPPluginJar : add sai
2025-07-26 17:06:02,452 [INFO] IPUIPlugin:80 - create IPUIPlugin
2025-07-26 17:06:02,452 [INFO] PluginManager:220 - loadIPPluginJar : add spi
2025-07-26 17:06:02,456 [INFO] IPUIPlugin:80 - create IPUIPlugin
2025-07-26 17:06:02,456 [INFO] PluginManager:220 - loadIPPluginJar : add stm32_wpan
2025-07-26 17:06:02,458 [INFO] IPUIPlugin:80 - create IPUIPlugin
2025-07-26 17:06:02,458 [INFO] PluginManager:220 - loadIPPluginJar : add tim
2025-07-26 17:06:02,460 [INFO] IPUIPlugin:80 - create IPUIPlugin
2025-07-26 17:06:02,461 [INFO] PluginManager:220 - loadIPPluginJar : add touchsensing
2025-07-26 17:06:02,462 [INFO] IPUIPlugin:80 - create IPUIPlugin
2025-07-26 17:06:02,462 [INFO] PluginManager:220 - loadIPPluginJar : add tracer_emb
2025-07-26 17:06:02,463 [INFO] IPUIPlugin:80 - create IPUIPlugin
2025-07-26 17:06:02,463 [INFO] PluginManager:220 - loadIPPluginJar : add ts
2025-07-26 17:06:02,465 [INFO] IPUIPlugin:80 - create IPUIPlugin
2025-07-26 17:06:02,465 [INFO] PluginManager:220 - loadIPPluginJar : add tsc
2025-07-26 17:06:02,466 [INFO] IPUIPlugin:80 - create IPUIPlugin
2025-07-26 17:06:02,466 [INFO] PluginManager:220 - loadIPPluginJar : add ucpd
2025-07-26 17:06:02,468 [INFO] IPUIPlugin:80 - create IPUIPlugin
2025-07-26 17:06:02,468 [INFO] PluginManager:220 - loadIPPluginJar : add usart
2025-07-26 17:06:02,470 [INFO] IPUIPlugin:80 - create IPUIPlugin
2025-07-26 17:06:02,470 [INFO] PluginManager:220 - loadIPPluginJar : add usbx
2025-07-26 17:06:02,587 [FATAL] Updater:351 - Updater called before beeing initialized
2025-07-26 17:06:02,607 [INFO] RulesReader:64 - Compatibility file has been processed (301 Rules)
2025-07-26 17:06:02,615 [INFO] RulesReader:64 - Compatibility file has been processed (301 Rules)
2025-07-26 17:06:02,621 [INFO] CADModel:165 - CPN selected for project level
2025-07-26 17:06:02,622 [INFO] CADModel:114 - Register for checkConnection events
2025-07-26 17:06:02,622 [FATAL] Updater:351 - Updater called before beeing initialized
2025-07-26 17:06:02,622 [ERROR] CADModel:125 - Updater not yet initialized, retry later 
2025-07-26 17:06:02,750 [FATAL] Updater:351 - Updater called before beeing initialized
2025-07-26 17:06:02,751 [INFO] CADModel:165 - CPN selected for project level
2025-07-26 17:06:02,751 [INFO] CADModel:114 - Register for checkConnection events
2025-07-26 17:06:02,751 [FATAL] Updater:351 - Updater called before beeing initialized
2025-07-26 17:06:02,751 [ERROR] CADModel:125 - Updater not yet initialized, retry later 
2025-07-26 17:06:02,754 [FATAL] Updater:351 - Updater called before beeing initialized
2025-07-26 17:06:02,840 [FATAL] Updater:351 - Updater called before beeing initialized
2025-07-26 17:06:02,844 [INFO] DbMcusAds:53 - JSON generation date=Thu Jun 19 10:32:37 CEST 2025 (1750321957418)
2025-07-26 17:06:02,844 [FATAL] Updater:351 - Updater called before beeing initialized
2025-07-26 17:06:02,878 [WARN] DetailPanel:346 - Failed to get advertising image, set to default
2025-07-26 17:06:03,112 [FATAL] Updater:351 - Updater called before beeing initialized
2025-07-26 17:06:03,113 [FATAL] Updater:351 - Updater called before beeing initialized
2025-07-26 17:06:03,113 [FATAL] Updater:351 - Updater called before beeing initialized
2025-07-26 17:06:03,113 [WARN] DetailPanel:346 - Failed to get advertising image, set to default
2025-07-26 17:06:03,114 [FATAL] Updater:351 - Updater called before beeing initialized
2025-07-26 17:06:03,152 [ERROR] Updater:1198 - MainUpdater not yet initialized. External WinMGr cannot be set.
2025-07-26 17:06:03,154 [INFO] Updater:1134 - Updater Version found : 6.14.0
2025-07-26 17:06:03,171 [INFO] ApplicationProperties:184 - Using Application install path: C:\ST\STM32CubeIDE_1.18.0\STM32CubeIDE\plugins\com.st.stm32cube.common.mx_6.14.0.202502271554
2025-07-26 17:06:04,734 [ERROR] LogOutputStream:75 - [STDERR_REDIRECT] Jul 26, 2025 5:06:04 PM java.util.prefs.WindowsPreferences <init>
2025-07-26 17:06:04,735 [ERROR] LogOutputStream:75 - [STDERR_REDIRECT] WARNING: Could not open/create prefs root node Software\JavaSoft\Prefs at root 0xffffffff80000002. Windows RegCreateKeyEx(...) returned error code 5.
2025-07-26 17:06:04,736 [ERROR] LogOutputStream:75 - [STDERR_REDIRECT] 
2025-07-26 17:06:04,928 [INFO] ThirdPartyUpdaterWithRetryManager:70 - Updater plugin not ready yet. [2/15]
2025-07-26 17:06:04,954 [INFO] MainUpdater:2872 - connection check result : 10
2025-07-26 17:06:04,955 [INFO] MainUpdater:289 - Updater Check For Update Now.
2025-07-26 17:06:04,955 [INFO] MicroXplorer:498 - Change Database Version : DB.6.0.140
2025-07-26 17:06:04,959 [INFO] McuFinderGlobals:63 - Set McuFinder mode to 2 (CubeIDE integrated)
2025-07-26 17:06:04,960 [INFO] UserAuth:486 - Internet connection configuration mode: 1
2025-07-26 17:06:04,983 [INFO] JxBrowserEngine:152 - Initiate JxBrowser Engine with user profile folder
2025-07-26 17:06:05,127 [INFO] CheckServerUpdateThread:120 - End of CheckServer Thread
2025-07-26 17:06:07,603 [INFO] WebApp:169 - Instantiating new browser for Auth
2025-07-26 17:06:08,248 [WARN] PackLoader:240 - Cannot read IP mode file for STMicroelectronics.FP-SNS-MOTENVWB1.1.4.0
2025-07-26 17:06:08,260 [WARN] PackLoader:240 - Cannot read IP mode file for STMicroelectronics.FP-ATR-ASTRA1.2.0.2
2025-07-26 17:06:08,271 [WARN] PackLoader:240 - Cannot read IP mode file for STMicroelectronics.X-CUBE-SMBUS.2.1.0
2025-07-26 17:06:08,283 [WARN] PackLoader:240 - Cannot read IP mode file for STMicroelectronics.X-CUBE-WB05N.1.1.0
2025-07-26 17:06:08,293 [WARN] PackLoader:240 - Cannot read IP mode file for STMicroelectronics.X-CUBE-ST60.1.0.0
2025-07-26 17:06:08,333 [WARN] PackLoader:240 - Cannot read IP mode file for STMicroelectronics.X-CUBE-AZRTOS-F7.1.1.0
2025-07-26 17:06:08,341 [WARN] PackLoader:240 - Cannot read IP mode file for STMicroelectronics.FP-SNS-FLIGHT1.5.0.2
2025-07-26 17:06:08,378 [WARN] PackLoader:240 - Cannot read IP mode file for Infineon.AIROC-Wi-Fi-Bluetooth-STM32.1.7.0
2025-07-26 17:06:08,414 [WARN] PackLoader:240 - Cannot read IP mode file for STMicroelectronics.X-CUBE-AZRTOS-H7.3.4.0
2025-07-26 17:06:08,431 [WARN] PackLoader:240 - Cannot read IP mode file for STMicroelectronics.X-CUBE-DISPLAY.3.0.0
2025-07-26 17:06:08,469 [WARN] PackLoader:240 - Cannot read IP mode file for STMicroelectronics.X-CUBE-NFC10.1.0.0
2025-07-26 17:06:08,488 [WARN] PackLoader:240 - Cannot read IP mode file for STMicroelectronics.X-CUBE-BLEMGR.4.0.0
2025-07-26 17:06:08,501 [WARN] PackLoader:240 - Cannot read IP mode file for emotas.I-CUBE-CANOPEN.1.3.0
2025-07-26 17:06:08,507 [WARN] ConditionMgr:438 - getConditionDescription Invalid condition id : Cortex-A Device cause : null
2025-07-26 17:06:08,538 [WARN] ConditionMgr:1044 - genDependencies : Invalid condition id : Cortex-A Device cause : null
2025-07-26 17:06:08,538 [WARN] ConditionMgr:1044 - genDependencies : Invalid condition id : Cortex-A Device cause : null
2025-07-26 17:06:08,539 [WARN] ConditionMgr:1044 - genDependencies : Invalid condition id : Cortex-A Device cause : null
2025-07-26 17:06:08,544 [WARN] PackLoader:240 - Cannot read IP mode file for STMicroelectronics.X-CUBE-AI.10.0.0
2025-07-26 17:06:08,551 [WARN] PackLoader:240 - Cannot read IP mode file for STMicroelectronics.FP-SNS-SMARTAG2.1.2.0
2025-07-26 17:06:08,556 [WARN] PackLoader:240 - Cannot read IP mode file for STMicroelectronics.FP-SNS-FLIGHT1.5.1.0
2025-07-26 17:06:08,633 [WARN] PackLoader:240 - Cannot read IP mode file for STMicroelectronics.X-CUBE-MEMS1.11.1.0
2025-07-26 17:06:08,745 [INFO] WebApp:463 - Apply proxy settings
2025-07-26 17:06:08,746 [INFO] WebApp:548 - Chromium requires no authentication
2025-07-26 17:06:08,773 [INFO] WebApp:491 - Direct internet connection detected
2025-07-26 17:06:08,831 [INFO] LogOutputStream:77 - [STDOUT_REDIRECT] 1 : Invalid condition id : UX_CORESTACK_Condition cause : null
2025-07-26 17:06:08,832 [INFO] LogOutputStream:77 - [STDOUT_REDIRECT] 1 : Invalid condition id : UX_CORESTACK_Condition cause : null
2025-07-26 17:06:08,833 [INFO] LogOutputStream:77 - [STDOUT_REDIRECT] 1 : Invalid condition id : UX_CORESTACK_Condition cause : null
2025-07-26 17:06:08,834 [INFO] LogOutputStream:77 - [STDOUT_REDIRECT] 1 : Invalid condition id : UX_CORESTACK_Condition cause : null
2025-07-26 17:06:08,835 [INFO] LogOutputStream:77 - [STDOUT_REDIRECT] 1 : Invalid condition id : UX_CORESTACK_Condition cause : null
2025-07-26 17:06:08,837 [INFO] WebApp:894 - Register for checkConnection events
2025-07-26 17:06:08,837 [INFO] WebApp:463 - Apply proxy settings
2025-07-26 17:06:08,837 [WARN] PackLoader:240 - Cannot read IP mode file for STMicroelectronics.X-CUBE-AZRTOS-WL.2.0.0
2025-07-26 17:06:08,837 [INFO] WebApp:548 - Chromium requires no authentication
2025-07-26 17:06:08,838 [INFO] WebApp:491 - Direct internet connection detected
2025-07-26 17:06:08,847 [WARN] PackLoader:240 - Cannot read IP mode file for STMicroelectronics.FP-SNS-MOTENV1.5.0.0
2025-07-26 17:06:08,858 [WARN] PackLoader:240 - Cannot read IP mode file for WES.I-CUBE-Cesium.1.3.0
2025-07-26 17:06:08,866 [WARN] PackLoader:240 - Cannot read IP mode file for STMicroelectronics.X-CUBE-BLE2.3.3.0
2025-07-26 17:06:08,875 [WARN] PackLoader:240 - Cannot read IP mode file for STMicroelectronics.X-CUBE-NFC9.1.0.0
2025-07-26 17:06:08,891 [WARN] PackLoader:240 - Cannot read IP mode file for STMicroelectronics.X-CUBE-BLE1.7.1.0
2025-07-26 17:06:08,899 [WARN] PackLoader:240 - Cannot read IP mode file for wolfSSL.I-CUBE-wolfMQTT.1.19.2
2025-07-26 17:06:08,907 [WARN] PackLoader:240 - Cannot read IP mode file for STMicroelectronics.X-CUBE-EEPRMA1.5.2.0
2025-07-26 17:06:08,915 [WARN] PackLoader:240 - Cannot read IP mode file for STMicroelectronics.X-CUBE-AI.10.1.0
2025-07-26 17:06:08,956 [WARN] PackLoader:240 - Cannot read IP mode file for STMicroelectronics.X-CUBE-MEMS1.11.2.0
2025-07-26 17:06:09,035 [INFO] WebApp:191 - Connection restablished
2025-07-26 17:06:09,080 [WARN] PackLoader:240 - Cannot read IP mode file for STMicroelectronics.X-CUBE-AZRTOS-G0.1.1.0
2025-07-26 17:06:09,091 [WARN] PackLoader:240 - Cannot read IP mode file for STMicroelectronics.X-CUBE-SAFEA1.1.2.2
2025-07-26 17:06:09,098 [WARN] PackLoader:240 - Cannot read IP mode file for STMicroelectronics.X-CUBE-NFC4.3.0.0
2025-07-26 17:06:09,108 [WARN] PackLoader:240 - Cannot read IP mode file for EmbeddedOffice.I-CUBE-FS-RTOS.1.0.1
2025-07-26 17:06:09,115 [WARN] PackLoader:240 - Cannot read IP mode file for STMicroelectronics.X-CUBE-WB05N.2.0.0
2025-07-26 17:06:09,121 [WARN] PackLoader:240 - Cannot read IP mode file for wolfSSL.I-CUBE-wolfTPM.3.8.0
2025-07-26 17:06:09,126 [WARN] PackLoader:240 - Cannot read IP mode file for STMicroelectronics.X-CUBE-TCPP.4.2.0
2025-07-26 17:06:09,134 [WARN] PackLoader:240 - Cannot read IP mode file for RealThread.X-CUBE-RT-Thread_Nano.4.1.1
2025-07-26 17:06:09,140 [WARN] PackLoader:240 - Cannot read IP mode file for STMicroelectronics.FP-ATR-SIGFOX1.3.2.0
2025-07-26 17:06:09,147 [WARN] PackLoader:240 - Cannot read IP mode file for STMicroelectronics.X-CUBE-EEPRMA1.5.1.0
2025-07-26 17:06:09,154 [WARN] PackLoader:240 - Cannot read IP mode file for wolfSSL.I-CUBE-wolfSSL.5.7.6
2025-07-26 17:06:09,163 [WARN] PackLoader:240 - Cannot read IP mode file for ITTIA_DB.I-CUBE-ITTIADB.8.9.0
2025-07-26 17:06:09,169 [WARN] PackLoader:240 - Cannot read IP mode file for STMicroelectronics.X-CUBE-ST67W61.1.0.0
2025-07-26 17:06:09,177 [INFO] WebApp:225 - Starting web application
2025-07-26 17:06:09,178 [INFO] WebApp:593 - Web application path used C:\ST\STM32CubeIDE_1.18.0\STM32CubeIDE\plugins\com.st.stm32cube.common.mx_6.14.0.202502271554\db\plugins\mcufinder\reactClient1\index.html
2025-07-26 17:06:09,199 [WARN] PackLoader:240 - Cannot read IP mode file for SEGGER.I-CUBE-embOS.1.3.1
2025-07-26 17:06:09,248 [WARN] PackLoader:240 - Cannot read IP mode file for STMicroelectronics.X-CUBE-ALGOBUILD.1.4.0
2025-07-26 17:06:09,322 [INFO] UserAuth:486 - Internet connection configuration mode: 1
2025-07-26 17:06:09,333 [WARN] PackLoader:240 - Cannot read IP mode file for STMicroelectronics.X-CUBE-MEMS1.11.3.0
2025-07-26 17:06:09,477 [WARN] PackLoader:240 - Cannot read IP mode file for STMicroelectronics.X-CUBE-PM33A1.1.0.0
2025-07-26 17:06:09,505 [WARN] PackLoader:240 - Cannot read IP mode file for STMicroelectronics.X-CUBE-AZRTOS-F4.1.1.0
2025-07-26 17:06:09,515 [WARN] PackLoader:240 - Cannot read IP mode file for Avnet-IotConnect.X-CUBE-IoTC-DA16k-PMOD.1.0.0
2025-07-26 17:06:09,520 [WARN] PackLoader:240 - Cannot read IP mode file for STMicroelectronics.X-CUBE-ISPU.2.1.0
2025-07-26 17:06:09,530 [WARN] PackLoader:240 - Cannot read IP mode file for STMicroelectronics.X-CUBE-NFC12.1.0.0
2025-07-26 17:06:09,555 [WARN] PackLoader:240 - Cannot read IP mode file for STMicroelectronics.X-CUBE-AZRTOS-L5.2.0.0
2025-07-26 17:06:09,567 [WARN] PackLoader:240 - Cannot read IP mode file for STMicroelectronics.X-CUBE-NFC6.3.1.0
2025-07-26 17:06:09,575 [WARN] PackLoader:240 - Cannot read IP mode file for STMicroelectronics.X-CUBE-DPower.1.2.0
2025-07-26 17:06:09,581 [WARN] PackLoader:240 - Cannot read IP mode file for STMicroelectronics.X-CUBE-FREERTOS.1.3.1
2025-07-26 17:06:09,586 [WARN] PackLoader:240 - Cannot read IP mode file for STMicroelectronics.X-CUBE-FREERTOS.1.3.0
2025-07-26 17:06:09,593 [WARN] PackLoader:240 - Cannot read IP mode file for STMicroelectronics.X-CUBE-NFC7.1.0.1
2025-07-26 17:06:09,599 [WARN] PackLoader:240 - Cannot read IP mode file for STMicroelectronics.FP-SNS-STAIOTCFT.1.0.0
2025-07-26 17:06:09,604 [WARN] PackLoader:240 - Cannot read IP mode file for STMicroelectronics.X-CUBE-DPower.1.3.0
2025-07-26 17:06:09,621 [WARN] ConditionMgr:438 - getConditionDescription Invalid condition id : LAN8742 Phy interface Condition cause : null
2025-07-26 17:06:09,622 [WARN] PackLoader:240 - Cannot read IP mode file for STMicroelectronics.X-CUBE-AZRTOS-L4.2.0.0
2025-07-26 17:06:09,623 [WARN] ConditionMgr:1044 - genDependencies : Invalid condition id : LAN8742 Phy interface Condition cause : null
2025-07-26 17:06:09,623 [WARN] ConditionMgr:1044 - genDependencies : Invalid condition id : LAN8742 Phy interface Condition cause : null
2025-07-26 17:06:09,623 [WARN] ConditionMgr:1044 - genDependencies : Invalid condition id : LAN8742 Phy interface Condition cause : null
2025-07-26 17:06:09,633 [WARN] PackLoader:240 - Cannot read IP mode file for STMicroelectronics.X-CUBE-SFXS2LP1.4.0.0
2025-07-26 17:06:09,655 [WARN] PackLoader:240 - Cannot read IP mode file for STMicroelectronics.X-CUBE-AZRTOS-H7.3.3.0
2025-07-26 17:06:09,666 [WARN] PackLoader:240 - Cannot read IP mode file for STMicroelectronics.X-CUBE-BLEMGR.4.1.0
2025-07-26 17:06:09,683 [WARN] ConditionMgr:438 - getConditionDescription Invalid condition id : UX DEVICE CLASS RTOS Condition cause : null
2025-07-26 17:06:09,683 [WARN] ConditionMgr:438 - getConditionDescription Invalid condition id : UX DEVICE CLASS RTOS Condition cause : null
2025-07-26 17:06:09,685 [WARN] PackLoader:240 - Cannot read IP mode file for STMicroelectronics.X-CUBE-AZRTOS-WB.2.0.0
2025-07-26 17:06:09,685 [WARN] ConditionMgr:1044 - genDependencies : Invalid condition id : UX DEVICE CLASS RTOS Condition cause : null
2025-07-26 17:06:09,685 [WARN] ConditionMgr:1044 - genDependencies : Invalid condition id : UX DEVICE CLASS RTOS Condition cause : null
2025-07-26 17:06:09,686 [WARN] ConditionMgr:1044 - genDependencies : Invalid condition id : UX DEVICE CLASS RTOS Condition cause : null
2025-07-26 17:06:09,686 [WARN] ConditionMgr:1044 - genDependencies : Invalid condition id : UX DEVICE CLASS RTOS Condition cause : null
2025-07-26 17:06:09,686 [WARN] ConditionMgr:1044 - genDependencies : Invalid condition id : UX DEVICE CLASS RTOS Condition cause : null
2025-07-26 17:06:09,694 [WARN] PackLoader:240 - Cannot read IP mode file for STMicroelectronics.X-CUBE-GNSS1.7.0.1
2025-07-26 17:06:09,701 [WARN] PackLoader:240 - Cannot read IP mode file for STMicroelectronics.X-CUBE-TOUCHGFX.4.25.0
2025-07-26 17:06:09,709 [WARN] PackLoader:240 - Cannot read IP mode file for STMicroelectronics.FP-SNS-STBOX1.2.0.0
2025-07-26 17:06:09,721 [WARN] PackLoader:240 - Cannot read IP mode file for STMicroelectronics.X-CUBE-SUBG2.5.0.0
2025-07-26 17:06:09,743 [WARN] PackLoader:240 - Cannot read IP mode file for STMicroelectronics.X-CUBE-AZRTOS-H7RS.1.1.0
2025-07-26 17:06:09,752 [WARN] PackLoader:240 - Cannot read IP mode file for Cesanta.I-CUBE-Mongoose.7.13.0
2025-07-26 17:06:09,768 [WARN] PackLoader:240 - Cannot read IP mode file for STMicroelectronics.X-CUBE-AZRTOS-G4.2.0.0
2025-07-26 17:06:09,775 [WARN] PackLoader:240 - Cannot read IP mode file for wolfSSL.I-CUBE-wolfSSH.1.4.20
2025-07-26 17:06:09,779 [WARN] PackLoader:240 - Cannot read IP mode file for STMicroelectronics.X-CUBE-NFC7.2.0.0
2025-07-26 17:06:09,791 [WARN] PackLoader:240 - Cannot read IP mode file for STMicroelectronics.X-CUBE-IPS.3.1.0
2025-07-26 17:06:09,803 [WARN] PackLoader:240 - Cannot read IP mode file for STMicroelectronics.X-CUBE-ALS.1.0.2
2025-07-26 17:06:09,808 [WARN] PackLoader:240 - Cannot read IP mode file for STMicroelectronics.X-CUBE-TOUCHGFX.4.24.2
2025-07-26 17:06:09,816 [WARN] PackLoader:240 - Cannot read IP mode file for portGmbH.I-Cube-SoM-uGOAL.1.1.0
2025-07-26 17:06:09,835 [WARN] PackLoader:240 - Cannot read IP mode file for STMicroelectronics.X-CUBE-AZRTOS-H7RS.1.0.0
2025-07-26 17:06:09,847 [WARN] PackLoader:240 - Cannot read IP mode file for STMicroelectronics.X-CUBE-TOF1.3.4.2
2025-07-26 17:06:09,864 [WARN] PackLoader:240 - Cannot read IP mode file for STMicroelectronics.X-CUBE-TOF1.3.4.3
2025-07-26 17:06:09,878 [INFO] ThirdParty:978 - Integrity check success = true
2025-07-26 17:06:09,879 [INFO] IntegrityCheckThread:100 - exiting critical section [integrity check]
2025-07-26 17:06:09,879 [INFO] IntegrityCheckThread:103 - End integrity checks thread
2025-07-26 17:06:12,759 [ERROR] LogOutputStream:75 - [STDERR_REDIRECT] 
2025-07-26 17:06:12,760 [ERROR] LogOutputStream:75 - [STDERR_REDIRECT] 
2025-07-26 17:08:53,449 [INFO] Activator:176 - 


2025-07-26 17:08:53,453 [INFO] Activator:177 - !SESSION log4j initialized
2025-07-26 17:09:01,831 [INFO] LogOutputStream:77 - [STDOUT_REDIRECT] 
2025-07-26 17:09:08,068 [INFO] ApplicationProperties:184 - Using Application install path: C:\ST\STM32CubeIDE_1.18.0\STM32CubeIDE\plugins\com.st.stm32cube.common.mx_6.14.0.202502271554
2025-07-26 17:09:08,089 [INFO] DbMcusXml:78 - Set database path to: C:\ST\STM32CubeIDE_1.18.0\STM32CubeIDE\plugins\com.st.stm32cube.common.mx_6.14.0.202502271554\\db\/mcu/
2025-07-26 17:09:08,089 [INFO] ApiDb:274 - Set plugin database path to: C:\ST\STM32CubeIDE_1.18.0\STM32CubeIDE\plugins\com.st.stm32cube.common.mx_6.14.0.202502271554\\db\/plugins/boardmanager/
2025-07-26 17:09:08,089 [WARN] ApiDb:259 - Overriding images path with different value:  => C:\ST\STM32CubeIDE_1.18.0\STM32CubeIDE\plugins\com.st.stm32cube.common.mx_6.14.0.202502271554\\db\/plugins/mcufinder/images/
2025-07-26 17:09:08,095 [INFO] ApiDb:250 - Set database path to: C:\Users\marcv\.stmcufinder\plugins\mcufinder//mcu/
2025-07-26 17:09:08,096 [INFO] DbMcusAds:125 - Set database path to: C:\Users\marcv\.stmcufinder\plugins\mcufinder//mcu/
2025-07-26 17:09:08,099 [INFO] CrossReferenceDbSqlite:203 - Set database path to: C:\Users\marcv\.stmcufinder\plugins\mcufinder//mcu/cs/
2025-07-26 17:09:08,201 [INFO] RulesReader:64 - Compatibility file has been processed (301 Rules)
2025-07-26 17:09:08,330 [INFO] DbMcusXml:78 - Set database path to: C:\ST\STM32CubeIDE_1.18.0\STM32CubeIDE\plugins\com.st.stm32cube.common.mx_6.14.0.202502271554\\db\/mcu/
2025-07-26 17:09:08,330 [INFO] ApiDb:274 - Set plugin database path to: C:\ST\STM32CubeIDE_1.18.0\STM32CubeIDE\plugins\com.st.stm32cube.common.mx_6.14.0.202502271554\\db\/plugins/boardmanager/
2025-07-26 17:09:08,330 [INFO] ApiDb:261 - Set plugin images path to: C:\ST\STM32CubeIDE_1.18.0\STM32CubeIDE\plugins\com.st.stm32cube.common.mx_6.14.0.202502271554\\db\/plugins/mcufinder/images/
2025-07-26 17:09:08,330 [WARN] DbFile:41 - Overriding database path with different value: C:\Users\marcv\.stmcufinder\plugins\mcufinder/ => C:\Users\marcv\.stmcufinder\plugins\mcufinder
2025-07-26 17:09:08,330 [INFO] ApiDb:250 - Set database path to: C:\Users\marcv\.stmcufinder\plugins\mcufinder//mcu/
2025-07-26 17:09:08,330 [WARN] DbFile:41 - Overriding database path with different value: C:\Users\marcv\.stmcufinder\plugins\mcufinder/ => C:\Users\marcv\.stmcufinder\plugins\mcufinder
2025-07-26 17:09:08,330 [INFO] DbMcusAds:125 - Set database path to: C:\Users\marcv\.stmcufinder\plugins\mcufinder//mcu/
2025-07-26 17:09:08,331 [WARN] DbFile:41 - Overriding database path with different value: C:\Users\marcv\.stmcufinder\plugins\mcufinder/ => C:\Users\marcv\.stmcufinder\plugins\mcufinder
2025-07-26 17:09:08,331 [WARN] DbFile:41 - Overriding database path with different value: C:\Users\marcv\.stmcufinder\plugins\mcufinder/ => C:\Users\marcv\.stmcufinder\plugins\mcufinder
2025-07-26 17:09:08,331 [INFO] CrossReferenceDbSqlite:203 - Set database path to: C:\Users\marcv\.stmcufinder\plugins\mcufinder//mcu/cs/
2025-07-26 17:09:08,404 [INFO] MainPanel:272 - HeapMemory: 268435456
2025-07-26 17:09:08,522 [INFO] DbMcusXml:78 - Set database path to: C:\ST\STM32CubeIDE_1.18.0\STM32CubeIDE\plugins\com.st.stm32cube.common.mx_6.14.0.202502271554\\db\/mcu/
2025-07-26 17:09:08,523 [INFO] ApiDb:274 - Set plugin database path to: C:\ST\STM32CubeIDE_1.18.0\STM32CubeIDE\plugins\com.st.stm32cube.common.mx_6.14.0.202502271554\\db\/plugins/boardmanager/
2025-07-26 17:09:08,523 [INFO] ApiDb:261 - Set plugin images path to: C:\ST\STM32CubeIDE_1.18.0\STM32CubeIDE\plugins\com.st.stm32cube.common.mx_6.14.0.202502271554\\db\/plugins/mcufinder/images/
2025-07-26 17:09:08,523 [WARN] DbFile:41 - Overriding database path with different value: C:\Users\marcv\.stmcufinder\plugins\mcufinder/ => C:\Users\marcv\.stmcufinder\plugins\mcufinder
2025-07-26 17:09:08,523 [INFO] ApiDb:250 - Set database path to: C:\Users\marcv\.stmcufinder\plugins\mcufinder//mcu/
2025-07-26 17:09:08,523 [WARN] DbFile:41 - Overriding database path with different value: C:\Users\marcv\.stmcufinder\plugins\mcufinder/ => C:\Users\marcv\.stmcufinder\plugins\mcufinder
2025-07-26 17:09:08,523 [INFO] DbMcusAds:125 - Set database path to: C:\Users\marcv\.stmcufinder\plugins\mcufinder//mcu/
2025-07-26 17:09:08,523 [WARN] DbFile:41 - Overriding database path with different value: C:\Users\marcv\.stmcufinder\plugins\mcufinder/ => C:\Users\marcv\.stmcufinder\plugins\mcufinder
2025-07-26 17:09:08,523 [WARN] DbFile:41 - Overriding database path with different value: C:\Users\marcv\.stmcufinder\plugins\mcufinder/ => C:\Users\marcv\.stmcufinder\plugins\mcufinder
2025-07-26 17:09:08,523 [INFO] CrossReferenceDbSqlite:203 - Set database path to: C:\Users\marcv\.stmcufinder\plugins\mcufinder//mcu/cs/
2025-07-26 17:09:08,541 [INFO] ApplicationProperties:184 - Using Application install path: C:\ST\STM32CubeIDE_1.18.0\STM32CubeIDE\plugins\com.st.stm32cube.common.mx_6.14.0.202502271554
2025-07-26 17:09:08,542 [INFO] PluginManage:196 - Search for loadable plugins [exclusion list=, ]
2025-07-26 17:09:08,544 [INFO] PluginManage:310 - Check plugin analytics
2025-07-26 17:09:13,231 [INFO] AnalyticsPlugin:253 - Accepted Software Licenses: 
2025-07-26 17:09:13,231 [INFO] AnalyticsPlugin:255 - Accepted CMSIS Pack Licenses: 
2025-07-26 17:09:13,231 [INFO] AnalyticsPlugin:257 - Accepted Firmware Licenses: FW.H7.1.12.0
2025-07-26 17:09:13,234 [INFO] PluginManage:359 - Loaded plugin analytics (category:tool,tabindex:-1)
2025-07-26 17:09:13,234 [INFO] PluginManage:310 - Check plugin cadmodel
2025-07-26 17:09:13,242 [INFO] CADModel:105 - Init CAD model plugin
2025-07-26 17:09:13,242 [INFO] PluginManage:359 - Loaded plugin cadmodel (category:power,tabindex:5)
2025-07-26 17:09:13,242 [INFO] PluginManage:310 - Check plugin clock
2025-07-26 17:09:13,253 [INFO] PluginManage:359 - Loaded plugin clock (category:base,tabindex:2)
2025-07-26 17:09:13,253 [INFO] PluginManage:310 - Check plugin ddr
2025-07-26 17:09:13,255 [INFO] PluginManage:359 - Loaded plugin ddr (category:tool,tabindex:6)
2025-07-26 17:09:13,255 [INFO] PluginManage:310 - Check plugin filemanager
2025-07-26 17:09:13,402 [INFO] PluginManage:359 - Loaded plugin filemanager (category:base,tabindex:10)
2025-07-26 17:09:13,403 [INFO] PluginManage:310 - Check plugin ipmanager
2025-07-26 17:09:13,409 [INFO] PluginManage:359 - Loaded plugin ipmanager (category:base,tabindex:5)
2025-07-26 17:09:13,409 [INFO] PluginManage:310 - Check plugin lpbam
2025-07-26 17:09:13,417 [INFO] PluginManage:359 - Loaded plugin lpbam (category:base,tabindex:0)
2025-07-26 17:09:13,418 [INFO] PluginManage:310 - Check plugin memorymap
2025-07-26 17:09:13,435 [INFO] PluginManage:359 - Loaded plugin memorymap (category:base,tabindex:4)
2025-07-26 17:09:13,435 [INFO] PluginManage:310 - Check plugin pinoutandconfiguration
2025-07-26 17:09:13,445 [INFO] PluginManage:359 - Loaded plugin pinoutandconfiguration (category:base,tabindex:1)
2025-07-26 17:09:13,445 [INFO] PluginManage:310 - Check plugin pinoutconfig
2025-07-26 17:09:13,526 [WARN] SupportedApi:132 - Cannot load RTOS API schema: s4s-elt-must-match.1: The content of 'definitions' must match (annotation?, (simpleType | complexType)?, (unique | key | keyref)*)). A problem was found starting at: attribute.
2025-07-26 17:09:13,646 [INFO] PluginManage:359 - Loaded plugin pinoutconfig (category:base,tabindex:0)
2025-07-26 17:09:13,646 [INFO] PluginManage:310 - Check plugin power
2025-07-26 17:09:13,658 [INFO] PluginManage:359 - Loaded plugin power (category:power,tabindex:4)
2025-07-26 17:09:13,658 [INFO] PluginManage:310 - Check plugin projectmanager
2025-07-26 17:09:13,670 [INFO] PluginManage:359 - Loaded plugin projectmanager (category:projectmanager,tabindex:4)
2025-07-26 17:09:13,670 [INFO] PluginManage:310 - Check plugin rif
2025-07-26 17:09:13,678 [INFO] PluginManage:359 - Loaded plugin rif (category:base,tabindex:3)
2025-07-26 17:09:13,679 [INFO] PluginManage:310 - Check plugin thirdparty
2025-07-26 17:09:13,798 [INFO] PluginManage:359 - Loaded plugin thirdparty (category:base,tabindex:-1)
2025-07-26 17:09:13,798 [INFO] PluginManage:310 - Check plugin tools
2025-07-26 17:09:13,798 [WARN] IntegrityCheckThread:84 - waiting for thirdparty lock release [integrity check]
2025-07-26 17:09:13,798 [INFO] IntegrityCheckThread:86 - entering critical section [integrity check]
2025-07-26 17:09:13,798 [INFO] ThirdPartyUpdaterWithRetryManager:70 - Updater plugin not ready yet. [1/15]
2025-07-26 17:09:13,800 [INFO] PluginManage:359 - Loaded plugin tools (category:base,tabindex:7)
2025-07-26 17:09:13,800 [INFO] PluginManage:310 - Check plugin tutovideos
2025-07-26 17:09:13,982 [INFO] PluginManage:359 - Loaded plugin tutovideos (category:base,tabindex:-1)
2025-07-26 17:09:13,982 [INFO] PluginManage:310 - Check plugin updater
2025-07-26 17:09:14,020 [INFO] PluginManage:359 - Loaded plugin updater (category:base,tabindex:12)
2025-07-26 17:09:14,020 [INFO] PluginManage:310 - Check plugin userauth
2025-07-26 17:09:14,024 [INFO] UserAuth:118 - Init User Auth plugin
2025-07-26 17:09:14,025 [INFO] PluginManage:359 - Loaded plugin userauth (category:base,tabindex:14)
2025-07-26 17:09:14,025 [INFO] PluginManage:283 - PluginManage : Loaded plugins [18]
2025-07-26 17:09:14,255 [INFO] PinOutPanel:1589 - setPackage(No Configuration,No Configuration)
2025-07-26 17:09:14,345 [INFO] CADModel:165 - CPN selected for project level
2025-07-26 17:09:14,345 [INFO] CADModel:114 - Register for checkConnection events
2025-07-26 17:09:14,368 [INFO] IPUIPlugin:80 - create IPUIPlugin
2025-07-26 17:09:14,369 [INFO] PluginManager:220 - loadIPPluginJar : add adc
2025-07-26 17:09:14,372 [INFO] IPUIPlugin:80 - create IPUIPlugin
2025-07-26 17:09:14,373 [INFO] PluginManager:220 - loadIPPluginJar : add aes
2025-07-26 17:09:14,376 [INFO] IPUIPlugin:80 - create IPUIPlugin
2025-07-26 17:09:14,376 [INFO] PluginManager:220 - loadIPPluginJar : add can
2025-07-26 17:09:14,379 [INFO] IPUIPlugin:80 - create IPUIPlugin
2025-07-26 17:09:14,379 [INFO] PluginManager:220 - loadIPPluginJar : add comp
2025-07-26 17:09:14,383 [INFO] IPUIPlugin:80 - create IPUIPlugin
2025-07-26 17:09:14,383 [INFO] PluginManager:220 - loadIPPluginJar : add cryp
2025-07-26 17:09:14,397 [INFO] IPUIPlugin:80 - create IPUIPlugin
2025-07-26 17:09:14,397 [INFO] PluginManager:220 - loadIPPluginJar : add ddr_ctrl_phy
2025-07-26 17:09:14,400 [INFO] IPUIPlugin:80 - create IPUIPlugin
2025-07-26 17:09:14,400 [INFO] PluginManager:220 - loadIPPluginJar : add dfsdm
2025-07-26 17:09:14,405 [INFO] IPUIPlugin:80 - create IPUIPlugin
2025-07-26 17:09:14,406 [INFO] PluginManager:220 - loadIPPluginJar : add dma
2025-07-26 17:09:14,409 [INFO] IPUIPlugin:80 - create IPUIPlugin
2025-07-26 17:09:14,409 [INFO] PluginManager:220 - loadIPPluginJar : add dma3
2025-07-26 17:09:14,412 [INFO] IPUIPlugin:80 - create IPUIPlugin
2025-07-26 17:09:14,412 [INFO] PluginManager:220 - loadIPPluginJar : add extmemmanager
2025-07-26 17:09:14,415 [INFO] IPUIPlugin:80 - create IPUIPlugin
2025-07-26 17:09:14,415 [INFO] PluginManager:220 - loadIPPluginJar : add fatfs
2025-07-26 17:09:14,421 [INFO] IPUIPlugin:80 - create IPUIPlugin
2025-07-26 17:09:14,421 [INFO] PluginManager:220 - loadIPPluginJar : add fmc
2025-07-26 17:09:14,427 [INFO] IPUIPlugin:80 - create IPUIPlugin
2025-07-26 17:09:14,427 [INFO] PluginManager:220 - loadIPPluginJar : add freertos
2025-07-26 17:09:14,429 [INFO] IPUIPlugin:80 - create IPUIPlugin
2025-07-26 17:09:14,429 [INFO] PluginManager:220 - loadIPPluginJar : add genericplugin
2025-07-26 17:09:14,432 [INFO] IPUIPlugin:80 - create IPUIPlugin
2025-07-26 17:09:14,432 [INFO] PluginManager:220 - loadIPPluginJar : add gfxmmu
2025-07-26 17:09:14,437 [INFO] IPUIPlugin:80 - create IPUIPlugin
2025-07-26 17:09:14,437 [INFO] PluginManager:220 - loadIPPluginJar : add gic
2025-07-26 17:09:14,441 [INFO] IPUIPlugin:80 - create IPUIPlugin
2025-07-26 17:09:14,441 [INFO] PluginManager:220 - loadIPPluginJar : add gpio
2025-07-26 17:09:14,444 [INFO] IPUIPlugin:80 - create IPUIPlugin
2025-07-26 17:09:14,444 [INFO] PluginManager:220 - loadIPPluginJar : add gtzc
2025-07-26 17:09:14,449 [INFO] IPUIPlugin:80 - create IPUIPlugin
2025-07-26 17:09:14,449 [INFO] PluginManager:220 - loadIPPluginJar : add hash
2025-07-26 17:09:14,452 [INFO] IPUIPlugin:80 - create IPUIPlugin
2025-07-26 17:09:14,452 [INFO] PluginManager:220 - loadIPPluginJar : add i2c
2025-07-26 17:09:14,454 [INFO] IPUIPlugin:80 - create IPUIPlugin
2025-07-26 17:09:14,454 [INFO] PluginManager:220 - loadIPPluginJar : add i2s
2025-07-26 17:09:14,457 [INFO] IPUIPlugin:80 - create IPUIPlugin
2025-07-26 17:09:14,457 [INFO] PluginManager:220 - loadIPPluginJar : add i3c
2025-07-26 17:09:14,460 [INFO] IPUIPlugin:80 - create IPUIPlugin
2025-07-26 17:09:14,461 [INFO] PluginManager:220 - loadIPPluginJar : add ipddr
2025-07-26 17:09:14,468 [INFO] IPUIPlugin:80 - create IPUIPlugin
2025-07-26 17:09:14,468 [INFO] PluginManager:220 - loadIPPluginJar : add linkedlist
2025-07-26 17:09:14,472 [INFO] IPUIPlugin:80 - create IPUIPlugin
2025-07-26 17:09:14,472 [INFO] PluginManager:220 - loadIPPluginJar : add lorawan
2025-07-26 17:09:14,473 [INFO] IPUIPlugin:80 - create IPUIPlugin
2025-07-26 17:09:14,474 [INFO] PluginManager:220 - loadIPPluginJar : add ltdc
2025-07-26 17:09:14,480 [INFO] IPUIPlugin:80 - create IPUIPlugin
2025-07-26 17:09:14,481 [INFO] PluginManager:220 - loadIPPluginJar : add mdma
2025-07-26 17:09:14,485 [INFO] IPUIPlugin:80 - create IPUIPlugin
2025-07-26 17:09:14,485 [INFO] PluginManager:220 - loadIPPluginJar : add nvic
2025-07-26 17:09:14,489 [INFO] IPUIPlugin:80 - create IPUIPlugin
2025-07-26 17:09:14,489 [INFO] PluginManager:220 - loadIPPluginJar : add opamp
2025-07-26 17:09:14,493 [INFO] IPUIPlugin:80 - create IPUIPlugin
2025-07-26 17:09:14,494 [INFO] PluginManager:220 - loadIPPluginJar : add openamp
2025-07-26 17:09:14,497 [INFO] IPUIPlugin:80 - create IPUIPlugin
2025-07-26 17:09:14,497 [INFO] PluginManager:220 - loadIPPluginJar : add pdm2pcm
2025-07-26 17:09:14,503 [INFO] IPUIPlugin:80 - create IPUIPlugin
2025-07-26 17:09:14,506 [INFO] PluginManager:220 - loadIPPluginJar : add plateformsettings
2025-07-26 17:09:14,507 [INFO] IPUIPlugin:80 - create IPUIPlugin
2025-07-26 17:09:14,507 [INFO] PluginManager:220 - loadIPPluginJar : add quadspi
2025-07-26 17:09:14,510 [INFO] IPUIPlugin:80 - create IPUIPlugin
2025-07-26 17:09:14,510 [INFO] PluginManager:220 - loadIPPluginJar : add radio
2025-07-26 17:09:14,515 [INFO] IPUIPlugin:80 - create IPUIPlugin
2025-07-26 17:09:14,515 [INFO] PluginManager:220 - loadIPPluginJar : add resmgrutility
2025-07-26 17:09:14,518 [INFO] IPUIPlugin:80 - create IPUIPlugin
2025-07-26 17:09:14,518 [INFO] PluginManager:220 - loadIPPluginJar : add sai
2025-07-26 17:09:14,521 [INFO] IPUIPlugin:80 - create IPUIPlugin
2025-07-26 17:09:14,521 [INFO] PluginManager:220 - loadIPPluginJar : add spi
2025-07-26 17:09:14,526 [INFO] IPUIPlugin:80 - create IPUIPlugin
2025-07-26 17:09:14,526 [INFO] PluginManager:220 - loadIPPluginJar : add stm32_wpan
2025-07-26 17:09:14,528 [INFO] IPUIPlugin:80 - create IPUIPlugin
2025-07-26 17:09:14,528 [INFO] PluginManager:220 - loadIPPluginJar : add tim
2025-07-26 17:09:14,531 [INFO] IPUIPlugin:80 - create IPUIPlugin
2025-07-26 17:09:14,531 [INFO] PluginManager:220 - loadIPPluginJar : add touchsensing
2025-07-26 17:09:14,533 [INFO] IPUIPlugin:80 - create IPUIPlugin
2025-07-26 17:09:14,533 [INFO] PluginManager:220 - loadIPPluginJar : add tracer_emb
2025-07-26 17:09:14,535 [INFO] IPUIPlugin:80 - create IPUIPlugin
2025-07-26 17:09:14,535 [INFO] PluginManager:220 - loadIPPluginJar : add ts
2025-07-26 17:09:14,537 [INFO] IPUIPlugin:80 - create IPUIPlugin
2025-07-26 17:09:14,537 [INFO] PluginManager:220 - loadIPPluginJar : add tsc
2025-07-26 17:09:14,539 [INFO] IPUIPlugin:80 - create IPUIPlugin
2025-07-26 17:09:14,539 [INFO] PluginManager:220 - loadIPPluginJar : add ucpd
2025-07-26 17:09:14,541 [INFO] IPUIPlugin:80 - create IPUIPlugin
2025-07-26 17:09:14,541 [INFO] PluginManager:220 - loadIPPluginJar : add usart
2025-07-26 17:09:14,545 [INFO] IPUIPlugin:80 - create IPUIPlugin
2025-07-26 17:09:14,545 [INFO] PluginManager:220 - loadIPPluginJar : add usbx
2025-07-26 17:09:14,676 [FATAL] Updater:351 - Updater called before beeing initialized
2025-07-26 17:09:14,702 [INFO] RulesReader:64 - Compatibility file has been processed (301 Rules)
2025-07-26 17:09:14,712 [INFO] RulesReader:64 - Compatibility file has been processed (301 Rules)
2025-07-26 17:09:14,719 [INFO] CADModel:165 - CPN selected for project level
2025-07-26 17:09:14,720 [INFO] CADModel:114 - Register for checkConnection events
2025-07-26 17:09:14,720 [FATAL] Updater:351 - Updater called before beeing initialized
2025-07-26 17:09:14,720 [ERROR] CADModel:125 - Updater not yet initialized, retry later 
2025-07-26 17:09:14,892 [FATAL] Updater:351 - Updater called before beeing initialized
2025-07-26 17:09:14,899 [INFO] CADModel:165 - CPN selected for project level
2025-07-26 17:09:14,899 [INFO] CADModel:114 - Register for checkConnection events
2025-07-26 17:09:14,899 [FATAL] Updater:351 - Updater called before beeing initialized
2025-07-26 17:09:14,899 [ERROR] CADModel:125 - Updater not yet initialized, retry later 
2025-07-26 17:09:14,902 [FATAL] Updater:351 - Updater called before beeing initialized
2025-07-26 17:09:15,057 [FATAL] Updater:351 - Updater called before beeing initialized
2025-07-26 17:09:15,063 [INFO] DbMcusAds:53 - JSON generation date=Thu Jun 19 10:32:37 CEST 2025 (1750321957418)
2025-07-26 17:09:15,064 [FATAL] Updater:351 - Updater called before beeing initialized
2025-07-26 17:09:15,113 [WARN] DetailPanel:346 - Failed to get advertising image, set to default
2025-07-26 17:09:15,388 [FATAL] Updater:351 - Updater called before beeing initialized
2025-07-26 17:09:15,390 [FATAL] Updater:351 - Updater called before beeing initialized
2025-07-26 17:09:15,390 [FATAL] Updater:351 - Updater called before beeing initialized
2025-07-26 17:09:15,390 [WARN] DetailPanel:346 - Failed to get advertising image, set to default
2025-07-26 17:09:15,391 [FATAL] Updater:351 - Updater called before beeing initialized
2025-07-26 17:09:15,438 [ERROR] Updater:1198 - MainUpdater not yet initialized. External WinMGr cannot be set.
2025-07-26 17:09:15,440 [INFO] Updater:1134 - Updater Version found : 6.14.0
2025-07-26 17:09:15,462 [INFO] ApplicationProperties:184 - Using Application install path: C:\ST\STM32CubeIDE_1.18.0\STM32CubeIDE\plugins\com.st.stm32cube.common.mx_6.14.0.202502271554
2025-07-26 17:09:16,799 [INFO] ThirdPartyUpdaterWithRetryManager:70 - Updater plugin not ready yet. [2/15]
2025-07-26 17:09:17,030 [ERROR] LogOutputStream:75 - [STDERR_REDIRECT] Jul 26, 2025 5:09:17 PM java.util.prefs.WindowsPreferences <init>
2025-07-26 17:09:17,032 [ERROR] LogOutputStream:75 - [STDERR_REDIRECT] WARNING: Could not open/create prefs root node Software\JavaSoft\Prefs at root 0xffffffff80000002. Windows RegCreateKeyEx(...) returned error code 5.
2025-07-26 17:09:17,032 [ERROR] LogOutputStream:75 - [STDERR_REDIRECT] 
2025-07-26 17:09:17,284 [INFO] MainUpdater:2872 - connection check result : 10
2025-07-26 17:09:17,284 [INFO] MainUpdater:289 - Updater Check For Update Now.
2025-07-26 17:09:17,284 [INFO] MicroXplorer:498 - Change Database Version : DB.6.0.140
2025-07-26 17:09:17,290 [INFO] McuFinderGlobals:63 - Set McuFinder mode to 2 (CubeIDE integrated)
2025-07-26 17:09:17,291 [INFO] UserAuth:486 - Internet connection configuration mode: 1
2025-07-26 17:09:17,316 [INFO] JxBrowserEngine:152 - Initiate JxBrowser Engine with user profile folder
2025-07-26 17:09:17,466 [INFO] CheckServerUpdateThread:120 - End of CheckServer Thread
2025-07-26 17:09:20,120 [WARN] PackLoader:240 - Cannot read IP mode file for STMicroelectronics.FP-SNS-MOTENVWB1.1.4.0
2025-07-26 17:09:20,128 [WARN] PackLoader:240 - Cannot read IP mode file for STMicroelectronics.FP-ATR-ASTRA1.2.0.2
2025-07-26 17:09:20,140 [WARN] PackLoader:240 - Cannot read IP mode file for STMicroelectronics.X-CUBE-SMBUS.2.1.0
2025-07-26 17:09:20,150 [WARN] PackLoader:240 - Cannot read IP mode file for STMicroelectronics.X-CUBE-WB05N.1.1.0
2025-07-26 17:09:20,158 [WARN] PackLoader:240 - Cannot read IP mode file for STMicroelectronics.X-CUBE-ST60.1.0.0
2025-07-26 17:09:20,196 [WARN] PackLoader:240 - Cannot read IP mode file for STMicroelectronics.X-CUBE-AZRTOS-F7.1.1.0
2025-07-26 17:09:20,205 [WARN] PackLoader:240 - Cannot read IP mode file for STMicroelectronics.FP-SNS-FLIGHT1.5.0.2
2025-07-26 17:09:20,206 [INFO] WebApp:169 - Instantiating new browser for Auth
2025-07-26 17:09:20,238 [WARN] PackLoader:240 - Cannot read IP mode file for Infineon.AIROC-Wi-Fi-Bluetooth-STM32.1.7.0
2025-07-26 17:09:20,278 [WARN] PackLoader:240 - Cannot read IP mode file for STMicroelectronics.X-CUBE-AZRTOS-H7.3.4.0
2025-07-26 17:09:20,295 [WARN] PackLoader:240 - Cannot read IP mode file for STMicroelectronics.X-CUBE-DISPLAY.3.0.0
2025-07-26 17:09:20,312 [WARN] PackLoader:240 - Cannot read IP mode file for STMicroelectronics.X-CUBE-NFC10.1.0.0
2025-07-26 17:09:20,330 [WARN] PackLoader:240 - Cannot read IP mode file for STMicroelectronics.X-CUBE-BLEMGR.4.0.0
2025-07-26 17:09:20,351 [WARN] PackLoader:240 - Cannot read IP mode file for emotas.I-CUBE-CANOPEN.1.3.0
2025-07-26 17:09:20,358 [WARN] ConditionMgr:438 - getConditionDescription Invalid condition id : Cortex-A Device cause : null
2025-07-26 17:09:20,399 [WARN] ConditionMgr:1044 - genDependencies : Invalid condition id : Cortex-A Device cause : null
2025-07-26 17:09:20,399 [WARN] ConditionMgr:1044 - genDependencies : Invalid condition id : Cortex-A Device cause : null
2025-07-26 17:09:20,399 [WARN] ConditionMgr:1044 - genDependencies : Invalid condition id : Cortex-A Device cause : null
2025-07-26 17:09:20,413 [WARN] PackLoader:240 - Cannot read IP mode file for STMicroelectronics.X-CUBE-AI.10.0.0
2025-07-26 17:09:20,424 [WARN] PackLoader:240 - Cannot read IP mode file for STMicroelectronics.FP-SNS-SMARTAG2.1.2.0
2025-07-26 17:09:20,437 [WARN] PackLoader:240 - Cannot read IP mode file for STMicroelectronics.FP-SNS-FLIGHT1.5.1.0
2025-07-26 17:09:20,505 [WARN] PackLoader:240 - Cannot read IP mode file for STMicroelectronics.X-CUBE-MEMS1.11.1.0
2025-07-26 17:09:20,653 [INFO] LogOutputStream:77 - [STDOUT_REDIRECT] 1 : Invalid condition id : UX_CORESTACK_Condition cause : null
2025-07-26 17:09:20,653 [INFO] LogOutputStream:77 - [STDOUT_REDIRECT] 1 : Invalid condition id : UX_CORESTACK_Condition cause : null
2025-07-26 17:09:20,655 [INFO] LogOutputStream:77 - [STDOUT_REDIRECT] 1 : Invalid condition id : UX_CORESTACK_Condition cause : null
2025-07-26 17:09:20,656 [INFO] LogOutputStream:77 - [STDOUT_REDIRECT] 1 : Invalid condition id : UX_CORESTACK_Condition cause : null
2025-07-26 17:09:20,657 [INFO] LogOutputStream:77 - [STDOUT_REDIRECT] 1 : Invalid condition id : UX_CORESTACK_Condition cause : null
2025-07-26 17:09:20,661 [WARN] PackLoader:240 - Cannot read IP mode file for STMicroelectronics.X-CUBE-AZRTOS-WL.2.0.0
2025-07-26 17:09:20,668 [WARN] PackLoader:240 - Cannot read IP mode file for STMicroelectronics.FP-SNS-MOTENV1.5.0.0
2025-07-26 17:09:20,678 [WARN] PackLoader:240 - Cannot read IP mode file for WES.I-CUBE-Cesium.1.3.0
2025-07-26 17:09:20,683 [WARN] PackLoader:240 - Cannot read IP mode file for STMicroelectronics.X-CUBE-BLE2.3.3.0
2025-07-26 17:09:20,691 [WARN] PackLoader:240 - Cannot read IP mode file for STMicroelectronics.X-CUBE-NFC9.1.0.0
2025-07-26 17:09:20,700 [WARN] PackLoader:240 - Cannot read IP mode file for STMicroelectronics.X-CUBE-BLE1.7.1.0
2025-07-26 17:09:20,722 [WARN] PackLoader:240 - Cannot read IP mode file for wolfSSL.I-CUBE-wolfMQTT.1.19.2
2025-07-26 17:09:20,730 [WARN] PackLoader:240 - Cannot read IP mode file for STMicroelectronics.X-CUBE-EEPRMA1.5.2.0
2025-07-26 17:09:20,736 [WARN] PackLoader:240 - Cannot read IP mode file for STMicroelectronics.X-CUBE-AI.10.1.0
2025-07-26 17:09:20,791 [WARN] PackLoader:240 - Cannot read IP mode file for STMicroelectronics.X-CUBE-MEMS1.11.2.0
2025-07-26 17:09:20,907 [WARN] PackLoader:240 - Cannot read IP mode file for STMicroelectronics.X-CUBE-AZRTOS-G0.1.1.0
2025-07-26 17:09:20,914 [WARN] PackLoader:240 - Cannot read IP mode file for STMicroelectronics.X-CUBE-SAFEA1.1.2.2
2025-07-26 17:09:20,921 [WARN] PackLoader:240 - Cannot read IP mode file for STMicroelectronics.X-CUBE-NFC4.3.0.0
2025-07-26 17:09:20,930 [WARN] PackLoader:240 - Cannot read IP mode file for EmbeddedOffice.I-CUBE-FS-RTOS.1.0.1
2025-07-26 17:09:20,936 [WARN] PackLoader:240 - Cannot read IP mode file for STMicroelectronics.X-CUBE-WB05N.2.0.0
2025-07-26 17:09:20,941 [WARN] PackLoader:240 - Cannot read IP mode file for wolfSSL.I-CUBE-wolfTPM.3.8.0
2025-07-26 17:09:20,947 [WARN] PackLoader:240 - Cannot read IP mode file for STMicroelectronics.X-CUBE-TCPP.4.2.0
2025-07-26 17:09:20,952 [WARN] PackLoader:240 - Cannot read IP mode file for RealThread.X-CUBE-RT-Thread_Nano.4.1.1
2025-07-26 17:09:20,956 [WARN] PackLoader:240 - Cannot read IP mode file for STMicroelectronics.FP-ATR-SIGFOX1.3.2.0
2025-07-26 17:09:20,961 [WARN] PackLoader:240 - Cannot read IP mode file for STMicroelectronics.X-CUBE-EEPRMA1.5.1.0
2025-07-26 17:09:20,966 [WARN] PackLoader:240 - Cannot read IP mode file for wolfSSL.I-CUBE-wolfSSL.5.7.6
2025-07-26 17:09:20,972 [WARN] PackLoader:240 - Cannot read IP mode file for ITTIA_DB.I-CUBE-ITTIADB.8.9.0
2025-07-26 17:09:20,977 [WARN] PackLoader:240 - Cannot read IP mode file for STMicroelectronics.X-CUBE-ST67W61.1.0.0
2025-07-26 17:09:20,995 [WARN] PackLoader:240 - Cannot read IP mode file for SEGGER.I-CUBE-embOS.1.3.1
2025-07-26 17:09:21,025 [WARN] PackLoader:240 - Cannot read IP mode file for STMicroelectronics.X-CUBE-ALGOBUILD.1.4.0
2025-07-26 17:09:21,057 [WARN] PackLoader:240 - Cannot read IP mode file for STMicroelectronics.X-CUBE-MEMS1.11.3.0
2025-07-26 17:09:21,169 [WARN] PackLoader:240 - Cannot read IP mode file for STMicroelectronics.X-CUBE-PM33A1.1.0.0
2025-07-26 17:09:21,202 [WARN] PackLoader:240 - Cannot read IP mode file for STMicroelectronics.X-CUBE-AZRTOS-F4.1.1.0
2025-07-26 17:09:21,214 [WARN] PackLoader:240 - Cannot read IP mode file for Avnet-IotConnect.X-CUBE-IoTC-DA16k-PMOD.1.0.0
2025-07-26 17:09:21,222 [WARN] PackLoader:240 - Cannot read IP mode file for STMicroelectronics.X-CUBE-ISPU.2.1.0
2025-07-26 17:09:21,247 [INFO] WebApp:463 - Apply proxy settings
2025-07-26 17:09:21,247 [WARN] PackLoader:240 - Cannot read IP mode file for STMicroelectronics.X-CUBE-NFC12.1.0.0
2025-07-26 17:09:21,248 [INFO] WebApp:548 - Chromium requires no authentication
2025-07-26 17:09:21,272 [INFO] WebApp:491 - Direct internet connection detected
2025-07-26 17:09:21,275 [WARN] PackLoader:240 - Cannot read IP mode file for STMicroelectronics.X-CUBE-AZRTOS-L5.2.0.0
2025-07-26 17:09:21,302 [WARN] PackLoader:240 - Cannot read IP mode file for STMicroelectronics.X-CUBE-NFC6.3.1.0
2025-07-26 17:09:21,317 [WARN] PackLoader:240 - Cannot read IP mode file for STMicroelectronics.X-CUBE-DPower.1.2.0
2025-07-26 17:09:21,329 [WARN] PackLoader:240 - Cannot read IP mode file for STMicroelectronics.X-CUBE-FREERTOS.1.3.1
2025-07-26 17:09:21,335 [WARN] PackLoader:240 - Cannot read IP mode file for STMicroelectronics.X-CUBE-FREERTOS.1.3.0
2025-07-26 17:09:21,339 [INFO] WebApp:894 - Register for checkConnection events
2025-07-26 17:09:21,339 [INFO] WebApp:463 - Apply proxy settings
2025-07-26 17:09:21,339 [INFO] WebApp:548 - Chromium requires no authentication
2025-07-26 17:09:21,340 [INFO] WebApp:491 - Direct internet connection detected
2025-07-26 17:09:21,345 [WARN] PackLoader:240 - Cannot read IP mode file for STMicroelectronics.X-CUBE-NFC7.1.0.1
2025-07-26 17:09:21,351 [WARN] PackLoader:240 - Cannot read IP mode file for STMicroelectronics.FP-SNS-STAIOTCFT.1.0.0
2025-07-26 17:09:21,361 [WARN] PackLoader:240 - Cannot read IP mode file for STMicroelectronics.X-CUBE-DPower.1.3.0
2025-07-26 17:09:21,389 [WARN] ConditionMgr:438 - getConditionDescription Invalid condition id : LAN8742 Phy interface Condition cause : null
2025-07-26 17:09:21,390 [WARN] PackLoader:240 - Cannot read IP mode file for STMicroelectronics.X-CUBE-AZRTOS-L4.2.0.0
2025-07-26 17:09:21,391 [WARN] ConditionMgr:1044 - genDependencies : Invalid condition id : LAN8742 Phy interface Condition cause : null
2025-07-26 17:09:21,391 [WARN] ConditionMgr:1044 - genDependencies : Invalid condition id : LAN8742 Phy interface Condition cause : null
2025-07-26 17:09:21,391 [WARN] ConditionMgr:1044 - genDependencies : Invalid condition id : LAN8742 Phy interface Condition cause : null
2025-07-26 17:09:21,405 [WARN] PackLoader:240 - Cannot read IP mode file for STMicroelectronics.X-CUBE-SFXS2LP1.4.0.0
2025-07-26 17:09:21,425 [WARN] PackLoader:240 - Cannot read IP mode file for STMicroelectronics.X-CUBE-AZRTOS-H7.3.3.0
2025-07-26 17:09:21,435 [WARN] PackLoader:240 - Cannot read IP mode file for STMicroelectronics.X-CUBE-BLEMGR.4.1.0
2025-07-26 17:09:21,453 [WARN] ConditionMgr:438 - getConditionDescription Invalid condition id : UX DEVICE CLASS RTOS Condition cause : null
2025-07-26 17:09:21,454 [WARN] ConditionMgr:438 - getConditionDescription Invalid condition id : UX DEVICE CLASS RTOS Condition cause : null
2025-07-26 17:09:21,455 [WARN] PackLoader:240 - Cannot read IP mode file for STMicroelectronics.X-CUBE-AZRTOS-WB.2.0.0
2025-07-26 17:09:21,456 [WARN] ConditionMgr:1044 - genDependencies : Invalid condition id : UX DEVICE CLASS RTOS Condition cause : null
2025-07-26 17:09:21,456 [WARN] ConditionMgr:1044 - genDependencies : Invalid condition id : UX DEVICE CLASS RTOS Condition cause : null
2025-07-26 17:09:21,457 [WARN] ConditionMgr:1044 - genDependencies : Invalid condition id : UX DEVICE CLASS RTOS Condition cause : null
2025-07-26 17:09:21,457 [WARN] ConditionMgr:1044 - genDependencies : Invalid condition id : UX DEVICE CLASS RTOS Condition cause : null
2025-07-26 17:09:21,457 [WARN] ConditionMgr:1044 - genDependencies : Invalid condition id : UX DEVICE CLASS RTOS Condition cause : null
2025-07-26 17:09:21,466 [WARN] PackLoader:240 - Cannot read IP mode file for STMicroelectronics.X-CUBE-GNSS1.7.0.1
2025-07-26 17:09:21,475 [WARN] PackLoader:240 - Cannot read IP mode file for STMicroelectronics.X-CUBE-TOUCHGFX.4.25.0
2025-07-26 17:09:21,486 [WARN] PackLoader:240 - Cannot read IP mode file for STMicroelectronics.FP-SNS-STBOX1.2.0.0
2025-07-26 17:09:21,496 [WARN] PackLoader:240 - Cannot read IP mode file for STMicroelectronics.X-CUBE-SUBG2.5.0.0
2025-07-26 17:09:21,512 [WARN] PackLoader:240 - Cannot read IP mode file for STMicroelectronics.X-CUBE-AZRTOS-H7RS.1.1.0
2025-07-26 17:09:21,519 [WARN] PackLoader:240 - Cannot read IP mode file for Cesanta.I-CUBE-Mongoose.7.13.0
2025-07-26 17:09:21,535 [WARN] PackLoader:240 - Cannot read IP mode file for STMicroelectronics.X-CUBE-AZRTOS-G4.2.0.0
2025-07-26 17:09:21,542 [WARN] PackLoader:240 - Cannot read IP mode file for wolfSSL.I-CUBE-wolfSSH.1.4.20
2025-07-26 17:09:21,549 [WARN] PackLoader:240 - Cannot read IP mode file for STMicroelectronics.X-CUBE-NFC7.2.0.0
2025-07-26 17:09:21,564 [INFO] WebApp:191 - Connection restablished
2025-07-26 17:09:21,571 [WARN] PackLoader:240 - Cannot read IP mode file for STMicroelectronics.X-CUBE-IPS.3.1.0
2025-07-26 17:09:21,582 [WARN] PackLoader:240 - Cannot read IP mode file for STMicroelectronics.X-CUBE-ALS.1.0.2
2025-07-26 17:09:21,586 [WARN] PackLoader:240 - Cannot read IP mode file for STMicroelectronics.X-CUBE-TOUCHGFX.4.24.2
2025-07-26 17:09:21,592 [WARN] PackLoader:240 - Cannot read IP mode file for portGmbH.I-Cube-SoM-uGOAL.1.1.0
2025-07-26 17:09:21,611 [WARN] PackLoader:240 - Cannot read IP mode file for STMicroelectronics.X-CUBE-AZRTOS-H7RS.1.0.0
2025-07-26 17:09:21,625 [WARN] PackLoader:240 - Cannot read IP mode file for STMicroelectronics.X-CUBE-TOF1.3.4.2
2025-07-26 17:09:21,643 [WARN] PackLoader:240 - Cannot read IP mode file for STMicroelectronics.X-CUBE-TOF1.3.4.3
2025-07-26 17:09:21,658 [INFO] ThirdParty:978 - Integrity check success = true
2025-07-26 17:09:21,658 [INFO] IntegrityCheckThread:100 - exiting critical section [integrity check]
2025-07-26 17:09:21,658 [INFO] IntegrityCheckThread:103 - End integrity checks thread
2025-07-26 17:09:21,693 [INFO] WebApp:225 - Starting web application
2025-07-26 17:09:21,694 [INFO] WebApp:593 - Web application path used C:\ST\STM32CubeIDE_1.18.0\STM32CubeIDE\plugins\com.st.stm32cube.common.mx_6.14.0.202502271554\db\plugins\mcufinder\reactClient1\index.html
2025-07-26 17:09:21,801 [INFO] UserAuth:486 - Internet connection configuration mode: 1
