2025-07-31 18:14:35,683 [INFO] Activator:176 - 


2025-07-31 18:14:35,693 [INFO] Activator:177 - !SESSION log4j initialized
2025-07-31 18:14:42,300 [INFO] LogOutputStream:77 - [STDOUT_REDIRECT] 
2025-07-31 18:14:52,543 [INFO] ApplicationProperties:184 - Using Application install path: C:\ST\STM32CubeIDE_1.18.0\STM32CubeIDE\plugins\com.st.stm32cube.common.mx_6.14.0.202502271554
2025-07-31 18:14:52,565 [INFO] DbMcusXml:78 - Set database path to: C:\ST\STM32CubeIDE_1.18.0\STM32CubeIDE\plugins\com.st.stm32cube.common.mx_6.14.0.202502271554\\db\/mcu/
2025-07-31 18:14:52,566 [INFO] ApiDb:274 - Set plugin database path to: C:\ST\STM32CubeIDE_1.18.0\STM32CubeIDE\plugins\com.st.stm32cube.common.mx_6.14.0.202502271554\\db\/plugins/boardmanager/
2025-07-31 18:14:52,566 [WARN] ApiDb:259 - Overriding images path with different value:  => C:\ST\STM32CubeIDE_1.18.0\STM32CubeIDE\plugins\com.st.stm32cube.common.mx_6.14.0.202502271554\\db\/plugins/mcufinder/images/
2025-07-31 18:14:52,576 [INFO] ApiDb:250 - Set database path to: C:\Users\marcv\.stmcufinder\plugins\mcufinder//mcu/
2025-07-31 18:14:52,577 [INFO] DbMcusAds:125 - Set database path to: C:\Users\marcv\.stmcufinder\plugins\mcufinder//mcu/
2025-07-31 18:14:52,580 [INFO] CrossReferenceDbSqlite:203 - Set database path to: C:\Users\marcv\.stmcufinder\plugins\mcufinder//mcu/cs/
2025-07-31 18:14:52,702 [INFO] RulesReader:64 - Compatibility file has been processed (301 Rules)
2025-07-31 18:14:52,793 [INFO] DbMcusXml:78 - Set database path to: C:\ST\STM32CubeIDE_1.18.0\STM32CubeIDE\plugins\com.st.stm32cube.common.mx_6.14.0.202502271554\\db\/mcu/
2025-07-31 18:14:52,793 [INFO] ApiDb:274 - Set plugin database path to: C:\ST\STM32CubeIDE_1.18.0\STM32CubeIDE\plugins\com.st.stm32cube.common.mx_6.14.0.202502271554\\db\/plugins/boardmanager/
2025-07-31 18:14:52,793 [INFO] ApiDb:261 - Set plugin images path to: C:\ST\STM32CubeIDE_1.18.0\STM32CubeIDE\plugins\com.st.stm32cube.common.mx_6.14.0.202502271554\\db\/plugins/mcufinder/images/
2025-07-31 18:14:52,794 [WARN] DbFile:41 - Overriding database path with different value: C:\Users\marcv\.stmcufinder\plugins\mcufinder/ => C:\Users\marcv\.stmcufinder\plugins\mcufinder
2025-07-31 18:14:52,794 [INFO] ApiDb:250 - Set database path to: C:\Users\marcv\.stmcufinder\plugins\mcufinder//mcu/
2025-07-31 18:14:52,794 [WARN] DbFile:41 - Overriding database path with different value: C:\Users\marcv\.stmcufinder\plugins\mcufinder/ => C:\Users\marcv\.stmcufinder\plugins\mcufinder
2025-07-31 18:14:52,794 [INFO] DbMcusAds:125 - Set database path to: C:\Users\marcv\.stmcufinder\plugins\mcufinder//mcu/
2025-07-31 18:14:52,794 [WARN] DbFile:41 - Overriding database path with different value: C:\Users\marcv\.stmcufinder\plugins\mcufinder/ => C:\Users\marcv\.stmcufinder\plugins\mcufinder
2025-07-31 18:14:52,794 [WARN] DbFile:41 - Overriding database path with different value: C:\Users\marcv\.stmcufinder\plugins\mcufinder/ => C:\Users\marcv\.stmcufinder\plugins\mcufinder
2025-07-31 18:14:52,800 [INFO] CrossReferenceDbSqlite:203 - Set database path to: C:\Users\marcv\.stmcufinder\plugins\mcufinder//mcu/cs/
2025-07-31 18:14:52,881 [INFO] MainPanel:272 - HeapMemory: 268435456
2025-07-31 18:14:53,022 [INFO] DbMcusXml:78 - Set database path to: C:\ST\STM32CubeIDE_1.18.0\STM32CubeIDE\plugins\com.st.stm32cube.common.mx_6.14.0.202502271554\\db\/mcu/
2025-07-31 18:14:53,022 [INFO] ApiDb:274 - Set plugin database path to: C:\ST\STM32CubeIDE_1.18.0\STM32CubeIDE\plugins\com.st.stm32cube.common.mx_6.14.0.202502271554\\db\/plugins/boardmanager/
2025-07-31 18:14:53,022 [INFO] ApiDb:261 - Set plugin images path to: C:\ST\STM32CubeIDE_1.18.0\STM32CubeIDE\plugins\com.st.stm32cube.common.mx_6.14.0.202502271554\\db\/plugins/mcufinder/images/
2025-07-31 18:14:53,023 [WARN] DbFile:41 - Overriding database path with different value: C:\Users\marcv\.stmcufinder\plugins\mcufinder/ => C:\Users\marcv\.stmcufinder\plugins\mcufinder
2025-07-31 18:14:53,023 [INFO] ApiDb:250 - Set database path to: C:\Users\marcv\.stmcufinder\plugins\mcufinder//mcu/
2025-07-31 18:14:53,023 [WARN] DbFile:41 - Overriding database path with different value: C:\Users\marcv\.stmcufinder\plugins\mcufinder/ => C:\Users\marcv\.stmcufinder\plugins\mcufinder
2025-07-31 18:14:53,023 [INFO] DbMcusAds:125 - Set database path to: C:\Users\marcv\.stmcufinder\plugins\mcufinder//mcu/
2025-07-31 18:14:53,023 [WARN] DbFile:41 - Overriding database path with different value: C:\Users\marcv\.stmcufinder\plugins\mcufinder/ => C:\Users\marcv\.stmcufinder\plugins\mcufinder
2025-07-31 18:14:53,023 [WARN] DbFile:41 - Overriding database path with different value: C:\Users\marcv\.stmcufinder\plugins\mcufinder/ => C:\Users\marcv\.stmcufinder\plugins\mcufinder
2025-07-31 18:14:53,023 [INFO] CrossReferenceDbSqlite:203 - Set database path to: C:\Users\marcv\.stmcufinder\plugins\mcufinder//mcu/cs/
2025-07-31 18:14:53,042 [INFO] ApplicationProperties:184 - Using Application install path: C:\ST\STM32CubeIDE_1.18.0\STM32CubeIDE\plugins\com.st.stm32cube.common.mx_6.14.0.202502271554
2025-07-31 18:14:53,043 [INFO] PluginManage:196 - Search for loadable plugins [exclusion list=, ]
2025-07-31 18:14:53,045 [INFO] PluginManage:310 - Check plugin analytics
2025-07-31 18:14:57,765 [INFO] AnalyticsPlugin:253 - Accepted Software Licenses: 
2025-07-31 18:14:57,766 [INFO] AnalyticsPlugin:255 - Accepted CMSIS Pack Licenses: 
2025-07-31 18:14:57,766 [INFO] AnalyticsPlugin:257 - Accepted Firmware Licenses: FW.H7.1.12.0
2025-07-31 18:14:57,768 [INFO] PluginManage:359 - Loaded plugin analytics (category:tool,tabindex:-1)
2025-07-31 18:14:57,768 [INFO] PluginManage:310 - Check plugin cadmodel
2025-07-31 18:14:57,789 [INFO] CADModel:105 - Init CAD model plugin
2025-07-31 18:14:57,789 [INFO] PluginManage:359 - Loaded plugin cadmodel (category:power,tabindex:5)
2025-07-31 18:14:57,790 [INFO] PluginManage:310 - Check plugin clock
2025-07-31 18:14:57,813 [INFO] PluginManage:359 - Loaded plugin clock (category:base,tabindex:2)
2025-07-31 18:14:57,813 [INFO] PluginManage:310 - Check plugin ddr
2025-07-31 18:14:57,816 [INFO] PluginManage:359 - Loaded plugin ddr (category:tool,tabindex:6)
2025-07-31 18:14:57,816 [INFO] PluginManage:310 - Check plugin filemanager
2025-07-31 18:14:57,969 [INFO] PluginManage:359 - Loaded plugin filemanager (category:base,tabindex:10)
2025-07-31 18:14:57,969 [INFO] PluginManage:310 - Check plugin ipmanager
2025-07-31 18:14:57,977 [INFO] PluginManage:359 - Loaded plugin ipmanager (category:base,tabindex:5)
2025-07-31 18:14:57,977 [INFO] PluginManage:310 - Check plugin lpbam
2025-07-31 18:14:57,998 [INFO] PluginManage:359 - Loaded plugin lpbam (category:base,tabindex:0)
2025-07-31 18:14:57,998 [INFO] PluginManage:310 - Check plugin memorymap
2025-07-31 18:14:58,042 [INFO] PluginManage:359 - Loaded plugin memorymap (category:base,tabindex:4)
2025-07-31 18:14:58,042 [INFO] PluginManage:310 - Check plugin pinoutandconfiguration
2025-07-31 18:14:58,063 [INFO] PluginManage:359 - Loaded plugin pinoutandconfiguration (category:base,tabindex:1)
2025-07-31 18:14:58,063 [INFO] PluginManage:310 - Check plugin pinoutconfig
2025-07-31 18:14:58,164 [WARN] SupportedApi:132 - Cannot load RTOS API schema: s4s-elt-must-match.1: The content of 'definitions' must match (annotation?, (simpleType | complexType)?, (unique | key | keyref)*)). A problem was found starting at: attribute.
2025-07-31 18:14:58,300 [INFO] PluginManage:359 - Loaded plugin pinoutconfig (category:base,tabindex:0)
2025-07-31 18:14:58,300 [INFO] PluginManage:310 - Check plugin power
2025-07-31 18:14:58,324 [INFO] PluginManage:359 - Loaded plugin power (category:power,tabindex:4)
2025-07-31 18:14:58,324 [INFO] PluginManage:310 - Check plugin projectmanager
2025-07-31 18:14:58,339 [INFO] PluginManage:359 - Loaded plugin projectmanager (category:projectmanager,tabindex:4)
2025-07-31 18:14:58,339 [INFO] PluginManage:310 - Check plugin rif
2025-07-31 18:14:58,360 [INFO] PluginManage:359 - Loaded plugin rif (category:base,tabindex:3)
2025-07-31 18:14:58,360 [INFO] PluginManage:310 - Check plugin thirdparty
2025-07-31 18:14:58,686 [INFO] PluginManage:359 - Loaded plugin thirdparty (category:base,tabindex:-1)
2025-07-31 18:14:58,686 [WARN] IntegrityCheckThread:84 - waiting for thirdparty lock release [integrity check]
2025-07-31 18:14:58,686 [INFO] PluginManage:310 - Check plugin tools
2025-07-31 18:14:58,686 [INFO] IntegrityCheckThread:86 - entering critical section [integrity check]
2025-07-31 18:14:58,686 [INFO] ThirdPartyUpdaterWithRetryManager:70 - Updater plugin not ready yet. [1/15]
2025-07-31 18:14:58,736 [INFO] PluginManage:359 - Loaded plugin tools (category:base,tabindex:7)
2025-07-31 18:14:58,737 [INFO] PluginManage:310 - Check plugin tutovideos
2025-07-31 18:14:58,952 [INFO] PluginManage:359 - Loaded plugin tutovideos (category:base,tabindex:-1)
2025-07-31 18:14:58,952 [INFO] PluginManage:310 - Check plugin updater
2025-07-31 18:14:58,973 [INFO] PluginManage:359 - Loaded plugin updater (category:base,tabindex:12)
2025-07-31 18:14:58,973 [INFO] PluginManage:310 - Check plugin userauth
2025-07-31 18:14:58,977 [INFO] UserAuth:118 - Init User Auth plugin
2025-07-31 18:14:58,978 [INFO] PluginManage:359 - Loaded plugin userauth (category:base,tabindex:14)
2025-07-31 18:14:58,978 [INFO] PluginManage:283 - PluginManage : Loaded plugins [18]
2025-07-31 18:14:59,207 [INFO] PinOutPanel:1589 - setPackage(No Configuration,No Configuration)
2025-07-31 18:14:59,294 [INFO] CADModel:165 - CPN selected for project level
2025-07-31 18:14:59,294 [INFO] CADModel:114 - Register for checkConnection events
2025-07-31 18:14:59,327 [INFO] IPUIPlugin:80 - create IPUIPlugin
2025-07-31 18:14:59,327 [INFO] PluginManager:220 - loadIPPluginJar : add adc
2025-07-31 18:14:59,384 [INFO] IPUIPlugin:80 - create IPUIPlugin
2025-07-31 18:14:59,384 [INFO] PluginManager:220 - loadIPPluginJar : add aes
2025-07-31 18:14:59,444 [INFO] IPUIPlugin:80 - create IPUIPlugin
2025-07-31 18:14:59,444 [INFO] PluginManager:220 - loadIPPluginJar : add can
2025-07-31 18:14:59,478 [INFO] IPUIPlugin:80 - create IPUIPlugin
2025-07-31 18:14:59,479 [INFO] PluginManager:220 - loadIPPluginJar : add comp
2025-07-31 18:14:59,527 [INFO] IPUIPlugin:80 - create IPUIPlugin
2025-07-31 18:14:59,527 [INFO] PluginManager:220 - loadIPPluginJar : add cryp
2025-07-31 18:14:59,544 [INFO] IPUIPlugin:80 - create IPUIPlugin
2025-07-31 18:14:59,544 [INFO] PluginManager:220 - loadIPPluginJar : add ddr_ctrl_phy
2025-07-31 18:14:59,586 [INFO] IPUIPlugin:80 - create IPUIPlugin
2025-07-31 18:14:59,587 [INFO] PluginManager:220 - loadIPPluginJar : add dfsdm
2025-07-31 18:14:59,603 [INFO] IPUIPlugin:80 - create IPUIPlugin
2025-07-31 18:14:59,604 [INFO] PluginManager:220 - loadIPPluginJar : add dma
2025-07-31 18:14:59,661 [INFO] IPUIPlugin:80 - create IPUIPlugin
2025-07-31 18:14:59,662 [INFO] PluginManager:220 - loadIPPluginJar : add dma3
2025-07-31 18:14:59,722 [INFO] IPUIPlugin:80 - create IPUIPlugin
2025-07-31 18:14:59,722 [INFO] PluginManager:220 - loadIPPluginJar : add extmemmanager
2025-07-31 18:14:59,750 [INFO] IPUIPlugin:80 - create IPUIPlugin
2025-07-31 18:14:59,751 [INFO] PluginManager:220 - loadIPPluginJar : add fatfs
2025-07-31 18:14:59,812 [INFO] IPUIPlugin:80 - create IPUIPlugin
2025-07-31 18:14:59,812 [INFO] PluginManager:220 - loadIPPluginJar : add fmc
2025-07-31 18:14:59,831 [INFO] IPUIPlugin:80 - create IPUIPlugin
2025-07-31 18:14:59,831 [INFO] PluginManager:220 - loadIPPluginJar : add freertos
2025-07-31 18:14:59,861 [INFO] IPUIPlugin:80 - create IPUIPlugin
2025-07-31 18:14:59,861 [INFO] PluginManager:220 - loadIPPluginJar : add genericplugin
2025-07-31 18:14:59,995 [INFO] IPUIPlugin:80 - create IPUIPlugin
2025-07-31 18:14:59,995 [INFO] PluginManager:220 - loadIPPluginJar : add gfxmmu
2025-07-31 18:15:00,201 [INFO] IPUIPlugin:80 - create IPUIPlugin
2025-07-31 18:15:00,202 [INFO] PluginManager:220 - loadIPPluginJar : add gic
2025-07-31 18:15:00,218 [INFO] IPUIPlugin:80 - create IPUIPlugin
2025-07-31 18:15:00,218 [INFO] PluginManager:220 - loadIPPluginJar : add gpio
2025-07-31 18:15:00,336 [INFO] IPUIPlugin:80 - create IPUIPlugin
2025-07-31 18:15:00,336 [INFO] PluginManager:220 - loadIPPluginJar : add gtzc
2025-07-31 18:15:00,383 [INFO] IPUIPlugin:80 - create IPUIPlugin
2025-07-31 18:15:00,383 [INFO] PluginManager:220 - loadIPPluginJar : add hash
2025-07-31 18:15:00,455 [INFO] IPUIPlugin:80 - create IPUIPlugin
2025-07-31 18:15:00,455 [INFO] PluginManager:220 - loadIPPluginJar : add i2c
2025-07-31 18:15:00,509 [INFO] IPUIPlugin:80 - create IPUIPlugin
2025-07-31 18:15:00,509 [INFO] PluginManager:220 - loadIPPluginJar : add i2s
2025-07-31 18:15:00,563 [INFO] IPUIPlugin:80 - create IPUIPlugin
2025-07-31 18:15:00,563 [INFO] PluginManager:220 - loadIPPluginJar : add i3c
2025-07-31 18:15:00,692 [INFO] IPUIPlugin:80 - create IPUIPlugin
2025-07-31 18:15:00,693 [INFO] PluginManager:220 - loadIPPluginJar : add ipddr
2025-07-31 18:15:00,818 [INFO] IPUIPlugin:80 - create IPUIPlugin
2025-07-31 18:15:00,818 [INFO] PluginManager:220 - loadIPPluginJar : add linkedlist
2025-07-31 18:15:00,867 [INFO] IPUIPlugin:80 - create IPUIPlugin
2025-07-31 18:15:00,868 [INFO] PluginManager:220 - loadIPPluginJar : add lorawan
2025-07-31 18:15:00,921 [INFO] IPUIPlugin:80 - create IPUIPlugin
2025-07-31 18:15:00,921 [INFO] PluginManager:220 - loadIPPluginJar : add ltdc
2025-07-31 18:15:00,938 [INFO] IPUIPlugin:80 - create IPUIPlugin
2025-07-31 18:15:00,938 [INFO] PluginManager:220 - loadIPPluginJar : add mdma
2025-07-31 18:15:00,954 [INFO] IPUIPlugin:80 - create IPUIPlugin
2025-07-31 18:15:00,954 [INFO] PluginManager:220 - loadIPPluginJar : add nvic
2025-07-31 18:15:01,008 [INFO] IPUIPlugin:80 - create IPUIPlugin
2025-07-31 18:15:01,008 [INFO] PluginManager:220 - loadIPPluginJar : add opamp
2025-07-31 18:15:01,094 [INFO] IPUIPlugin:80 - create IPUIPlugin
2025-07-31 18:15:01,094 [INFO] PluginManager:220 - loadIPPluginJar : add openamp
2025-07-31 18:15:01,160 [INFO] IPUIPlugin:80 - create IPUIPlugin
2025-07-31 18:15:01,160 [INFO] PluginManager:220 - loadIPPluginJar : add pdm2pcm
2025-07-31 18:15:01,181 [INFO] IPUIPlugin:80 - create IPUIPlugin
2025-07-31 18:15:01,183 [INFO] PluginManager:220 - loadIPPluginJar : add plateformsettings
2025-07-31 18:15:01,213 [INFO] IPUIPlugin:80 - create IPUIPlugin
2025-07-31 18:15:01,213 [INFO] PluginManager:220 - loadIPPluginJar : add quadspi
2025-07-31 18:15:01,249 [INFO] IPUIPlugin:80 - create IPUIPlugin
2025-07-31 18:15:01,250 [INFO] PluginManager:220 - loadIPPluginJar : add radio
2025-07-31 18:15:01,267 [INFO] IPUIPlugin:80 - create IPUIPlugin
2025-07-31 18:15:01,267 [INFO] PluginManager:220 - loadIPPluginJar : add resmgrutility
2025-07-31 18:15:01,328 [INFO] IPUIPlugin:80 - create IPUIPlugin
2025-07-31 18:15:01,329 [INFO] PluginManager:220 - loadIPPluginJar : add sai
2025-07-31 18:15:01,378 [INFO] IPUIPlugin:80 - create IPUIPlugin
2025-07-31 18:15:01,378 [INFO] PluginManager:220 - loadIPPluginJar : add spi
2025-07-31 18:15:01,477 [INFO] IPUIPlugin:80 - create IPUIPlugin
2025-07-31 18:15:01,477 [INFO] PluginManager:220 - loadIPPluginJar : add stm32_wpan
2025-07-31 18:15:01,511 [INFO] IPUIPlugin:80 - create IPUIPlugin
2025-07-31 18:15:01,511 [INFO] PluginManager:220 - loadIPPluginJar : add tim
2025-07-31 18:15:01,601 [INFO] IPUIPlugin:80 - create IPUIPlugin
2025-07-31 18:15:01,602 [INFO] PluginManager:220 - loadIPPluginJar : add touchsensing
2025-07-31 18:15:01,633 [INFO] IPUIPlugin:80 - create IPUIPlugin
2025-07-31 18:15:01,634 [INFO] PluginManager:220 - loadIPPluginJar : add tracer_emb
2025-07-31 18:15:01,666 [INFO] IPUIPlugin:80 - create IPUIPlugin
2025-07-31 18:15:01,666 [INFO] PluginManager:220 - loadIPPluginJar : add ts
2025-07-31 18:15:01,688 [INFO] ThirdPartyUpdaterWithRetryManager:70 - Updater plugin not ready yet. [2/15]
2025-07-31 18:15:01,698 [INFO] IPUIPlugin:80 - create IPUIPlugin
2025-07-31 18:15:01,699 [INFO] PluginManager:220 - loadIPPluginJar : add tsc
2025-07-31 18:15:01,730 [INFO] IPUIPlugin:80 - create IPUIPlugin
2025-07-31 18:15:01,730 [INFO] PluginManager:220 - loadIPPluginJar : add ucpd
2025-07-31 18:15:01,791 [INFO] IPUIPlugin:80 - create IPUIPlugin
2025-07-31 18:15:01,791 [INFO] PluginManager:220 - loadIPPluginJar : add usart
2025-07-31 18:15:01,871 [INFO] IPUIPlugin:80 - create IPUIPlugin
2025-07-31 18:15:01,871 [INFO] PluginManager:220 - loadIPPluginJar : add usbx
2025-07-31 18:15:01,999 [FATAL] Updater:351 - Updater called before beeing initialized
2025-07-31 18:15:02,021 [INFO] RulesReader:64 - Compatibility file has been processed (301 Rules)
2025-07-31 18:15:02,033 [INFO] RulesReader:64 - Compatibility file has been processed (301 Rules)
2025-07-31 18:15:02,041 [INFO] CADModel:165 - CPN selected for project level
2025-07-31 18:15:02,041 [INFO] CADModel:114 - Register for checkConnection events
2025-07-31 18:15:02,041 [FATAL] Updater:351 - Updater called before beeing initialized
2025-07-31 18:15:02,041 [ERROR] CADModel:125 - Updater not yet initialized, retry later 
2025-07-31 18:15:02,193 [FATAL] Updater:351 - Updater called before beeing initialized
2025-07-31 18:15:02,196 [INFO] CADModel:165 - CPN selected for project level
2025-07-31 18:15:02,196 [INFO] CADModel:114 - Register for checkConnection events
2025-07-31 18:15:02,196 [FATAL] Updater:351 - Updater called before beeing initialized
2025-07-31 18:15:02,196 [ERROR] CADModel:125 - Updater not yet initialized, retry later 
2025-07-31 18:15:02,199 [FATAL] Updater:351 - Updater called before beeing initialized
2025-07-31 18:15:02,306 [FATAL] Updater:351 - Updater called before beeing initialized
2025-07-31 18:15:02,318 [INFO] DbMcusAds:53 - JSON generation date=Thu Jun 19 10:32:37 CEST 2025 (1750321957418)
2025-07-31 18:15:02,318 [FATAL] Updater:351 - Updater called before beeing initialized
2025-07-31 18:15:02,364 [WARN] DetailPanel:346 - Failed to get advertising image, set to default
2025-07-31 18:15:02,630 [FATAL] Updater:351 - Updater called before beeing initialized
2025-07-31 18:15:02,632 [FATAL] Updater:351 - Updater called before beeing initialized
2025-07-31 18:15:02,632 [FATAL] Updater:351 - Updater called before beeing initialized
2025-07-31 18:15:02,632 [WARN] DetailPanel:346 - Failed to get advertising image, set to default
2025-07-31 18:15:02,633 [FATAL] Updater:351 - Updater called before beeing initialized
2025-07-31 18:15:02,692 [ERROR] Updater:1198 - MainUpdater not yet initialized. External WinMGr cannot be set.
2025-07-31 18:15:02,704 [INFO] Updater:1134 - Updater Version found : 6.14.0
2025-07-31 18:15:02,728 [INFO] ApplicationProperties:184 - Using Application install path: C:\ST\STM32CubeIDE_1.18.0\STM32CubeIDE\plugins\com.st.stm32cube.common.mx_6.14.0.202502271554
2025-07-31 18:15:04,307 [ERROR] LogOutputStream:75 - [STDERR_REDIRECT] Jul 31, 2025 6:15:04 PM java.util.prefs.WindowsPreferences <init>
2025-07-31 18:15:04,309 [ERROR] LogOutputStream:75 - [STDERR_REDIRECT] WARNING: Could not open/create prefs root node Software\JavaSoft\Prefs at root 0xffffffff80000002. Windows RegCreateKeyEx(...) returned error code 5.
2025-07-31 18:15:04,309 [ERROR] LogOutputStream:75 - [STDERR_REDIRECT] 
2025-07-31 18:15:04,611 [INFO] MainUpdater:2872 - connection check result : 10
2025-07-31 18:15:04,611 [INFO] MainUpdater:3566 - Updater definition file requires update
2025-07-31 18:15:04,612 [INFO] MainUpdater:289 - Updater Check For Update Now.
2025-07-31 18:15:04,612 [INFO] MicroXplorer:498 - Change Database Version : DB.6.0.140
2025-07-31 18:15:04,634 [INFO] McuFinderGlobals:63 - Set McuFinder mode to 2 (CubeIDE integrated)
2025-07-31 18:15:04,643 [INFO] UserAuth:486 - Internet connection configuration mode: 1
2025-07-31 18:15:04,677 [INFO] JxBrowserEngine:152 - Initiate JxBrowser Engine with user profile folder
2025-07-31 18:15:04,679 [INFO] ServerAccessManage:473 - Download File updaters.zip
2025-07-31 18:15:04,688 [WARN] MainUpdater:1193 - Updater busy. Cannot search thirdparties
2025-07-31 18:15:04,688 [INFO] ThirdPartyUpdaterWithRetryManager:96 - Updater plugin is busy. [1/15]
2025-07-31 18:15:04,771 [INFO] FileExtend:242 - Unzip File : updaters.zip
2025-07-31 18:15:04,771 [INFO] FileExtend:257 - Standard Zip Deflate
2025-07-31 18:15:05,785 [INFO] ServerAccessManage:473 - Download File PacksControlFlags.xml
2025-07-31 18:15:05,895 [INFO] ServerAccessManage:473 - Download File cubemx.pidx
2025-07-31 18:15:07,038 [INFO] ServerAccessManage:473 - Download File STMicroelectronics.FP-SNS-STBOX1.pdsc
2025-07-31 18:15:07,689 [WARN] MainUpdater:1193 - Updater busy. Cannot search thirdparties
2025-07-31 18:15:07,689 [INFO] ThirdPartyUpdaterWithRetryManager:96 - Updater plugin is busy. [2/15]
2025-07-31 18:15:08,417 [INFO] WebApp:169 - Instantiating new browser for Auth
2025-07-31 18:15:09,557 [INFO] WebApp:463 - Apply proxy settings
2025-07-31 18:15:09,557 [INFO] WebApp:548 - Chromium requires no authentication
2025-07-31 18:15:09,587 [INFO] WebApp:491 - Direct internet connection detected
2025-07-31 18:15:09,650 [INFO] WebApp:894 - Register for checkConnection events
2025-07-31 18:15:09,650 [INFO] WebApp:463 - Apply proxy settings
2025-07-31 18:15:09,650 [INFO] WebApp:548 - Chromium requires no authentication
2025-07-31 18:15:09,651 [INFO] WebApp:491 - Direct internet connection detected
2025-07-31 18:15:09,875 [INFO] WebApp:191 - Connection restablished
2025-07-31 18:15:10,056 [INFO] WebApp:225 - Starting web application
2025-07-31 18:15:10,057 [INFO] WebApp:593 - Web application path used C:\ST\STM32CubeIDE_1.18.0\STM32CubeIDE\plugins\com.st.stm32cube.common.mx_6.14.0.202502271554\db\plugins\mcufinder\reactClient1\index.html
2025-07-31 18:15:10,069 [WARN] PopulateThirdPartyThread:106 - Error when creating pack: C:/Users/marcv/.stm32cubemx/thirdparties/pdsc/STMicroelectronics.FP-SNS-STBOX1.pdsc
2025-07-31 18:15:10,069 [INFO] PopulateThirdPartyThread:66 - Ending populate Thread
2025-07-31 18:15:10,069 [INFO] LoadServerUpdatesThread:375 - End of LoadServerUpdate Thread
2025-07-31 18:15:10,271 [INFO] CheckServerUpdateThread:120 - End of CheckServer Thread
2025-07-31 18:15:10,277 [INFO] UserAuth:486 - Internet connection configuration mode: 1
2025-07-31 18:15:10,971 [WARN] PackLoader:240 - Cannot read IP mode file for STMicroelectronics.FP-SNS-MOTENVWB1.1.4.0
2025-07-31 18:15:10,979 [WARN] PackLoader:240 - Cannot read IP mode file for STMicroelectronics.FP-ATR-ASTRA1.2.0.2
2025-07-31 18:15:10,995 [WARN] PackLoader:240 - Cannot read IP mode file for STMicroelectronics.X-CUBE-SMBUS.2.1.0
2025-07-31 18:15:11,011 [WARN] PackLoader:240 - Cannot read IP mode file for STMicroelectronics.X-CUBE-WB05N.1.1.0
2025-07-31 18:15:11,027 [WARN] PackLoader:240 - Cannot read IP mode file for STMicroelectronics.X-CUBE-ST60.1.0.0
2025-07-31 18:15:11,074 [WARN] PackLoader:240 - Cannot read IP mode file for STMicroelectronics.X-CUBE-AZRTOS-F7.1.1.0
2025-07-31 18:15:11,093 [WARN] PackLoader:240 - Cannot read IP mode file for STMicroelectronics.FP-SNS-FLIGHT1.5.0.2
2025-07-31 18:15:11,135 [WARN] PackLoader:240 - Cannot read IP mode file for Infineon.AIROC-Wi-Fi-Bluetooth-STM32.1.7.0
2025-07-31 18:15:11,184 [WARN] PackLoader:240 - Cannot read IP mode file for STMicroelectronics.X-CUBE-AZRTOS-H7.3.4.0
2025-07-31 18:15:11,211 [WARN] PackLoader:240 - Cannot read IP mode file for STMicroelectronics.X-CUBE-DISPLAY.3.0.0
2025-07-31 18:15:11,235 [WARN] PackLoader:240 - Cannot read IP mode file for STMicroelectronics.X-CUBE-NFC10.1.0.0
2025-07-31 18:15:11,261 [WARN] PackLoader:240 - Cannot read IP mode file for STMicroelectronics.X-CUBE-BLEMGR.4.0.0
2025-07-31 18:15:11,282 [WARN] PackLoader:240 - Cannot read IP mode file for emotas.I-CUBE-CANOPEN.1.3.0
2025-07-31 18:15:11,288 [WARN] ConditionMgr:438 - getConditionDescription Invalid condition id : Cortex-A Device cause : null
2025-07-31 18:15:11,310 [WARN] ConditionMgr:1044 - genDependencies : Invalid condition id : Cortex-A Device cause : null
2025-07-31 18:15:11,310 [WARN] ConditionMgr:1044 - genDependencies : Invalid condition id : Cortex-A Device cause : null
2025-07-31 18:15:11,310 [WARN] ConditionMgr:1044 - genDependencies : Invalid condition id : Cortex-A Device cause : null
2025-07-31 18:15:11,328 [WARN] PackLoader:240 - Cannot read IP mode file for STMicroelectronics.X-CUBE-AI.10.0.0
2025-07-31 18:15:11,330 [ERROR] Engine:466 - C:\Users\marcv\.stm32cubemx\thirdparties\pdsc\STMicroelectronics.FP-SNS-STBOX1.2.1.0.pdsc: PDSC version is not supported
2025-07-31 18:15:11,348 [WARN] PackLoader:240 - Cannot read IP mode file for STMicroelectronics.FP-SNS-SMARTAG2.1.2.0
2025-07-31 18:15:11,351 [WARN] PackLoader:240 - Cannot read IP mode file for STMicroelectronics.FP-SNS-FLIGHT1.5.1.0
2025-07-31 18:15:11,419 [WARN] PackLoader:240 - Cannot read IP mode file for STMicroelectronics.X-CUBE-MEMS1.11.1.0
2025-07-31 18:15:11,603 [INFO] LogOutputStream:77 - [STDOUT_REDIRECT] 1 : Invalid condition id : UX_CORESTACK_Condition cause : null
2025-07-31 18:15:11,604 [INFO] LogOutputStream:77 - [STDOUT_REDIRECT] 1 : Invalid condition id : UX_CORESTACK_Condition cause : null
2025-07-31 18:15:11,605 [INFO] LogOutputStream:77 - [STDOUT_REDIRECT] 1 : Invalid condition id : UX_CORESTACK_Condition cause : null
2025-07-31 18:15:11,606 [INFO] LogOutputStream:77 - [STDOUT_REDIRECT] 1 : Invalid condition id : UX_CORESTACK_Condition cause : null
2025-07-31 18:15:11,607 [INFO] LogOutputStream:77 - [STDOUT_REDIRECT] 1 : Invalid condition id : UX_CORESTACK_Condition cause : null
2025-07-31 18:15:11,608 [WARN] PackLoader:240 - Cannot read IP mode file for STMicroelectronics.X-CUBE-AZRTOS-WL.2.0.0
2025-07-31 18:15:11,627 [WARN] PackLoader:240 - Cannot read IP mode file for STMicroelectronics.FP-SNS-MOTENV1.5.0.0
2025-07-31 18:15:11,648 [WARN] PackLoader:240 - Cannot read IP mode file for WES.I-CUBE-Cesium.1.3.0
2025-07-31 18:15:11,664 [WARN] PackLoader:240 - Cannot read IP mode file for STMicroelectronics.X-CUBE-BLE2.3.3.0
2025-07-31 18:15:11,682 [WARN] PackLoader:240 - Cannot read IP mode file for STMicroelectronics.X-CUBE-NFC9.1.0.0
2025-07-31 18:15:11,697 [WARN] PackLoader:240 - Cannot read IP mode file for STMicroelectronics.X-CUBE-BLE1.7.1.0
2025-07-31 18:15:11,703 [WARN] PackLoader:240 - Cannot read IP mode file for wolfSSL.I-CUBE-wolfMQTT.1.19.2
2025-07-31 18:15:11,719 [WARN] PackLoader:240 - Cannot read IP mode file for STMicroelectronics.X-CUBE-EEPRMA1.5.2.0
2025-07-31 18:15:11,733 [WARN] PackLoader:240 - Cannot read IP mode file for STMicroelectronics.X-CUBE-AI.10.1.0
2025-07-31 18:15:11,782 [WARN] PackLoader:240 - Cannot read IP mode file for STMicroelectronics.X-CUBE-MEMS1.11.2.0
2025-07-31 18:15:11,918 [WARN] PackLoader:240 - Cannot read IP mode file for STMicroelectronics.X-CUBE-AZRTOS-G0.1.1.0
2025-07-31 18:15:11,938 [WARN] PackLoader:240 - Cannot read IP mode file for STMicroelectronics.X-CUBE-SAFEA1.1.2.2
2025-07-31 18:15:11,954 [WARN] PackLoader:240 - Cannot read IP mode file for STMicroelectronics.X-CUBE-NFC4.3.0.0
2025-07-31 18:15:11,975 [WARN] PackLoader:240 - Cannot read IP mode file for EmbeddedOffice.I-CUBE-FS-RTOS.1.0.1
2025-07-31 18:15:11,992 [WARN] PackLoader:240 - Cannot read IP mode file for STMicroelectronics.X-CUBE-WB05N.2.0.0
2025-07-31 18:15:11,997 [WARN] PackLoader:240 - Cannot read IP mode file for wolfSSL.I-CUBE-wolfTPM.3.8.0
2025-07-31 18:15:12,016 [WARN] PackLoader:240 - Cannot read IP mode file for STMicroelectronics.X-CUBE-TCPP.4.2.0
2025-07-31 18:15:12,035 [WARN] PackLoader:240 - Cannot read IP mode file for RealThread.X-CUBE-RT-Thread_Nano.4.1.1
2025-07-31 18:15:12,039 [WARN] PackLoader:240 - Cannot read IP mode file for STMicroelectronics.FP-ATR-SIGFOX1.3.2.0
2025-07-31 18:15:12,055 [WARN] PackLoader:240 - Cannot read IP mode file for STMicroelectronics.X-CUBE-EEPRMA1.5.1.0
2025-07-31 18:15:12,071 [WARN] PackLoader:240 - Cannot read IP mode file for wolfSSL.I-CUBE-wolfSSL.5.7.6
2025-07-31 18:15:12,089 [WARN] PackLoader:240 - Cannot read IP mode file for ITTIA_DB.I-CUBE-ITTIADB.8.9.0
2025-07-31 18:15:12,107 [WARN] PackLoader:240 - Cannot read IP mode file for STMicroelectronics.X-CUBE-ST67W61.1.0.0
2025-07-31 18:15:12,145 [WARN] PackLoader:240 - Cannot read IP mode file for SEGGER.I-CUBE-embOS.1.3.1
2025-07-31 18:15:12,184 [WARN] PackLoader:240 - Cannot read IP mode file for STMicroelectronics.X-CUBE-ALGOBUILD.1.4.0
2025-07-31 18:15:12,254 [WARN] PackLoader:240 - Cannot read IP mode file for STMicroelectronics.X-CUBE-MEMS1.11.3.0
2025-07-31 18:15:12,375 [WARN] PackLoader:240 - Cannot read IP mode file for STMicroelectronics.X-CUBE-PM33A1.1.0.0
2025-07-31 18:15:12,414 [WARN] PackLoader:240 - Cannot read IP mode file for STMicroelectronics.X-CUBE-AZRTOS-F4.1.1.0
2025-07-31 18:15:12,421 [WARN] PackLoader:240 - Cannot read IP mode file for Avnet-IotConnect.X-CUBE-IoTC-DA16k-PMOD.1.0.0
2025-07-31 18:15:12,440 [WARN] PackLoader:240 - Cannot read IP mode file for STMicroelectronics.X-CUBE-ISPU.2.1.0
2025-07-31 18:15:12,462 [WARN] PackLoader:240 - Cannot read IP mode file for STMicroelectronics.X-CUBE-NFC12.1.0.0
2025-07-31 18:15:12,502 [WARN] PackLoader:240 - Cannot read IP mode file for STMicroelectronics.X-CUBE-AZRTOS-L5.2.0.0
2025-07-31 18:15:12,532 [WARN] PackLoader:240 - Cannot read IP mode file for STMicroelectronics.X-CUBE-NFC6.3.1.0
2025-07-31 18:15:12,554 [WARN] PackLoader:240 - Cannot read IP mode file for STMicroelectronics.X-CUBE-DPower.1.2.0
2025-07-31 18:15:12,574 [WARN] PackLoader:240 - Cannot read IP mode file for STMicroelectronics.X-CUBE-FREERTOS.1.3.1
2025-07-31 18:15:12,593 [WARN] PackLoader:240 - Cannot read IP mode file for STMicroelectronics.X-CUBE-FREERTOS.1.3.0
2025-07-31 18:15:12,613 [WARN] PackLoader:240 - Cannot read IP mode file for STMicroelectronics.X-CUBE-NFC7.1.0.1
2025-07-31 18:15:12,633 [WARN] PackLoader:240 - Cannot read IP mode file for STMicroelectronics.FP-SNS-STAIOTCFT.1.0.0
2025-07-31 18:15:12,651 [WARN] PackLoader:240 - Cannot read IP mode file for STMicroelectronics.X-CUBE-DPower.1.3.0
2025-07-31 18:15:12,692 [WARN] ConditionMgr:438 - getConditionDescription Invalid condition id : LAN8742 Phy interface Condition cause : null
2025-07-31 18:15:12,692 [WARN] PackLoader:240 - Cannot read IP mode file for STMicroelectronics.X-CUBE-AZRTOS-L4.2.0.0
2025-07-31 18:15:12,694 [WARN] ConditionMgr:1044 - genDependencies : Invalid condition id : LAN8742 Phy interface Condition cause : null
2025-07-31 18:15:12,694 [WARN] ConditionMgr:1044 - genDependencies : Invalid condition id : LAN8742 Phy interface Condition cause : null
2025-07-31 18:15:12,694 [WARN] ConditionMgr:1044 - genDependencies : Invalid condition id : LAN8742 Phy interface Condition cause : null
2025-07-31 18:15:12,712 [WARN] PackLoader:240 - Cannot read IP mode file for STMicroelectronics.X-CUBE-SFXS2LP1.4.0.0
2025-07-31 18:15:12,757 [WARN] PackLoader:240 - Cannot read IP mode file for STMicroelectronics.X-CUBE-AZRTOS-H7.3.3.0
2025-07-31 18:15:12,780 [WARN] PackLoader:240 - Cannot read IP mode file for STMicroelectronics.X-CUBE-BLEMGR.4.1.0
2025-07-31 18:15:12,814 [WARN] ConditionMgr:438 - getConditionDescription Invalid condition id : UX DEVICE CLASS RTOS Condition cause : null
2025-07-31 18:15:12,814 [WARN] ConditionMgr:438 - getConditionDescription Invalid condition id : UX DEVICE CLASS RTOS Condition cause : null
2025-07-31 18:15:12,815 [WARN] PackLoader:240 - Cannot read IP mode file for STMicroelectronics.X-CUBE-AZRTOS-WB.2.0.0
2025-07-31 18:15:12,816 [WARN] ConditionMgr:1044 - genDependencies : Invalid condition id : UX DEVICE CLASS RTOS Condition cause : null
2025-07-31 18:15:12,816 [WARN] ConditionMgr:1044 - genDependencies : Invalid condition id : UX DEVICE CLASS RTOS Condition cause : null
2025-07-31 18:15:12,816 [WARN] ConditionMgr:1044 - genDependencies : Invalid condition id : UX DEVICE CLASS RTOS Condition cause : null
2025-07-31 18:15:12,816 [WARN] ConditionMgr:1044 - genDependencies : Invalid condition id : UX DEVICE CLASS RTOS Condition cause : null
2025-07-31 18:15:12,816 [WARN] ConditionMgr:1044 - genDependencies : Invalid condition id : UX DEVICE CLASS RTOS Condition cause : null
2025-07-31 18:15:12,835 [WARN] PackLoader:240 - Cannot read IP mode file for STMicroelectronics.X-CUBE-GNSS1.7.0.1
2025-07-31 18:15:12,852 [WARN] PackLoader:240 - Cannot read IP mode file for STMicroelectronics.X-CUBE-TOUCHGFX.4.25.0
2025-07-31 18:15:12,868 [WARN] PackLoader:240 - Cannot read IP mode file for STMicroelectronics.FP-SNS-STBOX1.2.0.0
2025-07-31 18:15:12,889 [WARN] PackLoader:240 - Cannot read IP mode file for STMicroelectronics.X-CUBE-SUBG2.5.0.0
2025-07-31 18:15:12,927 [WARN] PackLoader:240 - Cannot read IP mode file for STMicroelectronics.X-CUBE-AZRTOS-H7RS.1.1.0
2025-07-31 18:15:12,933 [WARN] PackLoader:240 - Cannot read IP mode file for Cesanta.I-CUBE-Mongoose.7.13.0
2025-07-31 18:15:12,962 [WARN] PackLoader:240 - Cannot read IP mode file for STMicroelectronics.X-CUBE-AZRTOS-G4.2.0.0
2025-07-31 18:15:12,969 [WARN] PackLoader:240 - Cannot read IP mode file for wolfSSL.I-CUBE-wolfSSH.1.4.20
2025-07-31 18:15:12,983 [WARN] PackLoader:240 - Cannot read IP mode file for STMicroelectronics.X-CUBE-NFC7.2.0.0
2025-07-31 18:15:13,004 [WARN] PackLoader:240 - Cannot read IP mode file for STMicroelectronics.X-CUBE-IPS.3.1.0
2025-07-31 18:15:13,027 [WARN] PackLoader:240 - Cannot read IP mode file for STMicroelectronics.X-CUBE-ALS.1.0.2
2025-07-31 18:15:13,042 [WARN] PackLoader:240 - Cannot read IP mode file for STMicroelectronics.X-CUBE-TOUCHGFX.4.24.2
2025-07-31 18:15:13,062 [WARN] PackLoader:240 - Cannot read IP mode file for portGmbH.I-Cube-SoM-uGOAL.1.1.0
2025-07-31 18:15:13,096 [WARN] PackLoader:240 - Cannot read IP mode file for STMicroelectronics.X-CUBE-AZRTOS-H7RS.1.0.0
2025-07-31 18:15:13,124 [WARN] PackLoader:240 - Cannot read IP mode file for STMicroelectronics.X-CUBE-TOF1.3.4.2
2025-07-31 18:15:13,157 [WARN] PackLoader:240 - Cannot read IP mode file for STMicroelectronics.X-CUBE-TOF1.3.4.3
2025-07-31 18:15:13,166 [INFO] ThirdParty:978 - Integrity check success = true
2025-07-31 18:15:13,166 [INFO] IntegrityCheckThread:100 - exiting critical section [integrity check]
2025-07-31 18:15:13,166 [INFO] IntegrityCheckThread:103 - End integrity checks thread
2025-07-31 22:54:24,416 [INFO] WebApp:194 - Connection lost
2025-07-31 22:54:26,979 [INFO] WebApp:191 - Connection restablished
2025-07-31 22:54:27,348 [INFO] WebApp:194 - Connection lost
2025-07-31 22:54:27,626 [INFO] WebApp:191 - Connection restablished
