2025-06-16 09:45:37,513 [INFO] Activator:176 - 


2025-06-16 09:45:37,518 [INFO] Activator:177 - !SESSION log4j initialized
2025-06-16 09:45:43,825 [INFO] LogOutputStream:77 - [STDOUT_REDIRECT] 
2025-06-16 09:45:52,349 [INFO] ApplicationProperties:184 - Using Application install path: C:\ST\STM32CubeIDE_1.18.0\STM32CubeIDE\plugins\com.st.stm32cube.common.mx_6.14.0.202502271554
2025-06-16 09:45:52,373 [INFO] DbMcusXml:78 - Set database path to: C:\ST\STM32CubeIDE_1.18.0\STM32CubeIDE\plugins\com.st.stm32cube.common.mx_6.14.0.202502271554\\db\/mcu/
2025-06-16 09:45:52,373 [INFO] ApiDb:274 - Set plugin database path to: C:\ST\STM32CubeIDE_1.18.0\STM32CubeIDE\plugins\com.st.stm32cube.common.mx_6.14.0.202502271554\\db\/plugins/boardmanager/
2025-06-16 09:45:52,373 [WARN] ApiDb:259 - Overriding images path with different value:  => C:\ST\STM32CubeIDE_1.18.0\STM32CubeIDE\plugins\com.st.stm32cube.common.mx_6.14.0.202502271554\\db\/plugins/mcufinder/images/
2025-06-16 09:45:52,381 [INFO] ApiDb:250 - Set database path to: C:\Users\marcv\.stmcufinder\plugins\mcufinder//mcu/
2025-06-16 09:45:52,382 [INFO] DbMcusAds:125 - Set database path to: C:\Users\marcv\.stmcufinder\plugins\mcufinder//mcu/
2025-06-16 09:45:52,385 [INFO] CrossReferenceDbSqlite:203 - Set database path to: C:\Users\marcv\.stmcufinder\plugins\mcufinder//mcu/cs/
2025-06-16 09:45:52,503 [INFO] RulesReader:64 - Compatibility file has been processed (301 Rules)
2025-06-16 09:45:52,591 [INFO] DbMcusXml:78 - Set database path to: C:\ST\STM32CubeIDE_1.18.0\STM32CubeIDE\plugins\com.st.stm32cube.common.mx_6.14.0.202502271554\\db\/mcu/
2025-06-16 09:45:52,591 [INFO] ApiDb:274 - Set plugin database path to: C:\ST\STM32CubeIDE_1.18.0\STM32CubeIDE\plugins\com.st.stm32cube.common.mx_6.14.0.202502271554\\db\/plugins/boardmanager/
2025-06-16 09:45:52,591 [INFO] ApiDb:261 - Set plugin images path to: C:\ST\STM32CubeIDE_1.18.0\STM32CubeIDE\plugins\com.st.stm32cube.common.mx_6.14.0.202502271554\\db\/plugins/mcufinder/images/
2025-06-16 09:45:52,591 [WARN] DbFile:41 - Overriding database path with different value: C:\Users\marcv\.stmcufinder\plugins\mcufinder/ => C:\Users\marcv\.stmcufinder\plugins\mcufinder
2025-06-16 09:45:52,592 [INFO] ApiDb:250 - Set database path to: C:\Users\marcv\.stmcufinder\plugins\mcufinder//mcu/
2025-06-16 09:45:52,592 [WARN] DbFile:41 - Overriding database path with different value: C:\Users\marcv\.stmcufinder\plugins\mcufinder/ => C:\Users\marcv\.stmcufinder\plugins\mcufinder
2025-06-16 09:45:52,592 [INFO] DbMcusAds:125 - Set database path to: C:\Users\marcv\.stmcufinder\plugins\mcufinder//mcu/
2025-06-16 09:45:52,592 [WARN] DbFile:41 - Overriding database path with different value: C:\Users\marcv\.stmcufinder\plugins\mcufinder/ => C:\Users\marcv\.stmcufinder\plugins\mcufinder
2025-06-16 09:45:52,592 [WARN] DbFile:41 - Overriding database path with different value: C:\Users\marcv\.stmcufinder\plugins\mcufinder/ => C:\Users\marcv\.stmcufinder\plugins\mcufinder
2025-06-16 09:45:52,592 [INFO] CrossReferenceDbSqlite:203 - Set database path to: C:\Users\marcv\.stmcufinder\plugins\mcufinder//mcu/cs/
2025-06-16 09:45:52,668 [INFO] MainPanel:272 - HeapMemory: 268435456
2025-06-16 09:45:52,799 [INFO] DbMcusXml:78 - Set database path to: C:\ST\STM32CubeIDE_1.18.0\STM32CubeIDE\plugins\com.st.stm32cube.common.mx_6.14.0.202502271554\\db\/mcu/
2025-06-16 09:45:52,799 [INFO] ApiDb:274 - Set plugin database path to: C:\ST\STM32CubeIDE_1.18.0\STM32CubeIDE\plugins\com.st.stm32cube.common.mx_6.14.0.202502271554\\db\/plugins/boardmanager/
2025-06-16 09:45:52,799 [INFO] ApiDb:261 - Set plugin images path to: C:\ST\STM32CubeIDE_1.18.0\STM32CubeIDE\plugins\com.st.stm32cube.common.mx_6.14.0.202502271554\\db\/plugins/mcufinder/images/
2025-06-16 09:45:52,799 [WARN] DbFile:41 - Overriding database path with different value: C:\Users\marcv\.stmcufinder\plugins\mcufinder/ => C:\Users\marcv\.stmcufinder\plugins\mcufinder
2025-06-16 09:45:52,799 [INFO] ApiDb:250 - Set database path to: C:\Users\marcv\.stmcufinder\plugins\mcufinder//mcu/
2025-06-16 09:45:52,799 [WARN] DbFile:41 - Overriding database path with different value: C:\Users\marcv\.stmcufinder\plugins\mcufinder/ => C:\Users\marcv\.stmcufinder\plugins\mcufinder
2025-06-16 09:45:52,800 [INFO] DbMcusAds:125 - Set database path to: C:\Users\marcv\.stmcufinder\plugins\mcufinder//mcu/
2025-06-16 09:45:52,800 [WARN] DbFile:41 - Overriding database path with different value: C:\Users\marcv\.stmcufinder\plugins\mcufinder/ => C:\Users\marcv\.stmcufinder\plugins\mcufinder
2025-06-16 09:45:52,800 [WARN] DbFile:41 - Overriding database path with different value: C:\Users\marcv\.stmcufinder\plugins\mcufinder/ => C:\Users\marcv\.stmcufinder\plugins\mcufinder
2025-06-16 09:45:52,800 [INFO] CrossReferenceDbSqlite:203 - Set database path to: C:\Users\marcv\.stmcufinder\plugins\mcufinder//mcu/cs/
2025-06-16 09:45:52,821 [INFO] ApplicationProperties:184 - Using Application install path: C:\ST\STM32CubeIDE_1.18.0\STM32CubeIDE\plugins\com.st.stm32cube.common.mx_6.14.0.202502271554
2025-06-16 09:45:52,822 [INFO] PluginManage:196 - Search for loadable plugins [exclusion list=, ]
2025-06-16 09:45:52,823 [INFO] PluginManage:310 - Check plugin analytics
2025-06-16 09:45:57,532 [INFO] AnalyticsPlugin:253 - Accepted Software Licenses: 
2025-06-16 09:45:57,532 [INFO] AnalyticsPlugin:255 - Accepted CMSIS Pack Licenses: 
2025-06-16 09:45:57,533 [INFO] AnalyticsPlugin:257 - Accepted Firmware Licenses: FW.H7.1.12.0
2025-06-16 09:45:57,534 [INFO] PluginManage:359 - Loaded plugin analytics (category:tool,tabindex:-1)
2025-06-16 09:45:57,534 [INFO] PluginManage:310 - Check plugin cadmodel
2025-06-16 09:45:57,555 [INFO] CADModel:105 - Init CAD model plugin
2025-06-16 09:45:57,555 [INFO] PluginManage:359 - Loaded plugin cadmodel (category:power,tabindex:5)
2025-06-16 09:45:57,556 [INFO] PluginManage:310 - Check plugin clock
2025-06-16 09:45:57,579 [INFO] PluginManage:359 - Loaded plugin clock (category:base,tabindex:2)
2025-06-16 09:45:57,579 [INFO] PluginManage:310 - Check plugin ddr
2025-06-16 09:45:57,581 [INFO] PluginManage:359 - Loaded plugin ddr (category:tool,tabindex:6)
2025-06-16 09:45:57,581 [INFO] PluginManage:310 - Check plugin filemanager
2025-06-16 09:45:57,731 [INFO] PluginManage:359 - Loaded plugin filemanager (category:base,tabindex:10)
2025-06-16 09:45:57,731 [INFO] PluginManage:310 - Check plugin ipmanager
2025-06-16 09:45:57,739 [INFO] PluginManage:359 - Loaded plugin ipmanager (category:base,tabindex:5)
2025-06-16 09:45:57,739 [INFO] PluginManage:310 - Check plugin lpbam
2025-06-16 09:45:57,763 [INFO] PluginManage:359 - Loaded plugin lpbam (category:base,tabindex:0)
2025-06-16 09:45:57,763 [INFO] PluginManage:310 - Check plugin memorymap
2025-06-16 09:45:57,822 [INFO] PluginManage:359 - Loaded plugin memorymap (category:base,tabindex:4)
2025-06-16 09:45:57,823 [INFO] PluginManage:310 - Check plugin pinoutandconfiguration
2025-06-16 09:45:57,849 [INFO] PluginManage:359 - Loaded plugin pinoutandconfiguration (category:base,tabindex:1)
2025-06-16 09:45:57,849 [INFO] PluginManage:310 - Check plugin pinoutconfig
2025-06-16 09:45:57,965 [WARN] SupportedApi:132 - Cannot load RTOS API schema: s4s-elt-must-match.1: The content of 'definitions' must match (annotation?, (simpleType | complexType)?, (unique | key | keyref)*)). A problem was found starting at: attribute.
2025-06-16 09:45:58,104 [INFO] PluginManage:359 - Loaded plugin pinoutconfig (category:base,tabindex:0)
2025-06-16 09:45:58,104 [INFO] PluginManage:310 - Check plugin power
2025-06-16 09:45:58,128 [INFO] PluginManage:359 - Loaded plugin power (category:power,tabindex:4)
2025-06-16 09:45:58,128 [INFO] PluginManage:310 - Check plugin projectmanager
2025-06-16 09:45:58,144 [INFO] PluginManage:359 - Loaded plugin projectmanager (category:projectmanager,tabindex:4)
2025-06-16 09:45:58,144 [INFO] PluginManage:310 - Check plugin rif
2025-06-16 09:45:58,166 [INFO] PluginManage:359 - Loaded plugin rif (category:base,tabindex:3)
2025-06-16 09:45:58,166 [INFO] PluginManage:310 - Check plugin thirdparty
2025-06-16 09:45:58,478 [INFO] PluginManage:359 - Loaded plugin thirdparty (category:base,tabindex:-1)
2025-06-16 09:45:58,478 [WARN] IntegrityCheckThread:84 - waiting for thirdparty lock release [integrity check]
2025-06-16 09:45:58,478 [INFO] PluginManage:310 - Check plugin tools
2025-06-16 09:45:58,478 [INFO] IntegrityCheckThread:86 - entering critical section [integrity check]
2025-06-16 09:45:58,478 [INFO] ThirdPartyUpdaterWithRetryManager:70 - Updater plugin not ready yet. [1/15]
2025-06-16 09:45:58,526 [INFO] PluginManage:359 - Loaded plugin tools (category:base,tabindex:7)
2025-06-16 09:45:58,526 [INFO] PluginManage:310 - Check plugin tutovideos
2025-06-16 09:45:58,735 [INFO] PluginManage:359 - Loaded plugin tutovideos (category:base,tabindex:-1)
2025-06-16 09:45:58,735 [INFO] PluginManage:310 - Check plugin updater
2025-06-16 09:45:58,755 [INFO] PluginManage:359 - Loaded plugin updater (category:base,tabindex:12)
2025-06-16 09:45:58,756 [INFO] PluginManage:310 - Check plugin userauth
2025-06-16 09:45:58,759 [INFO] UserAuth:118 - Init User Auth plugin
2025-06-16 09:45:58,760 [INFO] PluginManage:359 - Loaded plugin userauth (category:base,tabindex:14)
2025-06-16 09:45:58,760 [INFO] PluginManage:283 - PluginManage : Loaded plugins [18]
2025-06-16 09:45:58,965 [INFO] PinOutPanel:1589 - setPackage(No Configuration,No Configuration)
2025-06-16 09:45:59,051 [INFO] CADModel:165 - CPN selected for project level
2025-06-16 09:45:59,051 [INFO] CADModel:114 - Register for checkConnection events
2025-06-16 09:45:59,081 [INFO] IPUIPlugin:80 - create IPUIPlugin
2025-06-16 09:45:59,081 [INFO] PluginManager:220 - loadIPPluginJar : add adc
2025-06-16 09:45:59,130 [INFO] IPUIPlugin:80 - create IPUIPlugin
2025-06-16 09:45:59,130 [INFO] PluginManager:220 - loadIPPluginJar : add aes
2025-06-16 09:45:59,184 [INFO] IPUIPlugin:80 - create IPUIPlugin
2025-06-16 09:45:59,184 [INFO] PluginManager:220 - loadIPPluginJar : add can
2025-06-16 09:45:59,218 [INFO] IPUIPlugin:80 - create IPUIPlugin
2025-06-16 09:45:59,218 [INFO] PluginManager:220 - loadIPPluginJar : add comp
2025-06-16 09:45:59,263 [INFO] IPUIPlugin:80 - create IPUIPlugin
2025-06-16 09:45:59,263 [INFO] PluginManager:220 - loadIPPluginJar : add cryp
2025-06-16 09:45:59,280 [INFO] IPUIPlugin:80 - create IPUIPlugin
2025-06-16 09:45:59,280 [INFO] PluginManager:220 - loadIPPluginJar : add ddr_ctrl_phy
2025-06-16 09:45:59,320 [INFO] IPUIPlugin:80 - create IPUIPlugin
2025-06-16 09:45:59,320 [INFO] PluginManager:220 - loadIPPluginJar : add dfsdm
2025-06-16 09:45:59,336 [INFO] IPUIPlugin:80 - create IPUIPlugin
2025-06-16 09:45:59,336 [INFO] PluginManager:220 - loadIPPluginJar : add dma
2025-06-16 09:45:59,387 [INFO] IPUIPlugin:80 - create IPUIPlugin
2025-06-16 09:45:59,387 [INFO] PluginManager:220 - loadIPPluginJar : add dma3
2025-06-16 09:45:59,442 [INFO] IPUIPlugin:80 - create IPUIPlugin
2025-06-16 09:45:59,442 [INFO] PluginManager:220 - loadIPPluginJar : add extmemmanager
2025-06-16 09:45:59,470 [INFO] IPUIPlugin:80 - create IPUIPlugin
2025-06-16 09:45:59,471 [INFO] PluginManager:220 - loadIPPluginJar : add fatfs
2025-06-16 09:45:59,530 [INFO] IPUIPlugin:80 - create IPUIPlugin
2025-06-16 09:45:59,530 [INFO] PluginManager:220 - loadIPPluginJar : add fmc
2025-06-16 09:45:59,551 [INFO] IPUIPlugin:80 - create IPUIPlugin
2025-06-16 09:45:59,551 [INFO] PluginManager:220 - loadIPPluginJar : add freertos
2025-06-16 09:45:59,577 [INFO] IPUIPlugin:80 - create IPUIPlugin
2025-06-16 09:45:59,577 [INFO] PluginManager:220 - loadIPPluginJar : add genericplugin
2025-06-16 09:45:59,695 [INFO] IPUIPlugin:80 - create IPUIPlugin
2025-06-16 09:45:59,695 [INFO] PluginManager:220 - loadIPPluginJar : add gfxmmu
2025-06-16 09:45:59,862 [INFO] IPUIPlugin:80 - create IPUIPlugin
2025-06-16 09:45:59,862 [INFO] PluginManager:220 - loadIPPluginJar : add gic
2025-06-16 09:45:59,880 [INFO] IPUIPlugin:80 - create IPUIPlugin
2025-06-16 09:45:59,880 [INFO] PluginManager:220 - loadIPPluginJar : add gpio
2025-06-16 09:45:59,993 [INFO] IPUIPlugin:80 - create IPUIPlugin
2025-06-16 09:45:59,993 [INFO] PluginManager:220 - loadIPPluginJar : add gtzc
2025-06-16 09:46:00,040 [INFO] IPUIPlugin:80 - create IPUIPlugin
2025-06-16 09:46:00,040 [INFO] PluginManager:220 - loadIPPluginJar : add hash
2025-06-16 09:46:00,110 [INFO] IPUIPlugin:80 - create IPUIPlugin
2025-06-16 09:46:00,110 [INFO] PluginManager:220 - loadIPPluginJar : add i2c
2025-06-16 09:46:00,166 [INFO] IPUIPlugin:80 - create IPUIPlugin
2025-06-16 09:46:00,167 [INFO] PluginManager:220 - loadIPPluginJar : add i2s
2025-06-16 09:46:00,221 [INFO] IPUIPlugin:80 - create IPUIPlugin
2025-06-16 09:46:00,221 [INFO] PluginManager:220 - loadIPPluginJar : add i3c
2025-06-16 09:46:00,349 [INFO] IPUIPlugin:80 - create IPUIPlugin
2025-06-16 09:46:00,349 [INFO] PluginManager:220 - loadIPPluginJar : add ipddr
2025-06-16 09:46:00,466 [INFO] IPUIPlugin:80 - create IPUIPlugin
2025-06-16 09:46:00,466 [INFO] PluginManager:220 - loadIPPluginJar : add linkedlist
2025-06-16 09:46:00,512 [INFO] IPUIPlugin:80 - create IPUIPlugin
2025-06-16 09:46:00,512 [INFO] PluginManager:220 - loadIPPluginJar : add lorawan
2025-06-16 09:46:00,566 [INFO] IPUIPlugin:80 - create IPUIPlugin
2025-06-16 09:46:00,566 [INFO] PluginManager:220 - loadIPPluginJar : add ltdc
2025-06-16 09:46:00,584 [INFO] IPUIPlugin:80 - create IPUIPlugin
2025-06-16 09:46:00,584 [INFO] PluginManager:220 - loadIPPluginJar : add mdma
2025-06-16 09:46:00,604 [INFO] IPUIPlugin:80 - create IPUIPlugin
2025-06-16 09:46:00,604 [INFO] PluginManager:220 - loadIPPluginJar : add nvic
2025-06-16 09:46:00,654 [INFO] IPUIPlugin:80 - create IPUIPlugin
2025-06-16 09:46:00,654 [INFO] PluginManager:220 - loadIPPluginJar : add opamp
2025-06-16 09:46:00,735 [INFO] IPUIPlugin:80 - create IPUIPlugin
2025-06-16 09:46:00,736 [INFO] PluginManager:220 - loadIPPluginJar : add openamp
2025-06-16 09:46:00,790 [INFO] IPUIPlugin:80 - create IPUIPlugin
2025-06-16 09:46:00,791 [INFO] PluginManager:220 - loadIPPluginJar : add pdm2pcm
2025-06-16 09:46:00,809 [INFO] IPUIPlugin:80 - create IPUIPlugin
2025-06-16 09:46:00,811 [INFO] PluginManager:220 - loadIPPluginJar : add plateformsettings
2025-06-16 09:46:00,846 [INFO] IPUIPlugin:80 - create IPUIPlugin
2025-06-16 09:46:00,847 [INFO] PluginManager:220 - loadIPPluginJar : add quadspi
2025-06-16 09:46:00,888 [INFO] IPUIPlugin:80 - create IPUIPlugin
2025-06-16 09:46:00,889 [INFO] PluginManager:220 - loadIPPluginJar : add radio
2025-06-16 09:46:00,905 [INFO] IPUIPlugin:80 - create IPUIPlugin
2025-06-16 09:46:00,905 [INFO] PluginManager:220 - loadIPPluginJar : add resmgrutility
2025-06-16 09:46:00,966 [INFO] IPUIPlugin:80 - create IPUIPlugin
2025-06-16 09:46:00,966 [INFO] PluginManager:220 - loadIPPluginJar : add sai
2025-06-16 09:46:01,027 [INFO] IPUIPlugin:80 - create IPUIPlugin
2025-06-16 09:46:01,027 [INFO] PluginManager:220 - loadIPPluginJar : add spi
2025-06-16 09:46:01,133 [INFO] IPUIPlugin:80 - create IPUIPlugin
2025-06-16 09:46:01,133 [INFO] PluginManager:220 - loadIPPluginJar : add stm32_wpan
2025-06-16 09:46:01,167 [INFO] IPUIPlugin:80 - create IPUIPlugin
2025-06-16 09:46:01,167 [INFO] PluginManager:220 - loadIPPluginJar : add tim
2025-06-16 09:46:01,249 [INFO] IPUIPlugin:80 - create IPUIPlugin
2025-06-16 09:46:01,249 [INFO] PluginManager:220 - loadIPPluginJar : add touchsensing
2025-06-16 09:46:01,278 [INFO] IPUIPlugin:80 - create IPUIPlugin
2025-06-16 09:46:01,278 [INFO] PluginManager:220 - loadIPPluginJar : add tracer_emb
2025-06-16 09:46:01,310 [INFO] IPUIPlugin:80 - create IPUIPlugin
2025-06-16 09:46:01,310 [INFO] PluginManager:220 - loadIPPluginJar : add ts
2025-06-16 09:46:01,339 [INFO] IPUIPlugin:80 - create IPUIPlugin
2025-06-16 09:46:01,339 [INFO] PluginManager:220 - loadIPPluginJar : add tsc
2025-06-16 09:46:01,369 [INFO] IPUIPlugin:80 - create IPUIPlugin
2025-06-16 09:46:01,369 [INFO] PluginManager:220 - loadIPPluginJar : add ucpd
2025-06-16 09:46:01,423 [INFO] IPUIPlugin:80 - create IPUIPlugin
2025-06-16 09:46:01,423 [INFO] PluginManager:220 - loadIPPluginJar : add usart
2025-06-16 09:46:01,480 [INFO] ThirdPartyUpdaterWithRetryManager:70 - Updater plugin not ready yet. [2/15]
2025-06-16 09:46:01,485 [INFO] IPUIPlugin:80 - create IPUIPlugin
2025-06-16 09:46:01,485 [INFO] PluginManager:220 - loadIPPluginJar : add usbx
2025-06-16 09:46:01,608 [FATAL] Updater:351 - Updater called before beeing initialized
2025-06-16 09:46:01,630 [INFO] RulesReader:64 - Compatibility file has been processed (301 Rules)
2025-06-16 09:46:01,639 [INFO] RulesReader:64 - Compatibility file has been processed (301 Rules)
2025-06-16 09:46:01,645 [INFO] CADModel:165 - CPN selected for project level
2025-06-16 09:46:01,645 [INFO] CADModel:114 - Register for checkConnection events
2025-06-16 09:46:01,645 [FATAL] Updater:351 - Updater called before beeing initialized
2025-06-16 09:46:01,645 [ERROR] CADModel:125 - Updater not yet initialized, retry later 
2025-06-16 09:46:01,789 [FATAL] Updater:351 - Updater called before beeing initialized
2025-06-16 09:46:01,791 [INFO] CADModel:165 - CPN selected for project level
2025-06-16 09:46:01,791 [INFO] CADModel:114 - Register for checkConnection events
2025-06-16 09:46:01,791 [FATAL] Updater:351 - Updater called before beeing initialized
2025-06-16 09:46:01,791 [ERROR] CADModel:125 - Updater not yet initialized, retry later 
2025-06-16 09:46:01,794 [FATAL] Updater:351 - Updater called before beeing initialized
2025-06-16 09:46:01,896 [FATAL] Updater:351 - Updater called before beeing initialized
2025-06-16 09:46:01,909 [INFO] DbMcusAds:53 - JSON generation date=Wed May 07 11:07:55 CEST 2025 (1746608875513)
2025-06-16 09:46:01,910 [FATAL] Updater:351 - Updater called before beeing initialized
2025-06-16 09:46:01,953 [WARN] DetailPanel:346 - Failed to get advertising image, set to default
2025-06-16 09:46:02,203 [FATAL] Updater:351 - Updater called before beeing initialized
2025-06-16 09:46:02,205 [FATAL] Updater:351 - Updater called before beeing initialized
2025-06-16 09:46:02,205 [FATAL] Updater:351 - Updater called before beeing initialized
2025-06-16 09:46:02,205 [WARN] DetailPanel:346 - Failed to get advertising image, set to default
2025-06-16 09:46:02,206 [FATAL] Updater:351 - Updater called before beeing initialized
2025-06-16 09:46:02,277 [ERROR] Updater:1198 - MainUpdater not yet initialized. External WinMGr cannot be set.
2025-06-16 09:46:02,295 [INFO] Updater:1134 - Updater Version found : 6.14.0
2025-06-16 09:46:02,327 [INFO] ApplicationProperties:184 - Using Application install path: C:\ST\STM32CubeIDE_1.18.0\STM32CubeIDE\plugins\com.st.stm32cube.common.mx_6.14.0.202502271554
2025-06-16 09:46:03,908 [ERROR] LogOutputStream:75 - [STDERR_REDIRECT] Jun 16, 2025 9:46:03 AM java.util.prefs.WindowsPreferences <init>
2025-06-16 09:46:03,909 [ERROR] LogOutputStream:75 - [STDERR_REDIRECT] WARNING: Could not open/create prefs root node Software\JavaSoft\Prefs at root 0xffffffff80000002. Windows RegCreateKeyEx(...) returned error code 5.
2025-06-16 09:46:03,909 [ERROR] LogOutputStream:75 - [STDERR_REDIRECT] 
2025-06-16 09:46:04,244 [INFO] MainUpdater:2872 - connection check result : 10
2025-06-16 09:46:04,245 [INFO] MainUpdater:3566 - Updater definition file requires update
2025-06-16 09:46:04,245 [INFO] MainUpdater:289 - Updater Check For Update Now.
2025-06-16 09:46:04,246 [INFO] MicroXplorer:498 - Change Database Version : DB.6.0.140
2025-06-16 09:46:04,264 [INFO] McuFinderGlobals:63 - Set McuFinder mode to 2 (CubeIDE integrated)
2025-06-16 09:46:04,273 [INFO] UserAuth:486 - Internet connection configuration mode: 1
2025-06-16 09:46:04,296 [INFO] ServerAccessManage:473 - Download File updaters.zip
2025-06-16 09:46:04,309 [INFO] JxBrowserEngine:152 - Initiate JxBrowser Engine with user profile folder
2025-06-16 09:46:04,391 [INFO] FileExtend:242 - Unzip File : updaters.zip
2025-06-16 09:46:04,391 [INFO] FileExtend:257 - Standard Zip Deflate
2025-06-16 09:46:04,483 [WARN] MainUpdater:1193 - Updater busy. Cannot search thirdparties
2025-06-16 09:46:04,484 [INFO] ThirdPartyUpdaterWithRetryManager:96 - Updater plugin is busy. [1/15]
2025-06-16 09:46:05,333 [INFO] ServerAccessManage:473 - Download File PacksControlFlags.xml
2025-06-16 09:46:05,414 [INFO] ServerAccessManage:473 - Download File cubemx.pidx
2025-06-16 09:46:06,198 [INFO] LoadServerUpdatesThread:375 - End of LoadServerUpdate Thread
2025-06-16 09:46:06,442 [INFO] CheckServerUpdateThread:120 - End of CheckServer Thread
2025-06-16 09:46:07,062 [INFO] WebApp:169 - Instantiating new browser for Auth
2025-06-16 09:46:07,780 [WARN] PackLoader:240 - Cannot read IP mode file for STMicroelectronics.FP-SNS-MOTENVWB1.1.4.0
2025-06-16 09:46:07,801 [WARN] PackLoader:240 - Cannot read IP mode file for STMicroelectronics.FP-ATR-ASTRA1.2.0.2
2025-06-16 09:46:07,826 [WARN] PackLoader:240 - Cannot read IP mode file for STMicroelectronics.X-CUBE-SMBUS.2.1.0
2025-06-16 09:46:07,846 [WARN] PackLoader:240 - Cannot read IP mode file for STMicroelectronics.X-CUBE-WB05N.1.1.0
2025-06-16 09:46:07,865 [WARN] PackLoader:240 - Cannot read IP mode file for STMicroelectronics.X-CUBE-ST60.1.0.0
2025-06-16 09:46:07,913 [WARN] PackLoader:240 - Cannot read IP mode file for STMicroelectronics.X-CUBE-AZRTOS-F7.1.1.0
2025-06-16 09:46:07,936 [WARN] PackLoader:240 - Cannot read IP mode file for STMicroelectronics.FP-SNS-FLIGHT1.5.0.2
2025-06-16 09:46:08,023 [WARN] PackLoader:240 - Cannot read IP mode file for Infineon.AIROC-Wi-Fi-Bluetooth-STM32.1.7.0
2025-06-16 09:46:08,107 [WARN] PackLoader:240 - Cannot read IP mode file for STMicroelectronics.X-CUBE-DISPLAY.3.0.0
2025-06-16 09:46:08,142 [WARN] PackLoader:240 - Cannot read IP mode file for STMicroelectronics.X-CUBE-NFC10.1.0.0
2025-06-16 09:46:08,183 [WARN] PackLoader:240 - Cannot read IP mode file for STMicroelectronics.X-CUBE-BLEMGR.4.0.0
2025-06-16 09:46:08,210 [INFO] WebApp:463 - Apply proxy settings
2025-06-16 09:46:08,211 [INFO] WebApp:548 - Chromium requires no authentication
2025-06-16 09:46:08,215 [WARN] PackLoader:240 - Cannot read IP mode file for emotas.I-CUBE-CANOPEN.1.3.0
2025-06-16 09:46:08,236 [INFO] WebApp:491 - Direct internet connection detected
2025-06-16 09:46:08,240 [WARN] ConditionMgr:438 - getConditionDescription Invalid condition id : Cortex-A Device cause : null
2025-06-16 09:46:08,272 [WARN] ConditionMgr:1044 - genDependencies : Invalid condition id : Cortex-A Device cause : null
2025-06-16 09:46:08,273 [WARN] ConditionMgr:1044 - genDependencies : Invalid condition id : Cortex-A Device cause : null
2025-06-16 09:46:08,273 [WARN] ConditionMgr:1044 - genDependencies : Invalid condition id : Cortex-A Device cause : null
2025-06-16 09:46:08,290 [WARN] PackLoader:240 - Cannot read IP mode file for STMicroelectronics.X-CUBE-AI.10.0.0
2025-06-16 09:46:08,299 [INFO] WebApp:894 - Register for checkConnection events
2025-06-16 09:46:08,299 [INFO] WebApp:463 - Apply proxy settings
2025-06-16 09:46:08,299 [INFO] WebApp:548 - Chromium requires no authentication
2025-06-16 09:46:08,300 [INFO] WebApp:491 - Direct internet connection detected
2025-06-16 09:46:08,312 [WARN] PackLoader:240 - Cannot read IP mode file for STMicroelectronics.FP-SNS-SMARTAG2.1.2.0
2025-06-16 09:46:08,331 [WARN] PackLoader:240 - Cannot read IP mode file for STMicroelectronics.FP-SNS-FLIGHT1.5.1.0
2025-06-16 09:46:08,402 [WARN] PackLoader:240 - Cannot read IP mode file for STMicroelectronics.X-CUBE-MEMS1.11.1.0
2025-06-16 09:46:08,499 [INFO] WebApp:191 - Connection restablished
2025-06-16 09:46:08,593 [INFO] LogOutputStream:77 - [STDOUT_REDIRECT] 1 : Invalid condition id : UX_CORESTACK_Condition cause : null
2025-06-16 09:46:08,594 [INFO] LogOutputStream:77 - [STDOUT_REDIRECT] 1 : Invalid condition id : UX_CORESTACK_Condition cause : null
2025-06-16 09:46:08,596 [INFO] LogOutputStream:77 - [STDOUT_REDIRECT] 1 : Invalid condition id : UX_CORESTACK_Condition cause : null
2025-06-16 09:46:08,598 [INFO] LogOutputStream:77 - [STDOUT_REDIRECT] 1 : Invalid condition id : UX_CORESTACK_Condition cause : null
2025-06-16 09:46:08,599 [INFO] LogOutputStream:77 - [STDOUT_REDIRECT] 1 : Invalid condition id : UX_CORESTACK_Condition cause : null
2025-06-16 09:46:08,603 [WARN] PackLoader:240 - Cannot read IP mode file for STMicroelectronics.X-CUBE-AZRTOS-WL.2.0.0
2025-06-16 09:46:08,624 [WARN] PackLoader:240 - Cannot read IP mode file for STMicroelectronics.FP-SNS-MOTENV1.5.0.0
2025-06-16 09:46:08,643 [WARN] PackLoader:240 - Cannot read IP mode file for WES.I-CUBE-Cesium.1.3.0
2025-06-16 09:46:08,662 [WARN] PackLoader:240 - Cannot read IP mode file for STMicroelectronics.X-CUBE-BLE2.3.3.0
2025-06-16 09:46:08,677 [WARN] PackLoader:240 - Cannot read IP mode file for STMicroelectronics.X-CUBE-NFC9.1.0.0
2025-06-16 09:46:08,682 [INFO] WebApp:225 - Starting web application
2025-06-16 09:46:08,682 [INFO] WebApp:593 - Web application path used C:\ST\STM32CubeIDE_1.18.0\STM32CubeIDE\plugins\com.st.stm32cube.common.mx_6.14.0.202502271554\db\plugins\mcufinder\reactClient1\index.html
2025-06-16 09:46:08,699 [WARN] PackLoader:240 - Cannot read IP mode file for STMicroelectronics.X-CUBE-BLE1.7.1.0
2025-06-16 09:46:08,723 [WARN] PackLoader:240 - Cannot read IP mode file for wolfSSL.I-CUBE-wolfMQTT.1.19.2
2025-06-16 09:46:08,742 [WARN] PackLoader:240 - Cannot read IP mode file for STMicroelectronics.X-CUBE-AI.10.1.0
2025-06-16 09:46:08,835 [WARN] PackLoader:240 - Cannot read IP mode file for STMicroelectronics.X-CUBE-MEMS1.11.2.0
2025-06-16 09:46:08,915 [INFO] UserAuth:486 - Internet connection configuration mode: 1
2025-06-16 09:46:09,013 [WARN] PackLoader:240 - Cannot read IP mode file for STMicroelectronics.X-CUBE-AZRTOS-G0.1.1.0
2025-06-16 09:46:09,037 [WARN] PackLoader:240 - Cannot read IP mode file for STMicroelectronics.X-CUBE-SAFEA1.1.2.2
2025-06-16 09:46:09,061 [WARN] PackLoader:240 - Cannot read IP mode file for STMicroelectronics.X-CUBE-NFC4.3.0.0
2025-06-16 09:46:09,083 [WARN] PackLoader:240 - Cannot read IP mode file for EmbeddedOffice.I-CUBE-FS-RTOS.1.0.1
2025-06-16 09:46:09,101 [WARN] PackLoader:240 - Cannot read IP mode file for STMicroelectronics.X-CUBE-WB05N.2.0.0
2025-06-16 09:46:09,119 [WARN] PackLoader:240 - Cannot read IP mode file for wolfSSL.I-CUBE-wolfTPM.3.8.0
2025-06-16 09:46:09,137 [WARN] PackLoader:240 - Cannot read IP mode file for STMicroelectronics.X-CUBE-TCPP.4.2.0
2025-06-16 09:46:09,156 [WARN] PackLoader:240 - Cannot read IP mode file for RealThread.X-CUBE-RT-Thread_Nano.4.1.1
2025-06-16 09:46:09,174 [WARN] PackLoader:240 - Cannot read IP mode file for STMicroelectronics.FP-ATR-SIGFOX1.3.2.0
2025-06-16 09:46:09,194 [WARN] PackLoader:240 - Cannot read IP mode file for STMicroelectronics.X-CUBE-EEPRMA1.5.1.0
2025-06-16 09:46:09,210 [WARN] PackLoader:240 - Cannot read IP mode file for wolfSSL.I-CUBE-wolfSSL.5.7.6
2025-06-16 09:46:09,232 [WARN] PackLoader:240 - Cannot read IP mode file for ITTIA_DB.I-CUBE-ITTIADB.8.9.0
2025-06-16 09:46:09,251 [WARN] PackLoader:240 - Cannot read IP mode file for STMicroelectronics.X-CUBE-ST67W61.1.0.0
2025-06-16 09:46:09,291 [WARN] PackLoader:240 - Cannot read IP mode file for SEGGER.I-CUBE-embOS.1.3.1
2025-06-16 09:46:09,329 [WARN] PackLoader:240 - Cannot read IP mode file for STMicroelectronics.X-CUBE-ALGOBUILD.1.4.0
2025-06-16 09:46:09,397 [WARN] PackLoader:240 - Cannot read IP mode file for STMicroelectronics.X-CUBE-MEMS1.11.3.0
2025-06-16 09:46:09,538 [WARN] PackLoader:240 - Cannot read IP mode file for STMicroelectronics.X-CUBE-AZRTOS-F4.1.1.0
2025-06-16 09:46:09,554 [WARN] PackLoader:240 - Cannot read IP mode file for Avnet-IotConnect.X-CUBE-IoTC-DA16k-PMOD.1.0.0
2025-06-16 09:46:09,567 [WARN] PackLoader:240 - Cannot read IP mode file for STMicroelectronics.X-CUBE-ISPU.2.1.0
2025-06-16 09:46:09,599 [WARN] PackLoader:240 - Cannot read IP mode file for STMicroelectronics.X-CUBE-AZRTOS-L5.2.0.0
2025-06-16 09:46:09,618 [WARN] PackLoader:240 - Cannot read IP mode file for STMicroelectronics.X-CUBE-NFC6.3.1.0
2025-06-16 09:46:09,633 [WARN] PackLoader:240 - Cannot read IP mode file for STMicroelectronics.X-CUBE-DPower.1.2.0
2025-06-16 09:46:09,649 [WARN] PackLoader:240 - Cannot read IP mode file for STMicroelectronics.X-CUBE-FREERTOS.1.3.1
2025-06-16 09:46:09,663 [WARN] PackLoader:240 - Cannot read IP mode file for STMicroelectronics.X-CUBE-FREERTOS.1.3.0
2025-06-16 09:46:09,678 [WARN] PackLoader:240 - Cannot read IP mode file for STMicroelectronics.X-CUBE-NFC7.1.0.1
2025-06-16 09:46:09,694 [WARN] PackLoader:240 - Cannot read IP mode file for STMicroelectronics.X-CUBE-DPower.1.3.0
2025-06-16 09:46:09,727 [WARN] ConditionMgr:438 - getConditionDescription Invalid condition id : LAN8742 Phy interface Condition cause : null
2025-06-16 09:46:09,728 [WARN] PackLoader:240 - Cannot read IP mode file for STMicroelectronics.X-CUBE-AZRTOS-L4.2.0.0
2025-06-16 09:46:09,729 [WARN] ConditionMgr:1044 - genDependencies : Invalid condition id : LAN8742 Phy interface Condition cause : null
2025-06-16 09:46:09,729 [WARN] ConditionMgr:1044 - genDependencies : Invalid condition id : LAN8742 Phy interface Condition cause : null
2025-06-16 09:46:09,730 [WARN] ConditionMgr:1044 - genDependencies : Invalid condition id : LAN8742 Phy interface Condition cause : null
2025-06-16 09:46:09,746 [WARN] PackLoader:240 - Cannot read IP mode file for STMicroelectronics.X-CUBE-SFXS2LP1.4.0.0
2025-06-16 09:46:09,781 [WARN] PackLoader:240 - Cannot read IP mode file for STMicroelectronics.X-CUBE-AZRTOS-H7.3.3.0
2025-06-16 09:46:09,811 [WARN] ConditionMgr:438 - getConditionDescription Invalid condition id : UX DEVICE CLASS RTOS Condition cause : null
2025-06-16 09:46:09,811 [WARN] ConditionMgr:438 - getConditionDescription Invalid condition id : UX DEVICE CLASS RTOS Condition cause : null
2025-06-16 09:46:09,814 [WARN] PackLoader:240 - Cannot read IP mode file for STMicroelectronics.X-CUBE-AZRTOS-WB.2.0.0
2025-06-16 09:46:09,814 [WARN] ConditionMgr:1044 - genDependencies : Invalid condition id : UX DEVICE CLASS RTOS Condition cause : null
2025-06-16 09:46:09,814 [WARN] ConditionMgr:1044 - genDependencies : Invalid condition id : UX DEVICE CLASS RTOS Condition cause : null
2025-06-16 09:46:09,815 [WARN] ConditionMgr:1044 - genDependencies : Invalid condition id : UX DEVICE CLASS RTOS Condition cause : null
2025-06-16 09:46:09,815 [WARN] ConditionMgr:1044 - genDependencies : Invalid condition id : UX DEVICE CLASS RTOS Condition cause : null
2025-06-16 09:46:09,815 [WARN] ConditionMgr:1044 - genDependencies : Invalid condition id : UX DEVICE CLASS RTOS Condition cause : null
2025-06-16 09:46:09,831 [WARN] PackLoader:240 - Cannot read IP mode file for STMicroelectronics.X-CUBE-GNSS1.7.0.1
2025-06-16 09:46:09,849 [WARN] PackLoader:240 - Cannot read IP mode file for STMicroelectronics.X-CUBE-TOUCHGFX.4.25.0
2025-06-16 09:46:09,867 [WARN] PackLoader:240 - Cannot read IP mode file for STMicroelectronics.FP-SNS-STBOX1.2.0.0
2025-06-16 09:46:09,893 [WARN] PackLoader:240 - Cannot read IP mode file for STMicroelectronics.X-CUBE-SUBG2.5.0.0
2025-06-16 09:46:09,931 [WARN] PackLoader:240 - Cannot read IP mode file for STMicroelectronics.X-CUBE-AZRTOS-H7RS.1.1.0
2025-06-16 09:46:09,947 [WARN] PackLoader:240 - Cannot read IP mode file for Cesanta.I-CUBE-Mongoose.7.13.0
2025-06-16 09:46:09,979 [WARN] PackLoader:240 - Cannot read IP mode file for STMicroelectronics.X-CUBE-AZRTOS-G4.2.0.0
2025-06-16 09:46:09,995 [WARN] PackLoader:240 - Cannot read IP mode file for wolfSSL.I-CUBE-wolfSSH.1.4.20
2025-06-16 09:46:10,008 [WARN] PackLoader:240 - Cannot read IP mode file for STMicroelectronics.X-CUBE-NFC7.2.0.0
2025-06-16 09:46:10,029 [WARN] PackLoader:240 - Cannot read IP mode file for STMicroelectronics.X-CUBE-IPS.3.1.0
2025-06-16 09:46:10,047 [WARN] PackLoader:240 - Cannot read IP mode file for STMicroelectronics.X-CUBE-ALS.1.0.2
2025-06-16 09:46:10,062 [WARN] PackLoader:240 - Cannot read IP mode file for STMicroelectronics.X-CUBE-TOUCHGFX.4.24.2
2025-06-16 09:46:10,077 [WARN] PackLoader:240 - Cannot read IP mode file for portGmbH.I-Cube-SoM-uGOAL.1.1.0
2025-06-16 09:46:10,112 [WARN] PackLoader:240 - Cannot read IP mode file for STMicroelectronics.X-CUBE-AZRTOS-H7RS.1.0.0
2025-06-16 09:46:10,135 [WARN] PackLoader:240 - Cannot read IP mode file for STMicroelectronics.X-CUBE-TOF1.3.4.2
2025-06-16 09:46:10,162 [WARN] PackLoader:240 - Cannot read IP mode file for STMicroelectronics.X-CUBE-TOF1.3.4.3
2025-06-16 09:46:10,170 [INFO] ThirdParty:978 - Integrity check success = true
2025-06-16 09:46:10,170 [INFO] IntegrityCheckThread:100 - exiting critical section [integrity check]
2025-06-16 09:46:10,170 [INFO] IntegrityCheckThread:103 - End integrity checks thread
2025-06-16 22:49:38,519 [ERROR] LogOutputStream:75 - [STDERR_REDIRECT] 
