../Core/Src/User/Peripheral/ESC/ESC.c:52:6:ESC_Init	8	static
../Core/Src/User/Peripheral/ESC/ESC.c:59:6:ESC_Task	16	static
../Core/Src/User/Peripheral/ESC/ESC.c:73:9:ESC_Start	40	static
../Core/Src/User/Peripheral/ESC/ESC.c:110:6:ESC_Loop	16	static
../Core/Src/User/Peripheral/ESC/ESC.c:165:6:ESC_Set_RPMs	16	static
../Core/Src/User/Peripheral/ESC/ESC.c:172:6:Read_ESC_Telemetry	16	static
../Core/Src/User/Peripheral/ESC/ESC.c:186:6:TIM_PeriodElapsedCallback_ESC_Timer	8	static
../Core/Src/User/Peripheral/ESC/ESC.c:192:6:UART_ESC_RxCpltCallback	8	static
../Core/Src/User/Peripheral/ESC/ESC.c:198:6:UART_ESC_ErrorCallback	8	static
