../Core/Src/User/Lib/DShotProtocol/DShot.c:54:9:DShot_Init	8	static
../Core/Src/User/Lib/DShotProtocol/DShot.c:80:9:DShot_SendFrame	48	static
../Core/Src/User/Lib/DShotProtocol/DShot.c:118:6:DShot_MakeFrame	32	static
../Core/Src/User/Lib/DShotProtocol/DShot.c:154:9:DShot_DecodeTelemetry	80	static
../Core/Src/User/Lib/DShotProtocol/DShot.c:234:6:HAL_TIM_PWM_PulseFinishedCallback	56	static
../Core/Src/User/Lib/DShotProtocol/DShot.c:279:6:TIM_PeriodElapsedCallback_Xfer_Cplt_DMA_Motor2	8	static
../Core/Src/User/Lib/DShotProtocol/DShot.c:286:6:TIM_PeriodElapsedCallback_Xfer_Cplt_DMA_Motor4	8	static
