../Core/Src/User/Lib/DShotProtocol/DShot.c:55:9:DShot_Init	8	static
../Core/Src/User/Lib/DShotProtocol/DShot.c:81:9:DShot_SendFrame	48	static
../Core/Src/User/Lib/DShotProtocol/DShot.c:119:6:DShot_MakeFrame	32	static
../Core/Src/User/Lib/DShotProtocol/DShot.c:155:9:DShot_DecodeTelemetry	80	static
../Core/Src/User/Lib/DShotProtocol/DShot.c:235:6:HAL_TIM_PWM_PulseFinishedCallback	56	static
../Core/Src/User/Lib/DShotProtocol/DShot.c:280:6:TIM_PeriodElapsedCallback_Xfer_Cplt_DMA_Motor2	8	static
../Core/Src/User/Lib/DShotProtocol/DShot.c:287:6:TIM_PeriodElapsedCallback_Xfer_Cplt_DMA_Motor4	8	static
