Archive member included to satisfy reference by file (symbol)

C:/ST/STM32CubeIDE_1.18.0/STM32CubeIDE/plugins/com.st.stm32cube.ide.mcu.externaltools.gnu-tools-for-stm32.13.3.rel1.win32_1.0.0.202411081344/tools/bin/../lib/gcc/arm-none-eabi/13.3.1/../../../../arm-none-eabi/lib/thumb/v7e-m+dp/hard\libc_nano.a(libc_a-exit.o)
                              C:/ST/STM32CubeIDE_1.18.0/STM32CubeIDE/plugins/com.st.stm32cube.ide.mcu.externaltools.gnu-tools-for-stm32.13.3.rel1.win32_1.0.0.202411081344/tools/bin/../lib/gcc/arm-none-eabi/13.3.1/../../../../arm-none-eabi/lib/thumb/v7e-m+dp/hard/crt0.o (exit)
C:/ST/STM32CubeIDE_1.18.0/STM32CubeIDE/plugins/com.st.stm32cube.ide.mcu.externaltools.gnu-tools-for-stm32.13.3.rel1.win32_1.0.0.202411081344/tools/bin/../lib/gcc/arm-none-eabi/13.3.1/../../../../arm-none-eabi/lib/thumb/v7e-m+dp/hard\libc_nano.a(libc_a-nano-vfprintf_float.o)
                              (_printf_float)
C:/ST/STM32CubeIDE_1.18.0/STM32CubeIDE/plugins/com.st.stm32cube.ide.mcu.externaltools.gnu-tools-for-stm32.13.3.rel1.win32_1.0.0.202411081344/tools/bin/../lib/gcc/arm-none-eabi/13.3.1/../../../../arm-none-eabi/lib/thumb/v7e-m+dp/hard\libc_nano.a(libc_a-nano-vfprintf_i.o)
                              C:/ST/STM32CubeIDE_1.18.0/STM32CubeIDE/plugins/com.st.stm32cube.ide.mcu.externaltools.gnu-tools-for-stm32.13.3.rel1.win32_1.0.0.202411081344/tools/bin/../lib/gcc/arm-none-eabi/13.3.1/../../../../arm-none-eabi/lib/thumb/v7e-m+dp/hard\libc_nano.a(libc_a-nano-vfprintf_float.o) (_printf_common)
C:/ST/STM32CubeIDE_1.18.0/STM32CubeIDE/plugins/com.st.stm32cube.ide.mcu.externaltools.gnu-tools-for-stm32.13.3.rel1.win32_1.0.0.202411081344/tools/bin/../lib/gcc/arm-none-eabi/13.3.1/../../../../arm-none-eabi/lib/thumb/v7e-m+dp/hard\libc_nano.a(libc_a-findfp.o)
                              C:/ST/STM32CubeIDE_1.18.0/STM32CubeIDE/plugins/com.st.stm32cube.ide.mcu.externaltools.gnu-tools-for-stm32.13.3.rel1.win32_1.0.0.202411081344/tools/bin/../lib/gcc/arm-none-eabi/13.3.1/../../../../arm-none-eabi/lib/thumb/v7e-m+dp/hard\libc_nano.a(libc_a-exit.o) (__stdio_exit_handler)
C:/ST/STM32CubeIDE_1.18.0/STM32CubeIDE/plugins/com.st.stm32cube.ide.mcu.externaltools.gnu-tools-for-stm32.13.3.rel1.win32_1.0.0.202411081344/tools/bin/../lib/gcc/arm-none-eabi/13.3.1/../../../../arm-none-eabi/lib/thumb/v7e-m+dp/hard\libc_nano.a(libc_a-fwalk.o)
                              C:/ST/STM32CubeIDE_1.18.0/STM32CubeIDE/plugins/com.st.stm32cube.ide.mcu.externaltools.gnu-tools-for-stm32.13.3.rel1.win32_1.0.0.202411081344/tools/bin/../lib/gcc/arm-none-eabi/13.3.1/../../../../arm-none-eabi/lib/thumb/v7e-m+dp/hard\libc_nano.a(libc_a-findfp.o) (_fwalk_sglue)
C:/ST/STM32CubeIDE_1.18.0/STM32CubeIDE/plugins/com.st.stm32cube.ide.mcu.externaltools.gnu-tools-for-stm32.13.3.rel1.win32_1.0.0.202411081344/tools/bin/../lib/gcc/arm-none-eabi/13.3.1/../../../../arm-none-eabi/lib/thumb/v7e-m+dp/hard\libc_nano.a(libc_a-puts.o)
                              ./Core/Src/User/Peripheral/BNO055/BNO055.o (puts)
C:/ST/STM32CubeIDE_1.18.0/STM32CubeIDE/plugins/com.st.stm32cube.ide.mcu.externaltools.gnu-tools-for-stm32.13.3.rel1.win32_1.0.0.202411081344/tools/bin/../lib/gcc/arm-none-eabi/13.3.1/../../../../arm-none-eabi/lib/thumb/v7e-m+dp/hard\libc_nano.a(libc_a-sprintf.o)
                              ./Core/Src/User/Peripheral/BNO055/BNO055.o (sprintf)
C:/ST/STM32CubeIDE_1.18.0/STM32CubeIDE/plugins/com.st.stm32cube.ide.mcu.externaltools.gnu-tools-for-stm32.13.3.rel1.win32_1.0.0.202411081344/tools/bin/../lib/gcc/arm-none-eabi/13.3.1/../../../../arm-none-eabi/lib/thumb/v7e-m+dp/hard\libc_nano.a(libc_a-stdio.o)
                              C:/ST/STM32CubeIDE_1.18.0/STM32CubeIDE/plugins/com.st.stm32cube.ide.mcu.externaltools.gnu-tools-for-stm32.13.3.rel1.win32_1.0.0.202411081344/tools/bin/../lib/gcc/arm-none-eabi/13.3.1/../../../../arm-none-eabi/lib/thumb/v7e-m+dp/hard\libc_nano.a(libc_a-findfp.o) (__sread)
C:/ST/STM32CubeIDE_1.18.0/STM32CubeIDE/plugins/com.st.stm32cube.ide.mcu.externaltools.gnu-tools-for-stm32.13.3.rel1.win32_1.0.0.202411081344/tools/bin/../lib/gcc/arm-none-eabi/13.3.1/../../../../arm-none-eabi/lib/thumb/v7e-m+dp/hard\libc_nano.a(libc_a-wbuf.o)
                              C:/ST/STM32CubeIDE_1.18.0/STM32CubeIDE/plugins/com.st.stm32cube.ide.mcu.externaltools.gnu-tools-for-stm32.13.3.rel1.win32_1.0.0.202411081344/tools/bin/../lib/gcc/arm-none-eabi/13.3.1/../../../../arm-none-eabi/lib/thumb/v7e-m+dp/hard\libc_nano.a(libc_a-puts.o) (__swbuf_r)
C:/ST/STM32CubeIDE_1.18.0/STM32CubeIDE/plugins/com.st.stm32cube.ide.mcu.externaltools.gnu-tools-for-stm32.13.3.rel1.win32_1.0.0.202411081344/tools/bin/../lib/gcc/arm-none-eabi/13.3.1/../../../../arm-none-eabi/lib/thumb/v7e-m+dp/hard\libc_nano.a(libc_a-wsetup.o)
[...]
Memory Configuration

Name             Origin             Length             Attributes
FLASH            0x08000000         0x00020000         xr
DTCMRAM          0x20000000         0x00020000         xrw
RAM_D1           0x24000000         0x00080000         xrw
RAM_D2           0x30000000         0x00048000         xrw
RAM_D3           0x38000000         0x00010000         xrw
ITCMRAM          0x00000000         0x00010000         xrw
*default*        0x00000000         0xffffffff

Linker script and memory map

LOAD C:/ST/STM32CubeIDE_1.18.0/STM32CubeIDE/plugins/com.st.stm32cube.ide.mcu.externaltools.gnu-tools-for-stm32.13.3.rel1.win32_1.0.0.202411081344/tools/bin/../lib/gcc/arm-none-eabi/13.3.1/thumb/v7e-m+dp/hard/crti.o
LOAD C:/ST/STM32CubeIDE_1.18.0/STM32CubeIDE/plugins/com.st.stm32cube.ide.mcu.externaltools.gnu-tools-for-stm32.13.3.rel1.win32_1.0.0.202411081344/tools/bin/../lib/gcc/arm-none-eabi/13.3.1/thumb/v7e-m+dp/hard/crtbegin.o
LOAD C:/ST/STM32CubeIDE_1.18.0/STM32CubeIDE/plugins/com.st.stm32cube.ide.mcu.externaltools.gnu-tools-for-stm32.13.3.rel1.win32_1.0.0.202411081344/tools/bin/../lib/gcc/arm-none-eabi/13.3.1/../../../../arm-none-eabi/lib/thumb/v7e-m+dp/hard/crt0.o
LOAD ./Core/Src/User/App/GroundCommands/GroundCommands.o
LOAD ./Core/Src/User/App/MainApp/MainApp.o
LOAD ./Core/Src/User/App/Odometry/Odometry.o
LOAD ./Core/Src/User/Lib/Algebra.o
LOAD ./Core/Src/User/Peripheral/BNO055/BNO055.o
LOAD ./Core/Src/User/Peripheral/ESP32/ESP32.o
LOAD ./Core/Src/User/Peripheral/LCD/lcd.o
LOAD ./Core/Src/User/Peripheral/LCD/logo_160_80.o
LOAD ./Core/Src/User/Peripheral/LCD/st7735.o
LOAD ./Core/Src/User/Peripheral/LCD/st7735_reg.o
LOAD ./Core/Src/User/Peripheral/Servo/Servo.o
LOAD ./Core/Src/User/Test/Test.o
LOAD ./Core/Src/User/Test/TestESP32/TestESP32.o
LOAD ./Core/Src/User/Test/TestGroundCommands/TestGroundCommands.o
LOAD ./Core/Src/User/Test/TestOdometry/TestOdometry.o
LOAD ./Core/Src/adc.o
LOAD ./Core/Src/gpio.o
LOAD ./Core/Src/i2c.o
LOAD ./Core/Src/main.o
LOAD ./Core/Src/memorymap.o
LOAD ./Core/Src/spi.o
LOAD ./Core/Src/stm32h7xx_hal_msp.o
LOAD ./Core/Src/stm32h7xx_it.o
LOAD ./Core/Src/syscalls.o
LOAD ./Core/Src/sysmem.o
LOAD ./Core/Src/system_stm32h7xx.o
LOAD ./Core/Src/tim.o
LOAD ./Core/Src/usart.o
LOAD ./Core/Startup/startup_stm32h750vbtx.o
LOAD ./Drivers/STM32H7xx_HAL_Driver/Src/stm32h7xx_hal.o
LOAD ./Drivers/STM32H7xx_HAL_Driver/Src/stm32h7xx_hal_adc.o
LOAD ./Drivers/STM32H7xx_HAL_Driver/Src/stm32h7xx_hal_adc_ex.o
LOAD ./Drivers/STM32H7xx_HAL_Driver/Src/stm32h7xx_hal_cortex.o
LOAD ./Drivers/STM32H7xx_HAL_Driver/Src/stm32h7xx_hal_dma.o
LOAD ./Drivers/STM32H7xx_HAL_Driver/Src/stm32h7xx_hal_dma_ex.o
LOAD ./Drivers/STM32H7xx_HAL_Driver/Src/stm32h7xx_hal_exti.o
LOAD ./Drivers/STM32H7xx_HAL_Driver/Src/stm32h7xx_hal_flash.o
LOAD ./Drivers/STM32H7xx_HAL_Driver/Src/stm32h7xx_hal_flash_ex.o
LOAD ./Drivers/STM32H7xx_HAL_Driver/Src/stm32h7xx_hal_gpio.o
LOAD ./Drivers/STM32H7xx_HAL_Driver/Src/stm32h7xx_hal_hsem.o
LOAD ./Drivers/STM32H7xx_HAL_Driver/Src/stm32h7xx_hal_i2c.o
LOAD ./Drivers/STM32H7xx_HAL_Driver/Src/stm32h7xx_hal_i2c_ex.o
LOAD ./Drivers/STM32H7xx_HAL_Driver/Src/stm32h7xx_hal_mdma.o
LOAD ./Drivers/STM32H7xx_HAL_Driver/Src/stm32h7xx_hal_pwr.o
LOAD ./Drivers/STM32H7xx_HAL_Driver/Src/stm32h7xx_hal_pwr_ex.o
LOAD ./Drivers/STM32H7xx_HAL_Driver/Src/stm32h7xx_hal_rcc.o
LOAD ./Drivers/STM32H7xx_HAL_Driver/Src/stm32h7xx_hal_rcc_ex.o
LOAD ./Drivers/STM32H7xx_HAL_Driver/Src/stm32h7xx_hal_spi.o
LOAD ./Drivers/STM32H7xx_HAL_Driver/Src/stm32h7xx_hal_spi_ex.o
LOAD ./Drivers/STM32H7xx_HAL_Driver/Src/stm32h7xx_hal_tim.o
LOAD ./Drivers/STM32H7xx_HAL_Driver/Src/stm32h7xx_hal_tim_ex.o
LOAD ./Drivers/STM32H7xx_HAL_Driver/Src/stm32h7xx_hal_uart.o
LOAD ./Drivers/STM32H7xx_HAL_Driver/Src/stm32h7xx_hal_uart_ex.o
START GROUP
LOAD C:/ST/STM32CubeIDE_1.18.0/STM32CubeIDE/plugins/com.st.stm32cube.ide.mcu.externaltools.gnu-tools-for-stm32.13.3.rel1.win32_1.0.0.202411081344/tools/bin/../lib/gcc/arm-none-eabi/13.3.1/../../../../arm-none-eabi/lib/thumb/v7e-m+dp/hard\libc_nano.a
LOAD C:/ST/STM32CubeIDE_1.18.0/STM32CubeIDE/plugins/com.st.stm32cube.ide.mcu.externaltools.gnu-tools-for-stm32.13.3.rel1.win32_1.0.0.202411081344/tools/bin/../lib/gcc/arm-none-eabi/13.3.1/../../../../arm-none-eabi/lib/thumb/v7e-m+dp/hard\libm.a
END GROUP
START GROUP
LOAD C:/ST/STM32CubeIDE_1.18.0/STM32CubeIDE/plugins/com.st.stm32cube.ide.mcu.externaltools.gnu-tools-for-stm32.13.3.rel1.win32_1.0.0.202411081344/tools/bin/../lib/gcc/arm-none-eabi/13.3.1/thumb/v7e-m+dp/hard\libgcc.a
LOAD C:/ST/STM32CubeIDE_1.18.0/STM32CubeIDE/plugins/com.st.stm32cube.ide.mcu.externaltools.gnu-tools-for-stm32.13.3.rel1.win32_1.0.0.202411081344/tools/bin/../lib/gcc/arm-none-eabi/13.3.1/../../../../arm-none-eabi/lib/thumb/v7e-m+dp/hard\libc_nano.a
END GROUP
START GROUP
LOAD C:/ST/STM32CubeIDE_1.18.0/STM32CubeIDE/plugins/com.st.stm32cube.ide.mcu.externaltools.gnu-tools-for-stm32.13.3.rel1.win32_1.0.0.202411081344/tools/bin/../lib/gcc/arm-none-eabi/13.3.1/thumb/v7e-m+dp/hard\libgcc.a
LOAD C:/ST/STM32CubeIDE_1.18.0/STM32CubeIDE/plugins/com.st.stm32cube.ide.mcu.externaltools.gnu-tools-for-stm32.13.3.rel1.win32_1.0.0.202411081344/tools/bin/../lib/gcc/arm-none-eabi/13.3.1/../../../../arm-none-eabi/lib/thumb/v7e-m+dp/hard\libc_nano.a
LOAD C:/ST/STM32CubeIDE_1.18.0/STM32CubeIDE/plugins/com.st.stm32cube.ide.mcu.externaltools.gnu-tools-for-stm32.13.3.rel1.win32_1.0.0.202411081344/tools/bin/../lib/gcc/arm-none-eabi/13.3.1/../../../../arm-none-eabi/lib/thumb/v7e-m+dp/hard\libnosys.a
END GROUP
START GROUP
LOAD C:/ST/STM32CubeIDE_1.18.0/STM32CubeIDE/plugins/com.st.stm32cube.ide.mcu.externaltools.gnu-tools-for-stm32.13.3.rel1.win32_1.0.0.202411081344/tools/bin/../lib/gcc/arm-none-eabi/13.3.1/thumb/v7e-m+dp/hard\libgcc.a
LOAD C:/ST/STM32CubeIDE_1.18.0/STM32CubeIDE/plugins/com.st.stm32cube.ide.mcu.externaltools.gnu-tools-for-stm32.13.3.rel1.win32_1.0.0.202411081344/tools/bin/../lib/gcc/arm-none-eabi/13.3.1/../../../../arm-none-eabi/lib/thumb/v7e-m+dp/hard\libc_nano.a
LOAD C:/ST/STM32CubeIDE_1.18.0/STM32CubeIDE/plugins/com.st.stm32cube.ide.mcu.externaltools.gnu-tools-for-stm32.13.3.rel1.win32_1.0.0.202411081344/tools/bin/../lib/gcc/arm-none-eabi/13.3.1/../../../../arm-none-eabi/lib/thumb/v7e-m+dp/hard\libnosys.a
END GROUP
LOAD C:/ST/STM32CubeIDE_1.18.0/STM32CubeIDE/plugins/com.st.stm32cube.ide.mcu.externaltools.gnu-tools-for-stm32.13.3.rel1.win32_1.0.0.202411081344/tools/bin/../lib/gcc/arm-none-eabi/13.3.1/thumb/v7e-m+dp/hard/crtend.o
LOAD C:/ST/STM32CubeIDE_1.18.0/STM32CubeIDE/plugins/com.st.stm32cube.ide.mcu.externaltools.gnu-tools-for-stm32.13.3.rel1.win32_1.0.0.202411081344/tools/bin/../lib/gcc/arm-none-eabi/13.3.1/thumb/v7e-m+dp/hard/crtn.o
                0x24080000                        _estack = (ORIGIN (RAM_D1) + LENGTH (RAM_D1))
                0x00000200                        _Min_Heap_Size = 0x200
                0x00000400                        _Min_Stack_Size = 0x400

.isr_vector     0x08000000      0x298
                0x08000000                        . = ALIGN (0x4)
 *(.isr_vector)
 .isr_vector    0x08000000      0x298 ./Core/Startup/startup_stm32h750vbtx.o
                0x08000000                g_pfnVectors
                0x08000298                        . = ALIGN (0x4)

.text           0x080002a0     0xb608
                0x080002a0                        . = ALIGN (0x4)
 *(.text)
 .text          0x080002a0       0x40 C:/ST/STM32CubeIDE_1.18.0/STM32CubeIDE/plugins/com.st.stm32cube.ide.mcu.externaltools.gnu-tools-for-stm32.13.3.rel1.win32_1.0.0.202411081344/tools/bin/../lib/gcc/arm-none-eabi/13.3.1/thumb/v7e-m+dp/hard/crtbegin.o
 .text          0x080002e0       0xa0 C:/ST/STM32CubeIDE_1.18.0/STM32CubeIDE/plugins/com.st.stm32cube.ide.mcu.externaltools.gnu-tools-for-stm32.13.3.rel1.win32_1.0.0.202411081344/tools/bin/../lib/gcc/arm-none-eabi/13.3.1/../../../../arm-none-eabi/lib/thumb/v7e-m+dp/hard\libc_nano.a(libc_a-memchr.o)
                0x080002e0                memchr
 .text          0x08000380       0x10 C:/ST/STM32CubeIDE_1.18.0/STM32CubeIDE/plugins/com.st.stm32cube.ide.mcu.externaltools.gnu-tools-for-stm32.13.3.rel1.win32_1.0.0.202411081344/tools/bin/../lib/gcc/arm-none-eabi/13.3.1/../../../../arm-none-eabi/lib/thumb/v7e-m+dp/hard\libc_nano.a(libc_a-strlen.o)
                0x08000380                strlen
 .text          0x08000390      0x378 C:/ST/STM32CubeIDE_1.18.0/STM32CubeIDE/plugins/com.st.stm32cube.ide.mcu.externaltools.gnu-tools-for-stm32.13.3.rel1.win32_1.0.0.202411081344/tools/bin/../lib/gcc/arm-none-eabi/13.3.1/thumb/v7e-m+dp/hard\libgcc.a(_arm_addsubdf3.o)
                0x08000390                __aeabi_drsub
                0x08000398                __aeabi_dsub
                0x08000398                __subdf3
                0x0800039c                __aeabi_dadd
                0x0800039c                __adddf3
                0x08000614                __floatunsidf
                0x08000614                __aeabi_ui2d
                0x08000634                __floatsidf
                0x08000634                __aeabi_i2d
                0x08000658                __aeabi_f2d
                0x08000658                __extendsfdf2
                0x0800069c                __floatundidf
                0x0800069c                __aeabi_ul2d
                0x080006ac                __floatdidf
                0x080006ac                __aeabi_l2d
 .text          0x08000708       0x30 C:/ST/STM32CubeIDE_1.18.0/STM32CubeIDE/plugins/com.st.stm32cube.ide.mcu.externaltools.gnu-tools-for-stm32.13.3.rel1.win32_1.0.0.202411081344/tools/bin/../lib/gcc/arm-none-eabi/13.3.1/thumb/v7e-m+dp/hard\libgcc.a(_aeabi_uldivmod.o)
                0x08000708                __aeabi_uldivmod
 .text          0x08000738      0x2f8 C:/ST/STM32CubeIDE_1.18.0/STM32CubeIDE/plugins/com.st.stm32cube.ide.mcu.externaltools.gnu-tools-for-stm32.13.3.rel1.win32_1.0.0.202411081344/tools/bin/../lib/gcc/arm-none-eabi/13.3.1/thumb/v7e-m+dp/hard\libgcc.a(_udivmoddi4.o)
                0x08000738                __udivmoddi4
 .text          0x08000a30        0x4 C:/ST/STM32CubeIDE_1.18.0/STM32CubeIDE/plugins/com.st.stm32cube.ide.mcu.externaltools.gnu-tools-for-stm32.13.3.rel1.win32_1.0.0.202411081344/tools/bin/../lib/gcc/arm-none-eabi/13.3.1/thumb/v7e-m+dp/hard\libgcc.a(_dvmd_tls.o)
                0x08000a30                __aeabi_idiv0
                0x08000a30                __aeabi_ldiv0
 *(.text*)
 .text.GroundCommands_Init
                0x08000a34        0x4 ./Core/Src/User/App/GroundCommands/GroundCommands.o
                0x08000a34                GroundCommands_Init
 .text.get_reference
                0x08000a38      0x140 ./Core/Src/User/App/GroundCommands/GroundCommands.o
                0x08000a38                get_reference
 .text.Odometry_Read
                0x08000b78       0x34 ./Core/Src/User/App/Odometry/Odometry.o
                0x08000b78                Odometry_Read
 .text.Sensor_Init
                0x08000bac       0x2c ./Core/Src/User/App/Odometry/Odometry.o
                0x08000bac                Sensor_Init
 .text.Odometry_Init
                0x08000bd8        0x4 ./Core/Src/User/App/Odometry/Odometry.o
                0x08000bd8                Odometry_Init
 .text.vector_cross
                0x08000bdc       0x56 ./Core/Src/User/Lib/Algebra.o
                0x08000bdc                vector_cross
 .text.quaternion_correction
                0x08000c32       0x5c ./Core/Src/User/Lib/Algebra.o
                0x08000c32                quaternion_correction
 .text.rot_x_mat
                0x08000c8e       0x46 ./Core/Src/User/Lib/Algebra.o
                0x08000c8e                rot_x_mat
 .text.rot_y_mat
                0x08000cd4       0x46 ./Core/Src/User/Lib/Algebra.o
                0x08000cd4                rot_y_mat
 .text.rot_z_mat
                0x08000d1a       0x46 ./Core/Src/User/Lib/Algebra.o
                0x08000d1a                rot_z_mat
 .text.matrixToQuat
                0x08000d60      0x196 ./Core/Src/User/Lib/Algebra.o
                0x08000d60                matrixToQuat
 .text.mat3Multiply
                0x08000ef6       0x4a ./Core/Src/User/Lib/Algebra.o
                0x08000ef6                mat3Multiply
 .text.SelectPage
                0x08000f40       0x3c ./Core/Src/User/Peripheral/BNO055/BNO055.o
                0x08000f40                SelectPage
 .text.ResetBNO055
                0x08000f7c       0x6c ./Core/Src/User/Peripheral/BNO055/BNO055.o
                0x08000f7c                ResetBNO055
 .text.ReadData
                0x08000fe8      0x34c ./Core/Src/User/Peripheral/BNO055/BNO055.o
                0x08000fe8                ReadData
 .text.Set_Operation_Mode
                0x08001334       0x54 ./Core/Src/User/Peripheral/BNO055/BNO055.o
                0x08001334                Set_Operation_Mode
 .text.SetPowerMODE
                0x08001388       0x44 ./Core/Src/User/Peripheral/BNO055/BNO055.o
                0x08001388                SetPowerMODE
 .text.Clock_Source
                0x080013cc       0x28 ./Core/Src/User/Peripheral/BNO055/BNO055.o
                0x080013cc                Clock_Source
 .text.BNO055_Axis
                0x080013f4       0x54 ./Core/Src/User/Peripheral/BNO055/BNO055.o
                0x080013f4                BNO055_Axis
 .text.SET_Accel_Range
                0x08001448       0x30 ./Core/Src/User/Peripheral/BNO055/BNO055.o
                0x08001448                SET_Accel_Range
 .text.BNO055_Init
                0x08001478       0xc4 ./Core/Src/User/Peripheral/BNO055/BNO055.o
                0x08001478                BNO055_Init
 .text.esp32_Init
                0x0800153c       0x14 ./Core/Src/User/Peripheral/ESP32/ESP32.o
                0x0800153c                esp32_Init
 .text.get_esp32_commands
                0x08001550       0x58 ./Core/Src/User/Peripheral/ESP32/ESP32.o
                0x08001550                get_esp32_commands
 .text.HAL_UART_RxCpltCallback
                0x080015a8       0xa4 ./Core/Src/User/Peripheral/ESP32/ESP32.o
                0x080015a8                HAL_UART_RxCpltCallback
 .text.HAL_UART_ErrorCallback
                0x0800164c       0x20 ./Core/Src/User/Peripheral/ESP32/ESP32.o
                0x0800164c                HAL_UART_ErrorCallback
 .text.lcd_gettick
                0x0800166c        0x4 ./Core/Src/User/Peripheral/LCD/lcd.o
 .text.lcd_recvdata
                0x08001670       0x44 ./Core/Src/User/Peripheral/LCD/lcd.o
 .text.lcd_senddata
                0x080016b4       0x40 ./Core/Src/User/Peripheral/LCD/lcd.o
 .text.lcd_readreg
                0x080016f4       0x70 ./Core/Src/User/Peripheral/LCD/lcd.o
 .text.lcd_writereg
                0x08001764       0x70 ./Core/Src/User/Peripheral/LCD/lcd.o
 .text.lcd_init
                0x080017d4       0x14 ./Core/Src/User/Peripheral/LCD/lcd.o
 .text.LCD_Light
                0x080017e8       0x7c ./Core/Src/User/Peripheral/LCD/lcd.o
                0x080017e8                LCD_Light
 .text.LCD_ShowChar
                0x08001864      0x204 ./Core/Src/User/Peripheral/LCD/lcd.o
                0x08001864                LCD_ShowChar
 .text.LCD_ShowString
                0x08001a68       0x60 ./Core/Src/User/Peripheral/LCD/lcd.o
                0x08001a68                LCD_ShowString
 .text.LCD_LoadScreen
                0x08001ac8      0x16c ./Core/Src/User/Peripheral/LCD/lcd.o
                0x08001ac8                LCD_LoadScreen
 .text.ST7735_DeInit
                0x08001c34        0x4 ./Core/Src/User/Peripheral/LCD/st7735.o
                0x08001c34                ST7735_DeInit
 .text.ST7735_SetBrightness
                0x08001c38        0x6 ./Core/Src/User/Peripheral/LCD/st7735.o
                0x08001c38                ST7735_SetBrightness
 .text.ST7735_GetBrightness
                0x08001c3e        0x6 ./Core/Src/User/Peripheral/LCD/st7735.o
                0x08001c3e                ST7735_GetBrightness
 .text.ST7735_GetOrientation
                0x08001c44       0x10 ./Core/Src/User/Peripheral/LCD/st7735.o
                0x08001c44                ST7735_GetOrientation
 .text.ST7735_GetXSize
                0x08001c54       0x10 ./Core/Src/User/Peripheral/LCD/st7735.o
                0x08001c54                ST7735_GetXSize
 .text.ST7735_GetYSize
                0x08001c64       0x10 ./Core/Src/User/Peripheral/LCD/st7735.o
                0x08001c64                ST7735_GetYSize
 .text.ST7735_ReadRegWrap
                0x08001c74        0xa ./Core/Src/User/Peripheral/LCD/st7735.o
 .text.ST7735_WriteRegWrap
                0x08001c7e       0x14 ./Core/Src/User/Peripheral/LCD/st7735.o
 .text.ST7735_SendDataWrap
                0x08001c92        0xa ./Core/Src/User/Peripheral/LCD/st7735.o
 .text.ST7735_RecvDataWrap
                0x08001c9c        0xa ./Core/Src/User/Peripheral/LCD/st7735.o
 *fill*         0x08001ca6        0x2 
 .text.ST7735_SetDisplayWindow
                0x08001ca8      0x144 ./Core/Src/User/Peripheral/LCD/st7735.o
 .text.ST7735_SetOrientation
                0x08001dec       0xa0 ./Core/Src/User/Peripheral/LCD/st7735.o
                0x08001dec                ST7735_SetOrientation
 .text.ST7735_SetCursor
                0x08001e8c       0xe0 ./Core/Src/User/Peripheral/LCD/st7735.o
                0x08001e8c                ST7735_SetCursor
 .text.ST7735_DrawBitmap
                0x08001f6c      0x100 ./Core/Src/User/Peripheral/LCD/st7735.o
                0x08001f6c                ST7735_DrawBitmap
 .text.ST7735_DrawHLine
                0x0800206c       0x5c ./Core/Src/User/Peripheral/LCD/st7735.o
                0x0800206c                ST7735_DrawHLine
 .text.ST7735_FillRect
                0x080020c8       0x38 ./Core/Src/User/Peripheral/LCD/st7735.o
                0x080020c8                ST7735_FillRect
 .text.ST7735_SetPixel
                0x08002100       0x48 ./Core/Src/User/Peripheral/LCD/st7735.o
                0x08002100                ST7735_SetPixel
 .text.ST7735_DrawVLine
                0x08002148       0x38 ./Core/Src/User/Peripheral/LCD/st7735.o
                0x08002148                ST7735_DrawVLine
 .text.ST7735_ReadID
                0x08002180       0x54 ./Core/Src/User/Peripheral/LCD/st7735.o
                0x08002180                ST7735_ReadID
 .text.ST7735_GetPixel
                0x080021d4       0x62 ./Core/Src/User/Peripheral/LCD/st7735.o
                0x080021d4                ST7735_GetPixel
 *fill*         0x08002236        0x2 
 .text.ST7735_FillRGBRect
                0x08002238       0x94 ./Core/Src/User/Peripheral/LCD/st7735.o
                0x08002238                ST7735_FillRGBRect
 .text.ST7735_IO_Delay.isra.0
                0x080022cc       0x18 ./Core/Src/User/Peripheral/LCD/st7735.o
 .text.ST7735_Init
                0x080022e4      0x574 ./Core/Src/User/Peripheral/LCD/st7735.o
                0x080022e4                ST7735_Init
 .text.ST7735_DisplayOff
                0x08002858       0x88 ./Core/Src/User/Peripheral/LCD/st7735.o
                0x08002858                ST7735_DisplayOff
 .text.ST7735_DisplayOn
                0x080028e0       0x88 ./Core/Src/User/Peripheral/LCD/st7735.o
                0x080028e0                ST7735_DisplayOn
 .text.ST7735_RegisterBusIO
                0x08002968       0x50 ./Core/Src/User/Peripheral/LCD/st7735.o
                0x08002968                ST7735_RegisterBusIO
 .text.st7735_read_reg
                0x080029b8        0x6 ./Core/Src/User/Peripheral/LCD/st7735_reg.o
                0x080029b8                st7735_read_reg
 .text.st7735_write_reg
                0x080029be        0xe ./Core/Src/User/Peripheral/LCD/st7735_reg.o
                0x080029be                st7735_write_reg
 .text.st7735_send_data
                0x080029cc        0x6 ./Core/Src/User/Peripheral/LCD/st7735_reg.o
                0x080029cc                st7735_send_data
 .text.st7735_recv_data
                0x080029d2        0x6 ./Core/Src/User/Peripheral/LCD/st7735_reg.o
                0x080029d2                st7735_recv_data
 .text.Test_Run
                0x080029d8        0xe ./Core/Src/User/Test/Test.o
                0x080029d8                Test_Run
 *fill*         0x080029e6        0x2 
 .text.GroundCommands_Test
                0x080029e8       0xc8 ./Core/Src/User/Test/TestGroundCommands/TestGroundCommands.o
                0x080029e8                GroundCommands_Test
 .text.HAL_TIM_PeriodElapsedCallback
                0x08002ab0       0x68 ./Core/Src/User/Test/TestGroundCommands/TestGroundCommands.o
                0x08002ab0                HAL_TIM_PeriodElapsedCallback
 .text.MX_ADC3_Init
                0x08002b18       0x80 ./Core/Src/adc.o
                0x08002b18                MX_ADC3_Init
 .text.HAL_ADC_MspInit
                0x08002b98       0x70 ./Core/Src/adc.o
                0x08002b98                HAL_ADC_MspInit
 .text.MX_GPIO_Init
                0x08002c08       0xe8 ./Core/Src/gpio.o
                0x08002c08                MX_GPIO_Init
 .text.MX_I2C2_Init
                0x08002cf0       0x58 ./Core/Src/i2c.o
                0x08002cf0                MX_I2C2_Init
 .text.HAL_I2C_MspInit
                0x08002d48       0xb0 ./Core/Src/i2c.o
                0x08002d48                HAL_I2C_MspInit
 .text.SystemClock_Config
                0x08002df8       0xb8 ./Core/Src/main.o
                0x08002df8                SystemClock_Config
 .text.startup.main
                0x08002eb0       0x5c ./Core/Src/main.o
                0x08002eb0                main
 .text.Error_Handler
                0x08002f0c        0x4 ./Core/Src/main.o
                0x08002f0c                Error_Handler
 .text.MX_SPI4_Init
                0x08002f10       0x64 ./Core/Src/spi.o
                0x08002f10                MX_SPI4_Init
 .text.HAL_SPI_MspInit
                0x08002f74       0x98 ./Core/Src/spi.o
                0x08002f74                HAL_SPI_MspInit
 .text.HAL_MspInit
                0x0800300c       0x48 ./Core/Src/stm32h7xx_hal_msp.o
                0x0800300c                HAL_MspInit
 .text.NMI_Handler
                0x08003054        0x2 ./Core/Src/stm32h7xx_it.o
                0x08003054                NMI_Handler
 .text.HardFault_Handler
                0x08003056        0x2 ./Core/Src/stm32h7xx_it.o
                0x08003056                HardFault_Handler
 .text.MemManage_Handler
                0x08003058        0x2 ./Core/Src/stm32h7xx_it.o
                0x08003058                MemManage_Handler
 .text.BusFault_Handler
                0x0800305a        0x2 ./Core/Src/stm32h7xx_it.o
                0x0800305a                BusFault_Handler
 .text.UsageFault_Handler
                0x0800305c        0x2 ./Core/Src/stm32h7xx_it.o
                0x0800305c                UsageFault_Handler
 .text.SVC_Handler
                0x0800305e        0x2 ./Core/Src/stm32h7xx_it.o
                0x0800305e                SVC_Handler
 .text.DebugMon_Handler
                0x08003060        0x2 ./Core/Src/stm32h7xx_it.o
                0x08003060                DebugMon_Handler
 .text.PendSV_Handler
                0x08003062        0x2 ./Core/Src/stm32h7xx_it.o
                0x08003062                PendSV_Handler
 .text.SysTick_Handler
                0x08003064        0x4 ./Core/Src/stm32h7xx_it.o
                0x08003064                SysTick_Handler
 .text.UART5_IRQHandler
                0x08003068        0xc ./Core/Src/stm32h7xx_it.o
                0x08003068                UART5_IRQHandler
 .text.TIM17_IRQHandler
                0x08003074        0xc ./Core/Src/stm32h7xx_it.o
                0x08003074                TIM17_IRQHandler
 .text._getpid  0x08003080        0x4 ./Core/Src/syscalls.o
                0x08003080                _getpid
 .text._kill    0x08003084       0x10 ./Core/Src/syscalls.o
                0x08003084                _kill
 .text._exit    0x08003094        0xc ./Core/Src/syscalls.o
                0x08003094                _exit
 .text._read    0x080030a0       0x1c ./Core/Src/syscalls.o
                0x080030a0                _read
 .text._write   0x080030bc       0x1c ./Core/Src/syscalls.o
                0x080030bc                _write
 .text._close   0x080030d8        0x6 ./Core/Src/syscalls.o
                0x080030d8                _close
 .text._fstat   0x080030de        0xa ./Core/Src/syscalls.o
                0x080030de                _fstat
 .text._isatty  0x080030e8        0x4 ./Core/Src/syscalls.o
                0x080030e8                _isatty
 .text._lseek   0x080030ec        0x4 ./Core/Src/syscalls.o
                0x080030ec                _lseek
 .text._sbrk    0x080030f0       0x40 ./Core/Src/sysmem.o
                0x080030f0                _sbrk
 .text.SystemInit
                0x08003130       0xe4 ./Core/Src/system_stm32h7xx.o
                0x08003130                SystemInit
 .text.ExitRun0Mode
                0x08003214       0x18 ./Core/Src/system_stm32h7xx.o
                0x08003214                ExitRun0Mode
 .text.MX_TIM17_Init
                0x0800322c       0x98 ./Core/Src/tim.o
                0x0800322c                MX_TIM17_Init
 .text.HAL_TIM_PWM_MspInit
                0x080032c4       0x30 ./Core/Src/tim.o
                0x080032c4                HAL_TIM_PWM_MspInit
 .text.HAL_TIM_Base_MspInit
                0x080032f4       0x48 ./Core/Src/tim.o
                0x080032f4                HAL_TIM_Base_MspInit
 .text.HAL_TIM_MspPostInit
                0x0800333c       0x58 ./Core/Src/tim.o
                0x0800333c                HAL_TIM_MspPostInit
 .text.MX_TIM1_Init
                0x08003394       0xbc ./Core/Src/tim.o
                0x08003394                MX_TIM1_Init
 .text.MX_UART5_Init
                0x08003450       0x64 ./Core/Src/usart.o
                0x08003450                MX_UART5_Init
 .text.HAL_UART_MspInit
                0x080034b4       0xa4 ./Core/Src/usart.o
                0x080034b4                HAL_UART_MspInit
 .text.Reset_Handler
                0x08003558       0x54 ./Core/Startup/startup_stm32h750vbtx.o
                0x08003558                Reset_Handler
 .text.Default_Handler
                0x080035ac        0x2 ./Core/Startup/startup_stm32h750vbtx.o
                0x080035ac                RTC_Alarm_IRQHandler
                0x080035ac                HASH_RNG_IRQHandler
                0x080035ac                EXTI2_IRQHandler
                0x080035ac                TIM8_CC_IRQHandler
                0x080035ac                HRTIM1_Master_IRQHandler
                0x080035ac                UART8_IRQHandler
                0x080035ac                SPI4_IRQHandler
                0x080035ac                TIM1_CC_IRQHandler
                0x080035ac                BDMA_Channel6_IRQHandler
                0x080035ac                DMA2_Stream5_IRQHandler
                0x080035ac                HRTIM1_FLT_IRQHandler
                0x080035ac                JPEG_IRQHandler
                0x080035ac                DMA1_Stream5_IRQHandler
                0x080035ac                BDMA_Channel1_IRQHandler
                0x080035ac                HRTIM1_TIMD_IRQHandler
                0x080035ac                TAMP_STAMP_IRQHandler
                0x080035ac                EXTI3_IRQHandler
                0x080035ac                LPTIM4_IRQHandler
                0x080035ac                TIM8_TRG_COM_TIM14_IRQHandler
                0x080035ac                LPTIM2_IRQHandler
                0x080035ac                DFSDM1_FLT1_IRQHandler
                0x080035ac                DMAMUX2_OVR_IRQHandler
                0x080035ac                TIM8_UP_TIM13_IRQHandler
                0x080035ac                I2C3_ER_IRQHandler
                0x080035ac                DFSDM1_FLT2_IRQHandler
                0x080035ac                MDMA_IRQHandler
                0x080035ac                LPTIM3_IRQHandler
                0x080035ac                HSEM1_IRQHandler
                0x080035ac                EXTI0_IRQHandler
                0x080035ac                I2C2_EV_IRQHandler
                0x080035ac                DMA1_Stream2_IRQHandler
                0x080035ac                FPU_IRQHandler
                0x080035ac                OTG_HS_WKUP_IRQHandler
                0x080035ac                FDCAN1_IT1_IRQHandler
                0x080035ac                LTDC_ER_IRQHandler
                0x080035ac                DMA2_Stream2_IRQHandler
                0x080035ac                HRTIM1_TIME_IRQHandler
                0x080035ac                SPI1_IRQHandler
                0x080035ac                TIM6_DAC_IRQHandler
                0x080035ac                DCMI_IRQHandler
                0x080035ac                HRTIM1_TIMC_IRQHandler
                0x080035ac                DMA2_Stream3_IRQHandler
                0x080035ac                SAI2_IRQHandler
                0x080035ac                DFSDM1_FLT3_IRQHandler
                0x080035ac                USART6_IRQHandler
                0x080035ac                USART3_IRQHandler
                0x080035ac                BDMA_Channel7_IRQHandler
                0x080035ac                CRYP_IRQHandler
                0x080035ac                LPTIM5_IRQHandler
                0x080035ac                ADC3_IRQHandler
                0x080035ac                DMA2_Stream0_IRQHandler
                0x080035ac                TIM4_IRQHandler
                0x080035ac                BDMA_Channel2_IRQHandler
                0x080035ac                QUADSPI_IRQHandler
                0x080035ac                I2C1_EV_IRQHandler
                0x080035ac                DMA1_Stream6_IRQHandler
                0x080035ac                DMAMUX1_OVR_IRQHandler
                0x080035ac                DMA1_Stream1_IRQHandler
                0x080035ac                TIM16_IRQHandler
                0x080035ac                UART4_IRQHandler
                0x080035ac                BDMA_Channel5_IRQHandler
                0x080035ac                TIM3_IRQHandler
                0x080035ac                RCC_IRQHandler
                0x080035ac                TIM8_BRK_TIM12_IRQHandler
                0x080035ac                TIM1_TRG_COM_IRQHandler
                0x080035ac                Default_Handler
                0x080035ac                ECC_IRQHandler
                0x080035ac                CEC_IRQHandler
                0x080035ac                EXTI15_10_IRQHandler
                0x080035ac                BDMA_Channel0_IRQHandler
                0x080035ac                ADC_IRQHandler
                0x080035ac                DMA1_Stream7_IRQHandler
                0x080035ac                HRTIM1_TIMA_IRQHandler
                0x080035ac                SPI5_IRQHandler
                0x080035ac                TIM7_IRQHandler
                0x080035ac                SDMMC1_IRQHandler
                0x080035ac                TIM5_IRQHandler
                0x080035ac                DMA2_Stream7_IRQHandler
                0x080035ac                TIM15_IRQHandler
                0x080035ac                PVD_AVD_IRQHandler
                0x080035ac                I2C3_EV_IRQHandler
                0x080035ac                EXTI9_5_IRQHandler
                0x080035ac                RTC_WKUP_IRQHandler
                0x080035ac                LTDC_IRQHandler
                0x080035ac                SAI3_IRQHandler
                0x080035ac                ETH_WKUP_IRQHandler
                0x080035ac                SPDIF_RX_IRQHandler
                0x080035ac                SPI2_IRQHandler
                0x080035ac                OTG_HS_EP1_IN_IRQHandler
                0x080035ac                DMA1_Stream0_IRQHandler
                0x080035ac                CRS_IRQHandler
                0x080035ac                EXTI4_IRQHandler
                0x080035ac                HRTIM1_TIMB_IRQHandler
                0x080035ac                FDCAN2_IT1_IRQHandler
                0x080035ac                ETH_IRQHandler
                0x080035ac                TIM1_UP_IRQHandler
                0x080035ac                BDMA_Channel4_IRQHandler
                0x080035ac                OTG_HS_EP1_OUT_IRQHandler
                0x080035ac                WWDG_IRQHandler
                0x080035ac                SPI6_IRQHandler
                0x080035ac                MDIOS_IRQHandler
                0x080035ac                I2C4_EV_IRQHandler
                0x080035ac                FDCAN2_IT0_IRQHandler
                0x080035ac                LPUART1_IRQHandler
                0x080035ac                FDCAN1_IT0_IRQHandler
                0x080035ac                TIM2_IRQHandler
                0x080035ac                OTG_FS_WKUP_IRQHandler
                0x080035ac                OTG_HS_IRQHandler
                0x080035ac                DMA2D_IRQHandler
                0x080035ac                TIM1_BRK_IRQHandler
                0x080035ac                EXTI1_IRQHandler
                0x080035ac                SDMMC2_IRQHandler
                0x080035ac                OTG_FS_EP1_OUT_IRQHandler
                0x080035ac                BDMA_Channel3_IRQHandler
                0x080035ac                UART7_IRQHandler
                0x080035ac                MDIOS_WKUP_IRQHandler
                0x080035ac                USART2_IRQHandler
                0x080035ac                DFSDM1_FLT0_IRQHandler
                0x080035ac                SAI4_IRQHandler
                0x080035ac                I2C2_ER_IRQHandler
                0x080035ac                DMA2_Stream1_IRQHandler
                0x080035ac                FLASH_IRQHandler
                0x080035ac                DMA2_Stream4_IRQHandler
                0x080035ac                USART1_IRQHandler
                0x080035ac                OTG_FS_IRQHandler
                0x080035ac                SPI3_IRQHandler
                0x080035ac                WAKEUP_PIN_IRQHandler
                0x080035ac                DMA1_Stream4_IRQHandler
                0x080035ac                OTG_FS_EP1_IN_IRQHandler
                0x080035ac                I2C1_ER_IRQHandler
                0x080035ac                FMC_IRQHandler
                0x080035ac                FDCAN_CAL_IRQHandler
                0x080035ac                SWPMI1_IRQHandler
                0x080035ac                COMP1_IRQHandler
                0x080035ac                LPTIM1_IRQHandler
                0x080035ac                I2C4_ER_IRQHandler
                0x080035ac                DMA2_Stream6_IRQHandler
                0x080035ac                SAI1_IRQHandler
                0x080035ac                DMA1_Stream3_IRQHandler
 *fill*         0x080035ae        0x2 
 .text.HAL_InitTick
                0x080035b0       0x4c ./Drivers/STM32H7xx_HAL_Driver/Src/stm32h7xx_hal.o
                0x080035b0                HAL_InitTick
 .text.HAL_Init
                0x080035fc       0x5c ./Drivers/STM32H7xx_HAL_Driver/Src/stm32h7xx_hal.o
                0x080035fc                HAL_Init
 .text.HAL_IncTick
                0x08003658       0x18 ./Drivers/STM32H7xx_HAL_Driver/Src/stm32h7xx_hal.o
                0x08003658                HAL_IncTick
 .text.HAL_GetTick
                0x08003670        0xc ./Drivers/STM32H7xx_HAL_Driver/Src/stm32h7xx_hal.o
                0x08003670                HAL_GetTick
 .text.HAL_Delay
                0x0800367c       0x24 ./Drivers/STM32H7xx_HAL_Driver/Src/stm32h7xx_hal.o
                0x0800367c                HAL_Delay
 .text.HAL_GetREVID
                0x080036a0        0xc ./Drivers/STM32H7xx_HAL_Driver/Src/stm32h7xx_hal.o
                0x080036a0                HAL_GetREVID
 .text.HAL_SYSCFG_VREFBUF_HighImpedanceConfig
                0x080036ac       0x14 ./Drivers/STM32H7xx_HAL_Driver/Src/stm32h7xx_hal.o
                0x080036ac                HAL_SYSCFG_VREFBUF_HighImpedanceConfig
 .text.HAL_SYSCFG_DisableVREFBUF
                0x080036c0       0x10 ./Drivers/STM32H7xx_HAL_Driver/Src/stm32h7xx_hal.o
                0x080036c0                HAL_SYSCFG_DisableVREFBUF
 .text.LL_ADC_IsEnabled
                0x080036d0        0x8 ./Drivers/STM32H7xx_HAL_Driver/Src/stm32h7xx_hal_adc.o
 .text.LL_ADC_REG_IsConversionOngoing
                0x080036d8        0x8 ./Drivers/STM32H7xx_HAL_Driver/Src/stm32h7xx_hal_adc.o
 .text.HAL_ADC_ConfigChannel
                0x080036e0      0x3fc ./Drivers/STM32H7xx_HAL_Driver/Src/stm32h7xx_hal_adc.o
                0x080036e0                HAL_ADC_ConfigChannel
 .text.ADC_ConfigureBoostMode
                0x08003adc      0x12c ./Drivers/STM32H7xx_HAL_Driver/Src/stm32h7xx_hal_adc.o
                0x08003adc                ADC_ConfigureBoostMode
 .text.HAL_ADC_Init
                0x08003c08      0x210 ./Drivers/STM32H7xx_HAL_Driver/Src/stm32h7xx_hal_adc.o
                0x08003c08                HAL_ADC_Init
 .text.HAL_NVIC_SetPriorityGrouping
                0x08003e18       0x24 ./Drivers/STM32H7xx_HAL_Driver/Src/stm32h7xx_hal_cortex.o
                0x08003e18                HAL_NVIC_SetPriorityGrouping
 .text.HAL_NVIC_SetPriority
                0x08003e3c       0x64 ./Drivers/STM32H7xx_HAL_Driver/Src/stm32h7xx_hal_cortex.o
                0x08003e3c                HAL_NVIC_SetPriority
 .text.HAL_NVIC_EnableIRQ
                0x08003ea0       0x1c ./Drivers/STM32H7xx_HAL_Driver/Src/stm32h7xx_hal_cortex.o
                0x08003ea0                HAL_NVIC_EnableIRQ
 .text.HAL_SYSTICK_Config
                0x08003ebc       0x28 ./Drivers/STM32H7xx_HAL_Driver/Src/stm32h7xx_hal_cortex.o
                0x08003ebc                HAL_SYSTICK_Config
 .text.HAL_MPU_Disable
                0x08003ee4       0x1c ./Drivers/STM32H7xx_HAL_Driver/Src/stm32h7xx_hal_cortex.o
                0x08003ee4                HAL_MPU_Disable
 .text.HAL_MPU_Enable
                0x08003f00       0x20 ./Drivers/STM32H7xx_HAL_Driver/Src/stm32h7xx_hal_cortex.o
                0x08003f00                HAL_MPU_Enable
 .text.HAL_MPU_ConfigRegion
                0x08003f20       0x58 ./Drivers/STM32H7xx_HAL_Driver/Src/stm32h7xx_hal_cortex.o
                0x08003f20                HAL_MPU_ConfigRegion
 .text.HAL_DMA_Abort
                0x08003f78      0x228 ./Drivers/STM32H7xx_HAL_Driver/Src/stm32h7xx_hal_dma.o
                0x08003f78                HAL_DMA_Abort
 .text.HAL_DMA_Abort_IT
                0x080041a0      0x120 ./Drivers/STM32H7xx_HAL_Driver/Src/stm32h7xx_hal_dma.o
                0x080041a0                HAL_DMA_Abort_IT
 .text.HAL_GPIO_Init
                0x080042c0      0x1d0 ./Drivers/STM32H7xx_HAL_Driver/Src/stm32h7xx_hal_gpio.o
                0x080042c0                HAL_GPIO_Init
 .text.HAL_GPIO_ReadPin
                0x08004490        0xc ./Drivers/STM32H7xx_HAL_Driver/Src/stm32h7xx_hal_gpio.o
                0x08004490                HAL_GPIO_ReadPin
 .text.HAL_GPIO_WritePin
                0x0800449c        0xa ./Drivers/STM32H7xx_HAL_Driver/Src/stm32h7xx_hal_gpio.o
                0x0800449c                HAL_GPIO_WritePin
 .text.I2C_Flush_TXDR
                0x080044a6       0x1c ./Drivers/STM32H7xx_HAL_Driver/Src/stm32h7xx_hal_i2c.o
 *fill*         0x080044c2        0x2 
 .text.I2C_TransferConfig
                0x080044c4       0x2c ./Drivers/STM32H7xx_HAL_Driver/Src/stm32h7xx_hal_i2c.o
 .text.I2C_IsErrorOccurred
                0x080044f0      0x100 ./Drivers/STM32H7xx_HAL_Driver/Src/stm32h7xx_hal_i2c.o
 .text.I2C_WaitOnTXISFlagUntilTimeout
                0x080045f0       0x56 ./Drivers/STM32H7xx_HAL_Driver/Src/stm32h7xx_hal_i2c.o
 .text.I2C_WaitOnFlagUntilTimeout
                0x08004646       0x76 ./Drivers/STM32H7xx_HAL_Driver/Src/stm32h7xx_hal_i2c.o
 .text.I2C_WaitOnSTOPFlagUntilTimeout
                0x080046bc       0x52 ./Drivers/STM32H7xx_HAL_Driver/Src/stm32h7xx_hal_i2c.o
 .text.HAL_I2C_Init
                0x0800470e       0xaa ./Drivers/STM32H7xx_HAL_Driver/Src/stm32h7xx_hal_i2c.o
                0x0800470e                HAL_I2C_Init
 .text.HAL_I2C_Mem_Write
                0x080047b8      0x1b4 ./Drivers/STM32H7xx_HAL_Driver/Src/stm32h7xx_hal_i2c.o
                0x080047b8                HAL_I2C_Mem_Write
 .text.HAL_I2C_Mem_Read
                0x0800496c      0x1bc ./Drivers/STM32H7xx_HAL_Driver/Src/stm32h7xx_hal_i2c.o
                0x0800496c                HAL_I2C_Mem_Read
 .text.HAL_I2CEx_ConfigAnalogFilter
                0x08004b28       0x4c ./Drivers/STM32H7xx_HAL_Driver/Src/stm32h7xx_hal_i2c_ex.o
                0x08004b28                HAL_I2CEx_ConfigAnalogFilter
 .text.HAL_I2CEx_ConfigDigitalFilter
                0x08004b74       0x4a ./Drivers/STM32H7xx_HAL_Driver/Src/stm32h7xx_hal_i2c_ex.o
                0x08004b74                HAL_I2CEx_ConfigDigitalFilter
 *fill*         0x08004bbe        0x2 
 .text.HAL_PWREx_ConfigSupply
                0x08004bc0       0x48 ./Drivers/STM32H7xx_HAL_Driver/Src/stm32h7xx_hal_pwr_ex.o
                0x08004bc0                HAL_PWREx_ConfigSupply
 .text.HAL_RCC_OscConfig
                0x08004c08      0x550 ./Drivers/STM32H7xx_HAL_Driver/Src/stm32h7xx_hal_rcc.o
                0x08004c08                HAL_RCC_OscConfig
 .text.HAL_RCC_GetSysClockFreq
                0x08005158      0x144 ./Drivers/STM32H7xx_HAL_Driver/Src/stm32h7xx_hal_rcc.o
                0x08005158                HAL_RCC_GetSysClockFreq
 .text.HAL_RCC_ClockConfig
                0x0800529c      0x24c ./Drivers/STM32H7xx_HAL_Driver/Src/stm32h7xx_hal_rcc.o
                0x0800529c                HAL_RCC_ClockConfig
 .text.HAL_RCC_GetHCLKFreq
                0x080054e8       0x44 ./Drivers/STM32H7xx_HAL_Driver/Src/stm32h7xx_hal_rcc.o
                0x080054e8                HAL_RCC_GetHCLKFreq
 .text.HAL_RCC_GetPCLK1Freq
                0x0800552c       0x24 ./Drivers/STM32H7xx_HAL_Driver/Src/stm32h7xx_hal_rcc.o
                0x0800552c                HAL_RCC_GetPCLK1Freq
 .text.HAL_RCC_GetPCLK2Freq
                0x08005550       0x24 ./Drivers/STM32H7xx_HAL_Driver/Src/stm32h7xx_hal_rcc.o
                0x08005550                HAL_RCC_GetPCLK2Freq
 .text.RCCEx_PLL2_Config
                0x08005574       0xec ./Drivers/STM32H7xx_HAL_Driver/Src/stm32h7xx_hal_rcc_ex.o
 .text.RCCEx_PLL3_Config
                0x08005660       0xec ./Drivers/STM32H7xx_HAL_Driver/Src/stm32h7xx_hal_rcc_ex.o
 .text.HAL_RCCEx_PeriphCLKConfig
                0x0800574c      0x9cc ./Drivers/STM32H7xx_HAL_Driver/Src/stm32h7xx_hal_rcc_ex.o
                0x0800574c                HAL_RCCEx_PeriphCLKConfig
 .text.HAL_RCCEx_GetD3PCLK1Freq
                0x08006118       0x24 ./Drivers/STM32H7xx_HAL_Driver/Src/stm32h7xx_hal_rcc_ex.o
                0x08006118                HAL_RCCEx_GetD3PCLK1Freq
 .text.HAL_RCCEx_GetPLL2ClockFreq
                0x0800613c      0x154 ./Drivers/STM32H7xx_HAL_Driver/Src/stm32h7xx_hal_rcc_ex.o
                0x0800613c                HAL_RCCEx_GetPLL2ClockFreq
 .text.HAL_RCCEx_GetPLL3ClockFreq
                0x08006290      0x154 ./Drivers/STM32H7xx_HAL_Driver/Src/stm32h7xx_hal_rcc_ex.o
                0x08006290                HAL_RCCEx_GetPLL3ClockFreq
 .text.HAL_RCCEx_GetPLL1ClockFreq
                0x080063e4      0x154 ./Drivers/STM32H7xx_HAL_Driver/Src/stm32h7xx_hal_rcc_ex.o
                0x080063e4                HAL_RCCEx_GetPLL1ClockFreq
 .text.HAL_RCCEx_GetPeriphCLKFreq
                0x08006538      0x2d0 ./Drivers/STM32H7xx_HAL_Driver/Src/stm32h7xx_hal_rcc_ex.o
                0x08006538                HAL_RCCEx_GetPeriphCLKFreq
 .text.SPI_CloseTransfer
                0x08006808       0xac ./Drivers/STM32H7xx_HAL_Driver/Src/stm32h7xx_hal_spi.o
 .text.HAL_SPI_Init
                0x080068b4      0x148 ./Drivers/STM32H7xx_HAL_Driver/Src/stm32h7xx_hal_spi.o
                0x080068b4                HAL_SPI_Init
 .text.HAL_SPI_Transmit
                0x080069fc      0x234 ./Drivers/STM32H7xx_HAL_Driver/Src/stm32h7xx_hal_spi.o
                0x080069fc                HAL_SPI_Transmit
 .text.HAL_SPI_Receive
                0x08006c30      0x260 ./Drivers/STM32H7xx_HAL_Driver/Src/stm32h7xx_hal_spi.o
                0x08006c30                HAL_SPI_Receive
 .text.TIM_OC1_SetConfig
                0x08006e90       0x74 ./Drivers/STM32H7xx_HAL_Driver/Src/stm32h7xx_hal_tim.o
 .text.TIM_OC3_SetConfig
                0x08006f04       0x80 ./Drivers/STM32H7xx_HAL_Driver/Src/stm32h7xx_hal_tim.o
 .text.TIM_OC4_SetConfig
                0x08006f84       0x68 ./Drivers/STM32H7xx_HAL_Driver/Src/stm32h7xx_hal_tim.o
 .text.TIM_OC5_SetConfig
                0x08006fec       0x68 ./Drivers/STM32H7xx_HAL_Driver/Src/stm32h7xx_hal_tim.o
 .text.TIM_OC6_SetConfig
                0x08007054       0x68 ./Drivers/STM32H7xx_HAL_Driver/Src/stm32h7xx_hal_tim.o
 .text.HAL_TIM_Base_Start
                0x080070bc       0x74 ./Drivers/STM32H7xx_HAL_Driver/Src/stm32h7xx_hal_tim.o
                0x080070bc                HAL_TIM_Base_Start
 .text.HAL_TIM_Base_Start_IT
                0x08007130       0x7c ./Drivers/STM32H7xx_HAL_Driver/Src/stm32h7xx_hal_tim.o
                0x08007130                HAL_TIM_Base_Start_IT
 .text.HAL_TIM_OC_MspInit
                0x080071ac        0x2 ./Drivers/STM32H7xx_HAL_Driver/Src/stm32h7xx_hal_tim.o
                0x080071ac                HAL_TIM_OC_MspInit
 .text.HAL_TIM_OC_DelayElapsedCallback
                0x080071ae        0x2 ./Drivers/STM32H7xx_HAL_Driver/Src/stm32h7xx_hal_tim.o
                0x080071ae                HAL_TIM_OC_DelayElapsedCallback
 .text.HAL_TIM_IC_CaptureCallback
                0x080071b0        0x2 ./Drivers/STM32H7xx_HAL_Driver/Src/stm32h7xx_hal_tim.o
                0x080071b0                HAL_TIM_IC_CaptureCallback
 .text.HAL_TIM_PWM_PulseFinishedCallback
                0x080071b2        0x2 ./Drivers/STM32H7xx_HAL_Driver/Src/stm32h7xx_hal_tim.o
                0x080071b2                HAL_TIM_PWM_PulseFinishedCallback
 .text.HAL_TIM_TriggerCallback
                0x080071b4        0x2 ./Drivers/STM32H7xx_HAL_Driver/Src/stm32h7xx_hal_tim.o
                0x080071b4                HAL_TIM_TriggerCallback
 .text.HAL_TIM_IRQHandler
                0x080071b6      0x140 ./Drivers/STM32H7xx_HAL_Driver/Src/stm32h7xx_hal_tim.o
                0x080071b6                HAL_TIM_IRQHandler
 *fill*         0x080072f6        0x2 
 .text.TIM_Base_SetConfig
                0x080072f8       0xa8 ./Drivers/STM32H7xx_HAL_Driver/Src/stm32h7xx_hal_tim.o
                0x080072f8                TIM_Base_SetConfig
 .text.HAL_TIM_Base_Init
                0x080073a0       0x60 ./Drivers/STM32H7xx_HAL_Driver/Src/stm32h7xx_hal_tim.o
                0x080073a0                HAL_TIM_Base_Init
 .text.HAL_TIM_OC_Init
                0x08007400       0x60 ./Drivers/STM32H7xx_HAL_Driver/Src/stm32h7xx_hal_tim.o
                0x08007400                HAL_TIM_OC_Init
 .text.HAL_TIM_PWM_Init
                0x08007460       0x60 ./Drivers/STM32H7xx_HAL_Driver/Src/stm32h7xx_hal_tim.o
                0x08007460                HAL_TIM_PWM_Init
 .text.TIM_OC2_SetConfig
                0x080074c0       0x80 ./Drivers/STM32H7xx_HAL_Driver/Src/stm32h7xx_hal_tim.o
                0x080074c0                TIM_OC2_SetConfig
 .text.HAL_TIM_OC_ConfigChannel
                0x08007540       0x64 ./Drivers/STM32H7xx_HAL_Driver/Src/stm32h7xx_hal_tim.o
                0x08007540                HAL_TIM_OC_ConfigChannel
 .text.HAL_TIM_PWM_ConfigChannel
                0x080075a4       0xf8 ./Drivers/STM32H7xx_HAL_Driver/Src/stm32h7xx_hal_tim.o
                0x080075a4                HAL_TIM_PWM_ConfigChannel
 .text.TIM_CCxNChannelCmd
                0x0800769c       0x1c ./Drivers/STM32H7xx_HAL_Driver/Src/stm32h7xx_hal_tim_ex.o
 .text.HAL_TIMEx_OCN_Start
                0x080076b8       0xc0 ./Drivers/STM32H7xx_HAL_Driver/Src/stm32h7xx_hal_tim_ex.o
                0x080076b8                HAL_TIMEx_OCN_Start
 .text.HAL_TIMEx_PWMN_Start
                0x08007778        0x4 ./Drivers/STM32H7xx_HAL_Driver/Src/stm32h7xx_hal_tim_ex.o
                0x08007778                HAL_TIMEx_PWMN_Start
 .text.HAL_TIMEx_MasterConfigSynchronization
                0x0800777c       0x94 ./Drivers/STM32H7xx_HAL_Driver/Src/stm32h7xx_hal_tim_ex.o
                0x0800777c                HAL_TIMEx_MasterConfigSynchronization
 .text.HAL_TIMEx_ConfigBreakDeadTime
                0x08007810       0x84 ./Drivers/STM32H7xx_HAL_Driver/Src/stm32h7xx_hal_tim_ex.o
                0x08007810                HAL_TIMEx_ConfigBreakDeadTime
 .text.HAL_TIMEx_CommutCallback
                0x08007894        0x2 ./Drivers/STM32H7xx_HAL_Driver/Src/stm32h7xx_hal_tim_ex.o
                0x08007894                HAL_TIMEx_CommutCallback
 .text.HAL_TIMEx_BreakCallback
                0x08007896        0x2 ./Drivers/STM32H7xx_HAL_Driver/Src/stm32h7xx_hal_tim_ex.o
                0x08007896                HAL_TIMEx_BreakCallback
 .text.HAL_TIMEx_Break2Callback
                0x08007898        0x2 ./Drivers/STM32H7xx_HAL_Driver/Src/stm32h7xx_hal_tim_ex.o
                0x08007898                HAL_TIMEx_Break2Callback
 *fill*         0x0800789a        0x2 
 .text.UART_EndRxTransfer
                0x0800789c       0x58 ./Drivers/STM32H7xx_HAL_Driver/Src/stm32h7xx_hal_uart.o
 .text.HAL_UART_TxCpltCallback
                0x080078f4        0x2 ./Drivers/STM32H7xx_HAL_Driver/Src/stm32h7xx_hal_uart.o
                0x080078f4                HAL_UART_TxCpltCallback
 .text.UART_DMAAbortOnError
                0x080078f6       0x10 ./Drivers/STM32H7xx_HAL_Driver/Src/stm32h7xx_hal_uart.o
 .text.HAL_UARTEx_RxEventCallback
                0x08007906        0x2 ./Drivers/STM32H7xx_HAL_Driver/Src/stm32h7xx_hal_uart.o
                0x08007906                HAL_UARTEx_RxEventCallback
 .text.HAL_UART_IRQHandler
                0x08007908      0x354 ./Drivers/STM32H7xx_HAL_Driver/Src/stm32h7xx_hal_uart.o
                0x08007908                HAL_UART_IRQHandler
 .text.UART_RxISR_8BIT
                0x08007c5c       0xcc ./Drivers/STM32H7xx_HAL_Driver/Src/stm32h7xx_hal_uart.o
 .text.UART_RxISR_16BIT
                0x08007d28       0xc4 ./Drivers/STM32H7xx_HAL_Driver/Src/stm32h7xx_hal_uart.o
 .text.UART_RxISR_8BIT_FIFOEN
                0x08007dec      0x1a0 ./Drivers/STM32H7xx_HAL_Driver/Src/stm32h7xx_hal_uart.o
 .text.UART_RxISR_16BIT_FIFOEN
                0x08007f8c      0x198 ./Drivers/STM32H7xx_HAL_Driver/Src/stm32h7xx_hal_uart.o
 .text.UART_SetConfig
                0x08008124      0x2fc ./Drivers/STM32H7xx_HAL_Driver/Src/stm32h7xx_hal_uart.o
                0x08008124                UART_SetConfig
 .text.UART_AdvFeatureConfig
                0x08008420       0xaa ./Drivers/STM32H7xx_HAL_Driver/Src/stm32h7xx_hal_uart.o
                0x08008420                UART_AdvFeatureConfig
 .text.UART_WaitOnFlagUntilTimeout
                0x080084ca       0x90 ./Drivers/STM32H7xx_HAL_Driver/Src/stm32h7xx_hal_uart.o
                0x080084ca                UART_WaitOnFlagUntilTimeout
 .text.UART_CheckIdleState
                0x0800855a       0xb6 ./Drivers/STM32H7xx_HAL_Driver/Src/stm32h7xx_hal_uart.o
                0x0800855a                UART_CheckIdleState
 .text.HAL_UART_Init
                0x08008610       0x60 ./Drivers/STM32H7xx_HAL_Driver/Src/stm32h7xx_hal_uart.o
                0x08008610                HAL_UART_Init
 .text.UART_Start_Receive_IT
                0x08008670      0x114 ./Drivers/STM32H7xx_HAL_Driver/Src/stm32h7xx_hal_uart.o
                0x08008670                UART_Start_Receive_IT
 .text.HAL_UART_Receive_IT
                0x08008784       0x44 ./Drivers/STM32H7xx_HAL_Driver/Src/stm32h7xx_hal_uart.o
                0x08008784                HAL_UART_Receive_IT
 .text.UARTEx_SetNbDataToProcess
                0x080087c8       0x44 ./Drivers/STM32H7xx_HAL_Driver/Src/stm32h7xx_hal_uart_ex.o
 .text.HAL_UARTEx_WakeupCallback
                0x0800880c        0x2 ./Drivers/STM32H7xx_HAL_Driver/Src/stm32h7xx_hal_uart_ex.o
                0x0800880c                HAL_UARTEx_WakeupCallback
 .text.HAL_UARTEx_RxFifoFullCallback
                0x0800880e        0x2 ./Drivers/STM32H7xx_HAL_Driver/Src/stm32h7xx_hal_uart_ex.o
                0x0800880e                HAL_UARTEx_RxFifoFullCallback
 .text.HAL_UARTEx_TxFifoEmptyCallback
                0x08008810        0x2 ./Drivers/STM32H7xx_HAL_Driver/Src/stm32h7xx_hal_uart_ex.o
                0x08008810                HAL_UARTEx_TxFifoEmptyCallback
 .text.HAL_UARTEx_DisableFifoMode
                0x08008812       0x36 ./Drivers/STM32H7xx_HAL_Driver/Src/stm32h7xx_hal_uart_ex.o
                0x08008812                HAL_UARTEx_DisableFifoMode
 .text.HAL_UARTEx_SetTxFifoThreshold
                0x08008848       0x40 ./Drivers/STM32H7xx_HAL_Driver/Src/stm32h7xx_hal_uart_ex.o
                0x08008848                HAL_UARTEx_SetTxFifoThreshold
 .text.HAL_UARTEx_SetRxFifoThreshold
                0x08008888       0x40 ./Drivers/STM32H7xx_HAL_Driver/Src/stm32h7xx_hal_uart_ex.o
                0x08008888                HAL_UARTEx_SetRxFifoThreshold
 .text.__cvt    0x080088c8       0xa8 C:/ST/STM32CubeIDE_1.18.0/STM32CubeIDE/plugins/com.st.stm32cube.ide.mcu.externaltools.gnu-tools-for-stm32.13.3.rel1.win32_1.0.0.202411081344/tools/bin/../lib/gcc/arm-none-eabi/13.3.1/../../../../arm-none-eabi/lib/thumb/v7e-m+dp/hard\libc_nano.a(libc_a-nano-vfprintf_float.o)
                0x080088c8                __cvt
 .text.__exponent
                0x08008970       0x74 C:/ST/STM32CubeIDE_1.18.0/STM32CubeIDE/plugins/com.st.stm32cube.ide.mcu.externaltools.gnu-tools-for-stm32.13.3.rel1.win32_1.0.0.202411081344/tools/bin/../lib/gcc/arm-none-eabi/13.3.1/../../../../arm-none-eabi/lib/thumb/v7e-m+dp/hard\libc_nano.a(libc_a-nano-vfprintf_float.o)
                0x08008970                __exponent
 *fill*         0x080089e4        0x4 
 .text._printf_float
                0x080089e8      0x434 C:/ST/STM32CubeIDE_1.18.0/STM32CubeIDE/plugins/com.st.stm32cube.ide.mcu.externaltools.gnu-tools-for-stm32.13.3.rel1.win32_1.0.0.202411081344/tools/bin/../lib/gcc/arm-none-eabi/13.3.1/../../../../arm-none-eabi/lib/thumb/v7e-m+dp/hard\libc_nano.a(libc_a-nano-vfprintf_float.o)
                0x080089e8                _printf_float
 .text._printf_common
                0x08008e1c       0xda C:/ST/STM32CubeIDE_1.18.0/STM32CubeIDE/plugins/com.st.stm32cube.ide.mcu.externaltools.gnu-tools-for-stm32.13.3.rel1.win32_1.0.0.202411081344/tools/bin/../lib/gcc/arm-none-eabi/13.3.1/../../../../arm-none-eabi/lib/thumb/v7e-m+dp/hard\libc_nano.a(libc_a-nano-vfprintf_i.o)
                0x08008e1c                _printf_common
 *fill*         0x08008ef6        0x2 
 .text._printf_i
                0x08008ef8      0x23c C:/ST/STM32CubeIDE_1.18.0/STM32CubeIDE/plugins/com.st.stm32cube.ide.mcu.externaltools.gnu-tools-for-stm32.13.3.rel1.win32_1.0.0.202411081344/tools/bin/../lib/gcc/arm-none-eabi/13.3.1/../../../../arm-none-eabi/lib/thumb/v7e-m+dp/hard\libc_nano.a(libc_a-nano-vfprintf_i.o)
                0x08008ef8                _printf_i
 .text.std      0x08009134       0x6c C:/ST/STM32CubeIDE_1.18.0/STM32CubeIDE/plugins/com.st.stm32cube.ide.mcu.externaltools.gnu-tools-for-stm32.13.3.rel1.win32_1.0.0.202411081344/tools/bin/../lib/gcc/arm-none-eabi/13.3.1/../../../../arm-none-eabi/lib/thumb/v7e-m+dp/hard\libc_nano.a(libc_a-findfp.o)
 .text.stdio_exit_handler
                0x080091a0       0x18 C:/ST/STM32CubeIDE_1.18.0/STM32CubeIDE/plugins/com.st.stm32cube.ide.mcu.externaltools.gnu-tools-for-stm32.13.3.rel1.win32_1.0.0.202411081344/tools/bin/../lib/gcc/arm-none-eabi/13.3.1/../../../../arm-none-eabi/lib/thumb/v7e-m+dp/hard\libc_nano.a(libc_a-findfp.o)
 .text.cleanup_stdio
                0x080091b8       0x40 C:/ST/STM32CubeIDE_1.18.0/STM32CubeIDE/plugins/com.st.stm32cube.ide.mcu.externaltools.gnu-tools-for-stm32.13.3.rel1.win32_1.0.0.202411081344/tools/bin/../lib/gcc/arm-none-eabi/13.3.1/../../../../arm-none-eabi/lib/thumb/v7e-m+dp/hard\libc_nano.a(libc_a-findfp.o)
 .text.global_stdio_init.part.0
                0x080091f8       0x3c C:/ST/STM32CubeIDE_1.18.0/STM32CubeIDE/plugins/com.st.stm32cube.ide.mcu.externaltools.gnu-tools-for-stm32.13.3.rel1.win32_1.0.0.202411081344/tools/bin/../lib/gcc/arm-none-eabi/13.3.1/../../../../arm-none-eabi/lib/thumb/v7e-m+dp/hard\libc_nano.a(libc_a-findfp.o)
 .text.__sfp_lock_acquire
                0x08009234        0xc C:/ST/STM32CubeIDE_1.18.0/STM32CubeIDE/plugins/com.st.stm32cube.ide.mcu.externaltools.gnu-tools-for-stm32.13.3.rel1.win32_1.0.0.202411081344/tools/bin/../lib/gcc/arm-none-eabi/13.3.1/../../../../arm-none-eabi/lib/thumb/v7e-m+dp/hard\libc_nano.a(libc_a-findfp.o)
                0x08009234                __sfp_lock_acquire
 .text.__sfp_lock_release
                0x08009240        0xc C:/ST/STM32CubeIDE_1.18.0/STM32CubeIDE/plugins/com.st.stm32cube.ide.mcu.externaltools.gnu-tools-for-stm32.13.3.rel1.win32_1.0.0.202411081344/tools/bin/../lib/gcc/arm-none-eabi/13.3.1/../../../../arm-none-eabi/lib/thumb/v7e-m+dp/hard\libc_nano.a(libc_a-findfp.o)
                0x08009240                __sfp_lock_release
 .text.__sinit  0x0800924c       0x30 C:/ST/STM32CubeIDE_1.18.0/STM32CubeIDE/plugins/com.st.stm32cube.ide.mcu.externaltools.gnu-tools-for-stm32.13.3.rel1.win32_1.0.0.202411081344/tools/bin/../lib/gcc/arm-none-eabi/13.3.1/../../../../arm-none-eabi/lib/thumb/v7e-m+dp/hard\libc_nano.a(libc_a-findfp.o)
                0x0800924c                __sinit
 .text._fwalk_sglue
                0x0800927c       0x3c C:/ST/STM32CubeIDE_1.18.0/STM32CubeIDE/plugins/com.st.stm32cube.ide.mcu.externaltools.gnu-tools-for-stm32.13.3.rel1.win32_1.0.0.202411081344/tools/bin/../lib/gcc/arm-none-eabi/13.3.1/../../../../arm-none-eabi/lib/thumb/v7e-m+dp/hard\libc_nano.a(libc_a-fwalk.o)
                0x0800927c                _fwalk_sglue
 .text._puts_r  0x080092b8       0xaa C:/ST/STM32CubeIDE_1.18.0/STM32CubeIDE/plugins/com.st.stm32cube.ide.mcu.externaltools.gnu-tools-for-stm32.13.3.rel1.win32_1.0.0.202411081344/tools/bin/../lib/gcc/arm-none-eabi/13.3.1/../../../../arm-none-eabi/lib/thumb/v7e-m+dp/hard\libc_nano.a(libc_a-puts.o)
                0x080092b8                _puts_r
 *fill*         0x08009362        0x2 
 .text.puts     0x08009364       0x10 C:/ST/STM32CubeIDE_1.18.0/STM32CubeIDE/plugins/com.st.stm32cube.ide.mcu.externaltools.gnu-tools-for-stm32.13.3.rel1.win32_1.0.0.202411081344/tools/bin/../lib/gcc/arm-none-eabi/13.3.1/../../../../arm-none-eabi/lib/thumb/v7e-m+dp/hard\libc_nano.a(libc_a-puts.o)
                0x08009364                puts
 .text.sprintf  0x08009374       0x44 C:/ST/STM32CubeIDE_1.18.0/STM32CubeIDE/plugins/com.st.stm32cube.ide.mcu.externaltools.gnu-tools-for-stm32.13.3.rel1.win32_1.0.0.202411081344/tools/bin/../lib/gcc/arm-none-eabi/13.3.1/../../../../arm-none-eabi/lib/thumb/v7e-m+dp/hard\libc_nano.a(libc_a-sprintf.o)
                0x08009374                siprintf
                0x08009374                sprintf
 .text.__sread  0x080093b8       0x22 C:/ST/STM32CubeIDE_1.18.0/STM32CubeIDE/plugins/com.st.stm32cube.ide.mcu.externaltools.gnu-tools-for-stm32.13.3.rel1.win32_1.0.0.202411081344/tools/bin/../lib/gcc/arm-none-eabi/13.3.1/../../../../arm-none-eabi/lib/thumb/v7e-m+dp/hard\libc_nano.a(libc_a-stdio.o)
                0x080093b8                __sread
 .text.__swrite
                0x080093da       0x38 C:/ST/STM32CubeIDE_1.18.0/STM32CubeIDE/plugins/com.st.stm32cube.ide.mcu.externaltools.gnu-tools-for-stm32.13.3.rel1.win32_1.0.0.202411081344/tools/bin/../lib/gcc/arm-none-eabi/13.3.1/../../../../arm-none-eabi/lib/thumb/v7e-m+dp/hard\libc_nano.a(libc_a-stdio.o)
                0x080093da                __swrite
 .text.__sseek  0x08009412       0x24 C:/ST/STM32CubeIDE_1.18.0/STM32CubeIDE/plugins/com.st.stm32cube.ide.mcu.externaltools.gnu-tools-for-stm32.13.3.rel1.win32_1.0.0.202411081344/tools/bin/../lib/gcc/arm-none-eabi/13.3.1/../../../../arm-none-eabi/lib/thumb/v7e-m+dp/hard\libc_nano.a(libc_a-stdio.o)
                0x08009412                __sseek
 .text.__sclose
                0x08009436        0x8 C:/ST/STM32CubeIDE_1.18.0/STM32CubeIDE/plugins/com.st.stm32cube.ide.mcu.externaltools.gnu-tools-for-stm32.13.3.rel1.win32_1.0.0.202411081344/tools/bin/../lib/gcc/arm-none-eabi/13.3.1/../../../../arm-none-eabi/lib/thumb/v7e-m+dp/hard\libc_nano.a(libc_a-stdio.o)
                0x08009436                __sclose
 .text.__swbuf_r
                0x0800943e       0x7c C:/ST/STM32CubeIDE_1.18.0/STM32CubeIDE/plugins/com.st.stm32cube.ide.mcu.externaltools.gnu-tools-for-stm32.13.3.rel1.win32_1.0.0.202411081344/tools/bin/../lib/gcc/arm-none-eabi/13.3.1/../../../../arm-none-eabi/lib/thumb/v7e-m+dp/hard\libc_nano.a(libc_a-wbuf.o)
                0x0800943e                __swbuf_r
 *fill*         0x080094ba        0x2 
 .text.__swsetup_r
                0x080094bc       0xac C:/ST/STM32CubeIDE_1.18.0/STM32CubeIDE/plugins/com.st.stm32cube.ide.mcu.externaltools.gnu-tools-for-stm32.13.3.rel1.win32_1.0.0.202411081344/tools/bin/../lib/gcc/arm-none-eabi/13.3.1/../../../../arm-none-eabi/lib/thumb/v7e-m+dp/hard\libc_nano.a(libc_a-wsetup.o)
                0x080094bc                __swsetup_r
 .text.memset   0x08009568       0x10 C:/ST/STM32CubeIDE_1.18.0/STM32CubeIDE/plugins/com.st.stm32cube.ide.mcu.externaltools.gnu-tools-for-stm32.13.3.rel1.win32_1.0.0.202411081344/tools/bin/../lib/gcc/arm-none-eabi/13.3.1/../../../../arm-none-eabi/lib/thumb/v7e-m+dp/hard\libc_nano.a(libc_a-memset.o)
                0x08009568                memset
 .text._localeconv_r
                0x08009578        0x8 C:/ST/STM32CubeIDE_1.18.0/STM32CubeIDE/plugins/com.st.stm32cube.ide.mcu.externaltools.gnu-tools-for-stm32.13.3.rel1.win32_1.0.0.202411081344/tools/bin/../lib/gcc/arm-none-eabi/13.3.1/../../../../arm-none-eabi/lib/thumb/v7e-m+dp/hard\libc_nano.a(libc_a-localeconv.o)
                0x08009578                _localeconv_r
 .text._close_r
                0x08009580       0x20 C:/ST/STM32CubeIDE_1.18.0/STM32CubeIDE/plugins/com.st.stm32cube.ide.mcu.externaltools.gnu-tools-for-stm32.13.3.rel1.win32_1.0.0.202411081344/tools/bin/../lib/gcc/arm-none-eabi/13.3.1/../../../../arm-none-eabi/lib/thumb/v7e-m+dp/hard\libc_nano.a(libc_a-closer.o)
                0x08009580                _close_r
 .text._lseek_r
                0x080095a0       0x24 C:/ST/STM32CubeIDE_1.18.0/STM32CubeIDE/plugins/com.st.stm32cube.ide.mcu.externaltools.gnu-tools-for-stm32.13.3.rel1.win32_1.0.0.202411081344/tools/bin/../lib/gcc/arm-none-eabi/13.3.1/../../../../arm-none-eabi/lib/thumb/v7e-m+dp/hard\libc_nano.a(libc_a-lseekr.o)
                0x080095a0                _lseek_r
 .text._read_r  0x080095c4       0x24 C:/ST/STM32CubeIDE_1.18.0/STM32CubeIDE/plugins/com.st.stm32cube.ide.mcu.externaltools.gnu-tools-for-stm32.13.3.rel1.win32_1.0.0.202411081344/tools/bin/../lib/gcc/arm-none-eabi/13.3.1/../../../../arm-none-eabi/lib/thumb/v7e-m+dp/hard\libc_nano.a(libc_a-readr.o)
                0x080095c4                _read_r
 .text._write_r
                0x080095e8       0x24 C:/ST/STM32CubeIDE_1.18.0/STM32CubeIDE/plugins/com.st.stm32cube.ide.mcu.externaltools.gnu-tools-for-stm32.13.3.rel1.win32_1.0.0.202411081344/tools/bin/../lib/gcc/arm-none-eabi/13.3.1/../../../../arm-none-eabi/lib/thumb/v7e-m+dp/hard\libc_nano.a(libc_a-writer.o)
                0x080095e8                _write_r
 .text.__errno  0x0800960c        0xc C:/ST/STM32CubeIDE_1.18.0/STM32CubeIDE/plugins/com.st.stm32cube.ide.mcu.externaltools.gnu-tools-for-stm32.13.3.rel1.win32_1.0.0.202411081344/tools/bin/../lib/gcc/arm-none-eabi/13.3.1/../../../../arm-none-eabi/lib/thumb/v7e-m+dp/hard\libc_nano.a(libc_a-errno.o)
                0x0800960c                __errno
 .text.__libc_init_array
                0x08009618       0x48 C:/ST/STM32CubeIDE_1.18.0/STM32CubeIDE/plugins/com.st.stm32cube.ide.mcu.externaltools.gnu-tools-for-stm32.13.3.rel1.win32_1.0.0.202411081344/tools/bin/../lib/gcc/arm-none-eabi/13.3.1/../../../../arm-none-eabi/lib/thumb/v7e-m+dp/hard\libc_nano.a(libc_a-init.o)
                0x08009618                __libc_init_array
 .text.__retarget_lock_init_recursive
                0x08009660        0x2 C:/ST/STM32CubeIDE_1.18.0/STM32CubeIDE/plugins/com.st.stm32cube.ide.mcu.externaltools.gnu-tools-for-stm32.13.3.rel1.win32_1.0.0.202411081344/tools/bin/../lib/gcc/arm-none-eabi/13.3.1/../../../../arm-none-eabi/lib/thumb/v7e-m+dp/hard\libc_nano.a(libc_a-lock.o)
                0x08009660                __retarget_lock_init_recursive
 .text.__retarget_lock_acquire_recursive
                0x08009662        0x2 C:/ST/STM32CubeIDE_1.18.0/STM32CubeIDE/plugins/com.st.stm32cube.ide.mcu.externaltools.gnu-tools-for-stm32.13.3.rel1.win32_1.0.0.202411081344/tools/bin/../lib/gcc/arm-none-eabi/13.3.1/../../../../arm-none-eabi/lib/thumb/v7e-m+dp/hard\libc_nano.a(libc_a-lock.o)
                0x08009662                __retarget_lock_acquire_recursive
 .text.__retarget_lock_release_recursive
                0x08009664        0x2 C:/ST/STM32CubeIDE_1.18.0/STM32CubeIDE/plugins/com.st.stm32cube.ide.mcu.externaltools.gnu-tools-for-stm32.13.3.rel1.win32_1.0.0.202411081344/tools/bin/../lib/gcc/arm-none-eabi/13.3.1/../../../../arm-none-eabi/lib/thumb/v7e-m+dp/hard\libc_nano.a(libc_a-lock.o)
                0x08009664                __retarget_lock_release_recursive
 .text.quorem   0x08009666      0x110 C:/ST/STM32CubeIDE_1.18.0/STM32CubeIDE/plugins/com.st.stm32cube.ide.mcu.externaltools.gnu-tools-for-stm32.13.3.rel1.win32_1.0.0.202411081344/tools/bin/../lib/gcc/arm-none-eabi/13.3.1/../../../../arm-none-eabi/lib/thumb/v7e-m+dp/hard\libc_nano.a(libc_a-dtoa.o)
 *fill*         0x08009776        0x2 
 .text._dtoa_r  0x08009778      0xabc C:/ST/STM32CubeIDE_1.18.0/STM32CubeIDE/plugins/com.st.stm32cube.ide.mcu.externaltools.gnu-tools-for-stm32.13.3.rel1.win32_1.0.0.202411081344/tools/bin/../lib/gcc/arm-none-eabi/13.3.1/../../../../arm-none-eabi/lib/thumb/v7e-m+dp/hard\libc_nano.a(libc_a-dtoa.o)
                0x08009778                _dtoa_r
 .text._free_r  0x0800a234       0x94 C:/ST/STM32CubeIDE_1.18.0/STM32CubeIDE/plugins/com.st.stm32cube.ide.mcu.externaltools.gnu-tools-for-stm32.13.3.rel1.win32_1.0.0.202411081344/tools/bin/../lib/gcc/arm-none-eabi/13.3.1/../../../../arm-none-eabi/lib/thumb/v7e-m+dp/hard\libc_nano.a(libc_a-freer.o)
                0x0800a234                _free_r
 .text.malloc   0x0800a2c8       0x10 C:/ST/STM32CubeIDE_1.18.0/STM32CubeIDE/plugins/com.st.stm32cube.ide.mcu.externaltools.gnu-tools-for-stm32.13.3.rel1.win32_1.0.0.202411081344/tools/bin/../lib/gcc/arm-none-eabi/13.3.1/../../../../arm-none-eabi/lib/thumb/v7e-m+dp/hard\libc_nano.a(libc_a-malloc.o)
                0x0800a2c8                malloc
 .text.sbrk_aligned
                0x0800a2d8       0x44 C:/ST/STM32CubeIDE_1.18.0/STM32CubeIDE/plugins/com.st.stm32cube.ide.mcu.externaltools.gnu-tools-for-stm32.13.3.rel1.win32_1.0.0.202411081344/tools/bin/../lib/gcc/arm-none-eabi/13.3.1/../../../../arm-none-eabi/lib/thumb/v7e-m+dp/hard\libc_nano.a(libc_a-mallocr.o)
 .text._malloc_r
                0x0800a31c      0x100 C:/ST/STM32CubeIDE_1.18.0/STM32CubeIDE/plugins/com.st.stm32cube.ide.mcu.externaltools.gnu-tools-for-stm32.13.3.rel1.win32_1.0.0.202411081344/tools/bin/../lib/gcc/arm-none-eabi/13.3.1/../../../../arm-none-eabi/lib/thumb/v7e-m+dp/hard\libc_nano.a(libc_a-mallocr.o)
                0x0800a31c                _malloc_r
 .text.__malloc_lock
                0x0800a41c        0xc C:/ST/STM32CubeIDE_1.18.0/STM32CubeIDE/plugins/com.st.stm32cube.ide.mcu.externaltools.gnu-tools-for-stm32.13.3.rel1.win32_1.0.0.202411081344/tools/bin/../lib/gcc/arm-none-eabi/13.3.1/../../../../arm-none-eabi/lib/thumb/v7e-m+dp/hard\libc_nano.a(libc_a-mlock.o)
                0x0800a41c                __malloc_lock
 .text.__malloc_unlock
                0x0800a428        0xc C:/ST/STM32CubeIDE_1.18.0/STM32CubeIDE/plugins/com.st.stm32cube.ide.mcu.externaltools.gnu-tools-for-stm32.13.3.rel1.win32_1.0.0.202411081344/tools/bin/../lib/gcc/arm-none-eabi/13.3.1/../../../../arm-none-eabi/lib/thumb/v7e-m+dp/hard\libc_nano.a(libc_a-mlock.o)
                0x0800a428                __malloc_unlock
 .text._Balloc  0x0800a434       0x80 C:/ST/STM32CubeIDE_1.18.0/STM32CubeIDE/plugins/com.st.stm32cube.ide.mcu.externaltools.gnu-tools-for-stm32.13.3.rel1.win32_1.0.0.202411081344/tools/bin/../lib/gcc/arm-none-eabi/13.3.1/../../../../arm-none-eabi/lib/thumb/v7e-m+dp/hard\libc_nano.a(libc_a-mprec.o)
                0x0800a434                _Balloc
 .text._Bfree   0x0800a4b4       0x44 C:/ST/STM32CubeIDE_1.18.0/STM32CubeIDE/plugins/com.st.stm32cube.ide.mcu.externaltools.gnu-tools-for-stm32.13.3.rel1.win32_1.0.0.202411081344/tools/bin/../lib/gcc/arm-none-eabi/13.3.1/../../../../arm-none-eabi/lib/thumb/v7e-m+dp/hard\libc_nano.a(libc_a-mprec.o)
                0x0800a4b4                _Bfree
 .text.__multadd
                0x0800a4f8       0x8c C:/ST/STM32CubeIDE_1.18.0/STM32CubeIDE/plugins/com.st.stm32cube.ide.mcu.externaltools.gnu-tools-for-stm32.13.3.rel1.win32_1.0.0.202411081344/tools/bin/../lib/gcc/arm-none-eabi/13.3.1/../../../../arm-none-eabi/lib/thumb/v7e-m+dp/hard\libc_nano.a(libc_a-mprec.o)
                0x0800a4f8                __multadd
 .text.__hi0bits
                0x0800a584       0x3e C:/ST/STM32CubeIDE_1.18.0/STM32CubeIDE/plugins/com.st.stm32cube.ide.mcu.externaltools.gnu-tools-for-stm32.13.3.rel1.win32_1.0.0.202411081344/tools/bin/../lib/gcc/arm-none-eabi/13.3.1/../../../../arm-none-eabi/lib/thumb/v7e-m+dp/hard\libc_nano.a(libc_a-mprec.o)
                0x0800a584                __hi0bits
 .text.__lo0bits
                0x0800a5c2       0x5a C:/ST/STM32CubeIDE_1.18.0/STM32CubeIDE/plugins/com.st.stm32cube.ide.mcu.externaltools.gnu-tools-for-stm32.13.3.rel1.win32_1.0.0.202411081344/tools/bin/../lib/gcc/arm-none-eabi/13.3.1/../../../../arm-none-eabi/lib/thumb/v7e-m+dp/hard\libc_nano.a(libc_a-mprec.o)
                0x0800a5c2                __lo0bits
 .text.__i2b    0x0800a61c       0x2c C:/ST/STM32CubeIDE_1.18.0/STM32CubeIDE/plugins/com.st.stm32cube.ide.mcu.externaltools.gnu-tools-for-stm32.13.3.rel1.win32_1.0.0.202411081344/tools/bin/../lib/gcc/arm-none-eabi/13.3.1/../../../../arm-none-eabi/lib/thumb/v7e-m+dp/hard\libc_nano.a(libc_a-mprec.o)
                0x0800a61c                __i2b
 .text.__multiply
                0x0800a648      0x144 C:/ST/STM32CubeIDE_1.18.0/STM32CubeIDE/plugins/com.st.stm32cube.ide.mcu.externaltools.gnu-tools-for-stm32.13.3.rel1.win32_1.0.0.202411081344/tools/bin/../lib/gcc/arm-none-eabi/13.3.1/../../../../arm-none-eabi/lib/thumb/v7e-m+dp/hard\libc_nano.a(libc_a-mprec.o)
                0x0800a648                __multiply
 .text.__pow5mult
                0x0800a78c       0xb4 C:/ST/STM32CubeIDE_1.18.0/STM32CubeIDE/plugins/com.st.stm32cube.ide.mcu.externaltools.gnu-tools-for-stm32.13.3.rel1.win32_1.0.0.202411081344/tools/bin/../lib/gcc/arm-none-eabi/13.3.1/../../../../arm-none-eabi/lib/thumb/v7e-m+dp/hard\libc_nano.a(libc_a-mprec.o)
                0x0800a78c                __pow5mult
 .text.__lshift
                0x0800a840       0xd8 C:/ST/STM32CubeIDE_1.18.0/STM32CubeIDE/plugins/com.st.stm32cube.ide.mcu.externaltools.gnu-tools-for-stm32.13.3.rel1.win32_1.0.0.202411081344/tools/bin/../lib/gcc/arm-none-eabi/13.3.1/../../../../arm-none-eabi/lib/thumb/v7e-m+dp/hard\libc_nano.a(libc_a-mprec.o)
                0x0800a840                __lshift
 .text.__mcmp   0x0800a918       0x36 C:/ST/STM32CubeIDE_1.18.0/STM32CubeIDE/plugins/com.st.stm32cube.ide.mcu.externaltools.gnu-tools-for-stm32.13.3.rel1.win32_1.0.0.202411081344/tools/bin/../lib/gcc/arm-none-eabi/13.3.1/../../../../arm-none-eabi/lib/thumb/v7e-m+dp/hard\libc_nano.a(libc_a-mprec.o)
                0x0800a918                __mcmp
 *fill*         0x0800a94e        0x2 
 .text.__mdiff  0x0800a950      0x128 C:/ST/STM32CubeIDE_1.18.0/STM32CubeIDE/plugins/com.st.stm32cube.ide.mcu.externaltools.gnu-tools-for-stm32.13.3.rel1.win32_1.0.0.202411081344/tools/bin/../lib/gcc/arm-none-eabi/13.3.1/../../../../arm-none-eabi/lib/thumb/v7e-m+dp/hard\libc_nano.a(libc_a-mprec.o)
                0x0800a950                __mdiff
 .text.__d2b    0x0800aa78       0xb0 C:/ST/STM32CubeIDE_1.18.0/STM32CubeIDE/plugins/com.st.stm32cube.ide.mcu.externaltools.gnu-tools-for-stm32.13.3.rel1.win32_1.0.0.202411081344/tools/bin/../lib/gcc/arm-none-eabi/13.3.1/../../../../arm-none-eabi/lib/thumb/v7e-m+dp/hard\libc_nano.a(libc_a-mprec.o)
                0x0800aa78                __d2b
 .text.__ssputs_r
                0x0800ab28       0xb6 C:/ST/STM32CubeIDE_1.18.0/STM32CubeIDE/plugins/com.st.stm32cube.ide.mcu.externaltools.gnu-tools-for-stm32.13.3.rel1.win32_1.0.0.202411081344/tools/bin/../lib/gcc/arm-none-eabi/13.3.1/../../../../arm-none-eabi/lib/thumb/v7e-m+dp/hard\libc_nano.a(libc_a-nano-svfprintf.o)
                0x0800ab28                __ssputs_r
 *fill*         0x0800abde        0x2 
 .text._svfprintf_r
                0x0800abe0      0x1f8 C:/ST/STM32CubeIDE_1.18.0/STM32CubeIDE/plugins/com.st.stm32cube.ide.mcu.externaltools.gnu-tools-for-stm32.13.3.rel1.win32_1.0.0.202411081344/tools/bin/../lib/gcc/arm-none-eabi/13.3.1/../../../../arm-none-eabi/lib/thumb/v7e-m+dp/hard\libc_nano.a(libc_a-nano-svfprintf.o)
                0x0800abe0                _svfiprintf_r
                0x0800abe0                _svfprintf_r
 .text.__sflush_r
                0x0800add8      0x108 C:/ST/STM32CubeIDE_1.18.0/STM32CubeIDE/plugins/com.st.stm32cube.ide.mcu.externaltools.gnu-tools-for-stm32.13.3.rel1.win32_1.0.0.202411081344/tools/bin/../lib/gcc/arm-none-eabi/13.3.1/../../../../arm-none-eabi/lib/thumb/v7e-m+dp/hard\libc_nano.a(libc_a-fflush.o)
                0x0800add8                __sflush_r
 .text._fflush_r
                0x0800aee0       0x50 C:/ST/STM32CubeIDE_1.18.0/STM32CubeIDE/plugins/com.st.stm32cube.ide.mcu.externaltools.gnu-tools-for-stm32.13.3.rel1.win32_1.0.0.202411081344/tools/bin/../lib/gcc/arm-none-eabi/13.3.1/../../../../arm-none-eabi/lib/thumb/v7e-m+dp/hard\libc_nano.a(libc_a-fflush.o)
                0x0800aee0                _fflush_r
 .text.__swhatbuf_r
                0x0800af30       0x4c C:/ST/STM32CubeIDE_1.18.0/STM32CubeIDE/plugins/com.st.stm32cube.ide.mcu.externaltools.gnu-tools-for-stm32.13.3.rel1.win32_1.0.0.202411081344/tools/bin/../lib/gcc/arm-none-eabi/13.3.1/../../../../arm-none-eabi/lib/thumb/v7e-m+dp/hard\libc_nano.a(libc_a-makebuf.o)
                0x0800af30                __swhatbuf_r
 .text.__smakebuf_r
                0x0800af7c       0x78 C:/ST/STM32CubeIDE_1.18.0/STM32CubeIDE/plugins/com.st.stm32cube.ide.mcu.externaltools.gnu-tools-for-stm32.13.3.rel1.win32_1.0.0.202411081344/tools/bin/../lib/gcc/arm-none-eabi/13.3.1/../../../../arm-none-eabi/lib/thumb/v7e-m+dp/hard\libc_nano.a(libc_a-makebuf.o)
                0x0800af7c                __smakebuf_r
 .text.memmove  0x0800aff4       0x34 C:/ST/STM32CubeIDE_1.18.0/STM32CubeIDE/plugins/com.st.stm32cube.ide.mcu.externaltools.gnu-tools-for-stm32.13.3.rel1.win32_1.0.0.202411081344/tools/bin/../lib/gcc/arm-none-eabi/13.3.1/../../../../arm-none-eabi/lib/thumb/v7e-m+dp/hard\libc_nano.a(libc_a-memmove.o)
                0x0800aff4                memmove
 .text._fstat_r
                0x0800b028       0x24 C:/ST/STM32CubeIDE_1.18.0/STM32CubeIDE/plugins/com.st.stm32cube.ide.mcu.externaltools.gnu-tools-for-stm32.13.3.rel1.win32_1.0.0.202411081344/tools/bin/../lib/gcc/arm-none-eabi/13.3.1/../../../../arm-none-eabi/lib/thumb/v7e-m+dp/hard\libc_nano.a(libc_a-fstatr.o)
                0x0800b028                _fstat_r
 .text._isatty_r
                0x0800b04c       0x20 C:/ST/STM32CubeIDE_1.18.0/STM32CubeIDE/plugins/com.st.stm32cube.ide.mcu.externaltools.gnu-tools-for-stm32.13.3.rel1.win32_1.0.0.202411081344/tools/bin/../lib/gcc/arm-none-eabi/13.3.1/../../../../arm-none-eabi/lib/thumb/v7e-m+dp/hard\libc_nano.a(libc_a-isattyr.o)
                0x0800b04c                _isatty_r
 .text._sbrk_r  0x0800b06c       0x20 C:/ST/STM32CubeIDE_1.18.0/STM32CubeIDE/plugins/com.st.stm32cube.ide.mcu.externaltools.gnu-tools-for-stm32.13.3.rel1.win32_1.0.0.202411081344/tools/bin/../lib/gcc/arm-none-eabi/13.3.1/../../../../arm-none-eabi/lib/thumb/v7e-m+dp/hard\libc_nano.a(libc_a-sbrkr.o)
                0x0800b06c                _sbrk_r
 .text.memcpy   0x0800b08c       0x1c C:/ST/STM32CubeIDE_1.18.0/STM32CubeIDE/plugins/com.st.stm32cube.ide.mcu.externaltools.gnu-tools-for-stm32.13.3.rel1.win32_1.0.0.202411081344/tools/bin/../lib/gcc/arm-none-eabi/13.3.1/../../../../arm-none-eabi/lib/thumb/v7e-m+dp/hard\libc_nano.a(libc_a-memcpy-stub.o)
                0x0800b08c                memcpy
 .text.__assert_func
                0x0800b0a8       0x3c C:/ST/STM32CubeIDE_1.18.0/STM32CubeIDE/plugins/com.st.stm32cube.ide.mcu.externaltools.gnu-tools-for-stm32.13.3.rel1.win32_1.0.0.202411081344/tools/bin/../lib/gcc/arm-none-eabi/13.3.1/../../../../arm-none-eabi/lib/thumb/v7e-m+dp/hard\libc_nano.a(libc_a-assert.o)
                0x0800b0a8                __assert_func
 .text._calloc_r
                0x0800b0e4       0x28 C:/ST/STM32CubeIDE_1.18.0/STM32CubeIDE/plugins/com.st.stm32cube.ide.mcu.externaltools.gnu-tools-for-stm32.13.3.rel1.win32_1.0.0.202411081344/tools/bin/../lib/gcc/arm-none-eabi/13.3.1/../../../../arm-none-eabi/lib/thumb/v7e-m+dp/hard\libc_nano.a(libc_a-callocr.o)
                0x0800b0e4                _calloc_r
 .text.__ascii_mbtowc
                0x0800b10c       0x24 C:/ST/STM32CubeIDE_1.18.0/STM32CubeIDE/plugins/com.st.stm32cube.ide.mcu.externaltools.gnu-tools-for-stm32.13.3.rel1.win32_1.0.0.202411081344/tools/bin/../lib/gcc/arm-none-eabi/13.3.1/../../../../arm-none-eabi/lib/thumb/v7e-m+dp/hard\libc_nano.a(libc_a-mbtowc_r.o)
                0x0800b10c                __ascii_mbtowc
 .text._realloc_r
                0x0800b130       0x5c C:/ST/STM32CubeIDE_1.18.0/STM32CubeIDE/plugins/com.st.stm32cube.ide.mcu.externaltools.gnu-tools-for-stm32.13.3.rel1.win32_1.0.0.202411081344/tools/bin/../lib/gcc/arm-none-eabi/13.3.1/../../../../arm-none-eabi/lib/thumb/v7e-m+dp/hard\libc_nano.a(libc_a-reallocr.o)
                0x0800b130                _realloc_r
 .text.__ascii_wctomb
                0x0800b18c       0x1a C:/ST/STM32CubeIDE_1.18.0/STM32CubeIDE/plugins/com.st.stm32cube.ide.mcu.externaltools.gnu-tools-for-stm32.13.3.rel1.win32_1.0.0.202411081344/tools/bin/../lib/gcc/arm-none-eabi/13.3.1/../../../../arm-none-eabi/lib/thumb/v7e-m+dp/hard\libc_nano.a(libc_a-wctomb_r.o)
                0x0800b18c                __ascii_wctomb
 *fill*         0x0800b1a6        0x2 
 .text.fprintf  0x0800b1a8       0x24 C:/ST/STM32CubeIDE_1.18.0/STM32CubeIDE/plugins/com.st.stm32cube.ide.mcu.externaltools.gnu-tools-for-stm32.13.3.rel1.win32_1.0.0.202411081344/tools/bin/../lib/gcc/arm-none-eabi/13.3.1/../../../../arm-none-eabi/lib/thumb/v7e-m+dp/hard\libc_nano.a(libc_a-fprintf.o)
                0x0800b1a8                fiprintf
                0x0800b1a8                fprintf
 .text.abort    0x0800b1cc        0xe C:/ST/STM32CubeIDE_1.18.0/STM32CubeIDE/plugins/com.st.stm32cube.ide.mcu.externaltools.gnu-tools-for-stm32.13.3.rel1.win32_1.0.0.202411081344/tools/bin/../lib/gcc/arm-none-eabi/13.3.1/../../../../arm-none-eabi/lib/thumb/v7e-m+dp/hard\libc_nano.a(libc_a-abort.o)
                0x0800b1cc                abort
 .text._malloc_usable_size_r
                0x0800b1da       0x10 C:/ST/STM32CubeIDE_1.18.0/STM32CubeIDE/plugins/com.st.stm32cube.ide.mcu.externaltools.gnu-tools-for-stm32.13.3.rel1.win32_1.0.0.202411081344/tools/bin/../lib/gcc/arm-none-eabi/13.3.1/../../../../arm-none-eabi/lib/thumb/v7e-m+dp/hard\libc_nano.a(libc_a-msizer.o)
                0x0800b1da                _malloc_usable_size_r
 .text.__sfputc_r
                0x0800b1ea       0x2e C:/ST/STM32CubeIDE_1.18.0/STM32CubeIDE/plugins/com.st.stm32cube.ide.mcu.externaltools.gnu-tools-for-stm32.13.3.rel1.win32_1.0.0.202411081344/tools/bin/../lib/gcc/arm-none-eabi/13.3.1/../../../../arm-none-eabi/lib/thumb/v7e-m+dp/hard\libc_nano.a(libc_a-nano-vfprintf.o)
 .text.__sfputs_r
                0x0800b218       0x24 C:/ST/STM32CubeIDE_1.18.0/STM32CubeIDE/plugins/com.st.stm32cube.ide.mcu.externaltools.gnu-tools-for-stm32.13.3.rel1.win32_1.0.0.202411081344/tools/bin/../lib/gcc/arm-none-eabi/13.3.1/../../../../arm-none-eabi/lib/thumb/v7e-m+dp/hard\libc_nano.a(libc_a-nano-vfprintf.o)
                0x0800b218                __sfputs_r
 .text._vfprintf_r
                0x0800b23c      0x230 C:/ST/STM32CubeIDE_1.18.0/STM32CubeIDE/plugins/com.st.stm32cube.ide.mcu.externaltools.gnu-tools-for-stm32.13.3.rel1.win32_1.0.0.202411081344/tools/bin/../lib/gcc/arm-none-eabi/13.3.1/../../../../arm-none-eabi/lib/thumb/v7e-m+dp/hard\libc_nano.a(libc_a-nano-vfprintf.o)
                0x0800b23c                _vfprintf_r
                0x0800b23c                _vfiprintf_r
 .text._raise_r
                0x0800b46c       0x50 C:/ST/STM32CubeIDE_1.18.0/STM32CubeIDE/plugins/com.st.stm32cube.ide.mcu.externaltools.gnu-tools-for-stm32.13.3.rel1.win32_1.0.0.202411081344/tools/bin/../lib/gcc/arm-none-eabi/13.3.1/../../../../arm-none-eabi/lib/thumb/v7e-m+dp/hard\libc_nano.a(libc_a-signal.o)
                0x0800b46c                _raise_r
 .text.raise    0x0800b4bc       0x10 C:/ST/STM32CubeIDE_1.18.0/STM32CubeIDE/plugins/com.st.stm32cube.ide.mcu.externaltools.gnu-tools-for-stm32.13.3.rel1.win32_1.0.0.202411081344/tools/bin/../lib/gcc/arm-none-eabi/13.3.1/../../../../arm-none-eabi/lib/thumb/v7e-m+dp/hard\libc_nano.a(libc_a-signal.o)
                0x0800b4bc                raise
 .text._kill_r  0x0800b4cc       0x24 C:/ST/STM32CubeIDE_1.18.0/STM32CubeIDE/plugins/com.st.stm32cube.ide.mcu.externaltools.gnu-tools-for-stm32.13.3.rel1.win32_1.0.0.202411081344/tools/bin/../lib/gcc/arm-none-eabi/13.3.1/../../../../arm-none-eabi/lib/thumb/v7e-m+dp/hard\libc_nano.a(libc_a-signalr.o)
                0x0800b4cc                _kill_r
 .text._getpid_r
                0x0800b4f0        0x4 C:/ST/STM32CubeIDE_1.18.0/STM32CubeIDE/plugins/com.st.stm32cube.ide.mcu.externaltools.gnu-tools-for-stm32.13.3.rel1.win32_1.0.0.202411081344/tools/bin/../lib/gcc/arm-none-eabi/13.3.1/../../../../arm-none-eabi/lib/thumb/v7e-m+dp/hard\libc_nano.a(libc_a-signalr.o)
                0x0800b4f0                _getpid_r
 .text.sqrtf    0x0800b4f4       0x3c C:/ST/STM32CubeIDE_1.18.0/STM32CubeIDE/plugins/com.st.stm32cube.ide.mcu.externaltools.gnu-tools-for-stm32.13.3.rel1.win32_1.0.0.202411081344/tools/bin/../lib/gcc/arm-none-eabi/13.3.1/../../../../arm-none-eabi/lib/thumb/v7e-m+dp/hard\libm.a(libm_a-wf_sqrt.o)
                0x0800b4f4                sqrtf
 .text.sinf_poly
                0x0800b530       0x54 C:/ST/STM32CubeIDE_1.18.0/STM32CubeIDE/plugins/com.st.stm32cube.ide.mcu.externaltools.gnu-tools-for-stm32.13.3.rel1.win32_1.0.0.202411081344/tools/bin/../lib/gcc/arm-none-eabi/13.3.1/../../../../arm-none-eabi/lib/thumb/v7e-m+dp/hard\libm.a(libm_a-sinf.o)
 *fill*         0x0800b584        0x4 
 .text.sinf     0x0800b588      0x130 C:/ST/STM32CubeIDE_1.18.0/STM32CubeIDE/plugins/com.st.stm32cube.ide.mcu.externaltools.gnu-tools-for-stm32.13.3.rel1.win32_1.0.0.202411081344/tools/bin/../lib/gcc/arm-none-eabi/13.3.1/../../../../arm-none-eabi/lib/thumb/v7e-m+dp/hard\libm.a(libm_a-sinf.o)
                0x0800b588                sinf
 .text.sinf_poly
                0x0800b6b8       0x54 C:/ST/STM32CubeIDE_1.18.0/STM32CubeIDE/plugins/com.st.stm32cube.ide.mcu.externaltools.gnu-tools-for-stm32.13.3.rel1.win32_1.0.0.202411081344/tools/bin/../lib/gcc/arm-none-eabi/13.3.1/../../../../arm-none-eabi/lib/thumb/v7e-m+dp/hard\libm.a(libm_a-cosf.o)
 *fill*         0x0800b70c        0x4 
 .text.cosf     0x0800b710      0x140 C:/ST/STM32CubeIDE_1.18.0/STM32CubeIDE/plugins/com.st.stm32cube.ide.mcu.externaltools.gnu-tools-for-stm32.13.3.rel1.win32_1.0.0.202411081344/tools/bin/../lib/gcc/arm-none-eabi/13.3.1/../../../../arm-none-eabi/lib/thumb/v7e-m+dp/hard\libm.a(libm_a-cosf.o)
                0x0800b710                cosf
 .text.with_errnof
                0x0800b850       0x1c C:/ST/STM32CubeIDE_1.18.0/STM32CubeIDE/plugins/com.st.stm32cube.ide.mcu.externaltools.gnu-tools-for-stm32.13.3.rel1.win32_1.0.0.202411081344/tools/bin/../lib/gcc/arm-none-eabi/13.3.1/../../../../arm-none-eabi/lib/thumb/v7e-m+dp/hard\libm.a(libm_a-math_errf.o)
 .text.__math_invalidf
                0x0800b86c       0x1e C:/ST/STM32CubeIDE_1.18.0/STM32CubeIDE/plugins/com.st.stm32cube.ide.mcu.externaltools.gnu-tools-for-stm32.13.3.rel1.win32_1.0.0.202411081344/tools/bin/../lib/gcc/arm-none-eabi/13.3.1/../../../../arm-none-eabi/lib/thumb/v7e-m+dp/hard\libm.a(libm_a-math_errf.o)
                0x0800b86c                __math_invalidf
 .text.__ieee754_sqrtf
                0x0800b88a        0x6 C:/ST/STM32CubeIDE_1.18.0/STM32CubeIDE/plugins/com.st.stm32cube.ide.mcu.externaltools.gnu-tools-for-stm32.13.3.rel1.win32_1.0.0.202411081344/tools/bin/../lib/gcc/arm-none-eabi/13.3.1/../../../../arm-none-eabi/lib/thumb/v7e-m+dp/hard\libm.a(libm_a-ef_sqrt.o)
                0x0800b88a                __ieee754_sqrtf
 *(.glue_7)
 .glue_7        0x0800b890        0x0 linker stubs
 *(.glue_7t)
 .glue_7t       0x0800b890        0x0 linker stubs
 *(.eh_frame)
 .eh_frame      0x0800b890        0x0 C:/ST/STM32CubeIDE_1.18.0/STM32CubeIDE/plugins/com.st.stm32cube.ide.mcu.externaltools.gnu-tools-for-stm32.13.3.rel1.win32_1.0.0.202411081344/tools/bin/../lib/gcc/arm-none-eabi/13.3.1/thumb/v7e-m+dp/hard/crtbegin.o
 *(.init)
 .init          0x0800b890        0x4 C:/ST/STM32CubeIDE_1.18.0/STM32CubeIDE/plugins/com.st.stm32cube.ide.mcu.externaltools.gnu-tools-for-stm32.13.3.rel1.win32_1.0.0.202411081344/tools/bin/../lib/gcc/arm-none-eabi/13.3.1/thumb/v7e-m+dp/hard/crti.o
                0x0800b890                _init
 .init          0x0800b894        0x8 C:/ST/STM32CubeIDE_1.18.0/STM32CubeIDE/plugins/com.st.stm32cube.ide.mcu.externaltools.gnu-tools-for-stm32.13.3.rel1.win32_1.0.0.202411081344/tools/bin/../lib/gcc/arm-none-eabi/13.3.1/thumb/v7e-m+dp/hard/crtn.o
 *(.fini)
 .fini          0x0800b89c        0x4 C:/ST/STM32CubeIDE_1.18.0/STM32CubeIDE/plugins/com.st.stm32cube.ide.mcu.externaltools.gnu-tools-for-stm32.13.3.rel1.win32_1.0.0.202411081344/tools/bin/../lib/gcc/arm-none-eabi/13.3.1/thumb/v7e-m+dp/hard/crti.o
                0x0800b89c                _fini
 .fini          0x0800b8a0        0x8 C:/ST/STM32CubeIDE_1.18.0/STM32CubeIDE/plugins/com.st.stm32cube.ide.mcu.externaltools.gnu-tools-for-stm32.13.3.rel1.win32_1.0.0.202411081344/tools/bin/../lib/gcc/arm-none-eabi/13.3.1/thumb/v7e-m+dp/hard/crtn.o
                0x0800b8a8                        . = ALIGN (0x4)
                0x0800b8a8                        _etext = .

.vfp11_veneer   0x0800b8a8        0x0
 .vfp11_veneer  0x0800b8a8        0x0 linker stubs

.v4_bx          0x0800b8a8        0x0
 .v4_bx         0x0800b8a8        0x0 linker stubs

.iplt           0x0800b8a8        0x0
 .iplt          0x0800b8a8        0x0 C:/ST/STM32CubeIDE_1.18.0/STM32CubeIDE/plugins/com.st.stm32cube.ide.mcu.externaltools.gnu-tools-for-stm32.13.3.rel1.win32_1.0.0.202411081344/tools/bin/../lib/gcc/arm-none-eabi/13.3.1/thumb/v7e-m+dp/hard/crtbegin.o

.rodata         0x0800b8a8     0x7500
                0x0800b8a8                        . = ALIGN (0x4)
 *(.rodata)
 *(.rodata*)
 .rodata.VEC_X_WORLD
                0x0800b8a8        0xc ./Core/Src/User/App/GroundCommands/GroundCommands.o
 .rodata.SelectPage.str1.1
                0x0800b8b4      0x2a6 ./Core/Src/User/Peripheral/BNO055/BNO055.o
                                 0x2b (size before relaxing)
 .rodata.ResetBNO055.str1.1
                0x0800bb5a       0x1b ./Core/Src/User/Peripheral/BNO055/BNO055.o
 .rodata.Set_Operation_Mode.str1.1
                0x0800bb5a       0x45 ./Core/Src/User/Peripheral/BNO055/BNO055.o
 .rodata.SetPowerMODE.str1.1
                0x0800bb5a       0x3d ./Core/Src/User/Peripheral/BNO055/BNO055.o
 .rodata.BNO055_Init.str1.1
                0x0800bb5a       0x27 ./Core/Src/User/Peripheral/BNO055/BNO055.o
 .rodata.LCD_LoadScreen.str1.1
                0x0800bb5a        0x4 ./Core/Src/User/Peripheral/LCD/lcd.o
 .rodata.asc2_1608
                0x0800bb5a      0x5f0 ./Core/Src/User/Peripheral/LCD/lcd.o
                0x0800bb5a                asc2_1608
 .rodata.asc2_1206
                0x0800c14a      0x474 ./Core/Src/User/Peripheral/LCD/lcd.o
                0x0800c14a                asc2_1206
 .rodata.WeActStudiologo_160_80
                0x0800c5be     0x6449 ./Core/Src/User/Peripheral/LCD/logo_160_80.o
                0x0800c5be                WeActStudiologo_160_80
 *fill*         0x08012a07        0x1 
 .rodata.OrientationTab
                0x08012a08       0x20 ./Core/Src/User/Peripheral/LCD/st7735.o
 .rodata.GroundCommands_Test.str1.1
                0x08012a28       0x44 ./Core/Src/User/Test/TestGroundCommands/TestGroundCommands.o
 .rodata.D1CorePrescTable
                0x08012a28       0x10 ./Core/Src/system_stm32h7xx.o
                0x08012a28                D1CorePrescTable
 .rodata.UARTPrescTable
                0x08012a38       0x18 ./Drivers/STM32H7xx_HAL_Driver/Src/stm32h7xx_hal_uart.o
                0x08012a38                UARTPrescTable
 .rodata.denominator.0
                0x08012a50        0x8 ./Drivers/STM32H7xx_HAL_Driver/Src/stm32h7xx_hal_uart_ex.o
 .rodata.numerator.1
                0x08012a58        0x8 ./Drivers/STM32H7xx_HAL_Driver/Src/stm32h7xx_hal_uart_ex.o
 .rodata._printf_float.str1.1
                0x08012a60       0x12 C:/ST/STM32CubeIDE_1.18.0/STM32CubeIDE/plugins/com.st.stm32cube.ide.mcu.externaltools.gnu-tools-for-stm32.13.3.rel1.win32_1.0.0.202411081344/tools/bin/../lib/gcc/arm-none-eabi/13.3.1/../../../../arm-none-eabi/lib/thumb/v7e-m+dp/hard\libc_nano.a(libc_a-nano-vfprintf_float.o)
 .rodata._printf_i.str1.1
                0x08012a60       0x22 C:/ST/STM32CubeIDE_1.18.0/STM32CubeIDE/plugins/com.st.stm32cube.ide.mcu.externaltools.gnu-tools-for-stm32.13.3.rel1.win32_1.0.0.202411081344/tools/bin/../lib/gcc/arm-none-eabi/13.3.1/../../../../arm-none-eabi/lib/thumb/v7e-m+dp/hard\libc_nano.a(libc_a-nano-vfprintf_i.o)
 .rodata._dtoa_r.str1.1
                0x08012a60       0x8f C:/ST/STM32CubeIDE_1.18.0/STM32CubeIDE/plugins/com.st.stm32cube.ide.mcu.externaltools.gnu-tools-for-stm32.13.3.rel1.win32_1.0.0.202411081344/tools/bin/../lib/gcc/arm-none-eabi/13.3.1/../../../../arm-none-eabi/lib/thumb/v7e-m+dp/hard\libc_nano.a(libc_a-dtoa.o)
 .rodata._Balloc.str1.1
                0x08012a60       0x70 C:/ST/STM32CubeIDE_1.18.0/STM32CubeIDE/plugins/com.st.stm32cube.ide.mcu.externaltools.gnu-tools-for-stm32.13.3.rel1.win32_1.0.0.202411081344/tools/bin/../lib/gcc/arm-none-eabi/13.3.1/../../../../arm-none-eabi/lib/thumb/v7e-m+dp/hard\libc_nano.a(libc_a-mprec.o)
 .rodata.__multadd.str1.1
                0x08012a60       0x11 C:/ST/STM32CubeIDE_1.18.0/STM32CubeIDE/plugins/com.st.stm32cube.ide.mcu.externaltools.gnu-tools-for-stm32.13.3.rel1.win32_1.0.0.202411081344/tools/bin/../lib/gcc/arm-none-eabi/13.3.1/../../../../arm-none-eabi/lib/thumb/v7e-m+dp/hard\libc_nano.a(libc_a-mprec.o)
 .rodata.p05.0  0x08012a60        0xc C:/ST/STM32CubeIDE_1.18.0/STM32CubeIDE/plugins/com.st.stm32cube.ide.mcu.externaltools.gnu-tools-for-stm32.13.3.rel1.win32_1.0.0.202411081344/tools/bin/../lib/gcc/arm-none-eabi/13.3.1/../../../../arm-none-eabi/lib/thumb/v7e-m+dp/hard\libc_nano.a(libc_a-mprec.o)
 *fill*         0x08012a6c        0x4 
 .rodata.__mprec_bigtens
                0x08012a70       0x28 C:/ST/STM32CubeIDE_1.18.0/STM32CubeIDE/plugins/com.st.stm32cube.ide.mcu.externaltools.gnu-tools-for-stm32.13.3.rel1.win32_1.0.0.202411081344/tools/bin/../lib/gcc/arm-none-eabi/13.3.1/../../../../arm-none-eabi/lib/thumb/v7e-m+dp/hard\libc_nano.a(libc_a-mprec.o)
                0x08012a70                __mprec_bigtens
 .rodata.__mprec_tens
                0x08012a98       0xc8 C:/ST/STM32CubeIDE_1.18.0/STM32CubeIDE/plugins/com.st.stm32cube.ide.mcu.externaltools.gnu-tools-for-stm32.13.3.rel1.win32_1.0.0.202411081344/tools/bin/../lib/gcc/arm-none-eabi/13.3.1/../../../../arm-none-eabi/lib/thumb/v7e-m+dp/hard\libc_nano.a(libc_a-mprec.o)
                0x08012a98                __mprec_tens
 .rodata._svfprintf_r.str1.1
                0x08012b60       0x11 C:/ST/STM32CubeIDE_1.18.0/STM32CubeIDE/plugins/com.st.stm32cube.ide.mcu.externaltools.gnu-tools-for-stm32.13.3.rel1.win32_1.0.0.202411081344/tools/bin/../lib/gcc/arm-none-eabi/13.3.1/../../../../arm-none-eabi/lib/thumb/v7e-m+dp/hard\libc_nano.a(libc_a-nano-svfprintf.o)
 .rodata._setlocale_r.str1.1
                0x08012b60        0x9 C:/ST/STM32CubeIDE_1.18.0/STM32CubeIDE/plugins/com.st.stm32cube.ide.mcu.externaltools.gnu-tools-for-stm32.13.3.rel1.win32_1.0.0.202411081344/tools/bin/../lib/gcc/arm-none-eabi/13.3.1/../../../../arm-none-eabi/lib/thumb/v7e-m+dp/hard\libc_nano.a(libc_a-locale.o)
 .rodata.str1.1
                0x08012b60        0x2 C:/ST/STM32CubeIDE_1.18.0/STM32CubeIDE/plugins/com.st.stm32cube.ide.mcu.externaltools.gnu-tools-for-stm32.13.3.rel1.win32_1.0.0.202411081344/tools/bin/../lib/gcc/arm-none-eabi/13.3.1/../../../../arm-none-eabi/lib/thumb/v7e-m+dp/hard\libc_nano.a(libc_a-locale.o)
 .rodata.__assert_func.str1.1
                0x08012b60       0x3d C:/ST/STM32CubeIDE_1.18.0/STM32CubeIDE/plugins/com.st.stm32cube.ide.mcu.externaltools.gnu-tools-for-stm32.13.3.rel1.win32_1.0.0.202411081344/tools/bin/../lib/gcc/arm-none-eabi/13.3.1/../../../../arm-none-eabi/lib/thumb/v7e-m+dp/hard\libc_nano.a(libc_a-assert.o)
 .rodata._ctype_
                0x08012b60      0x101 C:/ST/STM32CubeIDE_1.18.0/STM32CubeIDE/plugins/com.st.stm32cube.ide.mcu.externaltools.gnu-tools-for-stm32.13.3.rel1.win32_1.0.0.202411081344/tools/bin/../lib/gcc/arm-none-eabi/13.3.1/../../../../arm-none-eabi/lib/thumb/v7e-m+dp/hard\libc_nano.a(libc_a-ctype_.o)
                0x08012b60                _ctype_
 .rodata._vfprintf_r.str1.1
                0x08012c61       0x11 C:/ST/STM32CubeIDE_1.18.0/STM32CubeIDE/plugins/com.st.stm32cube.ide.mcu.externaltools.gnu-tools-for-stm32.13.3.rel1.win32_1.0.0.202411081344/tools/bin/../lib/gcc/arm-none-eabi/13.3.1/../../../../arm-none-eabi/lib/thumb/v7e-m+dp/hard\libc_nano.a(libc_a-nano-vfprintf.o)
 *fill*         0x08012c61        0x3 
 .rodata.__inv_pio4
                0x08012c64       0x60 C:/ST/STM32CubeIDE_1.18.0/STM32CubeIDE/plugins/com.st.stm32cube.ide.mcu.externaltools.gnu-tools-for-stm32.13.3.rel1.win32_1.0.0.202411081344/tools/bin/../lib/gcc/arm-none-eabi/13.3.1/../../../../arm-none-eabi/lib/thumb/v7e-m+dp/hard\libm.a(libm_a-sincosf_data.o)
                0x08012c64                __inv_pio4
 *fill*         0x08012cc4        0x4 
 .rodata.__sincosf_table