../Core/Src/User/App/AttitudeMPC/CGeneratedCode/acados_solver_Aircraft_Attitude.c:93:36:Aircraft_Attitude_acados_create_capsule	0	static
../Core/Src/User/App/AttitudeMPC/CGeneratedCode/acados_solver_Aircraft_Attitude.c:102:5:Aircraft_Attitude_acados_free_capsule	8	static
../Core/Src/User/App/AttitudeMPC/CGeneratedCode/acados_solver_Aircraft_Attitude.c:117:5:Aircraft_Attitude_acados_update_time_steps	48	static
../Core/Src/User/App/AttitudeMPC/CGeneratedCode/acados_solver_Aircraft_Attitude.c:145:6:Aircraft_Attitude_acados_create_set_plan	8	static
../Core/Src/User/App/AttitudeMPC/CGeneratedCode/acados_solver_Aircraft_Attitude.c:318:6:Aircraft_Attitude_acados_create_setup_functions	40	static
../Core/Src/User/App/AttitudeMPC/CGeneratedCode/acados_solver_Aircraft_Attitude.c:370:6:Aircraft_Attitude_acados_create_set_default_parameters	0	static
../Core/Src/User/App/AttitudeMPC/CGeneratedCode/acados_solver_Aircraft_Attitude.c:383:6:Aircraft_Attitude_acados_setup_nlp_in	112	static
../Core/Src/User/App/AttitudeMPC/CGeneratedCode/acados_solver_Aircraft_Attitude.c:951:6:Aircraft_Attitude_acados_set_nlp_out	64	static
../Core/Src/User/App/AttitudeMPC/CGeneratedCode/acados_solver_Aircraft_Attitude.c:987:5:Aircraft_Attitude_acados_create_precompute	8	static
../Core/Src/User/App/AttitudeMPC/CGeneratedCode/acados_solver_Aircraft_Attitude.c:999:5:Aircraft_Attitude_acados_create_with_discretization	272	static
../Core/Src/User/App/AttitudeMPC/CGeneratedCode/acados_solver_Aircraft_Attitude.c:109:5:Aircraft_Attitude_acados_create	0	static
../Core/Src/User/App/AttitudeMPC/CGeneratedCode/acados_solver_Aircraft_Attitude.c:1053:5:Aircraft_Attitude_acados_update_qp_solver_cond_N	16	static
../Core/Src/User/App/AttitudeMPC/CGeneratedCode/acados_solver_Aircraft_Attitude.c:1074:5:Aircraft_Attitude_acados_reset	72	static
../Core/Src/User/App/AttitudeMPC/CGeneratedCode/acados_solver_Aircraft_Attitude.c:1117:5:Aircraft_Attitude_acados_update_params	16	static
../Core/Src/User/App/AttitudeMPC/CGeneratedCode/acados_solver_Aircraft_Attitude.c:1133:5:Aircraft_Attitude_acados_update_params_sparse	24	static
../Core/Src/User/App/AttitudeMPC/CGeneratedCode/acados_solver_Aircraft_Attitude.c:1141:5:Aircraft_Attitude_acados_set_p_global_and_precompute_dependencies	0	static
../Core/Src/User/App/AttitudeMPC/CGeneratedCode/acados_solver_Aircraft_Attitude.c:1151:5:Aircraft_Attitude_acados_solve	0	static
../Core/Src/User/App/AttitudeMPC/CGeneratedCode/acados_solver_Aircraft_Attitude.c:1161:5:Aircraft_Attitude_acados_setup_qp_matrices_and_factorize	0	static
../Core/Src/User/App/AttitudeMPC/CGeneratedCode/acados_solver_Aircraft_Attitude.c:1173:5:Aircraft_Attitude_acados_free	24	static
../Core/Src/User/App/AttitudeMPC/CGeneratedCode/acados_solver_Aircraft_Attitude.c:1209:6:Aircraft_Attitude_acados_print_stats	4856	static
../Core/Src/User/App/AttitudeMPC/CGeneratedCode/acados_solver_Aircraft_Attitude.c:1235:5:Aircraft_Attitude_acados_custom_update	8	static
../Core/Src/User/App/AttitudeMPC/CGeneratedCode/acados_solver_Aircraft_Attitude.c:1248:13:Aircraft_Attitude_acados_get_nlp_in	0	static
../Core/Src/User/App/AttitudeMPC/CGeneratedCode/acados_solver_Aircraft_Attitude.c:1249:14:Aircraft_Attitude_acados_get_nlp_out	0	static
../Core/Src/User/App/AttitudeMPC/CGeneratedCode/acados_solver_Aircraft_Attitude.c:1250:14:Aircraft_Attitude_acados_get_sens_out	0	static
../Core/Src/User/App/AttitudeMPC/CGeneratedCode/acados_solver_Aircraft_Attitude.c:1251:17:Aircraft_Attitude_acados_get_nlp_solver	0	static
../Core/Src/User/App/AttitudeMPC/CGeneratedCode/acados_solver_Aircraft_Attitude.c:1252:17:Aircraft_Attitude_acados_get_nlp_config	0	static
../Core/Src/User/App/AttitudeMPC/CGeneratedCode/acados_solver_Aircraft_Attitude.c:1253:7:Aircraft_Attitude_acados_get_nlp_opts	0	static
../Core/Src/User/App/AttitudeMPC/CGeneratedCode/acados_solver_Aircraft_Attitude.c:1254:15:Aircraft_Attitude_acados_get_nlp_dims	0	static
../Core/Src/User/App/AttitudeMPC/CGeneratedCode/acados_solver_Aircraft_Attitude.c:1255:17:Aircraft_Attitude_acados_get_nlp_plan	0	static
