23:38:05 **** Build of configuration Debug for project X1_Thorn_v2 ****
make -j12 all 
arm-none-eabi-gcc "../Core/Src/User/App/Control/Control.c" -mcpu=cortex-m7 -std=gnu11 -g3 -DDEBUG -DUSE_PWR_LDO_SUPPLY -DUSE_HAL_DRIVER -DSTM32H743xx -c -I../Core/Inc -I../Drivers/STM32H7xx_HAL_Driver/Inc -I../Drivers/STM32H7xx_HAL_Driver/Inc/Legacy -I../Drivers/CMSIS/Device/ST/STM32H7xx/Include -I../Drivers/CMSIS/Include -I"C:/Users/marcv/Desktop/X1-Thorn/1_Code/3_STM32/0_workspace/X1_Thorn_v2/Core/Src/User/App/AttitudeMPC/CGeneratedCode/Acados_API" -I"C:/Users/marcv/Desktop/X1-Thorn/1_Code/3_STM32/0_workspace/X1_Thorn_v2/Core/Src/User/App/AttitudeMPC/CGeneratedCode/Acados_API/include" -I"C:/Users/marcv/Desktop/X1-Thorn/1_Code/3_STM32/0_workspace/X1_Thorn_v2/Core/Src/User/App/AttitudeMPC/CGeneratedCode/Acados_API/include/acados" -I"C:/Users/marcv/Desktop/X1-Thorn/1_Code/3_STM32/0_workspace/X1_Thorn_v2/Core/Src/User/App/AttitudeMPC/CGeneratedCode/Acados_API/include/acados_c" -I"C:/Users/marcv/Desktop/X1-Thorn/1_Code/3_STM32/0_workspace/X1_Thorn_v2/Core/Src/User/App/AttitudeMPC/CGeneratedCode/Acados_API/include/blasfeo/include" -I"C:/Users/marcv/Desktop/X1-Thorn/1_Code/3_STM32/0_workspace/X1_Thorn_v2/Core/Src/User/App/AttitudeMPC/CGeneratedCode/Acados_API/include/hpipm/include" -O3 -ffunction-sections -fdata-sections -Wall -fstack-usage -fcyclomatic-complexity -MMD -MP -MF"Core/Src/User/App/Control/Control.d" -MT"Core/Src/User/App/Control/Control.o" --specs=nano.specs -mfpu=fpv5-d16 -mfloat-abi=hard -mthumb -o "Core/Src/User/App/Control/Control.o"
arm-none-eabi-gcc -o "X1_Thorn_v2.elf" @"objects.list"  -lacados -lhpipm -lblasfeo -mcpu=cortex-m7 -T"C:\Users\marcv\Desktop\X1-Thorn\1_Code\3_STM32\0_workspace\X1_Thorn_v2\STM32H743VITX_FLASH.ld" --specs=nosys.specs -Wl,-Map="X1_Thorn_v2.map" -Wl,--gc-sections -static -L"C:/Users/marcv/Desktop/X1-Thorn/1_Code/3_STM32/0_workspace/X1_Thorn_v2/Core/Src/User/App/AttitudeMPC/CGeneratedCode/Acados_API/lib" -u_printf_float --specs=nano.specs -mfpu=fpv5-d16 -mfloat-abi=hard -mthumb -Wl,--start-group -lc -lm -Wl,--end-group
Finished building target: X1_Thorn_v2.elf
 
arm-none-eabi-size  X1_Thorn_v2.elf 
arm-none-eabi-objdump -h -S X1_Thorn_v2.elf  > "X1_Thorn_v2.list"
   text	   data	    bss	    dec	    hex	filename
  38092	    472	   2592	  41156	   a0c4	X1_Thorn_v2.elf
Finished building: default.size.stdout
 
Finished building: X1_Thorn_v2.list
 

23:38:06 Build Finished. 0 errors, 0 warnings. (took 1s.517ms)

