18:07:09 **** Incremental Build of configuration Debug for project X1_Thorn_v3 ****
make -j12 all 
arm-none-eabi-gcc "../Core/Src/User/Test/TestServo/TestServo.c" -mcpu=cortex-m7 -std=gnu11 -g3 -DDEBUG -DUSE_PWR_LDO_SUPPLY -DUSE_HAL_DRIVER -DSTM32H743xx -c -I../Core/Inc -I../Drivers/STM32H7xx_HAL_Driver/Inc -I../Drivers/STM32H7xx_HAL_Driver/Inc/Legacy -I../Drivers/CMSIS/Device/ST/STM32H7xx/Include -I../Drivers/CMSIS/Include -I../Middlewares/Third_Party/FreeRTOS/Source/include -I../Middlewares/Third_Party/FreeRTOS/Source/CMSIS_RTOS_V2 -I../Middlewares/Third_Party/FreeRTOS/Source/portable/GCC/ARM_CM4F -O0 -ffunction-sections -fdata-sections -Wall -fstack-usage -fcyclomatic-complexity -MMD -MP -MF"Core/Src/User/Test/TestServo/TestServo.d" -MT"Core/Src/User/Test/TestServo/TestServo.o" --specs=nano.specs -mfpu=fpv5-d16 -mfloat-abi=hard -mthumb -o "Core/Src/User/Test/TestServo/TestServo.o"
../Core/Src/User/Test/TestServo/TestServo.c: In function 'Servo_Test_Init':
../Core/Src/User/Test/TestServo/TestServo.c:17:13: warning: unused variable 'result' [-Wunused-variable]
   17 |         int result = Servo_Init(&servoL, &htim5, TIM_CHANNEL_1, 1500);
      |             ^~~~~~
arm-none-eabi-gcc -o "X1_Thorn_v3.elf" @"objects.list"   -mcpu=cortex-m7 -T"C:\Users\marcv\Desktop\X1-Thorn\1_Code\3_STM32\0_workspace\X1_Thorn_v3\STM32H743VITX_FLASH.ld" --specs=nosys.specs -Wl,-Map="X1_Thorn_v3.map" -Wl,--gc-sections -static -u_printf_float --specs=nano.specs -mfpu=fpv5-d16 -mfloat-abi=hard -mthumb -Wl,--start-group -lc -lm -Wl,--end-group
Finished building target: X1_Thorn_v3.elf
 
arm-none-eabi-size  X1_Thorn_v3.elf 
arm-none-eabi-objdump -h -S X1_Thorn_v3.elf  > "X1_Thorn_v3.list"
   text	   data	    bss	    dec	    hex	filename
 125084	    620	  56700	 182404	  2c884	X1_Thorn_v3.elf
Finished building: default.size.stdout
 
Finished building: X1_Thorn_v3.list
 

18:07:15 Build Finished. 0 errors, 1 warnings. (took 5s.427ms)

