18:55:37 **** Incremental Build of configuration Debug for project X1_Thorn_v3 ****
make -j12 all 
arm-none-eabi-gcc "../Core/Src/freertos.c" -mcpu=cortex-m7 -std=gnu11 -g3 -DDEBUG -DUSE_PWR_LDO_SUPPLY -DUSE_HAL_DRIVER -DSTM32H743xx -c -I../Core/Inc -I../Drivers/STM32H7xx_HAL_Driver/Inc -I../Drivers/STM32H7xx_HAL_Driver/Inc/Legacy -I../Drivers/CMSIS/Device/ST/STM32H7xx/Include -I../Drivers/CMSIS/Include -I"C:/Users/marcv/Desktop/X1-Thorn/1_Code/3_STM32/0_workspace/X1_Thorn_v3/Core/Src/User/Lib/AcadosAPI" -I"C:/Users/marcv/Desktop/X1-Thorn/1_Code/3_STM32/0_workspace/X1_Thorn_v3/Core/Src/User/Lib/AcadosAPI/include" -I"C:/Users/marcv/Desktop/X1-Thorn/1_Code/3_STM32/0_workspace/X1_Thorn_v3/Core/Src/User/Lib/AcadosAPI/include/acados" -I"C:/Users/marcv/Desktop/X1-Thorn/1_Code/3_STM32/0_workspace/X1_Thorn_v3/Core/Src/User/Lib/AcadosAPI/include/acados_c" -I"C:/Users/marcv/Desktop/X1-Thorn/1_Code/3_STM32/0_workspace/X1_Thorn_v3/Core/Src/User/Lib/AcadosAPI/include/blasfeo/include" -I"C:/Users/marcv/Desktop/X1-Thorn/1_Code/3_STM32/0_workspace/X1_Thorn_v3/Core/Src/User/Lib/AcadosAPI/include/hpipm/include" -I../Middlewares/Third_Party/FreeRTOS/Source/include -I../Middlewares/Third_Party/FreeRTOS/Source/CMSIS_RTOS_V2 -I../Middlewares/Third_Party/FreeRTOS/Source/portable/GCC/ARM_CM4F -O0 -ffunction-sections -fdata-sections -Wall -fstack-usage -fcyclomatic-complexity -MMD -MP -MF"Core/Src/freertos.d" -MT"Core/Src/freertos.o" --specs=nano.specs -mfpu=fpv5-d16 -mfloat-abi=hard -mthumb -o "Core/Src/freertos.o"
arm-none-eabi-gcc -o "X1_Thorn_v3.elf" @"objects.list"  -lacados -lhpipm -lblasfeo -mcpu=cortex-m7 -T"C:\Users\marcv\Desktop\X1-Thorn\1_Code\3_STM32\0_workspace\X1_Thorn_v3\STM32H743VITX_FLASH.ld" --specs=nosys.specs -Wl,-Map="X1_Thorn_v3.map" -Wl,--gc-sections -static -L"C:\Users\marcv\Desktop\X1-Thorn\1_Code\3_STM32\0_workspace\X1_Thorn_v3\Core\Src\User\Lib\AcadosAPI\lib" -u_printf_float --specs=nano.specs -mfpu=fpv5-d16 -mfloat-abi=hard -mthumb -Wl,--start-group -lc -lm -Wl,--end-group
Finished building target: X1_Thorn_v3.elf
 
arm-none-eabi-size  X1_Thorn_v3.elf 
arm-none-eabi-objdump -h -S X1_Thorn_v3.elf  > "X1_Thorn_v3.list"
   text	   data	    bss	    dec	    hex	filename
 128028	    624	  24448	 153100	  2560c	X1_Thorn_v3.elf
Finished building: default.size.stdout
 
Finished building: X1_Thorn_v3.list
 

18:55:40 Build Finished. 0 errors, 0 warnings. (took 2s.735ms)

