../Core/Src/User/App/AttitudeMPC/CGeneratedCode/Aircraft_Attitude_model/Aircraft_Attitude_expl_vde_forw.c:55:13:Aircraft_Attitude_expl_vde_forw_sq	0	static
../Core/Src/User/App/AttitudeMPC/CGeneratedCode/Aircraft_Attitude_model/Aircraft_Attitude_expl_vde_forw.c:2074:26:Aircraft_Attitude_expl_vde_forw	320	static
../Core/Src/User/App/AttitudeMPC/CGeneratedCode/Aircraft_Attitude_model/Aircraft_Attitude_expl_vde_forw.c:2078:26:Aircraft_Attitude_expl_vde_forw_alloc_mem	0	static
../Core/Src/User/App/AttitudeMPC/CGeneratedCode/Aircraft_Attitude_model/Aircraft_Attitude_expl_vde_forw.c:2082:26:Aircraft_Attitude_expl_vde_forw_init_mem	0	static
../Core/Src/User/App/AttitudeMPC/CGeneratedCode/Aircraft_Attitude_model/Aircraft_Attitude_expl_vde_forw.c:2086:27:Aircraft_Attitude_expl_vde_forw_free_mem	0	static
../Core/Src/User/App/AttitudeMPC/CGeneratedCode/Aircraft_Attitude_model/Aircraft_Attitude_expl_vde_forw.c:2089:26:Aircraft_Attitude_expl_vde_forw_checkout	0	static
../Core/Src/User/App/AttitudeMPC/CGeneratedCode/Aircraft_Attitude_model/Aircraft_Attitude_expl_vde_forw.c:2093:27:Aircraft_Attitude_expl_vde_forw_release	0	static
../Core/Src/User/App/AttitudeMPC/CGeneratedCode/Aircraft_Attitude_model/Aircraft_Attitude_expl_vde_forw.c:2096:27:Aircraft_Attitude_expl_vde_forw_incref	0	static
../Core/Src/User/App/AttitudeMPC/CGeneratedCode/Aircraft_Attitude_model/Aircraft_Attitude_expl_vde_forw.c:2099:27:Aircraft_Attitude_expl_vde_forw_decref	0	static
../Core/Src/User/App/AttitudeMPC/CGeneratedCode/Aircraft_Attitude_model/Aircraft_Attitude_expl_vde_forw.c:2102:33:Aircraft_Attitude_expl_vde_forw_n_in	0	static
../Core/Src/User/App/AttitudeMPC/CGeneratedCode/Aircraft_Attitude_model/Aircraft_Attitude_expl_vde_forw.c:2104:33:Aircraft_Attitude_expl_vde_forw_n_out	0	static
../Core/Src/User/App/AttitudeMPC/CGeneratedCode/Aircraft_Attitude_model/Aircraft_Attitude_expl_vde_forw.c:2106:34:Aircraft_Attitude_expl_vde_forw_default_in	0	static
../Core/Src/User/App/AttitudeMPC/CGeneratedCode/Aircraft_Attitude_model/Aircraft_Attitude_expl_vde_forw.c:2112:34:Aircraft_Attitude_expl_vde_forw_name_in	0	static
../Core/Src/User/App/AttitudeMPC/CGeneratedCode/Aircraft_Attitude_model/Aircraft_Attitude_expl_vde_forw.c:2123:34:Aircraft_Attitude_expl_vde_forw_name_out	0	static
../Core/Src/User/App/AttitudeMPC/CGeneratedCode/Aircraft_Attitude_model/Aircraft_Attitude_expl_vde_forw.c:2132:40:Aircraft_Attitude_expl_vde_forw_sparsity_in	0	static
../Core/Src/User/App/AttitudeMPC/CGeneratedCode/Aircraft_Attitude_model/Aircraft_Attitude_expl_vde_forw.c:2143:40:Aircraft_Attitude_expl_vde_forw_sparsity_out	0	static
../Core/Src/User/App/AttitudeMPC/CGeneratedCode/Aircraft_Attitude_model/Aircraft_Attitude_expl_vde_forw.c:2152:26:Aircraft_Attitude_expl_vde_forw_work	8	static
../Core/Src/User/App/AttitudeMPC/CGeneratedCode/Aircraft_Attitude_model/Aircraft_Attitude_expl_vde_forw.c:2160:26:Aircraft_Attitude_expl_vde_forw_work_bytes	8	static
