Archive member included to satisfy reference by file (symbol)

C:/ST/STM32CubeIDE_1.18.0/STM32CubeIDE/plugins/com.st.stm32cube.ide.mcu.externaltools.gnu-tools-for-stm32.13.3.rel1.win32_1.0.0.202411081344/tools/bin/../lib/gcc/arm-none-eabi/13.3.1/../../../../arm-none-eabi/lib/thumb/v7e-m+dp/hard\libc_nano.a(libc_a-exit.o)
                              C:/ST/STM32CubeIDE_1.18.0/STM32CubeIDE/plugins/com.st.stm32cube.ide.mcu.externaltools.gnu-tools-for-stm32.13.3.rel1.win32_1.0.0.202411081344/tools/bin/../lib/gcc/arm-none-eabi/13.3.1/../../../../arm-none-eabi/lib/thumb/v7e-m+dp/hard/crt0.o (exit)
C:/ST/STM32CubeIDE_1.18.0/STM32CubeIDE/plugins/com.st.stm32cube.ide.mcu.externaltools.gnu-tools-for-stm32.13.3.rel1.win32_1.0.0.202411081344/tools/bin/../lib/gcc/arm-none-eabi/13.3.1/../../../../arm-none-eabi/lib/thumb/v7e-m+dp/hard\libc_nano.a(libc_a-findfp.o)
                              C:/ST/STM32CubeIDE_1.18.0/STM32CubeIDE/plugins/com.st.stm32cube.ide.mcu.externaltools.gnu-tools-for-stm32.13.3.rel1.win32_1.0.0.202411081344/tools/bin/../lib/gcc/arm-none-eabi/13.3.1/../../../../arm-none-eabi/lib/thumb/v7e-m+dp/hard\libc_nano.a(libc_a-exit.o) (__stdio_exit_handler)
C:/ST/STM32CubeIDE_1.18.0/STM32CubeIDE/plugins/com.st.stm32cube.ide.mcu.externaltools.gnu-tools-for-stm32.13.3.rel1.win32_1.0.0.202411081344/tools/bin/../lib/gcc/arm-none-eabi/13.3.1/../../../../arm-none-eabi/lib/thumb/v7e-m+dp/hard\libc_nano.a(libc_a-fwalk.o)
                              C:/ST/STM32CubeIDE_1.18.0/STM32CubeIDE/plugins/com.st.stm32cube.ide.mcu.externaltools.gnu-tools-for-stm32.13.3.rel1.win32_1.0.0.202411081344/tools/bin/../lib/gcc/arm-none-eabi/13.3.1/../../../../arm-none-eabi/lib/thumb/v7e-m+dp/hard\libc_nano.a(libc_a-findfp.o) (_fwalk_sglue)
C:/ST/STM32CubeIDE_1.18.0/STM32CubeIDE/plugins/com.st.stm32cube.ide.mcu.externaltools.gnu-tools-for-stm32.13.3.rel1.win32_1.0.0.202411081344/tools/bin/../lib/gcc/arm-none-eabi/13.3.1/../../../../arm-none-eabi/lib/thumb/v7e-m+dp/hard\libc_nano.a(libc_a-stdio.o)
                              C:/ST/STM32CubeIDE_1.18.0/STM32CubeIDE/plugins/com.st.stm32cube.ide.mcu.externaltools.gnu-tools-for-stm32.13.3.rel1.win32_1.0.0.202411081344/tools/bin/../lib/gcc/arm-none-eabi/13.3.1/../../../../arm-none-eabi/lib/thumb/v7e-m+dp/hard\libc_nano.a(libc_a-findfp.o) (__sread)
C:/ST/STM32CubeIDE_1.18.0/STM32CubeIDE/plugins/com.st.stm32cube.ide.mcu.externaltools.gnu-tools-for-stm32.13.3.rel1.win32_1.0.0.202411081344/tools/bin/../lib/gcc/arm-none-eabi/13.3.1/../../../../arm-none-eabi/lib/thumb/v7e-m+dp/hard\libc_nano.a(libc_a-memset.o)
                              C:/ST/STM32CubeIDE_1.18.0/STM32CubeIDE/plugins/com.st.stm32cube.ide.mcu.externaltools.gnu-tools-for-stm32.13.3.rel1.win32_1.0.0.202411081344/tools/bin/../lib/gcc/arm-none-eabi/13.3.1/../../../../arm-none-eabi/lib/thumb/v7e-m+dp/hard/crt0.o (memset)
C:/ST/STM32CubeIDE_1.18.0/STM32CubeIDE/plugins/com.st.stm32cube.ide.mcu.externaltools.gnu-tools-for-stm32.13.3.rel1.win32_1.0.0.202411081344/tools/bin/../lib/gcc/arm-none-eabi/13.3.1/../../../../arm-none-eabi/lib/thumb/v7e-m+dp/hard\libc_nano.a(libc_a-closer.o)
                              C:/ST/STM32CubeIDE_1.18.0/STM32CubeIDE/plugins/com.st.stm32cube.ide.mcu.externaltools.gnu-tools-for-stm32.13.3.rel1.win32_1.0.0.202411081344/tools/bin/../lib/gcc/arm-none-eabi/13.3.1/../../../../arm-none-eabi/lib/thumb/v7e-m+dp/hard\libc_nano.a(libc_a-stdio.o) (_close_r)
C:/ST/STM32CubeIDE_1.18.0/STM32CubeIDE/plugins/com.st.stm32cube.ide.mcu.externaltools.gnu-tools-for-stm32.13.3.rel1.win32_1.0.0.202411081344/tools/bin/../lib/gcc/arm-none-eabi/13.3.1/../../../../arm-none-eabi/lib/thumb/v7e-m+dp/hard\libc_nano.a(libc_a-reent.o)
                              C:/ST/STM32CubeIDE_1.18.0/STM32CubeIDE/plugins/com.st.stm32cube.ide.mcu.externaltools.gnu-tools-for-stm32.13.3.rel1.win32_1.0.0.202411081344/tools/bin/../lib/gcc/arm-none-eabi/13.3.1/../../../../arm-none-eabi/lib/thumb/v7e-m+dp/hard\libc_nano.a(libc_a-closer.o) (errno)
C:/ST/STM32CubeIDE_1.18.0/STM32CubeIDE/plugins/com.st.stm32cube.ide.mcu.externaltools.gnu-tools-for-stm32.13.3.rel1.win32_1.0.0.202411081344/tools/bin/../lib/gcc/arm-none-eabi/13.3.1/../../../../arm-none-eabi/lib/thumb/v7e-m+dp/hard\libc_nano.a(libc_a-impure.o)
                              C:/ST/STM32CubeIDE_1.18.0/STM32CubeIDE/plugins/com.st.stm32cube.ide.mcu.externaltools.gnu-tools-for-stm32.13.3.rel1.win32_1.0.0.202411081344/tools/bin/../lib/gcc/arm-none-eabi/13.3.1/../../../../arm-none-eabi/lib/thumb/v7e-m+dp/hard\libc_nano.a(libc_a-reent.o) (_impure_ptr)
C:/ST/STM32CubeIDE_1.18.0/STM32CubeIDE/plugins/com.st.stm32cube.ide.mcu.externaltools.gnu-tools-for-stm32.13.3.rel1.win32_1.0.0.202411081344/tools/bin/../lib/gcc/arm-none-eabi/13.3.1/../../../../arm-none-eabi/lib/thumb/v7e-m+dp/hard\libc_nano.a(libc_a-lseekr.o)
[...]
Memory Configuration

Name             Origin             Length             Attributes
FLASH            0x08000000         0x00200000         xr
DTCMRAM          0x20000000         0x00020000         xrw
RAM_D1           0x24000000         0x00080000         xrw
RAM_D2           0x30000000         0x00048000         xrw
RAM_D3           0x38000000         0x00010000         xrw
ITCMRAM          0x00000000         0x00010000         xrw
*default*        0x00000000         0xffffffff

Linker script and memory map

LOAD C:/ST/STM32CubeIDE_1.18.0/STM32CubeIDE/plugins/com.st.stm32cube.ide.mcu.externaltools.gnu-tools-for-stm32.13.3.rel1.win32_1.0.0.202411081344/tools/bin/../lib/gcc/arm-none-eabi/13.3.1/thumb/v7e-m+dp/hard/crti.o
LOAD C:/ST/STM32CubeIDE_1.18.0/STM32CubeIDE/plugins/com.st.stm32cube.ide.mcu.externaltools.gnu-tools-for-stm32.13.3.rel1.win32_1.0.0.202411081344/tools/bin/../lib/gcc/arm-none-eabi/13.3.1/thumb/v7e-m+dp/hard/crtbegin.o
LOAD C:/ST/STM32CubeIDE_1.18.0/STM32CubeIDE/plugins/com.st.stm32cube.ide.mcu.externaltools.gnu-tools-for-stm32.13.3.rel1.win32_1.0.0.202411081344/tools/bin/../lib/gcc/arm-none-eabi/13.3.1/../../../../arm-none-eabi/lib/thumb/v7e-m+dp/hard/crt0.o
LOAD ./Core/Src/gpio.o
LOAD ./Core/Src/main.o
LOAD ./Core/Src/memorymap.o
LOAD ./Core/Src/sdmmc.o
LOAD ./Core/Src/stm32h7xx_hal_msp.o
LOAD ./Core/Src/stm32h7xx_it.o
LOAD ./Core/Src/syscalls.o
LOAD ./Core/Src/sysmem.o
LOAD ./Core/Src/system_stm32h7xx.o
LOAD ./Core/Startup/startup_stm32h743vitx.o
LOAD ./Drivers/STM32H7xx_HAL_Driver/Src/stm32h7xx_hal.o
LOAD ./Drivers/STM32H7xx_HAL_Driver/Src/stm32h7xx_hal_cortex.o
LOAD ./Drivers/STM32H7xx_HAL_Driver/Src/stm32h7xx_hal_dma.o
LOAD ./Drivers/STM32H7xx_HAL_Driver/Src/stm32h7xx_hal_dma_ex.o
LOAD ./Drivers/STM32H7xx_HAL_Driver/Src/stm32h7xx_hal_exti.o
LOAD ./Drivers/STM32H7xx_HAL_Driver/Src/stm32h7xx_hal_flash.o
LOAD ./Drivers/STM32H7xx_HAL_Driver/Src/stm32h7xx_hal_flash_ex.o
LOAD ./Drivers/STM32H7xx_HAL_Driver/Src/stm32h7xx_hal_gpio.o
LOAD ./Drivers/STM32H7xx_HAL_Driver/Src/stm32h7xx_hal_hsem.o
LOAD ./Drivers/STM32H7xx_HAL_Driver/Src/stm32h7xx_hal_i2c.o
LOAD ./Drivers/STM32H7xx_HAL_Driver/Src/stm32h7xx_hal_i2c_ex.o
LOAD ./Drivers/STM32H7xx_HAL_Driver/Src/stm32h7xx_hal_mdma.o
LOAD ./Drivers/STM32H7xx_HAL_Driver/Src/stm32h7xx_hal_mmc.o
LOAD ./Drivers/STM32H7xx_HAL_Driver/Src/stm32h7xx_hal_mmc_ex.o
LOAD ./Drivers/STM32H7xx_HAL_Driver/Src/stm32h7xx_hal_pcd.o
LOAD ./Drivers/STM32H7xx_HAL_Driver/Src/stm32h7xx_hal_pcd_ex.o
LOAD ./Drivers/STM32H7xx_HAL_Driver/Src/stm32h7xx_hal_pwr.o
LOAD ./Drivers/STM32H7xx_HAL_Driver/Src/stm32h7xx_hal_pwr_ex.o
LOAD ./Drivers/STM32H7xx_HAL_Driver/Src/stm32h7xx_hal_rcc.o
LOAD ./Drivers/STM32H7xx_HAL_Driver/Src/stm32h7xx_hal_rcc_ex.o
LOAD ./Drivers/STM32H7xx_HAL_Driver/Src/stm32h7xx_hal_sd.o
LOAD ./Drivers/STM32H7xx_HAL_Driver/Src/stm32h7xx_hal_sd_ex.o
LOAD ./Drivers/STM32H7xx_HAL_Driver/Src/stm32h7xx_ll_delayblock.o
LOAD ./Drivers/STM32H7xx_HAL_Driver/Src/stm32h7xx_ll_sdmmc.o
LOAD ./Drivers/STM32H7xx_HAL_Driver/Src/stm32h7xx_ll_usb.o
LOAD ./Middlewares/ST/STM32_USB_Device_Library/Class/MSC/Src/usbd_msc.o
LOAD ./Middlewares/ST/STM32_USB_Device_Library/Class/MSC/Src/usbd_msc_bot.o
LOAD ./Middlewares/ST/STM32_USB_Device_Library/Class/MSC/Src/usbd_msc_data.o
LOAD ./Middlewares/ST/STM32_USB_Device_Library/Class/MSC/Src/usbd_msc_scsi.o
LOAD ./Middlewares/ST/STM32_USB_Device_Library/Core/Src/usbd_core.o
LOAD ./Middlewares/ST/STM32_USB_Device_Library/Core/Src/usbd_ctlreq.o
LOAD ./Middlewares/ST/STM32_USB_Device_Library/Core/Src/usbd_ioreq.o
LOAD ./USB_DEVICE/App/usb_device.o
LOAD ./USB_DEVICE/App/usbd_desc.o
LOAD ./USB_DEVICE/App/usbd_storage_if.o
LOAD ./USB_DEVICE/Target/usbd_conf.o
START GROUP
LOAD C:/ST/STM32CubeIDE_1.18.0/STM32CubeIDE/plugins/com.st.stm32cube.ide.mcu.externaltools.gnu-tools-for-stm32.13.3.rel1.win32_1.0.0.202411081344/tools/bin/../lib/gcc/arm-none-eabi/13.3.1/../../../../arm-none-eabi/lib/thumb/v7e-m+dp/hard\libc_nano.a
LOAD C:/ST/STM32CubeIDE_1.18.0/STM32CubeIDE/plugins/com.st.stm32cube.ide.mcu.externaltools.gnu-tools-for-stm32.13.3.rel1.win32_1.0.0.202411081344/tools/bin/../lib/gcc/arm-none-eabi/13.3.1/../../../../arm-none-eabi/lib/thumb/v7e-m+dp/hard\libm.a
END GROUP
START GROUP
LOAD C:/ST/STM32CubeIDE_1.18.0/STM32CubeIDE/plugins/com.st.stm32cube.ide.mcu.externaltools.gnu-tools-for-stm32.13.3.rel1.win32_1.0.0.202411081344/tools/bin/../lib/gcc/arm-none-eabi/13.3.1/thumb/v7e-m+dp/hard\libgcc.a
LOAD C:/ST/STM32CubeIDE_1.18.0/STM32CubeIDE/plugins/com.st.stm32cube.ide.mcu.externaltools.gnu-tools-for-stm32.13.3.rel1.win32_1.0.0.202411081344/tools/bin/../lib/gcc/arm-none-eabi/13.3.1/../../../../arm-none-eabi/lib/thumb/v7e-m+dp/hard\libc_nano.a
END GROUP
START GROUP
LOAD C:/ST/STM32CubeIDE_1.18.0/STM32CubeIDE/plugins/com.st.stm32cube.ide.mcu.externaltools.gnu-tools-for-stm32.13.3.rel1.win32_1.0.0.202411081344/tools/bin/../lib/gcc/arm-none-eabi/13.3.1/thumb/v7e-m+dp/hard\libgcc.a
LOAD C:/ST/STM32CubeIDE_1.18.0/STM32CubeIDE/plugins/com.st.stm32cube.ide.mcu.externaltools.gnu-tools-for-stm32.13.3.rel1.win32_1.0.0.202411081344/tools/bin/../lib/gcc/arm-none-eabi/13.3.1/../../../../arm-none-eabi/lib/thumb/v7e-m+dp/hard\libc_nano.a
LOAD C:/ST/STM32CubeIDE_1.18.0/STM32CubeIDE/plugins/com.st.stm32cube.ide.mcu.externaltools.gnu-tools-for-stm32.13.3.rel1.win32_1.0.0.202411081344/tools/bin/../lib/gcc/arm-none-eabi/13.3.1/../../../../arm-none-eabi/lib/thumb/v7e-m+dp/hard\libnosys.a
END GROUP
START GROUP
LOAD C:/ST/STM32CubeIDE_1.18.0/STM32CubeIDE/plugins/com.st.stm32cube.ide.mcu.externaltools.gnu-tools-for-stm32.13.3.rel1.win32_1.0.0.202411081344/tools/bin/../lib/gcc/arm-none-eabi/13.3.1/thumb/v7e-m+dp/hard\libgcc.a
LOAD C:/ST/STM32CubeIDE_1.18.0/STM32CubeIDE/plugins/com.st.stm32cube.ide.mcu.externaltools.gnu-tools-for-stm32.13.3.rel1.win32_1.0.0.202411081344/tools/bin/../lib/gcc/arm-none-eabi/13.3.1/../../../../arm-none-eabi/lib/thumb/v7e-m+dp/hard\libc_nano.a
LOAD C:/ST/STM32CubeIDE_1.18.0/STM32CubeIDE/plugins/com.st.stm32cube.ide.mcu.externaltools.gnu-tools-for-stm32.13.3.rel1.win32_1.0.0.202411081344/tools/bin/../lib/gcc/arm-none-eabi/13.3.1/../../../../arm-none-eabi/lib/thumb/v7e-m+dp/hard\libnosys.a
END GROUP
LOAD C:/ST/STM32CubeIDE_1.18.0/STM32CubeIDE/plugins/com.st.stm32cube.ide.mcu.externaltools.gnu-tools-for-stm32.13.3.rel1.win32_1.0.0.202411081344/tools/bin/../lib/gcc/arm-none-eabi/13.3.1/thumb/v7e-m+dp/hard/crtend.o
LOAD C:/ST/STM32CubeIDE_1.18.0/STM32CubeIDE/plugins/com.st.stm32cube.ide.mcu.externaltools.gnu-tools-for-stm32.13.3.rel1.win32_1.0.0.202411081344/tools/bin/../lib/gcc/arm-none-eabi/13.3.1/thumb/v7e-m+dp/hard/crtn.o
                0x24080000                        _estack = (ORIGIN (RAM_D1) + LENGTH (RAM_D1))
                0x00002000                        _Min_Heap_Size = 0x2000
                0x00002000                        _Min_Stack_Size = 0x2000

.isr_vector     0x08000000      0x298
                0x08000000                        . = ALIGN (0x4)
 *(.isr_vector)
 .isr_vector    0x08000000      0x298 ./Core/Startup/startup_stm32h743vitx.o
                0x08000000                g_pfnVectors
                0x08000298                        . = ALIGN (0x4)

.text           0x08000298     0xa068
                0x08000298                        . = ALIGN (0x4)
 *(.text)
 .text          0x08000298       0x40 C:/ST/STM32CubeIDE_1.18.0/STM32CubeIDE/plugins/com.st.stm32cube.ide.mcu.externaltools.gnu-tools-for-stm32.13.3.rel1.win32_1.0.0.202411081344/tools/bin/../lib/gcc/arm-none-eabi/13.3.1/thumb/v7e-m+dp/hard/crtbegin.o
 *(.text*)
 .text.MX_GPIO_Init
                0x080002d8       0xe4 ./Core/Src/gpio.o
                0x080002d8                MX_GPIO_Init
 .text.main     0x080003bc       0x18 ./Core/Src/main.o
                0x080003bc                main
 .text.SystemClock_Config
                0x080003d4       0xf8 ./Core/Src/main.o
                0x080003d4                SystemClock_Config
 .text.Error_Handler
                0x080004cc        0xc ./Core/Src/main.o
                0x080004cc                Error_Handler
 .text.MX_SDMMC1_SD_Init
                0x080004d8       0x48 ./Core/Src/sdmmc.o
                0x080004d8                MX_SDMMC1_SD_Init
 .text.HAL_SD_MspInit
                0x08000520      0x150 ./Core/Src/sdmmc.o
                0x08000520                HAL_SD_MspInit
 .text.HAL_MspInit
                0x08000670       0x34 ./Core/Src/stm32h7xx_hal_msp.o
                0x08000670                HAL_MspInit
 .text.NMI_Handler
                0x080006a4        0x8 ./Core/Src/stm32h7xx_it.o
                0x080006a4                NMI_Handler
 .text.HardFault_Handler
                0x080006ac        0x8 ./Core/Src/stm32h7xx_it.o
                0x080006ac                HardFault_Handler
 .text.MemManage_Handler
                0x080006b4        0x8 ./Core/Src/stm32h7xx_it.o
                0x080006b4                MemManage_Handler
 .text.BusFault_Handler
                0x080006bc        0x8 ./Core/Src/stm32h7xx_it.o
                0x080006bc                BusFault_Handler
 .text.UsageFault_Handler
                0x080006c4        0x8 ./Core/Src/stm32h7xx_it.o
                0x080006c4                UsageFault_Handler
 .text.SVC_Handler
                0x080006cc        0xe ./Core/Src/stm32h7xx_it.o
                0x080006cc                SVC_Handler
 .text.DebugMon_Handler
                0x080006da        0xe ./Core/Src/stm32h7xx_it.o
                0x080006da                DebugMon_Handler
 .text.PendSV_Handler
                0x080006e8        0xe ./Core/Src/stm32h7xx_it.o
                0x080006e8                PendSV_Handler
 .text.SysTick_Handler
                0x080006f6        0xc ./Core/Src/stm32h7xx_it.o
                0x080006f6                SysTick_Handler
 *fill*         0x08000702        0x2 
 .text.SDMMC1_IRQHandler
                0x08000704       0x14 ./Core/Src/stm32h7xx_it.o
                0x08000704                SDMMC1_IRQHandler
 .text.OTG_FS_IRQHandler
                0x08000718       0x14 ./Core/Src/stm32h7xx_it.o
                0x08000718                OTG_FS_IRQHandler
 .text.SystemInit
                0x0800072c      0x140 ./Core/Src/system_stm32h7xx.o
                0x0800072c                SystemInit
 .text.ExitRun0Mode
                0x0800086c       0x30 ./Core/Src/system_stm32h7xx.o
                0x0800086c                ExitRun0Mode
 .text.Reset_Handler
                0x0800089c       0x54 ./Core/Startup/startup_stm32h743vitx.o
                0x0800089c                Reset_Handler
 .text.Default_Handler
                0x080008f0        0x2 ./Core/Startup/startup_stm32h743vitx.o
                0x080008f0                RTC_Alarm_IRQHandler
                0x080008f0                EXTI2_IRQHandler
                0x080008f0                TIM8_CC_IRQHandler
                0x080008f0                HRTIM1_Master_IRQHandler
                0x080008f0                UART8_IRQHandler
                0x080008f0                SPI4_IRQHandler
                0x080008f0                TIM1_CC_IRQHandler
                0x080008f0                BDMA_Channel6_IRQHandler
                0x080008f0                DMA2_Stream5_IRQHandler
                0x080008f0                HRTIM1_FLT_IRQHandler
                0x080008f0                JPEG_IRQHandler
                0x080008f0                DMA1_Stream5_IRQHandler
                0x080008f0                BDMA_Channel1_IRQHandler
                0x080008f0                HRTIM1_TIMD_IRQHandler
                0x080008f0                TAMP_STAMP_IRQHandler
                0x080008f0                EXTI3_IRQHandler
                0x080008f0                LPTIM4_IRQHandler
                0x080008f0                TIM8_TRG_COM_TIM14_IRQHandler
                0x080008f0                LPTIM2_IRQHandler
                0x080008f0                DFSDM1_FLT1_IRQHandler
                0x080008f0                DMAMUX2_OVR_IRQHandler
                0x080008f0                TIM8_UP_TIM13_IRQHandler
                0x080008f0                I2C3_ER_IRQHandler
                0x080008f0                DFSDM1_FLT2_IRQHandler
                0x080008f0                MDMA_IRQHandler
                0x080008f0                LPTIM3_IRQHandler
                0x080008f0                HSEM1_IRQHandler
                0x080008f0                EXTI0_IRQHandler
                0x080008f0                I2C2_EV_IRQHandler
                0x080008f0                DMA1_Stream2_IRQHandler
                0x080008f0                FPU_IRQHandler
                0x080008f0                OTG_HS_WKUP_IRQHandler
                0x080008f0                FDCAN1_IT1_IRQHandler
                0x080008f0                LTDC_ER_IRQHandler
                0x080008f0                DMA2_Stream2_IRQHandler
                0x080008f0                HRTIM1_TIME_IRQHandler
                0x080008f0                SPI1_IRQHandler
                0x080008f0                TIM6_DAC_IRQHandler
                0x080008f0                DCMI_IRQHandler
                0x080008f0                HRTIM1_TIMC_IRQHandler
                0x080008f0                DMA2_Stream3_IRQHandler
                0x080008f0                SAI2_IRQHandler
                0x080008f0                DFSDM1_FLT3_IRQHandler
                0x080008f0                USART6_IRQHandler
                0x080008f0                TIM17_IRQHandler
                0x080008f0                USART3_IRQHandler
                0x080008f0                BDMA_Channel7_IRQHandler
                0x080008f0                LPTIM5_IRQHandler
                0x080008f0                UART5_IRQHandler
                0x080008f0                ADC3_IRQHandler
                0x080008f0                DMA2_Stream0_IRQHandler
                0x080008f0                TIM4_IRQHandler
                0x080008f0                BDMA_Channel2_IRQHandler
                0x080008f0                QUADSPI_IRQHandler
                0x080008f0                I2C1_EV_IRQHandler
                0x080008f0                DMA1_Stream6_IRQHandler
                0x080008f0                DMAMUX1_OVR_IRQHandler
                0x080008f0                DMA1_Stream1_IRQHandler
                0x080008f0                TIM16_IRQHandler
                0x080008f0                UART4_IRQHandler
                0x080008f0                BDMA_Channel5_IRQHandler
                0x080008f0                TIM3_IRQHandler
                0x080008f0                RCC_IRQHandler
                0x080008f0                TIM8_BRK_TIM12_IRQHandler
                0x080008f0                TIM1_TRG_COM_IRQHandler
                0x080008f0                Default_Handler
                0x080008f0                ECC_IRQHandler
                0x080008f0                CEC_IRQHandler
                0x080008f0                EXTI15_10_IRQHandler
                0x080008f0                BDMA_Channel0_IRQHandler
                0x080008f0                ADC_IRQHandler
                0x080008f0                DMA1_Stream7_IRQHandler
                0x080008f0                HRTIM1_TIMA_IRQHandler
                0x080008f0                SPI5_IRQHandler
                0x080008f0                TIM7_IRQHandler
                0x080008f0                TIM5_IRQHandler
                0x080008f0                DMA2_Stream7_IRQHandler
                0x080008f0                TIM15_IRQHandler
                0x080008f0                PVD_AVD_IRQHandler
                0x080008f0                I2C3_EV_IRQHandler
                0x080008f0                EXTI9_5_IRQHandler
                0x080008f0                RTC_WKUP_IRQHandler
                0x080008f0                LTDC_IRQHandler
                0x080008f0                SAI3_IRQHandler
                0x080008f0                ETH_WKUP_IRQHandler
                0x080008f0                SPDIF_RX_IRQHandler
                0x080008f0                SPI2_IRQHandler
                0x080008f0                OTG_HS_EP1_IN_IRQHandler
                0x080008f0                DMA1_Stream0_IRQHandler
                0x080008f0                CRS_IRQHandler
                0x080008f0                EXTI4_IRQHandler
                0x080008f0                RNG_IRQHandler
                0x080008f0                HRTIM1_TIMB_IRQHandler
                0x080008f0                FDCAN2_IT1_IRQHandler
                0x080008f0                ETH_IRQHandler
                0x080008f0                TIM1_UP_IRQHandler
                0x080008f0                BDMA_Channel4_IRQHandler
                0x080008f0                OTG_HS_EP1_OUT_IRQHandler
                0x080008f0                WWDG_IRQHandler
                0x080008f0                SPI6_IRQHandler
                0x080008f0                MDIOS_IRQHandler
                0x080008f0                I2C4_EV_IRQHandler
                0x080008f0                FDCAN2_IT0_IRQHandler
                0x080008f0                LPUART1_IRQHandler
                0x080008f0                FDCAN1_IT0_IRQHandler
                0x080008f0                TIM2_IRQHandler
                0x080008f0                OTG_FS_WKUP_IRQHandler
                0x080008f0                OTG_HS_IRQHandler
                0x080008f0                DMA2D_IRQHandler
                0x080008f0                TIM1_BRK_IRQHandler
                0x080008f0                EXTI1_IRQHandler
                0x080008f0                SDMMC2_IRQHandler
                0x080008f0                OTG_FS_EP1_OUT_IRQHandler
                0x080008f0                BDMA_Channel3_IRQHandler
                0x080008f0                UART7_IRQHandler
                0x080008f0                MDIOS_WKUP_IRQHandler
                0x080008f0                USART2_IRQHandler
                0x080008f0                DFSDM1_FLT0_IRQHandler
                0x080008f0                SAI4_IRQHandler
                0x080008f0                I2C2_ER_IRQHandler
                0x080008f0                DMA2_Stream1_IRQHandler
                0x080008f0                FLASH_IRQHandler
                0x080008f0                DMA2_Stream4_IRQHandler
                0x080008f0                USART1_IRQHandler
                0x080008f0                SPI3_IRQHandler
                0x080008f0                WAKEUP_PIN_IRQHandler
                0x080008f0                DMA1_Stream4_IRQHandler
                0x080008f0                OTG_FS_EP1_IN_IRQHandler
                0x080008f0                I2C1_ER_IRQHandler
                0x080008f0                FMC_IRQHandler
                0x080008f0                FDCAN_CAL_IRQHandler
                0x080008f0                SWPMI1_IRQHandler
                0x080008f0                COMP1_IRQHandler
                0x080008f0                LPTIM1_IRQHandler
                0x080008f0                I2C4_ER_IRQHandler
                0x080008f0                DMA2_Stream6_IRQHandler
                0x080008f0                SAI1_IRQHandler
                0x080008f0                DMA1_Stream3_IRQHandler
 *fill*         0x080008f2        0x2 
 .text.HAL_Init
                0x080008f4       0x78 ./Drivers/STM32H7xx_HAL_Driver/Src/stm32h7xx_hal.o
                0x080008f4                HAL_Init
 .text.HAL_InitTick
                0x0800096c       0x6c ./Drivers/STM32H7xx_HAL_Driver/Src/stm32h7xx_hal.o
                0x0800096c                HAL_InitTick
 .text.HAL_IncTick
                0x080009d8       0x28 ./Drivers/STM32H7xx_HAL_Driver/Src/stm32h7xx_hal.o
                0x080009d8                HAL_IncTick
 .text.HAL_GetTick
                0x08000a00       0x18 ./Drivers/STM32H7xx_HAL_Driver/Src/stm32h7xx_hal.o
                0x08000a00                HAL_GetTick
 .text.HAL_Delay
                0x08000a18       0x48 ./Drivers/STM32H7xx_HAL_Driver/Src/stm32h7xx_hal.o
                0x08000a18                HAL_Delay
 .text.HAL_GetREVID
                0x08000a60       0x18 ./Drivers/STM32H7xx_HAL_Driver/Src/stm32h7xx_hal.o
                0x08000a60                HAL_GetREVID
 .text.__NVIC_SetPriorityGrouping
                0x08000a78       0x48 ./Drivers/STM32H7xx_HAL_Driver/Src/stm32h7xx_hal_cortex.o
 .text.__NVIC_GetPriorityGrouping
                0x08000ac0       0x1c ./Drivers/STM32H7xx_HAL_Driver/Src/stm32h7xx_hal_cortex.o
 .text.__NVIC_EnableIRQ
                0x08000adc       0x3c ./Drivers/STM32H7xx_HAL_Driver/Src/stm32h7xx_hal_cortex.o
 .text.__NVIC_SetPriority
                0x08000b18       0x54 ./Drivers/STM32H7xx_HAL_Driver/Src/stm32h7xx_hal_cortex.o
 .text.NVIC_EncodePriority
                0x08000b6c       0x66 ./Drivers/STM32H7xx_HAL_Driver/Src/stm32h7xx_hal_cortex.o
 *fill*         0x08000bd2        0x2 
 .text.SysTick_Config
                0x08000bd4       0x44 ./Drivers/STM32H7xx_HAL_Driver/Src/stm32h7xx_hal_cortex.o
 .text.HAL_NVIC_SetPriorityGrouping
                0x08000c18       0x16 ./Drivers/STM32H7xx_HAL_Driver/Src/stm32h7xx_hal_cortex.o
                0x08000c18                HAL_NVIC_SetPriorityGrouping
 .text.HAL_NVIC_SetPriority
                0x08000c2e       0x34 ./Drivers/STM32H7xx_HAL_Driver/Src/stm32h7xx_hal_cortex.o
                0x08000c2e                HAL_NVIC_SetPriority
 .text.HAL_NVIC_EnableIRQ
                0x08000c62       0x1c ./Drivers/STM32H7xx_HAL_Driver/Src/stm32h7xx_hal_cortex.o
                0x08000c62                HAL_NVIC_EnableIRQ
 .text.HAL_SYSTICK_Config
                0x08000c7e       0x18 ./Drivers/STM32H7xx_HAL_Driver/Src/stm32h7xx_hal_cortex.o
                0x08000c7e                HAL_SYSTICK_Config
 *fill*         0x08000c96        0x2 
 .text.HAL_GPIO_Init
                0x08000c98      0x360 ./Drivers/STM32H7xx_HAL_Driver/Src/stm32h7xx_hal_gpio.o
                0x08000c98                HAL_GPIO_Init
 .text.HAL_GPIO_WritePin
                0x08000ff8       0x32 ./Drivers/STM32H7xx_HAL_Driver/Src/stm32h7xx_hal_gpio.o
                0x08000ff8                HAL_GPIO_WritePin
 .text.HAL_PCD_IRQHandler
                0x0800102a      0x99c ./Drivers/STM32H7xx_HAL_Driver/Src/stm32h7xx_hal_pcd.o
                0x0800102a                HAL_PCD_IRQHandler
 .text.HAL_PCD_SetAddress
                0x080019c6       0x48 ./Drivers/STM32H7xx_HAL_Driver/Src/stm32h7xx_hal_pcd.o
                0x080019c6                HAL_PCD_SetAddress
 .text.HAL_PCD_EP_Open
                0x08001a0e       0xd4 ./Drivers/STM32H7xx_HAL_Driver/Src/stm32h7xx_hal_pcd.o
                0x08001a0e                HAL_PCD_EP_Open
 .text.HAL_PCD_EP_Receive
                0x08001ae2       0x76 ./Drivers/STM32H7xx_HAL_Driver/Src/stm32h7xx_hal_pcd.o
                0x08001ae2                HAL_PCD_EP_Receive
 .text.HAL_PCD_EP_Transmit
                0x08001b58       0x74 ./Drivers/STM32H7xx_HAL_Driver/Src/stm32h7xx_hal_pcd.o
                0x08001b58                HAL_PCD_EP_Transmit
 .text.HAL_PCD_EP_SetStall
                0x08001bcc       0xc6 ./Drivers/STM32H7xx_HAL_Driver/Src/stm32h7xx_hal_pcd.o
                0x08001bcc                HAL_PCD_EP_SetStall
 .text.HAL_PCD_EP_ClrStall
                0x08001c92       0xac ./Drivers/STM32H7xx_HAL_Driver/Src/stm32h7xx_hal_pcd.o
                0x08001c92                HAL_PCD_EP_ClrStall
 .text.HAL_PCD_EP_Abort
                0x08001d3e       0x62 ./Drivers/STM32H7xx_HAL_Driver/Src/stm32h7xx_hal_pcd.o
                0x08001d3e                HAL_PCD_EP_Abort
 .text.PCD_WriteEmptyTxFifo
                0x08001da0      0x118 ./Drivers/STM32H7xx_HAL_Driver/Src/stm32h7xx_hal_pcd.o
 .text.PCD_EP_OutXfrComplete_int
                0x08001eb8      0x1d0 ./Drivers/STM32H7xx_HAL_Driver/Src/stm32h7xx_hal_pcd.o
 .text.PCD_EP_OutSetupPacket_int
                0x08002088       0x8c ./Drivers/STM32H7xx_HAL_Driver/Src/stm32h7xx_hal_pcd.o
 .text.HAL_PCDEx_LPM_Callback
                0x08002114       0x18 ./Drivers/STM32H7xx_HAL_Driver/Src/stm32h7xx_hal_pcd_ex.o
                0x08002114                HAL_PCDEx_LPM_Callback
 .text.HAL_PWREx_ConfigSupply
                0x0800212c       0x74 ./Drivers/STM32H7xx_HAL_Driver/Src/stm32h7xx_hal_pwr_ex.o
                0x0800212c                HAL_PWREx_ConfigSupply
 .text.HAL_RCC_OscConfig
                0x080021a0      0x8b4 ./Drivers/STM32H7xx_HAL_Driver/Src/stm32h7xx_hal_rcc.o
                0x080021a0                HAL_RCC_OscConfig
 .text.HAL_RCC_ClockConfig
                0x08002a54      0x36c ./Drivers/STM32H7xx_HAL_Driver/Src/stm32h7xx_hal_rcc.o
                0x08002a54                HAL_RCC_ClockConfig
 .text.HAL_RCC_GetSysClockFreq
                0x08002dc0      0x2f4 ./Drivers/STM32H7xx_HAL_Driver/Src/stm32h7xx_hal_rcc.o
                0x08002dc0                HAL_RCC_GetSysClockFreq
 .text.HAL_RCC_GetHCLKFreq
                0x080030b4       0x60 ./Drivers/STM32H7xx_HAL_Driver/Src/stm32h7xx_hal_rcc.o
                0x080030b4                HAL_RCC_GetHCLKFreq
 .text.HAL_RCC_GetPCLK1Freq
                0x08003114       0x2c ./Drivers/STM32H7xx_HAL_Driver/Src/stm32h7xx_hal_rcc.o
                0x08003114                HAL_RCC_GetPCLK1Freq
 .text.HAL_RCCEx_PeriphCLKConfig
                0x08003140     0x1414 ./Drivers/STM32H7xx_HAL_Driver/Src/stm32h7xx_hal_rcc_ex.o
                0x08003140                HAL_RCCEx_PeriphCLKConfig
 .text.HAL_RCCEx_GetPeriphCLKFreq
                0x08004554      0xb00 ./Drivers/STM32H7xx_HAL_Driver/Src/stm32h7xx_hal_rcc_ex.o
                0x08004554                HAL_RCCEx_GetPeriphCLKFreq
 .text.HAL_RCCEx_GetD3PCLK1Freq
                0x08005054       0x2c ./Drivers/STM32H7xx_HAL_Driver/Src/stm32h7xx_hal_rcc_ex.o
                0x08005054                HAL_RCCEx_GetD3PCLK1Freq
 .text.HAL_RCCEx_GetPLL2ClockFreq
                0x08005080      0x2a8 ./Drivers/STM32H7xx_HAL_Driver/Src/stm32h7xx_hal_rcc_ex.o
                0x08005080                HAL_RCCEx_GetPLL2ClockFreq
 .text.HAL_RCCEx_GetPLL3ClockFreq
                0x08005328      0x2a8 ./Drivers/STM32H7xx_HAL_Driver/Src/stm32h7xx_hal_rcc_ex.o
                0x08005328                HAL_RCCEx_GetPLL3ClockFreq
 .text.HAL_RCCEx_GetPLL1ClockFreq
                0x080055d0      0x2a4 ./Drivers/STM32H7xx_HAL_Driver/Src/stm32h7xx_hal_rcc_ex.o
                0x080055d0                HAL_RCCEx_GetPLL1ClockFreq
 .text.RCCEx_PLL2_Config
                0x08005874      0x164 ./Drivers/STM32H7xx_HAL_Driver/Src/stm32h7xx_hal_rcc_ex.o
 .text.RCCEx_PLL3_Config
                0x080059d8      0x164 ./Drivers/STM32H7xx_HAL_Driver/Src/stm32h7xx_hal_rcc_ex.o
 .text.HAL_SD_Init
                0x08005b3c      0x106 ./Drivers/STM32H7xx_HAL_Driver/Src/stm32h7xx_hal_sd.o
                0x08005b3c                HAL_SD_Init
 *fill*         0x08005c42        0x2 
 .text.HAL_SD_InitCard
                0x08005c44      0x138 ./Drivers/STM32H7xx_HAL_Driver/Src/stm32h7xx_hal_sd.o
                0x08005c44                HAL_SD_InitCard
 .text.HAL_SD_IRQHandler
                0x08005d7c      0x370 ./Drivers/STM32H7xx_HAL_Driver/Src/stm32h7xx_hal_sd.o
                0x08005d7c                HAL_SD_IRQHandler
 .text.HAL_SD_TxCpltCallback
                0x080060ec       0x14 ./Drivers/STM32H7xx_HAL_Driver/Src/stm32h7xx_hal_sd.o
                0x080060ec                HAL_SD_TxCpltCallback
 .text.HAL_SD_RxCpltCallback
                0x08006100       0x14 ./Drivers/STM32H7xx_HAL_Driver/Src/stm32h7xx_hal_sd.o
                0x08006100                HAL_SD_RxCpltCallback
 .text.HAL_SD_ErrorCallback
                0x08006114       0x14 ./Drivers/STM32H7xx_HAL_Driver/Src/stm32h7xx_hal_sd.o
                0x08006114                HAL_SD_ErrorCallback
 .text.HAL_SD_GetCardCSD
                0x08006128      0x348 ./Drivers/STM32H7xx_HAL_Driver/Src/stm32h7xx_hal_sd.o
                0x08006128                HAL_SD_GetCardCSD
 .text.HAL_SD_GetCardStatus
                0x08006470      0x17c ./Drivers/STM32H7xx_HAL_Driver/Src/stm32h7xx_hal_sd.o
                0x08006470                HAL_SD_GetCardStatus
 .text.HAL_SD_ConfigWideBusOperation
                0x080065ec      0x224 ./Drivers/STM32H7xx_HAL_Driver/Src/stm32h7xx_hal_sd.o
                0x080065ec                HAL_SD_ConfigWideBusOperation
 .text.HAL_SD_GetCardState
                0x08006810       0x40 ./Drivers/STM32H7xx_HAL_Driver/Src/stm32h7xx_hal_sd.o
                0x08006810                HAL_SD_GetCardState
 .text.SD_InitCard
                0x08006850      0x19c ./Drivers/STM32H7xx_HAL_Driver/Src/stm32h7xx_hal_sd.o
 .text.SD_PowerON
                0x080069ec      0x11c ./Drivers/STM32H7xx_HAL_Driver/Src/stm32h7xx_hal_sd.o
 .text.SD_SendSDStatus
                0x08006b08      0x1a0 ./Drivers/STM32H7xx_HAL_Driver/Src/stm32h7xx_hal_sd.o
 .text.SD_SendStatus
                0x08006ca8       0x50 ./Drivers/STM32H7xx_HAL_Driver/Src/stm32h7xx_hal_sd.o
 .text.SD_WideBus_Enable
                0x08006cf8       0x96 ./Drivers/STM32H7xx_HAL_Driver/Src/stm32h7xx_hal_sd.o
 .text.SD_WideBus_Disable
                0x08006d8e       0x96 ./Drivers/STM32H7xx_HAL_Driver/Src/stm32h7xx_hal_sd.o
 .text.SD_FindSCR
                0x08006e24      0x1a0 ./Drivers/STM32H7xx_HAL_Driver/Src/stm32h7xx_hal_sd.o
 .text.SD_Read_IT
                0x08006fc4       0x8c ./Drivers/STM32H7xx_HAL_Driver/Src/stm32h7xx_hal_sd.o
 .text.SD_Write_IT
                0x08007050       0x94 ./Drivers/STM32H7xx_HAL_Driver/Src/stm32h7xx_hal_sd.o
 .text.HAL_SDEx_Read_DMADoubleBuf0CpltCallback
                0x080070e4       0x14 ./Drivers/STM32H7xx_HAL_Driver/Src/stm32h7xx_hal_sd.o
                0x080070e4                HAL_SDEx_Read_DMADoubleBuf0CpltCallback
 .text.HAL_SDEx_Read_DMADoubleBuf1CpltCallback
                0x080070f8       0x14 ./Drivers/STM32H7xx_HAL_Driver/Src/stm32h7xx_hal_sd.o
                0x080070f8                HAL_SDEx_Read_DMADoubleBuf1CpltCallback
 .text.HAL_SDEx_Write_DMADoubleBuf0CpltCallback
                0x0800710c       0x14 ./Drivers/STM32H7xx_HAL_Driver/Src/stm32h7xx_hal_sd.o
                0x0800710c                HAL_SDEx_Write_DMADoubleBuf0CpltCallback
 .text.HAL_SDEx_Write_DMADoubleBuf1CpltCallback
                0x08007120       0x14 ./Drivers/STM32H7xx_HAL_Driver/Src/stm32h7xx_hal_sd.o
                0x08007120                HAL_SDEx_Write_DMADoubleBuf1CpltCallback
 .text.SDMMC_Init
                0x08007134       0x54 ./Drivers/STM32H7xx_HAL_Driver/Src/stm32h7xx_ll_sdmmc.o
                0x08007134                SDMMC_Init
 .text.SDMMC_ReadFIFO
                0x08007188       0x1a ./Drivers/STM32H7xx_HAL_Driver/Src/stm32h7xx_ll_sdmmc.o
                0x08007188                SDMMC_ReadFIFO
 .text.SDMMC_WriteFIFO
                0x080071a2       0x22 ./Drivers/STM32H7xx_HAL_Driver/Src/stm32h7xx_ll_sdmmc.o
                0x080071a2                SDMMC_WriteFIFO
 .text.SDMMC_PowerState_ON
                0x080071c4       0x22 ./Drivers/STM32H7xx_HAL_Driver/Src/stm32h7xx_ll_sdmmc.o
                0x080071c4                SDMMC_PowerState_ON
 .text.SDMMC_GetPowerState
                0x080071e6       0x1c ./Drivers/STM32H7xx_HAL_Driver/Src/stm32h7xx_ll_sdmmc.o
                0x080071e6                SDMMC_GetPowerState
 *fill*         0x08007202        0x2 
 .text.SDMMC_SendCommand
                0x08007204       0x54 ./Drivers/STM32H7xx_HAL_Driver/Src/stm32h7xx_ll_sdmmc.o
                0x08007204                SDMMC_SendCommand
 .text.SDMMC_GetCommandResponse
                0x08007258       0x1a ./Drivers/STM32H7xx_HAL_Driver/Src/stm32h7xx_ll_sdmmc.o
                0x08007258                SDMMC_GetCommandResponse
 .text.SDMMC_GetResponse
                0x08007272       0x26 ./Drivers/STM32H7xx_HAL_Driver/Src/stm32h7xx_ll_sdmmc.o
                0x08007272                SDMMC_GetResponse
 .text.SDMMC_ConfigData
                0x08007298       0x58 ./Drivers/STM32H7xx_HAL_Driver/Src/stm32h7xx_ll_sdmmc.o
                0x08007298                SDMMC_ConfigData
 .text.SDMMC_CmdBlockLength
                0x080072f0       0x46 ./Drivers/STM32H7xx_HAL_Driver/Src/stm32h7xx_ll_sdmmc.o
                0x080072f0                SDMMC_CmdBlockLength
 *fill*         0x08007336        0x2 
 .text.SDMMC_CmdStopTransfer
                0x08007338       0x78 ./Drivers/STM32H7xx_HAL_Driver/Src/stm32h7xx_ll_sdmmc.o
                0x08007338                SDMMC_CmdStopTransfer
 .text.SDMMC_CmdSelDesel
                0x080073b0       0x46 ./Drivers/STM32H7xx_HAL_Driver/Src/stm32h7xx_ll_sdmmc.o
                0x080073b0                SDMMC_CmdSelDesel
 .text.SDMMC_CmdGoIdleState
                0x080073f6       0x3c ./Drivers/STM32H7xx_HAL_Driver/Src/stm32h7xx_ll_sdmmc.o
                0x080073f6                SDMMC_CmdGoIdleState
 .text.SDMMC_CmdOperCond
                0x08007432       0x40 ./Drivers/STM32H7xx_HAL_Driver/Src/stm32h7xx_ll_sdmmc.o
                0x08007432                SDMMC_CmdOperCond
 .text.SDMMC_CmdAppCommand
                0x08007472       0x46 ./Drivers/STM32H7xx_HAL_Driver/Src/stm32h7xx_ll_sdmmc.o
                0x08007472                SDMMC_CmdAppCommand
 .text.SDMMC_CmdAppOperCommand
                0x080074b8       0x40 ./Drivers/STM32H7xx_HAL_Driver/Src/stm32h7xx_ll_sdmmc.o
                0x080074b8                SDMMC_CmdAppOperCommand
 .text.SDMMC_CmdBusWidth
                0x080074f8       0x46 ./Drivers/STM32H7xx_HAL_Driver/Src/stm32h7xx_ll_sdmmc.o
                0x080074f8                SDMMC_CmdBusWidth
 .text.SDMMC_CmdSendSCR
                0x0800753e       0x44 ./Drivers/STM32H7xx_HAL_Driver/Src/stm32h7xx_ll_sdmmc.o
                0x0800753e                SDMMC_CmdSendSCR
 .text.SDMMC_CmdSendCID
                0x08007582       0x3e ./Drivers/STM32H7xx_HAL_Driver/Src/stm32h7xx_ll_sdmmc.o
                0x08007582                SDMMC_CmdSendCID
 .text.SDMMC_CmdSendCSD
                0x080075c0       0x40 ./Drivers/STM32H7xx_HAL_Driver/Src/stm32h7xx_ll_sdmmc.o
                0x080075c0                SDMMC_CmdSendCSD
 .text.SDMMC_CmdSetRelAdd
                0x08007600       0x44 ./Drivers/STM32H7xx_HAL_Driver/Src/stm32h7xx_ll_sdmmc.o
                0x08007600                SDMMC_CmdSetRelAdd
 .text.SDMMC_CmdSendStatus
                0x08007644       0x46 ./Drivers/STM32H7xx_HAL_Driver/Src/stm32h7xx_ll_sdmmc.o
                0x08007644                SDMMC_CmdSendStatus
 .text.SDMMC_CmdStatusRegister
                0x0800768a       0x44 ./Drivers/STM32H7xx_HAL_Driver/Src/stm32h7xx_ll_sdmmc.o
                0x0800768a                SDMMC_CmdStatusRegister
 *fill*         0x080076ce        0x2 
 .text.SDMMC_GetCmdResp1
                0x080076d0      0x1e4 ./Drivers/STM32H7xx_HAL_Driver/Src/stm32h7xx_ll_sdmmc.o
                0x080076d0                SDMMC_GetCmdResp1
 .text.SDMMC_GetCmdResp2
                0x080078b4       0x94 ./Drivers/STM32H7xx_HAL_Driver/Src/stm32h7xx_ll_sdmmc.o
                0x080078b4                SDMMC_GetCmdResp2
 .text.SDMMC_GetCmdResp3
                0x08007948       0x80 ./Drivers/STM32H7xx_HAL_Driver/Src/stm32h7xx_ll_sdmmc.o
                0x08007948                SDMMC_GetCmdResp3
 .text.SDMMC_GetCmdResp6
                0x080079c8       0xf0 ./Drivers/STM32H7xx_HAL_Driver/Src/stm32h7xx_ll_sdmmc.o
                0x080079c8                SDMMC_GetCmdResp6
 .text.SDMMC_GetCmdResp7
                0x08007ab8       0x9c ./Drivers/STM32H7xx_HAL_Driver/Src/stm32h7xx_ll_sdmmc.o
                0x08007ab8                SDMMC_GetCmdResp7
 .text.SDMMC_GetCmdError
                0x08007b54       0x5c ./Drivers/STM32H7xx_HAL_Driver/Src/stm32h7xx_ll_sdmmc.o
 .text.USB_SetTurnaroundTime
                0x08007bb0      0x144 ./Drivers/STM32H7xx_HAL_Driver/Src/stm32h7xx_ll_usb.o
                0x08007bb0                USB_SetTurnaroundTime
 .text.USB_FlushTxFifo
                0x08007cf4       0x64 ./Drivers/STM32H7xx_HAL_Driver/Src/stm32h7xx_ll_usb.o
                0x08007cf4                USB_FlushTxFifo
 .text.USB_GetDevSpeed
                0x08007d58       0x4a ./Drivers/STM32H7xx_HAL_Driver/Src/stm32h7xx_ll_usb.o
                0x08007d58                USB_GetDevSpeed
 *fill*         0x08007da2        0x2 
 .text.USB_ActivateEndpoint
                0x08007da4      0x110 ./Drivers/STM32H7xx_HAL_Driver/Src/stm32h7xx_ll_usb.o
                0x08007da4                USB_ActivateEndpoint
 .text.USB_EPStartXfer
                0x08007eb4      0x548 ./Drivers/STM32H7xx_HAL_Driver/Src/stm32h7xx_ll_usb.o
                0x08007eb4                USB_EPStartXfer
 .text.USB_EPStopXfer
                0x080083fc      0x154 ./Drivers/STM32H7xx_HAL_Driver/Src/stm32h7xx_ll_usb.o
                0x080083fc                USB_EPStopXfer
 .text.USB_WritePacket
                0x08008550       0x7c ./Drivers/STM32H7xx_HAL_Driver/Src/stm32h7xx_ll_usb.o
                0x08008550                USB_WritePacket
 .text.USB_ReadPacket
                0x080085cc       0xb0 ./Drivers/STM32H7xx_HAL_Driver/Src/stm32h7xx_ll_usb.o
                0x080085cc                USB_ReadPacket
 .text.USB_EPSetStall
                0x0800867c       0xdc ./Drivers/STM32H7xx_HAL_Driver/Src/stm32h7xx_ll_usb.o
                0x0800867c                USB_EPSetStall
 .text.USB_EPClearStall
                0x08008758       0xcc ./Drivers/STM32H7xx_HAL_Driver/Src/stm32h7xx_ll_usb.o
                0x08008758                USB_EPClearStall
 .text.USB_SetDevAddress
                0x08008824       0x4c ./Drivers/STM32H7xx_HAL_Driver/Src/stm32h7xx_ll_usb.o
                0x08008824                USB_SetDevAddress
 .text.USB_ReadInterrupts
                0x08008870       0x26 ./Drivers/STM32H7xx_HAL_Driver/Src/stm32h7xx_ll_usb.o
                0x08008870                USB_ReadInterrupts
 .text.USB_ReadDevAllOutEpInterrupt
                0x08008896       0x34 ./Drivers/STM32H7xx_HAL_Driver/Src/stm32h7xx_ll_usb.o
                0x08008896                USB_ReadDevAllOutEpInterrupt
 .text.USB_ReadDevAllInEpInterrupt
                0x080088ca       0x34 ./Drivers/STM32H7xx_HAL_Driver/Src/stm32h7xx_ll_usb.o
                0x080088ca                USB_ReadDevAllInEpInterrupt
 .text.USB_ReadDevOutEPInterrupt
                0x080088fe       0x3c ./Drivers/STM32H7xx_HAL_Driver/Src/stm32h7xx_ll_usb.o
                0x080088fe                USB_ReadDevOutEPInterrupt
 .text.USB_ReadDevInEPInterrupt
                0x0800893a       0x5c ./Drivers/STM32H7xx_HAL_Driver/Src/stm32h7xx_ll_usb.o
                0x0800893a                USB_ReadDevInEPInterrupt
 .text.USB_GetMode
                0x08008996       0x1c ./Drivers/STM32H7xx_HAL_Driver/Src/stm32h7xx_ll_usb.o
                0x08008996                USB_GetMode
 *fill*         0x080089b2        0x2 
 .text.USB_ActivateSetup
                0x080089b4       0x48 ./Drivers/STM32H7xx_HAL_Driver/Src/stm32h7xx_ll_usb.o
                0x080089b4                USB_ActivateSetup
 .text.USB_EP0_OutStart
                0x080089fc       0xbc ./Drivers/STM32H7xx_HAL_Driver/Src/stm32h7xx_ll_usb.o
                0x080089fc                USB_EP0_OutStart
 .text.USBD_RunTestMode
                0x08008ab8       0x16 ./Middlewares/ST/STM32_USB_Device_Library/Core/Src/usbd_core.o
                0x08008ab8                USBD_RunTestMode
 .text.USBD_SetClassConfig
                0x08008ace       0x38 ./Middlewares/ST/STM32_USB_Device_Library/Core/Src/usbd_core.o
                0x08008ace                USBD_SetClassConfig
 .text.USBD_ClrClassConfig
                0x08008b06       0x34 ./Middlewares/ST/STM32_USB_Device_Library/Core/Src/usbd_core.o
                0x08008b06                USBD_ClrClassConfig
 .text.USBD_LL_SetupStage
                0x08008b3a       0xaa ./Middlewares/ST/STM32_USB_Device_Library/Core/Src/usbd_core.o
                0x08008b3a                USBD_LL_SetupStage
 .text.USBD_LL_DataOutStage
                0x08008be4      0x166 ./Middlewares/ST/STM32_USB_Device_Library/Core/Src/usbd_core.o
                0x08008be4                USBD_LL_DataOutStage
 .text.USBD_LL_DataInStage
                0x08008d4a      0x164 ./Middlewares/ST/STM32_USB_Device_Library/Core/Src/usbd_core.o
                0x08008d4a                USBD_LL_DataInStage
 .text.USBD_LL_Reset
                0x08008eae       0xa4 ./Middlewares/ST/STM32_USB_Device_Library/Core/Src/usbd_core.o
                0x08008eae                USBD_LL_Reset
 .text.USBD_LL_SetSpeed
                0x08008f52       0x20 ./Middlewares/ST/STM32_USB_Device_Library/Core/Src/usbd_core.o
                0x08008f52                USBD_LL_SetSpeed
 .text.USBD_LL_Suspend
                0x08008f72       0x38 ./Middlewares/ST/STM32_USB_Device_Library/Core/Src/usbd_core.o
                0x08008f72                USBD_LL_Suspend
 .text.USBD_LL_Resume
                0x08008faa       0x30 ./Middlewares/ST/STM32_USB_Device_Library/Core/Src/usbd_core.o
                0x08008faa                USBD_LL_Resume
 .text.USBD_LL_SOF
                0x08008fda       0x40 ./Middlewares/ST/STM32_USB_Device_Library/Core/Src/usbd_core.o
                0x08008fda                USBD_LL_SOF
 .text.USBD_LL_IsoINIncomplete
                0x0800901a       0x64 ./Middlewares/ST/STM32_USB_Device_Library/Core/Src/usbd_core.o
                0x0800901a                USBD_LL_IsoINIncomplete
 .text.USBD_LL_IsoOUTIncomplete
                0x0800907e       0x64 ./Middlewares/ST/STM32_USB_Device_Library/Core/Src/usbd_core.o
                0x0800907e                USBD_LL_IsoOUTIncomplete
 .text.USBD_LL_DevConnected
                0x080090e2       0x16 ./Middlewares/ST/STM32_USB_Device_Library/Core/Src/usbd_core.o
                0x080090e2                USBD_LL_DevConnected
 .text.USBD_LL_DevDisconnected
                0x080090f8       0x46 ./Middlewares/ST/STM32_USB_Device_Library/Core/Src/usbd_core.o
                0x080090f8                USBD_LL_DevDisconnected
 .text.USBD_CoreFindIF
                0x0800913e       0x1a ./Middlewares/ST/STM32_USB_Device_Library/Core/Src/usbd_core.o
                0x0800913e                USBD_CoreFindIF
 .text.USBD_CoreFindEP
                0x08009158       0x1a ./Middlewares/ST/STM32_USB_Device_Library/Core/Src/usbd_core.o
                0x08009158                USBD_CoreFindEP
 .text.SWAPBYTE
                0x08009172       0x3e ./Middlewares/ST/STM32_USB_Device_Library/Core/Src/usbd_ctlreq.o
 .text.USBD_StdDevReq
                0x080091b0       0xe4 ./Middlewares/ST/STM32_USB_Device_Library/Core/Src/usbd_ctlreq.o
                0x080091b0                USBD_StdDevReq
 .text.USBD_StdItfReq
                0x08009294       0xd8 ./Middlewares/ST/STM32_USB_Device_Library/Core/Src/usbd_ctlreq.o
                0x08009294                USBD_StdItfReq
 .text.USBD_StdEPReq
                0x0800936c      0x33a ./Middlewares/ST/STM32_USB_Device_Library/Core/Src/usbd_ctlreq.o
                0x0800936c                USBD_StdEPReq
 *fill*         0x080096a6        0x2 
 .text.USBD_GetDescriptor
                0x080096a8      0x328 ./Middlewares/ST/STM32_USB_Device_Library/Core/Src/usbd_ctlreq.o
 .text.USBD_SetAddress
                0x080099d0       0x88 ./Middlewares/ST/STM32_USB_Device_Library/Core/Src/usbd_ctlreq.o
 .text.USBD_SetConfig
                0x08009a58      0x154 ./Middlewares/ST/STM32_USB_Device_Library/Core/Src/usbd_ctlreq.o
 .text.USBD_GetConfig
                0x08009bac       0x6c ./Middlewares/ST/STM32_USB_Device_Library/Core/Src/usbd_ctlreq.o
 .text.USBD_GetStatus
                0x08009c18       0x68 ./Middlewares/ST/STM32_USB_Device_Library/Core/Src/usbd_ctlreq.o
 .text.USBD_SetFeature
                0x08009c80       0x52 ./Middlewares/ST/STM32_USB_Device_Library/Core/Src/usbd_ctlreq.o
 .text.USBD_ClrFeature
                0x08009cd2       0x44 ./Middlewares/ST/STM32_USB_Device_Library/Core/Src/usbd_ctlreq.o
 .text.USBD_ParseSetupRequest
                0x08009d16       0x74 ./Middlewares/ST/STM32_USB_Device_Library/Core/Src/usbd_ctlreq.o
                0x08009d16                USBD_ParseSetupRequest
 .text.USBD_CtlError
                0x08009d8a       0x22 ./Middlewares/ST/STM32_USB_Device_Library/Core/Src/usbd_ctlreq.o
                0x08009d8a                USBD_CtlError
 .text.USBD_CtlSendData
                0x08009dac       0x36 ./Middlewares/ST/STM32_USB_Device_Library/Core/Src/usbd_ioreq.o
                0x08009dac                USBD_CtlSendData
 .text.USBD_CtlContinueSendData
                0x08009de2       0x22 ./Middlewares/ST/STM32_USB_Device_Library/Core/Src/usbd_ioreq.o
                0x08009de2                USBD_CtlContinueSendData
 .text.USBD_CtlContinueRx
                0x08009e04       0x22 ./Middlewares/ST/STM32_USB_Device_Library/Core/Src/usbd_ioreq.o
                0x08009e04                USBD_CtlContinueRx
 .text.USBD_CtlSendStatus
                0x08009e26       0x26 ./Middlewares/ST/STM32_USB_Device_Library/Core/Src/usbd_ioreq.o
                0x08009e26                USBD_CtlSendStatus
 .text.USBD_CtlReceiveStatus
                0x08009e4c       0x26 ./Middlewares/ST/STM32_USB_Device_Library/Core/Src/usbd_ioreq.o
                0x08009e4c                USBD_CtlReceiveStatus
 .text.HAL_PCD_SetupStageCallback
                0x08009e72       0x24 ./USB_DEVICE/Target/usbd_conf.o
                0x08009e72                HAL_PCD_SetupStageCallback
 .text.HAL_PCD_DataOutStageCallback
                0x08009e96       0x36 ./USB_DEVICE/Target/usbd_conf.o
                0x08009e96                HAL_PCD_DataOutStageCallback
 .text.HAL_PCD_DataInStageCallback
                0x08009ecc       0x34 ./USB_DEVICE/Target/usbd_conf.o
                0x08009ecc                HAL_PCD_DataInStageCallback
 .text.HAL_PCD_SOFCallback
                0x08009f00       0x1c ./USB_DEVICE/Target/usbd_conf.o
                0x08009f00                HAL_PCD_SOFCallback
 .text.HAL_PCD_ResetCallback
                0x08009f1c       0x50 ./USB_DEVICE/Target/usbd_conf.o
                0x08009f1c                HAL_PCD_ResetCallback
 .text.HAL_PCD_SuspendCallback
                0x08009f6c       0x4c ./USB_DEVICE/Target/usbd_conf.o
                0x08009f6c                HAL_PCD_SuspendCallback
 .text.HAL_PCD_ResumeCallback
                0x08009fb8       0x1c ./USB_DEVICE/Target/usbd_conf.o
                0x08009fb8                HAL_PCD_ResumeCallback
 .text.HAL_PCD_ISOOUTIncompleteCallback
                0x08009fd4       0x24 ./USB_DEVICE/Target/usbd_conf.o
                0x08009fd4                HAL_PCD_ISOOUTIncompleteCallback
 .text.HAL_PCD_ISOINIncompleteCallback
                0x08009ff8       0x24 ./USB_DEVICE/Target/usbd_conf.o
                0x08009ff8                HAL_PCD_ISOINIncompleteCallback
 .text.HAL_PCD_ConnectCallback
                0x0800a01c       0x1c ./USB_DEVICE/Target/usbd_conf.o
                0x0800a01c                HAL_PCD_ConnectCallback
 .text.HAL_PCD_DisconnectCallback
                0x0800a038       0x1c ./USB_DEVICE/Target/usbd_conf.o
                0x0800a038                HAL_PCD_DisconnectCallback
 .text.USBD_LL_OpenEP
                0x0800a054       0x4c ./USB_DEVICE/Target/usbd_conf.o
                0x0800a054                USBD_LL_OpenEP
 .text.USBD_LL_StallEP
                0x0800a0a0       0x3e ./USB_DEVICE/Target/usbd_conf.o
                0x0800a0a0                USBD_LL_StallEP
 .text.USBD_LL_ClearStallEP
                0x0800a0de       0x3e ./USB_DEVICE/Target/usbd_conf.o
                0x0800a0de                USBD_LL_ClearStallEP
 .text.USBD_LL_IsStallEP
                0x0800a11c       0x58 ./USB_DEVICE/Target/usbd_conf.o
                0x0800a11c                USBD_LL_IsStallEP
 .text.USBD_LL_SetUSBAddress
                0x0800a174       0x3e ./USB_DEVICE/Target/usbd_conf.o
                0x0800a174                USBD_LL_SetUSBAddress
 .text.USBD_LL_Transmit
                0x0800a1b2       0x42 ./USB_DEVICE/Target/usbd_conf.o
                0x0800a1b2                USBD_LL_Transmit
 .text.USBD_LL_PrepareReceive
                0x0800a1f4       0x42 ./USB_DEVICE/Target/usbd_conf.o
                0x0800a1f4                USBD_LL_PrepareReceive
 *fill*         0x0800a236        0x2 
 .text.USBD_Get_USB_Status
                0x0800a238       0x58 ./USB_DEVICE/Target/usbd_conf.o
                0x0800a238                USBD_Get_USB_Status
 .text.memset   0x0800a290       0x10 C:/ST/STM32CubeIDE_1.18.0/STM32CubeIDE/plugins/com.st.stm32cube.ide.mcu.externaltools.gnu-tools-for-stm32.13.3.rel1.win32_1.0.0.202411081344/tools/bin/../lib/gcc/arm-none-eabi/13.3.1/../../../../arm-none-eabi/lib/thumb/v7e-m+dp/hard\libc_nano.a(libc_a-memset.o)
                0x0800a290                memset
 .text.__libc_init_array
                0x0800a2a0       0x48 C:/ST/STM32CubeIDE_1.18.0/STM32CubeIDE/plugins/com.st.stm32cube.ide.mcu.externaltools.gnu-tools-for-stm32.13.3.rel1.win32_1.0.0.202411081344/tools/bin/../lib/gcc/arm-none-eabi/13.3.1/../../../../arm-none-eabi/lib/thumb/v7e-m+dp/hard\libc_nano.a(libc_a-init.o)
                0x0800a2a0                __libc_init_array
 *(.glue_7)
 .glue_7        0x0800a2e8        0x0 linker stubs
 *(.glue_7t)
 .glue_7t       0x0800a2e8        0x0 linker stubs
 *(.eh_frame)
 .eh_frame      0x0800a2e8        0x0 C:/ST/STM32CubeIDE_1.18.0/STM32CubeIDE/plugins/com.st.stm32cube.ide.mcu.externaltools.gnu-tools-for-stm32.13.3.rel1.win32_1.0.0.202411081344/tools/bin/../lib/gcc/arm-none-eabi/13.3.1/thumb/v7e-m+dp/hard/crtbegin.o
 *(.init)
 .init          0x0800a2e8        0x4 C:/ST/STM32CubeIDE_1.18.0/STM32CubeIDE/plugins/com.st.stm32cube.ide.mcu.externaltools.gnu-tools-for-stm32.13.3.rel1.win32_1.0.0.202411081344/tools/bin/../lib/gcc/arm-none-eabi/13.3.1/thumb/v7e-m+dp/hard/crti.o
                0x0800a2e8                _init
 .init          0x0800a2ec        0x8 C:/ST/STM32CubeIDE_1.18.0/STM32CubeIDE/plugins/com.st.stm32cube.ide.mcu.externaltools.gnu-tools-for-stm32.13.3.rel1.win32_1.0.0.202411081344/tools/bin/../lib/gcc/arm-none-eabi/13.3.1/thumb/v7e-m+dp/hard/crtn.o
 *(.fini)
 .fini          0x0800a2f4        0x4 C:/ST/STM32CubeIDE_1.18.0/STM32CubeIDE/plugins/com.st.stm32cube.ide.mcu.externaltools.gnu-tools-for-stm32.13.3.rel1.win32_1.0.0.202411081344/tools/bin/../lib/gcc/arm-none-eabi/13.3.1/thumb/v7e-m+dp/hard/crti.o
                0x0800a2f4                _fini
 .fini          0x0800a2f8        0x8 C:/ST/STM32CubeIDE_1.18.0/STM32CubeIDE/plugins/com.st.stm32cube.ide.mcu.externaltools.gnu-tools-for-stm32.13.3.rel1.win32_1.0.0.202411081344/tools/bin/../lib/gcc/arm-none-eabi/13.3.1/thumb/v7e-m+dp/hard/crtn.o
                0x0800a300                        . = ALIGN (0x4)
                0x0800a300                        _etext = .

.vfp11_veneer   0x0800a300        0x0
 .vfp11_veneer  0x0800a300        0x0 linker stubs

.v4_bx          0x0800a300        0x0
 .v4_bx         0x0800a300        0x0 linker stubs

.iplt           0x0800a300        0x0
 .iplt          0x0800a300        0x0 C:/ST/STM32CubeIDE_1.18.0/STM32CubeIDE/plugins/com.st.stm32cube.ide.mcu.externaltools.gnu-tools-for-stm32.13.3.rel1.win32_1.0.0.202411081344/tools/bin/../lib/gcc/arm-none-eabi/13.3.1/thumb/v7e-m+dp/hard/crtbegin.o

.rodata         0x0800a300       0x10
                0x0800a300                        . = ALIGN (0x4)
 *(.rodata)
 *(.rodata*)
 .rodata.D1CorePrescTable
                0x0800a300       0x10 ./Core/Src/system_stm32h7xx.o
                0x0800a300                D1CorePrescTable
                0x0800a310                        . = ALIGN (0x4)

.ARM.extab
 *(.ARM.extab* .gnu.linkonce.armextab.*)

.ARM            0x0800a310        0x0
                0x0800a310                        __exidx_start = .
 *(.ARM.exidx*)
                0x0800a310                        __exidx_end = .

.preinit_array  0x0800a310        0x0
                0x0800a310                        PROVIDE (__preinit_array_start = .)
 *(.preinit_array*)
                0x0800a310                        PROVIDE (__preinit_array_end = .)

.init_array     0x0800a310        0x4
                0x0800a310                        PROVIDE (__init_array_start = .)
 *(SORT_BY_NAME(.init_array.*))
 *(.init_array*)
 .init_array    0x0800a310        0x4 C:/ST/STM32CubeIDE_1.18.0/STM32CubeIDE/plugins/com.st.stm32cube.ide.mcu.externaltools.gnu-tools-for-stm32.13.3.rel1.win32_1.0.0.202411081344/tools/bin/../lib/gcc/arm-none-eabi/13.3.1/thumb/v7e-m+dp/hard/crtbegin.o
                0x0800a314                        PROVIDE (__init_array_end = .)

.fini_array     0x0800a314        0x4
                [!provide]                        PROVIDE (__fini_array_start = .)
 *(SORT_BY_NAME(.fini_array.*))
 *(.fini_array*)
 .fini_array    0x0800a314        0x4 C:/ST/STM32CubeIDE_1.18.0/STM32CubeIDE/plugins/com.st.stm32cube.ide.mcu.externaltools.gnu-tools-for-stm32.13.3.rel1.win32_1.0.0.202411081344/tools/bin/../lib/gcc/arm-none-eabi/13.3.1/thumb/v7e-m+dp/hard/crtbegin.o
                [!provide]                        PROVIDE (__fini_array_end = .)
                0x0800a318                        _sidata = LOADADDR (.data)

.rel.dyn        0x0800a318        0x0
 .rel.iplt      0x0800a318        0x0 C:/ST/STM32CubeIDE_1.18.0/STM32CubeIDE/plugins/com.st.stm32cube.ide.mcu.externaltools.gnu-tools-for-stm32.13.3.rel1.win32_1.0.0.202411081344/tools/bin/../lib/gcc/arm-none-eabi/13.3.1/thumb/v7e-m+dp/hard/crtbegin.o

.data           0x24000000       0x10 load address 0x0800a318
                0x24000000                        . = ALIGN (0x4)
                0x24000000                        _sdata = .
 *(.data)
 *(.data*)
 .data.SystemCoreClock
                0x24000000        0x4 ./Core/Src/system_stm32h7xx.o
                0x24000000                SystemCoreClock
 .data.SystemD2Clock
                0x24000004        0x4 ./Core/Src/system_stm32h7xx.o
                0x24000004                SystemD2Clock
 .data.uwTickPrio
                0x24000008        0x4 ./Drivers/STM32H7xx_HAL_Driver/Src/stm32h7xx_hal.o
                0x24000008                uwTickPrio
 .data.uwTickFreq
                0x2400000c        0x1 ./Drivers/STM32H7xx_HAL_Driver/Src/stm32h7xx_hal.o
                0x2400000c                uwTickFreq
 *(.RamFunc)
 *(.RamFunc*)
                0x24000010                        . = ALIGN (0x4)
 *fill*         0x2400000d        0x3 
                0x24000010                        _edata = .

.igot.plt       0x24000010        0x0 load address 0x0800a328
 .igot.plt      0x24000010        0x0 C:/ST/STM32CubeIDE_1.18.0/STM32CubeIDE/plugins/com.st.stm32cube.ide.mcu.externaltools.gnu-tools-for-stm32.13.3.rel1.win32_1.0.0.202411081344/tools/bin/../lib/gcc/arm-none-eabi/13.3.1/thumb/v7e-m+dp/hard/crtbegin.o
                0x24000010                        . = ALIGN (0x4)

.bss            0x24000010      0x584 load address 0x0800a328
                0x24000010                        _sbss = .
                0x24000010                        __bss_start__ = _sbss
 *(.bss)
 .bss           0x24000010       0x1c C:/ST/STM32CubeIDE_1.18.0/STM32CubeIDE/plugins/com.st.stm32cube.ide.mcu.externaltools.gnu-tools-for-stm32.13.3.rel1.win32_1.0.0.202411081344/tools/bin/../lib/gcc/arm-none-eabi/13.3.1/thumb/v7e-m+dp/hard/crtbegin.o
 *(.bss*)
 .bss.hsd1      0x2400002c       0x7c ./Core/Src/sdmmc.o
                0x2400002c                hsd1
 .bss.uwTick    0x240000a8        0x4 ./Drivers/STM32H7xx_HAL_Driver/Src/stm32h7xx_hal.o
                0x240000a8                uwTick
 .bss.cfgidx.0  0x240000ac        0x1 ./Middlewares/ST/STM32_USB_Device_Library/Core/Src/usbd_ctlreq.o
 *fill*         0x240000ad        0x3 
 .bss.hpcd_USB_OTG_FS
                0x240000b0      0x4e4 ./USB_DEVICE/Target/usbd_conf.o
                0x240000b0                hpcd_USB_OTG_FS
 *(COMMON)
                0x24000594                        . = ALIGN (0x4)
                0x24000594                        _ebss = .
                0x24000594                        __bss_end__ = _ebss

._user_heap_stack
                0x24000594     0x4004 load address 0x0800a328
                0x24000598                        . = ALIGN (0x8)
 *fill*         0x24000594        0x4 
                [!provide]                        PROVIDE (end = .)
                0x24000598                        PROVIDE (_end = .)
                0x24002598                        . = (. + _Min_Heap_Size)
 *fill*         0x24000598     0x2000 
                0x24004598                        . = (. + _Min_Stack_Size)
 *fill*         0x24002598     0x2000 
                0x24004598                        . = ALIGN (0x8)

/DISCARD/
 libc.a(*)
 libm.a(*)
 libgcc.a(*)

.ARM.attributes
                0x00000000       0x2e
 *(.ARM.attributes)
 .ARM.attributes
                0x00000000       0x20 C:/ST/STM32CubeIDE_1.18.0/STM32CubeIDE/plugins/com.st.stm32cube.ide.mcu.externaltools.gnu-tools-for-stm32.13.3.rel1.win32_1.0.0.202411081344/tools/bin/../lib/gcc/arm-none-eabi/13.3.1/thumb/v7e-m+dp/hard/crti.o
 .ARM.attributes
                0x00000020       0x32 C:/ST/STM32CubeIDE_1.18.0/STM32CubeIDE/plugins/com.st.stm32cube.ide.mcu.externaltools.gnu-tools-for-stm32.13.3.rel1.win32_1.0.0.202411081344/tools/bin/../lib/gcc/arm-none-eabi/13.3.1/thumb/v7e-m+dp/hard/crtbegin.o
 .ARM.attributes
                0x00000052       0x32 ./Core/Src/gpio.o
 .ARM.attributes
                0x00000084       0x32 ./Core/Src/main.o
 .ARM.attributes
                0x000000b6       0x32 ./Core/Src/sdmmc.o
 .ARM.attributes
                0x000000e8       0x32 ./Core/Src/stm32h7xx_hal_msp.o
 .ARM.attributes
                0x0000011a       0x32 ./Core/Src/stm32h7xx_it.o
 .ARM.attributes
                0x0000014c       0x32 ./Core/Src/system_stm32h7xx.o
 .ARM.attributes
                0x0000017e       0x21 ./Core/Startup/startup_stm32h743vitx.o
 .ARM.attributes
                0x0000019f       0x32 ./Drivers/STM32H7xx_HAL_Driver/Src/stm32h7xx_hal.o
 .ARM.attributes
                0x000001d1       0x32 ./Drivers/STM32H7xx_HAL_Driver/Src/stm32h7xx_hal_cortex.o
 .ARM.attributes
                0x00000203       0x32 ./Drivers/STM32H7xx_HAL_Driver/Src/stm32h7xx_hal_gpio.o
 .ARM.attributes
                0x00000235       0x32 ./Drivers/STM32H7xx_HAL_Driver/Src/stm32h7xx_hal_pcd.o
 .ARM.attributes
                0x00000267       0x32 ./Drivers/STM32H7xx_HAL_Driver/Src/stm32h7xx_hal_pcd_ex.o
 .ARM.attributes
                0x00000299       0x32 ./Drivers/STM32H7xx_HAL_Driver/Src/stm32h7xx_hal_pwr_ex.o
 .ARM.attributes
                0x000002cb       0x32 ./Drivers/STM32H7xx_HAL_Driver/Src/stm32h7xx_hal_rcc.o
 .ARM.attributes
                0x000002fd       0x32 ./Drivers/STM32H7xx_HAL_Driver/Src/stm32h7xx_hal_rcc_ex.o
 .ARM.attributes
                0x0000032f       0x32 ./Drivers/STM32H7xx_HAL_Driver/Src/stm32h7xx_hal_sd.o
 .ARM.attributes
                0x00000361       0x32 ./Drivers/STM32H7xx_HAL_Driver/Src/stm32h7xx_ll_sdmmc.o
 .ARM.attributes
                0x00000393       0x32 ./Drivers/STM32H7xx_HAL_Driver/Src/stm32h7xx_ll_usb.o
 .ARM.attributes
                0x000003c5       0x32 ./Middlewares/ST/STM32_USB_Device_Library/Core/Src/usbd_core.o
 .ARM.attributes
                0x000003f7       0x32 ./Middlewares/ST/STM32_USB_Device_Library/Core/Src/usbd_ctlreq.o
 .ARM.attributes
                0x00000429       0x32 ./Middlewares/ST/STM32_USB_Device_Library/Core/Src/usbd_ioreq.o
 .ARM.attributes
                0x0000045b       0x32 ./USB_DEVICE/Target/usbd_conf.o
 .ARM.attributes
                0x0000048d       0x32 C:/ST/STM32CubeIDE_1.18.0/STM32CubeIDE/plugins/com.st.stm32cube.ide.mcu.externaltools.gnu-tools-for-stm32.13.3.rel1.win32_1.0.0.202411081344/tools/bin/../lib/gcc/arm-none-eabi/13.3.1/../../../../arm-none-eabi/lib/thumb/v7e-m+dp/hard\libc_nano.a(libc_a-memset.o)
 .ARM.attributes
                0x000004bf       0x32 C:/ST/STM32CubeIDE_1.18.0/STM32CubeIDE/plugins/com.st.stm32cube.ide.mcu.externaltools.gnu-tools-for-stm32.13.3.rel1.win32_1.0.0.202411081344/tools/bin/../lib/gcc/arm-none-eabi/13.3.1/../../../../arm-none-eabi/lib/thumb/v7e-m+dp/hard\libc_nano.a(libc_a-init.o)
 .ARM.attributes
                0x000004f1       0x20 C:/ST/STM32CubeIDE_1.18.0/STM32CubeIDE/plugins/com.st.stm32cube.ide.mcu.externaltools.gnu-tools-for-stm32.13.3.rel1.win32_1.0.0.202411081344/tools/bin/../lib/gcc/arm-none-eabi/13.3.1/thumb/v7e-m+dp/hard/crtn.o
OUTPUT(04-SD_Test.elf elf32-littlearm)
LOAD linker stubs
LOAD C:/ST/STM32CubeIDE_1.18.0/STM32CubeIDE/plugins/com.st.stm32cube.ide.mcu.externaltools.gnu-tools-for-stm32.13.3.rel1.win32_1.0.0.202411081344/tools/bin/../lib/gcc/arm-none-eabi/13.3.1/../../../../arm-none-eabi/lib/thumb/v7e-m+dp/hard\libc.a
LOAD C:/ST/STM32CubeIDE_1.18.0/STM32CubeIDE/plugins/com.st.stm32cube.ide.mcu.externaltools.gnu-tools-for-stm32.13.3.rel1.win32_1.0.0.202411081344/tools/bin/../lib/gcc/arm-none-eabi/13.3.1/../../../../arm-none-eabi/lib/thumb/v7e-m+dp/hard\libm.a
LOAD C:/ST/STM32CubeIDE_1.18.0/STM32CubeIDE/plugins/com.st.stm32cube.ide.mcu.externaltools.gnu-tools-for-stm32.13.3.rel1.win32_1.0.0.202411081344/tools/bin/../lib/gcc/arm-none-eabi/13.3.1/thumb/v7e-m+dp/hard\libgcc.a

.debug_info     0x00000000    0x14a85
 .debug_info    0x00000000      0x650 ./Core/Src/gpio.o
 .debug_info    0x00000650      0x5d2 ./Core/Src/main.o
 .debug_info    0x00000c22     0x11b1 ./Core/Src/sdmmc.o
 .debug_info    0x00001dd3      0x464 ./Core/Src/stm32h7xx_hal_msp.o
 .debug_info    0x00002237      0xa82 ./Core/Src/stm32h7xx_it.o
 .debug_info    0x00002cb9      0xdb2 ./Core/Src/system_stm32h7xx.o
 .debug_info    0x00003a6b       0x30 ./Core/Startup/startup_stm32h743vitx.o
 .debug_info    0x00003a9b     0x153b ./Drivers/STM32H7xx_HAL_Driver/Src/stm32h7xx_hal.o
 .debug_info    0x00004fd6     0x10b1 ./Drivers/STM32H7xx_HAL_Driver/Src/stm32h7xx_hal_cortex.o
 .debug_info    0x00006087      0xc5a ./Drivers/STM32H7xx_HAL_Driver/Src/stm32h7xx_hal_gpio.o
 .debug_info    0x00006ce1     0x1561 ./Drivers/STM32H7xx_HAL_Driver/Src/stm32h7xx_hal_pcd.o
 .debug_info    0x00008242      0x8b3 ./Drivers/STM32H7xx_HAL_Driver/Src/stm32h7xx_hal_pcd_ex.o
 .debug_info    0x00008af5     0x1012 ./Drivers/STM32H7xx_HAL_Driver/Src/stm32h7xx_hal_pwr_ex.o
 .debug_info    0x00009b07      0xe6a ./Drivers/STM32H7xx_HAL_Driver/Src/stm32h7xx_hal_rcc.o
 .debug_info    0x0000a971     0x1225 ./Drivers/STM32H7xx_HAL_Driver/Src/stm32h7xx_hal_rcc_ex.o
 .debug_info    0x0000bb96     0x1a93 ./Drivers/STM32H7xx_HAL_Driver/Src/stm32h7xx_hal_sd.o
 .debug_info    0x0000d629     0x142c ./Drivers/STM32H7xx_HAL_Driver/Src/stm32h7xx_ll_sdmmc.o
 .debug_info    0x0000ea55     0x1a1e ./Drivers/STM32H7xx_HAL_Driver/Src/stm32h7xx_ll_usb.o
 .debug_info    0x00010473      0xe20 ./Middlewares/ST/STM32_USB_Device_Library/Core/Src/usbd_core.o
 .debug_info    0x00011293      0xaf9 ./Middlewares/ST/STM32_USB_Device_Library/Core/Src/usbd_ctlreq.o
 .debug_info    0x00011d8c      0x770 ./Middlewares/ST/STM32_USB_Device_Library/Core/Src/usbd_ioreq.o
 .debug_info    0x000124fc     0x2589 ./USB_DEVICE/Target/usbd_conf.o

.debug_abbrev   0x00000000     0x2f8f
 .debug_abbrev  0x00000000      0x189 ./Core/Src/gpio.o
 .debug_abbrev  0x00000189      0x205 ./Core/Src/main.o
 .debug_abbrev  0x0000038e      0x20e ./Core/Src/sdmmc.o
 .debug_abbrev  0x0000059c       0xdb ./Core/Src/stm32h7xx_hal_msp.o
 .debug_abbrev  0x00000677      0x1b1 ./Core/Src/stm32h7xx_it.o
 .debug_abbrev  0x00000828      0x165 ./Core/Src/system_stm32h7xx.o
 .debug_abbrev  0x0000098d       0x24 ./Core/Startup/startup_stm32h743vitx.o
 .debug_abbrev  0x000009b1      0x295 ./Drivers/STM32H7xx_HAL_Driver/Src/stm32h7xx_hal.o
 .debug_abbrev  0x00000c46      0x339 ./Drivers/STM32H7xx_HAL_Driver/Src/stm32h7xx_hal_cortex.o
 .debug_abbrev  0x00000f7f      0x205 ./Drivers/STM32H7xx_HAL_Driver/Src/stm32h7xx_hal_gpio.o
 .debug_abbrev  0x00001184      0x2dc ./Drivers/STM32H7xx_HAL_Driver/Src/stm32h7xx_hal_pcd.o
 .debug_abbrev  0x00001460      0x256 ./Drivers/STM32H7xx_HAL_Driver/Src/stm32h7xx_hal_pcd_ex.o
 .debug_abbrev  0x000016b6      0x2a7 ./Drivers/STM32H7xx_HAL_Driver/Src/stm32h7xx_hal_pwr_ex.o
 .debug_abbrev  0x0000195d      0x2c8 ./Drivers/STM32H7xx_HAL_Driver/Src/stm32h7xx_hal_rcc.o
 .debug_abbrev  0x00001c25      0x269 ./Drivers/STM32H7xx_HAL_Driver/Src/stm32h7xx_hal_rcc_ex.o
 .debug_abbrev  0x00001e8e      0x26b ./Drivers/STM32H7xx_HAL_Driver/Src/stm32h7xx_hal_sd.o
 .debug_abbrev  0x000020f9      0x206 ./Drivers/STM32H7xx_HAL_Driver/Src/stm32h7xx_ll_sdmmc.o
 .debug_abbrev  0x000022ff      0x2b3 ./Drivers/STM32H7xx_HAL_Driver/Src/stm32h7xx_ll_usb.o
 .debug_abbrev  0x000025b2      0x27c ./Middlewares/ST/STM32_USB_Device_Library/Core/Src/usbd_core.o
 .debug_abbrev  0x0000282e      0x26f ./Middlewares/ST/STM32_USB_Device_Library/Core/Src/usbd_ctlreq.o
 .debug_abbrev  0x00002a9d      0x19a ./Middlewares/ST/STM32_USB_Device_Library/Core/Src/usbd_ioreq.o
 .debug_abbrev  0x00002c37      0x358 ./USB_DEVICE/Target/usbd_conf.o

.debug_aranges  0x00000000     0x10a8
 .debug_aranges
                0x00000000       0x20 ./Core/Src/gpio.o
 .debug_aranges
                0x00000020       0x30 ./Core/Src/main.o
 .debug_aranges
                0x00000050       0x30 ./Core/Src/sdmmc.o
 .debug_aranges
                0x00000080       0x20 ./Core/Src/stm32h7xx_hal_msp.o
 .debug_aranges
                0x000000a0       0x70 ./Core/Src/stm32h7xx_it.o
 .debug_aranges
                0x00000110       0x30 ./Core/Src/system_stm32h7xx.o
 .debug_aranges
                0x00000140       0x28 ./Core/Startup/startup_stm32h743vitx.o
 .debug_aranges
                0x00000168      0x198 ./Drivers/STM32H7xx_HAL_Driver/Src/stm32h7xx_hal.o
 .debug_aranges
                0x00000300      0x130 ./Drivers/STM32H7xx_HAL_Driver/Src/stm32h7xx_hal_cortex.o
 .debug_aranges
                0x00000430       0x58 ./Drivers/STM32H7xx_HAL_Driver/Src/stm32h7xx_hal_gpio.o
 .debug_aranges
                0x00000488      0x140 ./Drivers/STM32H7xx_HAL_Driver/Src/stm32h7xx_hal_pcd.o
 .debug_aranges
                0x000005c8       0x60 ./Drivers/STM32H7xx_HAL_Driver/Src/stm32h7xx_hal_pcd_ex.o
 .debug_aranges
                0x00000628      0x158 ./Drivers/STM32H7xx_HAL_Driver/Src/stm32h7xx_hal_pwr_ex.o
 .debug_aranges
                0x00000780       0x88 ./Drivers/STM32H7xx_HAL_Driver/Src/stm32h7xx_hal_rcc.o
 .debug_aranges
                0x00000808       0xf8 ./Drivers/STM32H7xx_HAL_Driver/Src/stm32h7xx_hal_rcc_ex.o
 .debug_aranges
                0x00000900      0x170 ./Drivers/STM32H7xx_HAL_Driver/Src/stm32h7xx_hal_sd.o
 .debug_aranges
                0x00000a70      0x1d0 ./Drivers/STM32H7xx_HAL_Driver/Src/stm32h7xx_ll_sdmmc.o
 .debug_aranges
                0x00000c40      0x1a0 ./Drivers/STM32H7xx_HAL_Driver/Src/stm32h7xx_ll_usb.o
 .debug_aranges
                0x00000de0       0xd8 ./Middlewares/ST/STM32_USB_Device_Library/Core/Src/usbd_core.o
 .debug_aranges
                0x00000eb8       0x90 ./Middlewares/ST/STM32_USB_Device_Library/Core/Src/usbd_ctlreq.o
 .debug_aranges
                0x00000f48       0x50 ./Middlewares/ST/STM32_USB_Device_Library/Core/Src/usbd_ioreq.o
 .debug_aranges
                0x00000f98      0x110 ./USB_DEVICE/Target/usbd_conf.o

.debug_rnglists
                0x00000000      0xc80
 .debug_rnglists
                0x00000000       0x14 ./Core/Src/gpio.o
 .debug_rnglists
                0x00000014       0x20 ./Core/Src/main.o
 .debug_rnglists
                0x00000034       0x20 ./Core/Src/sdmmc.o
 .debug_rnglists
                0x00000054       0x13 ./Core/Src/stm32h7xx_hal_msp.o
 .debug_rnglists
                0x00000067       0x4f ./Core/Src/stm32h7xx_it.o
 .debug_rnglists
                0x000000b6       0x21 ./Core/Src/system_stm32h7xx.o
 .debug_rnglists
                0x000000d7       0x19 ./Core/Startup/startup_stm32h743vitx.o
 .debug_rnglists
                0x000000f0      0x131 ./Drivers/STM32H7xx_HAL_Driver/Src/stm32h7xx_hal.o
 .debug_rnglists
                0x00000221       0xe0 ./Drivers/STM32H7xx_HAL_Driver/Src/stm32h7xx_hal_cortex.o
 .debug_rnglists
                0x00000301       0x3f ./Drivers/STM32H7xx_HAL_Driver/Src/stm32h7xx_hal_gpio.o
 .debug_rnglists
                0x00000340       0xf4 ./Drivers/STM32H7xx_HAL_Driver/Src/stm32h7xx_hal_pcd.o
 .debug_rnglists
                0x00000434       0x45 ./Drivers/STM32H7xx_HAL_Driver/Src/stm32h7xx_hal_pcd_ex.o
 .debug_rnglists
                0x00000479      0x103 ./Drivers/STM32H7xx_HAL_Driver/Src/stm32h7xx_hal_pwr_ex.o
 .debug_rnglists
                0x0000057c       0x68 ./Drivers/STM32H7xx_HAL_Driver/Src/stm32h7xx_hal_rcc.o
 .debug_rnglists
                0x000005e4       0xc0 ./Drivers/STM32H7xx_HAL_Driver/Src/stm32h7xx_hal_rcc_ex.o
 .debug_rnglists
                0x000006a4      0x128 ./Drivers/STM32H7xx_HAL_Driver/Src/stm32h7xx_hal_sd.o
 .debug_rnglists
                0x000007cc      0x15e ./Drivers/STM32H7xx_HAL_Driver/Src/stm32h7xx_ll_sdmmc.o
 .debug_rnglists
                0x0000092a      0x147 ./Drivers/STM32H7xx_HAL_Driver/Src/stm32h7xx_ll_usb.o
 .debug_rnglists
                0x00000a71       0xa1 ./Middlewares/ST/STM32_USB_Device_Library/Core/Src/usbd_core.o
 .debug_rnglists
                0x00000b12       0x6e ./Middlewares/ST/STM32_USB_Device_Library/Core/Src/usbd_ctlreq.o
 .debug_rnglists
                0x00000b80       0x37 ./Middlewares/ST/STM32_USB_Device_Library/Core/Src/usbd_ioreq.o
 .debug_rnglists
                0x00000bb7       0xc9 ./USB_DEVICE/Target/usbd_conf.o

.debug_macro    0x00000000    0x38186
 .debug_macro   0x00000000      0x2e9 ./Core/Src/gpio.o
 .debug_macro   0x000002e9      0xaf6 ./Core/Src/gpio.o
 .debug_macro   0x00000ddf      0x238 ./Core/Src/gpio.o
 .debug_macro   0x00001017       0x2e ./Core/Src/gpio.o
 .debug_macro   0x00001045       0x3b ./Core/Src/gpio.o
 .debug_macro   0x00001080       0x22 ./Core/Src/gpio.o
 .debug_macro   0x000010a2       0x8e ./Core/Src/gpio.o
 .debug_macro   0x00001130       0x51 ./Core/Src/gpio.o
 .debug_macro   0x00001181      0x103 ./Core/Src/gpio.o
 .debug_macro   0x00001284       0x6a ./Core/Src/gpio.o
 .debug_macro   0x000012ee      0x1df ./Core/Src/gpio.o
 .debug_macro   0x000014cd       0x1c ./Core/Src/gpio.o
 .debug_macro   0x000014e9       0x22 ./Core/Src/gpio.o
 .debug_macro   0x0000150b       0xfb ./Core/Src/gpio.o
 .debug_macro   0x00001606     0x1305 ./Core/Src/gpio.o
 .debug_macro   0x0000290b      0x11f ./Core/Src/gpio.o
 .debug_macro   0x00002a2a       0x27 ./Core/Src/gpio.o
 .debug_macro   0x00002a51    0x25b9b ./Core/Src/gpio.o
 .debug_macro   0x000285ec       0x6d ./Core/Src/gpio.o
 .debug_macro   0x00028659     0x3d79 ./Core/Src/gpio.o
 .debug_macro   0x0002c3d2      0x190 ./Core/Src/gpio.o
 .debug_macro   0x0002c562       0x61 ./Core/Src/gpio.o
 .debug_macro   0x0002c5c3       0x29 ./Core/Src/gpio.o
 .debug_macro   0x0002c5ec       0x43 ./Core/Src/gpio.o
 .debug_macro   0x0002c62f       0x34 ./Core/Src/gpio.o
 .debug_macro   0x0002c663      0x370 ./Core/Src/gpio.o
 .debug_macro   0x0002c9d3       0x16 ./Core/Src/gpio.o
 .debug_macro   0x0002c9e9       0x4a ./Core/Src/gpio.o
 .debug_macro   0x0002ca33       0x34 ./Core/Src/gpio.o
 .debug_macro   0x0002ca67       0x10 ./Core/Src/gpio.o
 .debug_macro   0x0002ca77       0x58 ./Core/Src/gpio.o
 .debug_macro   0x0002cacf       0x8e ./Core/Src/gpio.o
 .debug_macro   0x0002cb5d       0x1c ./Core/Src/gpio.o
 .debug_macro   0x0002cb79      0x185 ./Core/Src/gpio.o
 .debug_macro   0x0002ccfe      0x19b ./Core/Src/gpio.o
 .debug_macro   0x0002ce99       0x5d ./Core/Src/gpio.o
 .debug_macro   0x0002cef6     0x2382 ./Core/Src/gpio.o
 .debug_macro   0x0002f278     0x102c ./Core/Src/gpio.o
 .debug_macro   0x000302a4      0x154 ./Core/Src/gpio.o
 .debug_macro   0x000303f8      0x114 ./Core/Src/gpio.o
 .debug_macro   0x0003050c      0x3b6 ./Core/Src/gpio.o
 .debug_macro   0x000308c2       0xac ./Core/Src/gpio.o
 .debug_macro   0x0003096e      0x72d ./Core/Src/gpio.o
 .debug_macro   0x0003109b      0x228 ./Core/Src/gpio.o
 .debug_macro   0x000312c3       0x66 ./Core/Src/gpio.o
 .debug_macro   0x00031329      0x3bb ./Core/Src/gpio.o
 .debug_macro   0x000316e4      0x3e4 ./Core/Src/gpio.o
 .debug_macro   0x00031ac8      0x275 ./Core/Src/gpio.o
 .debug_macro   0x00031d3d      0x3ca ./Core/Src/gpio.o
 .debug_macro   0x00032107      0x408 ./Core/Src/gpio.o
 .debug_macro   0x0003250f       0x51 ./Core/Src/gpio.o
 .debug_macro   0x00032560       0x4a ./Core/Src/gpio.o
 .debug_macro   0x000325aa      0x22c ./Core/Src/gpio.o
 .debug_macro   0x000327d6       0x67 ./Core/Src/gpio.o
 .debug_macro   0x0003283d       0xa5 ./Core/Src/gpio.o
 .debug_macro   0x000328e2      0x1c4 ./Core/Src/gpio.o
 .debug_macro   0x00032aa6      0x25e ./Core/Src/gpio.o
 .debug_macro   0x00032d04       0x35 ./Core/Src/gpio.o
 .debug_macro   0x00032d39      0xa0c ./Core/Src/gpio.o
 .debug_macro   0x00033745       0x16 ./Core/Src/gpio.o
 .debug_macro   0x0003375b      0x1ce ./Core/Src/gpio.o
 .debug_macro   0x00033929      0x293 ./Core/Src/gpio.o
 .debug_macro   0x00033bbc       0x90 ./Core/Src/gpio.o
 .debug_macro   0x00033c4c      0x5ac ./Core/Src/gpio.o
 .debug_macro   0x000341f8       0x10 ./Core/Src/gpio.o
 .debug_macro   0x00034208      0x301 ./Core/Src/main.o
 .debug_macro   0x00034509      0x2e9 ./Core/Src/sdmmc.o
 .debug_macro   0x000347f2      0x2df ./Core/Src/stm32h7xx_hal_msp.o
 .debug_macro   0x00034ad1      0x2e9 ./Core/Src/stm32h7xx_it.o
 .debug_macro   0x00034dba      0x2d0 ./Core/Src/system_stm32h7xx.o
 .debug_macro   0x0003508a      0x2fa ./Drivers/STM32H7xx_HAL_Driver/Src/stm32h7xx_hal.o
 .debug_macro   0x00035384      0x2d0 ./Drivers/STM32H7xx_HAL_Driver/Src/stm32h7xx_hal_cortex.o
 .debug_macro   0x00035654      0x2d7 ./Drivers/STM32H7xx_HAL_Driver/Src/stm32h7xx_hal_gpio.o
 .debug_macro   0x0003592b      0x2dc ./Drivers/STM32H7xx_HAL_Driver/Src/stm32h7xx_hal_pcd.o
 .debug_macro   0x00035c07      0x2d0 ./Drivers/STM32H7xx_HAL_Driver/Src/stm32h7xx_hal_pcd_ex.o
 .debug_macro   0x00035ed7      0x309 ./Drivers/STM32H7xx_HAL_Driver/Src/stm32h7xx_hal_pwr_ex.o
 .debug_macro   0x000361e0      0x2f4 ./Drivers/STM32H7xx_HAL_Driver/Src/stm32h7xx_hal_rcc.o
 .debug_macro   0x000364d4      0x2ee ./Drivers/STM32H7xx_HAL_Driver/Src/stm32h7xx_hal_rcc_ex.o
 .debug_macro   0x000367c2      0x2ed ./Drivers/STM32H7xx_HAL_Driver/Src/stm32h7xx_hal_sd.o
 .debug_macro   0x00036aaf      0x2d1 ./Drivers/STM32H7xx_HAL_Driver/Src/stm32h7xx_ll_sdmmc.o
 .debug_macro   0x00036d80      0x2d0 ./Drivers/STM32H7xx_HAL_Driver/Src/stm32h7xx_ll_usb.o
 .debug_macro   0x00037050      0x3bd ./Middlewares/ST/STM32_USB_Device_Library/Core/Src/usbd_core.o
 .debug_macro   0x0003740d      0x3c7 ./Middlewares/ST/STM32_USB_Device_Library/Core/Src/usbd_ctlreq.o
 .debug_macro   0x000377d4      0x20f ./Middlewares/ST/STM32_USB_Device_Library/Core/Src/usbd_ctlreq.o
 .debug_macro   0x000379e3      0x3c3 ./Middlewares/ST/STM32_USB_Device_Library/Core/Src/usbd_ioreq.o
 .debug_macro   0x00037da6      0x3e0 ./USB_DEVICE/Target/usbd_conf.o

.debug_line     0x00000000    0x15dbe
 .debug_line    0x00000000      0x932 ./Core/Src/gpio.o
 .debug_line    0x00000932      0x9e1 ./Core/Src/main.o
 .debug_line    0x00001313      0x9ca ./Core/Src/sdmmc.o
 .debug_line    0x00001cdd      0x920 ./Core/Src/stm32h7xx_hal_msp.o
 .debug_line    0x000025fd      0xa00 ./Core/Src/stm32h7xx_it.o
 .debug_line    0x00002ffd      0xb20 ./Core/Src/system_stm32h7xx.o
 .debug_line    0x00003b1d       0x7b ./Core/Startup/startup_stm32h743vitx.o
 .debug_line    0x00003b98      0xef9 ./Drivers/STM32H7xx_HAL_Driver/Src/stm32h7xx_hal.o
 .debug_line    0x00004a91      0xee3 ./Drivers/STM32H7xx_HAL_Driver/Src/stm32h7xx_hal_cortex.o
 .debug_line    0x00005974      0xd82 ./Drivers/STM32H7xx_HAL_Driver/Src/stm32h7xx_hal_gpio.o
 .debug_line    0x000066f6     0x1661 ./Drivers/STM32H7xx_HAL_Driver/Src/stm32h7xx_hal_pcd.o
 .debug_line    0x00007d57      0xb27 ./Drivers/STM32H7xx_HAL_Driver/Src/stm32h7xx_hal_pcd_ex.o
 .debug_line    0x0000887e     0x107d ./Drivers/STM32H7xx_HAL_Driver/Src/stm32h7xx_hal_pwr_ex.o
 .debug_line    0x000098fb     0x15a0 ./Drivers/STM32H7xx_HAL_Driver/Src/stm32h7xx_hal_rcc.o
 .debug_line    0x0000ae9b     0x1eac ./Drivers/STM32H7xx_HAL_Driver/Src/stm32h7xx_hal_rcc_ex.o
 .debug_line    0x0000cd47     0x21fd ./Drivers/STM32H7xx_HAL_Driver/Src/stm32h7xx_hal_sd.o
 .debug_line    0x0000ef44     0x1386 ./Drivers/STM32H7xx_HAL_Driver/Src/stm32h7xx_ll_sdmmc.o
 .debug_line    0x000102ca     0x1f15 ./Drivers/STM32H7xx_HAL_Driver/Src/stm32h7xx_ll_usb.o
 .debug_line    0x000121df      0xff4 ./Middlewares/ST/STM32_USB_Device_Library/Core/Src/usbd_core.o
 .debug_line    0x000131d3     0x11ee ./Middlewares/ST/STM32_USB_Device_Library/Core/Src/usbd_ctlreq.o
 .debug_line    0x000143c1      0xb0a ./Middlewares/ST/STM32_USB_Device_Library/Core/Src/usbd_ioreq.o
 .debug_line    0x00014ecb      0xef3 ./USB_DEVICE/Target/usbd_conf.o

.debug_str      0x00000000   0x15a10f
 .debug_str     0x00000000   0x15a10f ./Core/Src/gpio.o
                             0x1531db (size before relaxing)
 .debug_str     0x0015a10f   0x153217 ./Core/Src/main.o
 .debug_str     0x0015a10f   0x1540cd ./Core/Src/sdmmc.o
 .debug_str     0x0015a10f   0x153110 ./Core/Src/stm32h7xx_hal_msp.o
 .debug_str     0x0015a10f   0x15368e ./Core/Src/stm32h7xx_it.o
 .debug_str     0x0015a10f   0x15345b ./Core/Src/system_stm32h7xx.o
 .debug_str     0x0015a10f       0x90 ./Core/Startup/startup_stm32h743vitx.o
 .debug_str     0x0015a10f   0x154332 ./Drivers/STM32H7xx_HAL_Driver/Src/stm32h7xx_hal.o
 .debug_str     0x0015a10f   0x153d6d ./Drivers/STM32H7xx_HAL_Driver/Src/stm32h7xx_hal_cortex.o
 .debug_str     0x0015a10f   0x1533d3 ./Drivers/STM32H7xx_HAL_Driver/Src/stm32h7xx_hal_gpio.o
 .debug_str     0x0015a10f   0x153b87 ./Drivers/STM32H7xx_HAL_Driver/Src/stm32h7xx_hal_pcd.o
 .debug_str     0x0015a10f   0x153525 ./Drivers/STM32H7xx_HAL_Driver/Src/stm32h7xx_hal_pcd_ex.o
 .debug_str     0x0015a10f   0x153894 ./Drivers/STM32H7xx_HAL_Driver/Src/stm32h7xx_hal_pwr_ex.o
 .debug_str     0x0015a10f   0x1537b7 ./Drivers/STM32H7xx_HAL_Driver/Src/stm32h7xx_hal_rcc.o
 .debug_str     0x0015a10f   0x153c98 ./Drivers/STM32H7xx_HAL_Driver/Src/stm32h7xx_hal_rcc_ex.o
 .debug_str     0x0015a10f   0x153db2 ./Drivers/STM32H7xx_HAL_Driver/Src/stm32h7xx_hal_sd.o
 .debug_str     0x0015a10f   0x153638 ./Drivers/STM32H7xx_HAL_Driver/Src/stm32h7xx_ll_sdmmc.o
 .debug_str     0x0015a10f   0x153a81 ./Drivers/STM32H7xx_HAL_Driver/Src/stm32h7xx_ll_usb.o
 .debug_str     0x0015a10f   0x15491b ./Middlewares/ST/STM32_USB_Device_Library/Core/Src/usbd_core.o
 .debug_str     0x0015a10f   0x154746 ./Middlewares/ST/STM32_USB_Device_Library/Core/Src/usbd_ctlreq.o
 .debug_str     0x0015a10f   0x15461b ./Middlewares/ST/STM32_USB_Device_Library/Core/Src/usbd_ioreq.o
 .debug_str     0x0015a10f   0x1565fd ./USB_DEVICE/Target/usbd_conf.o

.comment        0x00000000       0x43
 .comment       0x00000000       0x43 ./Core/Src/gpio.o
                                 0x44 (size before relaxing)
 .comment       0x00000043       0x44 ./Core/Src/main.o
 .comment       0x00000043       0x44 ./Core/Src/sdmmc.o
 .comment       0x00000043       0x44 ./Core/Src/stm32h7xx_hal_msp.o
 .comment       0x00000043       0x44 ./Core/Src/stm32h7xx_it.o
 .comment       0x00000043       0x44 ./Core/Src/system_stm32h7xx.o
 .comment       0x00000043       0x44 ./Drivers/STM32H7xx_HAL_Driver/Src/stm32h7xx_hal.o
 .comment       0x00000043       0x44 ./Drivers/STM32H7xx_HAL_Driver/Src/stm32h7xx_hal_cortex.o
 .comment       0x00000043       0x44 ./Drivers/STM32H7xx_HAL_Driver/Src/stm32h7xx_hal_gpio.o
 .comment       0x00000043       0x44 ./Drivers/STM32H7xx_HAL_Driver/Src/stm32h7xx_hal_pcd.o
 .comment       0x00000043       0x44 ./Drivers/STM32H7xx_HAL_Driver/Src/stm32h7xx_hal_pcd_ex.o
 .comment       0x00000043       0x44 ./Drivers/STM32H7xx_HAL_Driver/Src/stm32h7xx_hal_pwr_ex.o
 .comment       0x00000043       0x44 ./Drivers/STM32H7xx_HAL_Driver/Src/stm32h7xx_hal_rcc.o
 .comment       0x00000043       0x44 ./Drivers/STM32H7xx_HAL_Driver/Src/stm32h7xx_hal_rcc_ex.o
 .comment       0x00000043       0x44 ./Drivers/STM32H7xx_HAL_Driver/Src/stm32h7xx_hal_sd.o
 .comment       0x00000043       0x44 ./Drivers/STM32H7xx_HAL_Driver/Src/stm32h7xx_ll_sdmmc.o
 .comment       0x00000043       0x44 ./Drivers/STM32H7xx_HAL_Driver/Src/stm32h7xx_ll_usb.o
 .comment       0x00000043       0x44 ./Middlewares/ST/STM32_USB_Device_Library/Core/Src/usbd_core.o
 .comment       0x00000043       0x44 ./Middlewares/ST/STM32_USB_Device_Library/Core/Src/usbd_ctlreq.o
 .comment       0x00000043       0x44 ./Middlewares/ST/STM32_USB_Device_Library/Core/Src/usbd_ioreq.o
 .comment       0x00000043       0x44 ./USB_DEVICE/Target/usbd_conf.o

.debug_frame    0x00000000     0x4460
 .debug_frame   0x00000000       0x34 ./Core/Src/gpio.o
 .debug_frame   0x00000034       0x68 ./Core/Src/main.o
 .debug_frame   0x0000009c       0x78 ./Core/Src/sdmmc.o
 .debug_frame   0x00000114       0x38 ./Core/Src/stm32h7xx_hal_msp.o
 .debug_frame   0x0000014c      0x13c ./Core/Src/stm32h7xx_it.o
 .debug_frame   0x00000288       0x78 ./Core/Src/system_stm32h7xx.o
 .debug_frame   0x00000300      0x690 ./Drivers/STM32H7xx_HAL_Driver/Src/stm32h7xx_hal.o
 .debug_frame   0x00000990      0x508 ./Drivers/STM32H7xx_HAL_Driver/Src/stm32h7xx_hal_cortex.o
 .debug_frame   0x00000e98      0x14c ./Drivers/STM32H7xx_HAL_Driver/Src/stm32h7xx_hal_gpio.o
 .debug_frame   0x00000fe4      0x590 ./Drivers/STM32H7xx_HAL_Driver/Src/stm32h7xx_hal_pcd.o
 .debug_frame   0x00001574      0x174 ./Drivers/STM32H7xx_HAL_Driver/Src/stm32h7xx_hal_pcd_ex.o
 .debug_frame   0x000016e8      0x580 ./Drivers/STM32H7xx_HAL_Driver/Src/stm32h7xx_hal_pwr_ex.o
 .debug_frame   0x00001c68      0x1f8 ./Drivers/STM32H7xx_HAL_Driver/Src/stm32h7xx_hal_rcc.o
 .debug_frame   0x00001e60      0x414 ./Drivers/STM32H7xx_HAL_Driver/Src/stm32h7xx_hal_rcc_ex.o
 .debug_frame   0x00002274      0x670 ./Drivers/STM32H7xx_HAL_Driver/Src/stm32h7xx_hal_sd.o
 .debug_frame   0x000028e4      0x818 ./Drivers/STM32H7xx_HAL_Driver/Src/stm32h7xx_ll_sdmmc.o
 .debug_frame   0x000030fc      0x7c0 ./Drivers/STM32H7xx_HAL_Driver/Src/stm32h7xx_ll_usb.o
 .debug_frame   0x000038bc      0x390 ./Middlewares/ST/STM32_USB_Device_Library/Core/Src/usbd_core.o
 .debug_frame   0x00003c4c      0x23c ./Middlewares/ST/STM32_USB_Device_Library/Core/Src/usbd_ctlreq.o
 .debug_frame   0x00003e88      0x10c ./Middlewares/ST/STM32_USB_Device_Library/Core/Src/usbd_ioreq.o
 .debug_frame   0x00003f94      0x480 ./USB_DEVICE/Target/usbd_conf.o
 .debug_frame   0x00004414       0x20 C:/ST/STM32CubeIDE_1.18.0/STM32CubeIDE/plugins/com.st.stm32cube.ide.mcu.externaltools.gnu-tools-for-stm32.13.3.rel1.win32_1.0.0.202411081344/tools/bin/../lib/gcc/arm-none-eabi/13.3.1/../../../../arm-none-eabi/lib/thumb/v7e-m+dp/hard\libc_nano.a(libc_a-memset.o)
 .debug_frame   0x00004434       0x2c C:/ST/STM32CubeIDE_1.18.0/STM32CubeIDE/plugins/com.st.stm32cube.ide.mcu.externaltools.gnu-tools-for-stm32.13.3.rel1.win32_1.0.0.202411081344/tools/bin/../lib/gcc/arm-none-eabi/13.3.1/../../../../arm-none-eabi/lib/thumb/v7e-m+dp/hard\libc_nano.a(libc_a-init.o)

.debug_line_str
                0x00000000       0x74
 .debug_line_str
                0x00000000       0x74 ./Core/Startup/startup_stm32h743vitx.o
