../Core/Src/User/App/AttitudeMPC/CGeneratedCode/Aircraft_Attitude_model/Aircraft_Attitude_expl_vde_adj.c:54:13:Aircraft_Attitude_expl_vde_adj_sq	0	static
../Core/Src/User/App/AttitudeMPC/CGeneratedCode/Aircraft_Attitude_model/Aircraft_Attitude_expl_vde_adj.c:258:26:Aircraft_Attitude_expl_vde_adj	184	static
../Core/Src/User/App/AttitudeMPC/CGeneratedCode/Aircraft_Attitude_model/Aircraft_Attitude_expl_vde_adj.c:262:26:Aircraft_Attitude_expl_vde_adj_alloc_mem	0	static
../Core/Src/User/App/AttitudeMPC/CGeneratedCode/Aircraft_Attitude_model/Aircraft_Attitude_expl_vde_adj.c:266:26:Aircraft_Attitude_expl_vde_adj_init_mem	0	static
../Core/Src/User/App/AttitudeMPC/CGeneratedCode/Aircraft_Attitude_model/Aircraft_Attitude_expl_vde_adj.c:270:27:Aircraft_Attitude_expl_vde_adj_free_mem	0	static
../Core/Src/User/App/AttitudeMPC/CGeneratedCode/Aircraft_Attitude_model/Aircraft_Attitude_expl_vde_adj.c:273:26:Aircraft_Attitude_expl_vde_adj_checkout	0	static
../Core/Src/User/App/AttitudeMPC/CGeneratedCode/Aircraft_Attitude_model/Aircraft_Attitude_expl_vde_adj.c:277:27:Aircraft_Attitude_expl_vde_adj_release	0	static
../Core/Src/User/App/AttitudeMPC/CGeneratedCode/Aircraft_Attitude_model/Aircraft_Attitude_expl_vde_adj.c:280:27:Aircraft_Attitude_expl_vde_adj_incref	0	static
../Core/Src/User/App/AttitudeMPC/CGeneratedCode/Aircraft_Attitude_model/Aircraft_Attitude_expl_vde_adj.c:283:27:Aircraft_Attitude_expl_vde_adj_decref	0	static
../Core/Src/User/App/AttitudeMPC/CGeneratedCode/Aircraft_Attitude_model/Aircraft_Attitude_expl_vde_adj.c:286:33:Aircraft_Attitude_expl_vde_adj_n_in	0	static
../Core/Src/User/App/AttitudeMPC/CGeneratedCode/Aircraft_Attitude_model/Aircraft_Attitude_expl_vde_adj.c:288:33:Aircraft_Attitude_expl_vde_adj_n_out	0	static
../Core/Src/User/App/AttitudeMPC/CGeneratedCode/Aircraft_Attitude_model/Aircraft_Attitude_expl_vde_adj.c:290:34:Aircraft_Attitude_expl_vde_adj_default_in	0	static
../Core/Src/User/App/AttitudeMPC/CGeneratedCode/Aircraft_Attitude_model/Aircraft_Attitude_expl_vde_adj.c:296:34:Aircraft_Attitude_expl_vde_adj_name_in	0	static
../Core/Src/User/App/AttitudeMPC/CGeneratedCode/Aircraft_Attitude_model/Aircraft_Attitude_expl_vde_adj.c:306:34:Aircraft_Attitude_expl_vde_adj_name_out	0	static
../Core/Src/User/App/AttitudeMPC/CGeneratedCode/Aircraft_Attitude_model/Aircraft_Attitude_expl_vde_adj.c:313:40:Aircraft_Attitude_expl_vde_adj_sparsity_in	0	static
../Core/Src/User/App/AttitudeMPC/CGeneratedCode/Aircraft_Attitude_model/Aircraft_Attitude_expl_vde_adj.c:323:40:Aircraft_Attitude_expl_vde_adj_sparsity_out	0	static
../Core/Src/User/App/AttitudeMPC/CGeneratedCode/Aircraft_Attitude_model/Aircraft_Attitude_expl_vde_adj.c:330:26:Aircraft_Attitude_expl_vde_adj_work	4	static
../Core/Src/User/App/AttitudeMPC/CGeneratedCode/Aircraft_Attitude_model/Aircraft_Attitude_expl_vde_adj.c:338:26:Aircraft_Attitude_expl_vde_adj_work_bytes	4	static
