../Core/Src/User/App/AttitudeMPC/CGeneratedCode/Aircraft_Attitude_model/Aircraft_Attitude_expl_ode_fun.c:53:13:Aircraft_Attitude_expl_ode_fun_sq	16	static
../Core/Src/User/App/AttitudeMPC/CGeneratedCode/Aircraft_Attitude_model/Aircraft_Attitude_expl_ode_fun.c:60:12:Aircraft_Attitude_expl_ode_fun_f0	144	static
../Core/Src/User/App/AttitudeMPC/CGeneratedCode/Aircraft_Attitude_model/Aircraft_Attitude_expl_ode_fun.c:177:26:Aircraft_Attitude_expl_ode_fun	32	static
../Core/Src/User/App/AttitudeMPC/CGeneratedCode/Aircraft_Attitude_model/Aircraft_Attitude_expl_ode_fun.c:181:26:Aircraft_Attitude_expl_ode_fun_alloc_mem	4	static
../Core/Src/User/App/AttitudeMPC/CGeneratedCode/Aircraft_Attitude_model/Aircraft_Attitude_expl_ode_fun.c:185:26:Aircraft_Attitude_expl_ode_fun_init_mem	16	static
../Core/Src/User/App/AttitudeMPC/CGeneratedCode/Aircraft_Attitude_model/Aircraft_Attitude_expl_ode_fun.c:189:27:Aircraft_Attitude_expl_ode_fun_free_mem	16	static
../Core/Src/User/App/AttitudeMPC/CGeneratedCode/Aircraft_Attitude_model/Aircraft_Attitude_expl_ode_fun.c:192:26:Aircraft_Attitude_expl_ode_fun_checkout	4	static
../Core/Src/User/App/AttitudeMPC/CGeneratedCode/Aircraft_Attitude_model/Aircraft_Attitude_expl_ode_fun.c:196:27:Aircraft_Attitude_expl_ode_fun_release	16	static
../Core/Src/User/App/AttitudeMPC/CGeneratedCode/Aircraft_Attitude_model/Aircraft_Attitude_expl_ode_fun.c:199:27:Aircraft_Attitude_expl_ode_fun_incref	4	static
../Core/Src/User/App/AttitudeMPC/CGeneratedCode/Aircraft_Attitude_model/Aircraft_Attitude_expl_ode_fun.c:202:27:Aircraft_Attitude_expl_ode_fun_decref	4	static
../Core/Src/User/App/AttitudeMPC/CGeneratedCode/Aircraft_Attitude_model/Aircraft_Attitude_expl_ode_fun.c:205:33:Aircraft_Attitude_expl_ode_fun_n_in	4	static
../Core/Src/User/App/AttitudeMPC/CGeneratedCode/Aircraft_Attitude_model/Aircraft_Attitude_expl_ode_fun.c:207:33:Aircraft_Attitude_expl_ode_fun_n_out	4	static
../Core/Src/User/App/AttitudeMPC/CGeneratedCode/Aircraft_Attitude_model/Aircraft_Attitude_expl_ode_fun.c:209:34:Aircraft_Attitude_expl_ode_fun_default_in	16	static
../Core/Src/User/App/AttitudeMPC/CGeneratedCode/Aircraft_Attitude_model/Aircraft_Attitude_expl_ode_fun.c:215:34:Aircraft_Attitude_expl_ode_fun_name_in	16	static
../Core/Src/User/App/AttitudeMPC/CGeneratedCode/Aircraft_Attitude_model/Aircraft_Attitude_expl_ode_fun.c:224:34:Aircraft_Attitude_expl_ode_fun_name_out	16	static
../Core/Src/User/App/AttitudeMPC/CGeneratedCode/Aircraft_Attitude_model/Aircraft_Attitude_expl_ode_fun.c:231:40:Aircraft_Attitude_expl_ode_fun_sparsity_in	16	static
../Core/Src/User/App/AttitudeMPC/CGeneratedCode/Aircraft_Attitude_model/Aircraft_Attitude_expl_ode_fun.c:240:40:Aircraft_Attitude_expl_ode_fun_sparsity_out	16	static
../Core/Src/User/App/AttitudeMPC/CGeneratedCode/Aircraft_Attitude_model/Aircraft_Attitude_expl_ode_fun.c:247:26:Aircraft_Attitude_expl_ode_fun_work	24	static
../Core/Src/User/App/AttitudeMPC/CGeneratedCode/Aircraft_Attitude_model/Aircraft_Attitude_expl_ode_fun.c:255:26:Aircraft_Attitude_expl_ode_fun_work_bytes	24	static
